OpenJDK 64-Bit Server VM (25.242-b08) for bsd-amd64 JRE (1.8.0_242-b08), built on Jan 19 2020 06:43:11 by "jenkins" with gcc 4.2.1 (Based on Apple Inc. build 5658) (LLVM build 2336.11.00)
Memory: 4k page, physical 16777216k(412048k free)

/proc/meminfo:

CommandLine flags: -XX:+ExplicitGCInvokesConcurrent -XX:GCLogFileSize=104857600 -XX:InitialHeapSize=1073741824 -XX:InitiatingHeapOccupancyPercent=35 -XX:+ManagementServer -XX:MaxGCPauseMillis=20 -XX:MaxHeapSize=1073741824 -XX:NumberOfGCLogFiles=10 -XX:+PrintGC -XX:+PrintGCDateStamps -XX:+PrintGCDetails -XX:+PrintGCTimeStamps -XX:+UseCompressedClassPointers -XX:+UseCompressedOops -XX:+UseG1GC -XX:+UseGCLogFileRotation 
2020-11-06T06:06:25.420+0800: 1.090: [GC pause (G1 Evacuation Pause) (young), 0.0108600 secs]
   [Parallel Time: 4.5 ms, GC Workers: 8]
      [GC Worker Start (ms): Min: 1091.3, Avg: 1091.3, Max: 1091.4, Diff: 0.1]
      [Ext Root Scanning (ms): Min: 0.6, Avg: 1.0, Max: 2.4, Diff: 1.8, Sum: 8.0]
      [Update RS (ms): Min: 0.0, Avg: 0.0, Max: 0.0, Diff: 0.0, Sum: 0.0]
         [Processed Buffers: Min: 0, Avg: 0.0, Max: 0, Diff: 0, Sum: 0]
      [Scan RS (ms): Min: 0.0, Avg: 0.0, Max: 0.0, Diff: 0.0, Sum: 0.0]
      [Code Root Scanning (ms): Min: 0.0, Avg: 0.1, Max: 0.3, Diff: 0.3, Sum: 0.7]
      [Object Copy (ms): Min: 1.5, Avg: 2.7, Max: 3.1, Diff: 1.6, Sum: 21.2]
      [Termination (ms): Min: 0.0, Avg: 0.2, Max: 0.2, Diff: 0.2, Sum: 1.4]
         [Termination Attempts: Min: 1, Avg: 9.6, Max: 16, Diff: 15, Sum: 77]
      [GC Worker Other (ms): Min: 0.0, Avg: 0.0, Max: 0.0, Diff: 0.0, Sum: 0.1]
      [GC Worker Total (ms): Min: 3.9, Avg: 3.9, Max: 4.0, Diff: 0.1, Sum: 31.5]
      [GC Worker End (ms): Min: 1095.2, Avg: 1095.3, Max: 1095.3, Diff: 0.1]
   [Code Root Fixup: 0.0 ms]
   [Code Root Purge: 0.0 ms]
   [Clear CT: 0.1 ms]
   [Other: 6.2 ms]
      [Choose CSet: 0.0 ms]
      [Ref Proc: 4.6 ms]
      [Ref Enq: 0.0 ms]
      [Redirty Cards: 0.1 ms]
      [Humongous Register: 0.0 ms]
      [Humongous Reclaim: 0.0 ms]
      [Free CSet: 0.1 ms]
   [Eden: 52224.0K(52224.0K)->0.0B(45056.0K) Survivors: 0.0B->7168.0K Heap: 52224.0K(1024.0M)->8520.0K(1024.0M)]
 [Times: user=0.03 sys=0.01, real=0.02 secs] 
2020-11-06T06:06:25.970+0800: 1.641: [GC pause (Metadata GC Threshold) (young) (initial-mark), 0.0069682 secs]
   [Parallel Time: 3.4 ms, GC Workers: 8]
      [GC Worker Start (ms): Min: 1641.1, Avg: 1641.2, Max: 1641.2, Diff: 0.1]
      [Ext Root Scanning (ms): Min: 0.6, Avg: 0.7, Max: 0.9, Diff: 0.3, Sum: 5.9]
      [Update RS (ms): Min: 0.0, Avg: 0.1, Max: 0.5, Diff: 0.5, Sum: 0.9]
         [Processed Buffers: Min: 0, Avg: 0.2, Max: 1, Diff: 1, Sum: 2]
      [Scan RS (ms): Min: 0.0, Avg: 0.0, Max: 0.0, Diff: 0.0, Sum: 0.0]
      [Code Root Scanning (ms): Min: 0.0, Avg: 0.1, Max: 0.9, Diff: 0.9, Sum: 1.0]
      [Object Copy (ms): Min: 1.5, Avg: 1.8, Max: 2.0, Diff: 0.5, Sum: 14.7]
      [Termination (ms): Min: 0.0, Avg: 0.5, Max: 0.6, Diff: 0.6, Sum: 3.9]
         [Termination Attempts: Min: 1, Avg: 1.0, Max: 1, Diff: 0, Sum: 8]
      [GC Worker Other (ms): Min: 0.0, Avg: 0.0, Max: 0.0, Diff: 0.0, Sum: 0.1]
      [GC Worker Total (ms): Min: 3.3, Avg: 3.3, Max: 3.4, Diff: 0.1, Sum: 26.6]
      [GC Worker End (ms): Min: 1644.5, Avg: 1644.5, Max: 1644.5, Diff: 0.0]
   [Code Root Fixup: 0.0 ms]
   [Code Root Purge: 0.0 ms]
   [Clear CT: 0.2 ms]
   [Other: 3.3 ms]
      [Choose CSet: 0.0 ms]
      [Ref Proc: 2.9 ms]
      [Ref Enq: 0.0 ms]
      [Redirty Cards: 0.2 ms]
      [Humongous Register: 0.0 ms]
      [Humongous Reclaim: 0.0 ms]
      [Free CSet: 0.1 ms]
   [Eden: 32768.0K(45056.0K)->0.0B(45056.0K) Survivors: 7168.0K->7168.0K Heap: 168.3M(1024.0M)->139.5M(1024.0M)]
 [Times: user=0.03 sys=0.00, real=0.00 secs] 
2020-11-06T06:06:25.977+0800: 1.648: [GC concurrent-root-region-scan-start]
2020-11-06T06:06:25.980+0800: 1.651: [GC concurrent-root-region-scan-end, 0.0028220 secs]
2020-11-06T06:06:25.980+0800: 1.651: [GC concurrent-mark-start]
2020-11-06T06:06:25.981+0800: 1.652: [GC concurrent-mark-end, 0.0006190 secs]
2020-11-06T06:06:25.981+0800: 1.652: [GC remark 2020-11-06T06:06:25.981+0800: 1.652: [Finalize Marking, 0.0006151 secs] 2020-11-06T06:06:25.982+0800: 1.652: [GC ref-proc, 0.0000740 secs] 2020-11-06T06:06:25.982+0800: 1.653: [Unloading, 0.0018158 secs], 0.0037586 secs]
 [Times: user=0.01 sys=0.00, real=0.00 secs] 
2020-11-06T06:06:25.985+0800: 1.656: [GC cleanup 140M->139M(1024M), 0.0006743 secs]
 [Times: user=0.01 sys=0.00, real=0.00 secs] 
2020-11-06T06:06:25.986+0800: 1.656: [GC concurrent-cleanup-start]
2020-11-06T06:06:25.986+0800: 1.656: [GC concurrent-cleanup-end, 0.0000242 secs]
2020-11-06T06:06:26.432+0800: 2.103: [GC pause (G1 Evacuation Pause) (young), 0.0083678 secs]
   [Parallel Time: 5.2 ms, GC Workers: 8]
      [GC Worker Start (ms): Min: 2102.9, Avg: 2102.9, Max: 2103.0, Diff: 0.1]
      [Ext Root Scanning (ms): Min: 0.4, Avg: 0.7, Max: 2.0, Diff: 1.6, Sum: 5.7]
      [Update RS (ms): Min: 0.0, Avg: 0.1, Max: 0.4, Diff: 0.4, Sum: 0.9]
         [Processed Buffers: Min: 0, Avg: 0.6, Max: 2, Diff: 2, Sum: 5]
      [Scan RS (ms): Min: 0.0, Avg: 0.0, Max: 0.0, Diff: 0.0, Sum: 0.0]
      [Code Root Scanning (ms): Min: 0.0, Avg: 0.3, Max: 0.7, Diff: 0.7, Sum: 2.1]
      [Object Copy (ms): Min: 3.1, Avg: 4.0, Max: 4.4, Diff: 1.3, Sum: 31.8]
      [Termination (ms): Min: 0.0, Avg: 0.1, Max: 0.1, Diff: 0.1, Sum: 0.4]
         [Termination Attempts: Min: 1, Avg: 98.2, Max: 131, Diff: 130, Sum: 786]
      [GC Worker Other (ms): Min: 0.0, Avg: 0.0, Max: 0.0, Diff: 0.0, Sum: 0.1]
      [GC Worker Total (ms): Min: 5.1, Avg: 5.1, Max: 5.2, Diff: 0.1, Sum: 41.1]
      [GC Worker End (ms): Min: 2108.1, Avg: 2108.1, Max: 2108.1, Diff: 0.0]
   [Code Root Fixup: 0.1 ms]
   [Code Root Purge: 0.0 ms]
   [Clear CT: 0.2 ms]
   [Other: 2.8 ms]
      [Choose CSet: 0.0 ms]
      [Ref Proc: 2.1 ms]
      [Ref Enq: 0.0 ms]
      [Redirty Cards: 0.1 ms]
      [Humongous Register: 0.0 ms]
      [Humongous Reclaim: 0.0 ms]
      [Free CSet: 0.2 ms]
   [Eden: 45056.0K(45056.0K)->0.0B(45056.0K) Survivors: 7168.0K->7168.0K Heap: 182.5M(1024.0M)->145.3M(1024.0M)]
 [Times: user=0.04 sys=0.00, real=0.01 secs] 
2020-11-06T06:12:19.264+0800: 354.933: [GC pause (G1 Evacuation Pause) (young), 0.0068625 secs]
   [Parallel Time: 4.7 ms, GC Workers: 8]
      [GC Worker Start (ms): Min: 354932.9, Avg: 354932.9, Max: 354933.0, Diff: 0.1]
      [Ext Root Scanning (ms): Min: 0.2, Avg: 0.4, Max: 1.2, Diff: 1.0, Sum: 3.4]
      [Update RS (ms): Min: 0.0, Avg: 0.4, Max: 0.7, Diff: 0.7, Sum: 3.3]
         [Processed Buffers: Min: 0, Avg: 3.6, Max: 13, Diff: 13, Sum: 29]
      [Scan RS (ms): Min: 0.0, Avg: 0.1, Max: 0.3, Diff: 0.3, Sum: 0.9]
      [Code Root Scanning (ms): Min: 0.0, Avg: 0.2, Max: 0.6, Diff: 0.6, Sum: 1.9]
      [Object Copy (ms): Min: 3.2, Avg: 3.3, Max: 3.4, Diff: 0.2, Sum: 26.5]
      [Termination (ms): Min: 0.0, Avg: 0.0, Max: 0.0, Diff: 0.0, Sum: 0.2]
         [Termination Attempts: Min: 1, Avg: 1.0, Max: 1, Diff: 0, Sum: 8]
      [GC Worker Other (ms): Min: 0.0, Avg: 0.0, Max: 0.0, Diff: 0.0, Sum: 0.2]
      [GC Worker Total (ms): Min: 4.5, Avg: 4.5, Max: 4.6, Diff: 0.1, Sum: 36.3]
      [GC Worker End (ms): Min: 354937.5, Avg: 354937.5, Max: 354937.5, Diff: 0.0]
   [Code Root Fixup: 0.0 ms]
   [Code Root Purge: 0.0 ms]
   [Clear CT: 0.1 ms]
   [Other: 2.0 ms]
      [Choose CSet: 0.0 ms]
      [Ref Proc: 1.5 ms]
      [Ref Enq: 0.0 ms]
      [Redirty Cards: 0.1 ms]
      [Humongous Register: 0.0 ms]
      [Humongous Reclaim: 0.0 ms]
      [Free CSet: 0.1 ms]
   [Eden: 45056.0K(45056.0K)->0.0B(45056.0K) Survivors: 7168.0K->7168.0K Heap: 189.3M(1024.0M)->147.9M(1024.0M)]
 [Times: user=0.03 sys=0.00, real=0.01 secs] 
2020-11-06T06:16:35.439+0800: 611.107: [GC pause (G1 Evacuation Pause) (young), 0.0080439 secs]
   [Parallel Time: 7.1 ms, GC Workers: 8]
      [GC Worker Start (ms): Min: 611106.7, Avg: 611106.7, Max: 611106.8, Diff: 0.1]
      [Ext Root Scanning (ms): Min: 0.2, Avg: 0.5, Max: 1.3, Diff: 1.1, Sum: 4.0]
      [Update RS (ms): Min: 0.0, Avg: 0.2, Max: 0.3, Diff: 0.3, Sum: 1.7]
         [Processed Buffers: Min: 0, Avg: 2.5, Max: 8, Diff: 8, Sum: 20]
      [Scan RS (ms): Min: 0.0, Avg: 0.0, Max: 0.1, Diff: 0.1, Sum: 0.3]
      [Code Root Scanning (ms): Min: 0.0, Avg: 0.7, Max: 2.5, Diff: 2.5, Sum: 5.7]
      [Object Copy (ms): Min: 3.2, Avg: 4.9, Max: 5.9, Diff: 2.7, Sum: 39.3]
      [Termination (ms): Min: 0.0, Avg: 0.6, Max: 0.8, Diff: 0.8, Sum: 4.5]
         [Termination Attempts: Min: 1, Avg: 1.0, Max: 1, Diff: 0, Sum: 8]
      [GC Worker Other (ms): Min: 0.0, Avg: 0.0, Max: 0.0, Diff: 0.0, Sum: 0.1]
      [GC Worker Total (ms): Min: 6.9, Avg: 6.9, Max: 7.0, Diff: 0.1, Sum: 55.5]
      [GC Worker End (ms): Min: 611113.6, Avg: 611113.7, Max: 611113.7, Diff: 0.1]
   [Code Root Fixup: 0.0 ms]
   [Code Root Purge: 0.0 ms]
   [Clear CT: 0.1 ms]
   [Other: 0.8 ms]
      [Choose CSet: 0.0 ms]
      [Ref Proc: 0.4 ms]
      [Ref Enq: 0.0 ms]
      [Redirty Cards: 0.1 ms]
      [Humongous Register: 0.0 ms]
      [Humongous Reclaim: 0.0 ms]
      [Free CSet: 0.1 ms]
   [Eden: 45056.0K(45056.0K)->0.0B(47104.0K) Survivors: 7168.0K->5120.0K Heap: 191.9M(1024.0M)->150.0M(1024.0M)]
 [Times: user=0.04 sys=0.01, real=0.02 secs] 
2020-11-06T06:21:21.496+0800: 897.163: [GC pause (G1 Evacuation Pause) (young), 0.0100091 secs]
   [Parallel Time: 8.9 ms, GC Workers: 8]
      [GC Worker Start (ms): Min: 897163.2, Avg: 897163.3, Max: 897163.3, Diff: 0.2]
      [Ext Root Scanning (ms): Min: 0.3, Avg: 0.5, Max: 1.3, Diff: 1.0, Sum: 3.9]
      [Update RS (ms): Min: 6.1, Avg: 6.3, Max: 6.4, Diff: 0.3, Sum: 50.1]
         [Processed Buffers: Min: 2, Avg: 4.6, Max: 13, Diff: 11, Sum: 37]
      [Scan RS (ms): Min: 0.0, Avg: 0.0, Max: 0.0, Diff: 0.0, Sum: 0.1]
      [Code Root Scanning (ms): Min: 0.0, Avg: 0.2, Max: 0.6, Diff: 0.6, Sum: 1.4]
      [Object Copy (ms): Min: 1.5, Avg: 1.8, Max: 2.1, Diff: 0.6, Sum: 14.8]
      [Termination (ms): Min: 0.0, Avg: 0.0, Max: 0.0, Diff: 0.0, Sum: 0.0]
         [Termination Attempts: Min: 1, Avg: 1.0, Max: 1, Diff: 0, Sum: 8]
      [GC Worker Other (ms): Min: 0.0, Avg: 0.0, Max: 0.0, Diff: 0.0, Sum: 0.1]
      [GC Worker Total (ms): Min: 8.7, Avg: 8.8, Max: 8.9, Diff: 0.2, Sum: 70.3]
      [GC Worker End (ms): Min: 897172.1, Avg: 897172.1, Max: 897172.1, Diff: 0.0]
   [Code Root Fixup: 0.0 ms]
   [Code Root Purge: 0.0 ms]
   [Clear CT: 0.1 ms]
   [Other: 0.9 ms]
      [Choose CSet: 0.0 ms]
      [Ref Proc: 0.2 ms]
      [Ref Enq: 0.0 ms]
      [Redirty Cards: 0.2 ms]
      [Humongous Register: 0.2 ms]
      [Humongous Reclaim: 0.0 ms]
      [Free CSet: 0.1 ms]
   [Eden: 47104.0K(47104.0K)->0.0B(47104.0K) Survivors: 5120.0K->5120.0K Heap: 196.0M(1024.0M)->150.0M(1024.0M)]
 [Times: user=0.03 sys=0.02, real=0.02 secs] 
2020-11-06T06:26:25.536+0800: 1201.202: [GC pause (G1 Evacuation Pause) (young), 0.0064590 secs]
   [Parallel Time: 5.6 ms, GC Workers: 8]
      [GC Worker Start (ms): Min: 1201202.1, Avg: 1201202.1, Max: 1201202.3, Diff: 0.2]
      [Ext Root Scanning (ms): Min: 0.3, Avg: 0.5, Max: 1.0, Diff: 0.7, Sum: 4.0]
      [Update RS (ms): Min: 0.0, Avg: 0.8, Max: 2.8, Diff: 2.8, Sum: 6.0]
         [Processed Buffers: Min: 0, Avg: 3.5, Max: 16, Diff: 16, Sum: 28]
      [Scan RS (ms): Min: 0.0, Avg: 0.0, Max: 0.0, Diff: 0.0, Sum: 0.1]
      [Code Root Scanning (ms): Min: 0.0, Avg: 0.4, Max: 1.3, Diff: 1.3, Sum: 3.3]
      [Object Copy (ms): Min: 2.2, Avg: 3.8, Max: 4.6, Diff: 2.3, Sum: 30.5]
      [Termination (ms): Min: 0.0, Avg: 0.0, Max: 0.0, Diff: 0.0, Sum: 0.3]
         [Termination Attempts: Min: 1, Avg: 1.0, Max: 1, Diff: 0, Sum: 8]
      [GC Worker Other (ms): Min: 0.0, Avg: 0.0, Max: 0.0, Diff: 0.0, Sum: 0.1]
      [GC Worker Total (ms): Min: 5.4, Avg: 5.5, Max: 5.6, Diff: 0.2, Sum: 44.3]
      [GC Worker End (ms): Min: 1201207.7, Avg: 1201207.7, Max: 1201207.7, Diff: 0.0]
   [Code Root Fixup: 0.0 ms]
   [Code Root Purge: 0.0 ms]
   [Clear CT: 0.1 ms]
   [Other: 0.7 ms]
      [Choose CSet: 0.0 ms]
      [Ref Proc: 0.2 ms]
      [Ref Enq: 0.0 ms]
      [Redirty Cards: 0.1 ms]
      [Humongous Register: 0.0 ms]
      [Humongous Reclaim: 0.0 ms]
      [Free CSet: 0.1 ms]
   [Eden: 47104.0K(47104.0K)->0.0B(58368.0K) Survivors: 5120.0K->3072.0K Heap: 196.0M(1024.0M)->148.3M(1024.0M)]
 [Times: user=0.03 sys=0.02, real=0.01 secs] 
2020-11-06T06:32:43.959+0800: 1579.622: [GC pause (G1 Evacuation Pause) (young), 0.0049468 secs]
   [Parallel Time: 3.7 ms, GC Workers: 8]
      [GC Worker Start (ms): Min: 1579622.5, Avg: 1579622.5, Max: 1579622.6, Diff: 0.1]
      [Ext Root Scanning (ms): Min: 0.2, Avg: 0.4, Max: 0.9, Diff: 0.6, Sum: 3.4]
      [Update RS (ms): Min: 0.0, Avg: 0.6, Max: 1.3, Diff: 1.3, Sum: 4.9]
         [Processed Buffers: Min: 0, Avg: 3.9, Max: 11, Diff: 11, Sum: 31]
      [Scan RS (ms): Min: 0.0, Avg: 0.0, Max: 0.0, Diff: 0.0, Sum: 0.1]
      [Code Root Scanning (ms): Min: 0.0, Avg: 0.1, Max: 0.9, Diff: 0.9, Sum: 1.0]
      [Object Copy (ms): Min: 1.6, Avg: 2.1, Max: 2.6, Diff: 1.0, Sum: 16.5]
      [Termination (ms): Min: 0.0, Avg: 0.2, Max: 0.3, Diff: 0.3, Sum: 1.9]
         [Termination Attempts: Min: 1, Avg: 1.0, Max: 1, Diff: 0, Sum: 8]
      [GC Worker Other (ms): Min: 0.0, Avg: 0.0, Max: 0.0, Diff: 0.0, Sum: 0.1]
      [GC Worker Total (ms): Min: 3.4, Avg: 3.5, Max: 3.6, Diff: 0.2, Sum: 27.9]
      [GC Worker End (ms): Min: 1579626.0, Avg: 1579626.0, Max: 1579626.1, Diff: 0.1]
   [Code Root Fixup: 0.0 ms]
   [Code Root Purge: 0.1 ms]
   [Clear CT: 0.2 ms]
   [Other: 1.0 ms]
      [Choose CSet: 0.0 ms]
      [Ref Proc: 0.5 ms]
      [Ref Enq: 0.0 ms]
      [Redirty Cards: 0.1 ms]
      [Humongous Register: 0.0 ms]
      [Humongous Reclaim: 0.0 ms]
      [Free CSet: 0.1 ms]
   [Eden: 58368.0K(58368.0K)->0.0B(359.0M) Survivors: 3072.0K->3072.0K Heap: 205.3M(1024.0M)->148.5M(1024.0M)]
 [Times: user=0.03 sys=0.01, real=0.01 secs] 
2020-11-06T07:11:56.512+0800: 3932.166: [GC pause (G1 Evacuation Pause) (young), 0.0482082 secs]
   [Parallel Time: 37.3 ms, GC Workers: 8]
      [GC Worker Start (ms): Min: 3932173.7, Avg: 3932173.9, Max: 3932174.1, Diff: 0.4]
      [Ext Root Scanning (ms): Min: 2.7, Avg: 4.1, Max: 12.6, Diff: 9.8, Sum: 32.7]
      [Update RS (ms): Min: 0.0, Avg: 2.8, Max: 4.1, Diff: 4.1, Sum: 22.1]
         [Processed Buffers: Min: 0, Avg: 3.9, Max: 20, Diff: 20, Sum: 31]
      [Scan RS (ms): Min: 0.0, Avg: 0.0, Max: 0.1, Diff: 0.1, Sum: 0.3]
      [Code Root Scanning (ms): Min: 0.0, Avg: 0.5, Max: 2.3, Diff: 2.3, Sum: 4.2]
      [Object Copy (ms): Min: 0.0, Avg: 9.5, Max: 30.0, Diff: 30.0, Sum: 76.0]
      [Termination (ms): Min: 0.0, Avg: 19.8, Max: 26.9, Diff: 26.9, Sum: 158.7]
         [Termination Attempts: Min: 1, Avg: 10.4, Max: 14, Diff: 13, Sum: 83]
      [GC Worker Other (ms): Min: 0.0, Avg: 0.0, Max: 0.0, Diff: 0.0, Sum: 0.2]
      [GC Worker Total (ms): Min: 36.5, Avg: 36.8, Max: 37.1, Diff: 0.6, Sum: 294.2]
      [GC Worker End (ms): Min: 3932210.6, Avg: 3932210.7, Max: 3932210.8, Diff: 0.2]
   [Code Root Fixup: 0.1 ms]
   [Code Root Purge: 0.0 ms]
   [Clear CT: 0.4 ms]
   [Other: 10.5 ms]
      [Choose CSet: 0.0 ms]
      [Ref Proc: 1.5 ms]
      [Ref Enq: 0.0 ms]
      [Redirty Cards: 0.2 ms]
      [Humongous Register: 2.4 ms]
      [Humongous Reclaim: 0.0 ms]
      [Free CSet: 0.5 ms]
   [Eden: 359.0M(359.0M)->0.0B(51200.0K) Survivors: 3072.0K->4096.0K Heap: 507.5M(1024.0M)->149.2M(1024.0M)]
 [Times: user=0.18 sys=0.05, real=0.05 secs] 
2020-11-06T07:17:29.426+0800: 4265.078: [GC pause (G1 Evacuation Pause) (young), 0.0187701 secs]
   [Parallel Time: 12.1 ms, GC Workers: 8]
      [GC Worker Start (ms): Min: 4265082.9, Avg: 4265083.1, Max: 4265083.4, Diff: 0.5]
      [Ext Root Scanning (ms): Min: 2.6, Avg: 3.3, Max: 6.6, Diff: 4.1, Sum: 26.3]
      [Update RS (ms): Min: 0.0, Avg: 2.0, Max: 3.2, Diff: 3.2, Sum: 16.0]
         [Processed Buffers: Min: 0, Avg: 3.5, Max: 21, Diff: 21, Sum: 28]
      [Scan RS (ms): Min: 0.0, Avg: 0.0, Max: 0.0, Diff: 0.0, Sum: 0.1]
      [Code Root Scanning (ms): Min: 0.0, Avg: 0.6, Max: 2.9, Diff: 2.9, Sum: 4.5]
      [Object Copy (ms): Min: 4.6, Avg: 5.6, Max: 6.6, Diff: 2.1, Sum: 45.1]
      [Termination (ms): Min: 0.0, Avg: 0.2, Max: 0.2, Diff: 0.2, Sum: 1.4]
         [Termination Attempts: Min: 1, Avg: 1.0, Max: 1, Diff: 0, Sum: 8]
      [GC Worker Other (ms): Min: 0.0, Avg: 0.0, Max: 0.1, Diff: 0.1, Sum: 0.4]
      [GC Worker Total (ms): Min: 11.5, Avg: 11.7, Max: 11.9, Diff: 0.4, Sum: 93.6]
      [GC Worker End (ms): Min: 4265094.8, Avg: 4265094.8, Max: 4265094.9, Diff: 0.1]
   [Code Root Fixup: 0.0 ms]
   [Code Root Purge: 0.0 ms]
   [Clear CT: 0.1 ms]
   [Other: 6.5 ms]
      [Choose CSet: 0.0 ms]
      [Ref Proc: 0.9 ms]
      [Ref Enq: 0.0 ms]
      [Redirty Cards: 0.1 ms]
      [Humongous Register: 4.7 ms]
      [Humongous Reclaim: 0.0 ms]
      [Free CSet: 0.2 ms]
   [Eden: 51200.0K(51200.0K)->0.0B(50176.0K) Survivors: 4096.0K->6144.0K Heap: 199.2M(1024.0M)->150.8M(1024.0M)]
 [Times: user=0.03 sys=0.05, real=0.02 secs] 
2020-11-06T07:22:55.789+0800: 4591.440: [GC pause (G1 Evacuation Pause) (young), 0.0103168 secs]
   [Parallel Time: 7.9 ms, GC Workers: 8]
      [GC Worker Start (ms): Min: 4591440.1, Avg: 4591440.2, Max: 4591440.2, Diff: 0.1]
      [Ext Root Scanning (ms): Min: 0.4, Avg: 0.6, Max: 1.3, Diff: 0.9, Sum: 4.7]
      [Update RS (ms): Min: 0.0, Avg: 0.3, Max: 1.1, Diff: 1.1, Sum: 2.8]
         [Processed Buffers: Min: 0, Avg: 3.6, Max: 23, Diff: 23, Sum: 29]
      [Scan RS (ms): Min: 0.0, Avg: 0.0, Max: 0.0, Diff: 0.0, Sum: 0.1]
      [Code Root Scanning (ms): Min: 0.0, Avg: 0.3, Max: 1.0, Diff: 1.0, Sum: 2.7]
      [Object Copy (ms): Min: 5.3, Avg: 6.0, Max: 6.6, Diff: 1.3, Sum: 47.7]
      [Termination (ms): Min: 0.0, Avg: 0.5, Max: 0.7, Diff: 0.7, Sum: 3.7]
         [Termination Attempts: Min: 1, Avg: 1.6, Max: 3, Diff: 2, Sum: 13]
      [GC Worker Other (ms): Min: 0.0, Avg: 0.0, Max: 0.0, Diff: 0.0, Sum: 0.1]
      [GC Worker Total (ms): Min: 7.5, Avg: 7.7, Max: 7.8, Diff: 0.2, Sum: 61.6]
      [GC Worker End (ms): Min: 4591447.8, Avg: 4591447.9, Max: 4591447.9, Diff: 0.2]
   [Code Root Fixup: 0.0 ms]
   [Code Root Purge: 0.0 ms]
   [Clear CT: 0.1 ms]
   [Other: 2.2 ms]
      [Choose CSet: 0.0 ms]
      [Ref Proc: 1.8 ms]
      [Ref Enq: 0.0 ms]
      [Redirty Cards: 0.1 ms]
      [Humongous Register: 0.0 ms]
      [Humongous Reclaim: 0.0 ms]
      [Free CSet: 0.1 ms]
   [Eden: 50176.0K(50176.0K)->0.0B(249.0M) Survivors: 6144.0K->5120.0K Heap: 199.8M(1024.0M)->149.7M(1024.0M)]
 [Times: user=0.02 sys=0.02, real=0.02 secs] 
2020-11-06T07:50:48.981+0800: 6264.625: [GC pause (G1 Evacuation Pause) (young), 0.1224761 secs]
   [Parallel Time: 95.8 ms, GC Workers: 8]
      [GC Worker Start (ms): Min: 6264636.2, Avg: 6264637.7, Max: 6264638.3, Diff: 2.0]
      [Ext Root Scanning (ms): Min: 6.5, Avg: 9.3, Max: 24.5, Diff: 18.0, Sum: 74.2]
      [Update RS (ms): Min: 0.0, Avg: 8.9, Max: 15.7, Diff: 15.7, Sum: 71.6]
         [Processed Buffers: Min: 0, Avg: 3.9, Max: 20, Diff: 20, Sum: 31]
      [Scan RS (ms): Min: 0.0, Avg: 0.1, Max: 0.1, Diff: 0.1, Sum: 0.4]
      [Code Root Scanning (ms): Min: 0.0, Avg: 0.7, Max: 3.8, Diff: 3.8, Sum: 5.9]
      [Object Copy (ms): Min: 48.3, Avg: 57.3, Max: 69.5, Diff: 21.2, Sum: 458.5]
      [Termination (ms): Min: 0.0, Avg: 15.0, Max: 22.1, Diff: 22.1, Sum: 120.3]
         [Termination Attempts: Min: 1, Avg: 1.8, Max: 4, Diff: 3, Sum: 14]
      [GC Worker Other (ms): Min: 0.0, Avg: 0.1, Max: 0.2, Diff: 0.1, Sum: 0.6]
      [GC Worker Total (ms): Min: 85.4, Avg: 91.4, Max: 95.1, Diff: 9.8, Sum: 731.5]
      [GC Worker End (ms): Min: 6264723.6, Avg: 6264729.1, Max: 6264731.4, Diff: 7.7]
   [Code Root Fixup: 0.0 ms]
   [Code Root Purge: 0.0 ms]
   [Clear CT: 0.2 ms]
   [Other: 26.5 ms]
      [Choose CSet: 0.0 ms]
      [Ref Proc: 12.5 ms]
      [Ref Enq: 0.0 ms]
      [Redirty Cards: 0.1 ms]
      [Humongous Register: 7.3 ms]
      [Humongous Reclaim: 0.0 ms]
      [Free CSet: 1.8 ms]
   [Eden: 249.0M(249.0M)->0.0B(46080.0K) Survivors: 5120.0K->6144.0K Heap: 398.7M(1024.0M)->150.8M(1024.0M)]
 [Times: user=0.04 sys=0.11, real=0.12 secs] 
2020-11-06T07:55:53.992+0800: 6569.634: [GC pause (G1 Evacuation Pause) (young), 0.0219525 secs]
   [Parallel Time: 19.4 ms, GC Workers: 8]
      [GC Worker Start (ms): Min: 6569634.1, Avg: 6569634.1, Max: 6569634.2, Diff: 0.1]
      [Ext Root Scanning (ms): Min: 0.1, Avg: 1.1, Max: 2.2, Diff: 2.1, Sum: 8.7]
      [Update RS (ms): Min: 0.0, Avg: 0.5, Max: 1.1, Diff: 1.1, Sum: 4.1]
         [Processed Buffers: Min: 0, Avg: 3.9, Max: 20, Diff: 20, Sum: 31]
      [Scan RS (ms): Min: 0.0, Avg: 0.0, Max: 0.0, Diff: 0.0, Sum: 0.0]
      [Code Root Scanning (ms): Min: 0.0, Avg: 0.3, Max: 0.9, Diff: 0.9, Sum: 2.3]
      [Object Copy (ms): Min: 15.2, Avg: 15.9, Max: 16.7, Diff: 1.5, Sum: 127.6]
      [Termination (ms): Min: 0.5, Avg: 1.2, Max: 2.0, Diff: 1.6, Sum: 10.0]
         [Termination Attempts: Min: 1, Avg: 2.0, Max: 3, Diff: 2, Sum: 16]
      [GC Worker Other (ms): Min: 0.0, Avg: 0.1, Max: 0.8, Diff: 0.8, Sum: 0.9]
      [GC Worker Total (ms): Min: 19.1, Avg: 19.2, Max: 19.3, Diff: 0.2, Sum: 153.7]
      [GC Worker End (ms): Min: 6569653.3, Avg: 6569653.4, Max: 6569653.4, Diff: 0.1]
   [Code Root Fixup: 0.0 ms]
   [Code Root Purge: 0.0 ms]
   [Clear CT: 0.1 ms]
   [Other: 2.4 ms]
      [Choose CSet: 0.0 ms]
      [Ref Proc: 1.7 ms]
      [Ref Enq: 0.0 ms]
      [Redirty Cards: 0.1 ms]
      [Humongous Register: 0.3 ms]
      [Humongous Reclaim: 0.0 ms]
      [Free CSet: 0.1 ms]
   [Eden: 46080.0K(46080.0K)->0.0B(46080.0K) Survivors: 6144.0K->6144.0K Heap: 195.8M(1024.0M)->151.2M(1024.0M)]
 [Times: user=0.03 sys=0.03, real=0.02 secs] 
2020-11-06T08:00:54.202+0800: 6869.842: [GC pause (G1 Evacuation Pause) (young), 0.0411166 secs]
   [Parallel Time: 38.4 ms, GC Workers: 8]
      [GC Worker Start (ms): Min: 6869842.5, Avg: 6869842.6, Max: 6869842.7, Diff: 0.2]
      [Ext Root Scanning (ms): Min: 0.4, Avg: 2.5, Max: 7.7, Diff: 7.3, Sum: 20.1]
      [Update RS (ms): Min: 0.0, Avg: 0.2, Max: 0.6, Diff: 0.6, Sum: 1.9]
         [Processed Buffers: Min: 0, Avg: 3.8, Max: 18, Diff: 18, Sum: 30]
      [Scan RS (ms): Min: 0.0, Avg: 0.0, Max: 0.0, Diff: 0.0, Sum: 0.0]
      [Code Root Scanning (ms): Min: 0.0, Avg: 0.2, Max: 0.6, Diff: 0.6, Sum: 1.3]
      [Object Copy (ms): Min: 29.5, Avg: 34.2, Max: 36.8, Diff: 7.3, Sum: 273.3]
      [Termination (ms): Min: 0.1, Avg: 1.0, Max: 2.3, Diff: 2.1, Sum: 8.3]
         [Termination Attempts: Min: 1, Avg: 2.5, Max: 4, Diff: 3, Sum: 20]
      [GC Worker Other (ms): Min: 0.0, Avg: 0.0, Max: 0.0, Diff: 0.0, Sum: 0.1]
      [GC Worker Total (ms): Min: 38.0, Avg: 38.1, Max: 38.3, Diff: 0.4, Sum: 305.1]
      [GC Worker End (ms): Min: 6869880.6, Avg: 6869880.7, Max: 6869880.8, Diff: 0.2]
   [Code Root Fixup: 0.0 ms]
   [Code Root Purge: 0.0 ms]
   [Clear CT: 0.1 ms]
   [Other: 2.6 ms]
      [Choose CSet: 0.0 ms]
      [Ref Proc: 2.2 ms]
      [Ref Enq: 0.0 ms]
      [Redirty Cards: 0.1 ms]
      [Humongous Register: 0.0 ms]
      [Humongous Reclaim: 0.0 ms]
      [Free CSet: 0.1 ms]
   [Eden: 46080.0K(46080.0K)->0.0B(45056.0K) Survivors: 6144.0K->7168.0K Heap: 196.2M(1024.0M)->151.9M(1024.0M)]
 [Times: user=0.03 sys=0.05, real=0.04 secs] 
2020-11-06T08:05:46.911+0800: 7162.550: [GC pause (G1 Evacuation Pause) (young), 0.0104318 secs]
   [Parallel Time: 8.9 ms, GC Workers: 8]
      [GC Worker Start (ms): Min: 7162550.1, Avg: 7162550.2, Max: 7162550.2, Diff: 0.1]
      [Ext Root Scanning (ms): Min: 0.7, Avg: 0.9, Max: 1.3, Diff: 0.6, Sum: 7.0]
      [Update RS (ms): Min: 0.0, Avg: 0.4, Max: 0.8, Diff: 0.8, Sum: 2.9]
         [Processed Buffers: Min: 0, Avg: 3.9, Max: 14, Diff: 14, Sum: 31]
      [Scan RS (ms): Min: 0.0, Avg: 0.0, Max: 0.0, Diff: 0.0, Sum: 0.0]
      [Code Root Scanning (ms): Min: 0.0, Avg: 0.2, Max: 1.0, Diff: 1.0, Sum: 1.8]
      [Object Copy (ms): Min: 4.8, Avg: 6.4, Max: 7.3, Diff: 2.4, Sum: 51.0]
      [Termination (ms): Min: 0.0, Avg: 0.9, Max: 1.8, Diff: 1.8, Sum: 7.4]
         [Termination Attempts: Min: 1, Avg: 1.4, Max: 2, Diff: 1, Sum: 11]
      [GC Worker Other (ms): Min: 0.0, Avg: 0.0, Max: 0.0, Diff: 0.0, Sum: 0.1]
      [GC Worker Total (ms): Min: 8.7, Avg: 8.8, Max: 8.9, Diff: 0.2, Sum: 70.1]
      [GC Worker End (ms): Min: 7162558.9, Avg: 7162558.9, Max: 7162559.0, Diff: 0.1]
   [Code Root Fixup: 0.0 ms]
   [Code Root Purge: 0.0 ms]
   [Clear CT: 0.1 ms]
   [Other: 1.4 ms]
      [Choose CSet: 0.0 ms]
      [Ref Proc: 0.8 ms]
      [Ref Enq: 0.0 ms]
      [Redirty Cards: 0.1 ms]
      [Humongous Register: 0.0 ms]
      [Humongous Reclaim: 0.0 ms]
      [Free CSet: 0.3 ms]
   [Eden: 45056.0K(45056.0K)->0.0B(47104.0K) Survivors: 7168.0K->5120.0K Heap: 195.9M(1024.0M)->150.2M(1024.0M)]
 [Times: user=0.02 sys=0.01, real=0.01 secs] 
2020-11-06T08:10:36.249+0800: 7451.888: [GC pause (G1 Evacuation Pause) (young), 0.0163584 secs]
   [Parallel Time: 12.4 ms, GC Workers: 8]
      [GC Worker Start (ms): Min: 7451890.7, Avg: 7451890.9, Max: 7451891.1, Diff: 0.4]
      [Ext Root Scanning (ms): Min: 1.8, Avg: 2.6, Max: 6.9, Diff: 5.0, Sum: 21.1]
      [Update RS (ms): Min: 0.0, Avg: 2.2, Max: 3.2, Diff: 3.2, Sum: 17.3]
         [Processed Buffers: Min: 0, Avg: 4.0, Max: 25, Diff: 25, Sum: 32]
      [Scan RS (ms): Min: 0.0, Avg: 0.0, Max: 0.0, Diff: 0.0, Sum: 0.1]
      [Code Root Scanning (ms): Min: 0.0, Avg: 0.2, Max: 1.3, Diff: 1.3, Sum: 1.9]
      [Object Copy (ms): Min: 4.6, Avg: 6.4, Max: 7.2, Diff: 2.6, Sum: 51.1]
      [Termination (ms): Min: 0.0, Avg: 0.4, Max: 0.7, Diff: 0.7, Sum: 3.4]
         [Termination Attempts: Min: 1, Avg: 1.0, Max: 1, Diff: 0, Sum: 8]
      [GC Worker Other (ms): Min: 0.0, Avg: 0.0, Max: 0.1, Diff: 0.1, Sum: 0.4]
      [GC Worker Total (ms): Min: 11.7, Avg: 11.9, Max: 12.2, Diff: 0.6, Sum: 95.1]
      [GC Worker End (ms): Min: 7451902.7, Avg: 7451902.8, Max: 7451902.9, Diff: 0.2]
   [Code Root Fixup: 0.0 ms]
   [Code Root Purge: 0.0 ms]
   [Clear CT: 0.1 ms]
   [Other: 3.8 ms]
      [Choose CSet: 0.0 ms]
      [Ref Proc: 0.3 ms]
      [Ref Enq: 0.0 ms]
      [Redirty Cards: 0.1 ms]
      [Humongous Register: 2.6 ms]
      [Humongous Reclaim: 0.0 ms]
      [Free CSet: 0.2 ms]
   [Eden: 47104.0K(47104.0K)->0.0B(47104.0K) Survivors: 5120.0K->5120.0K Heap: 196.2M(1024.0M)->149.8M(1024.0M)]
 [Times: user=0.03 sys=0.05, real=0.04 secs] 
2020-11-06T08:15:43.973+0800: 7759.610: [GC pause (G1 Evacuation Pause) (young), 0.0082814 secs]
   [Parallel Time: 7.4 ms, GC Workers: 8]
      [GC Worker Start (ms): Min: 7759610.2, Avg: 7759610.3, Max: 7759610.4, Diff: 0.1]
      [Ext Root Scanning (ms): Min: 0.3, Avg: 0.5, Max: 0.9, Diff: 0.6, Sum: 3.7]
      [Update RS (ms): Min: 0.0, Avg: 0.3, Max: 0.7, Diff: 0.7, Sum: 2.4]
         [Processed Buffers: Min: 0, Avg: 3.6, Max: 21, Diff: 21, Sum: 29]
      [Scan RS (ms): Min: 0.0, Avg: 0.0, Max: 0.0, Diff: 0.0, Sum: 0.1]
      [Code Root Scanning (ms): Min: 0.0, Avg: 0.2, Max: 0.9, Diff: 0.9, Sum: 1.8]
      [Object Copy (ms): Min: 4.7, Avg: 5.8, Max: 6.5, Diff: 1.8, Sum: 46.7]
      [Termination (ms): Min: 0.0, Avg: 0.4, Max: 0.5, Diff: 0.5, Sum: 3.0]
         [Termination Attempts: Min: 1, Avg: 2.0, Max: 4, Diff: 3, Sum: 16]
      [GC Worker Other (ms): Min: 0.0, Avg: 0.0, Max: 0.0, Diff: 0.0, Sum: 0.1]
      [GC Worker Total (ms): Min: 7.0, Avg: 7.2, Max: 7.3, Diff: 0.3, Sum: 57.6]
      [GC Worker End (ms): Min: 7759617.4, Avg: 7759617.5, Max: 7759617.6, Diff: 0.2]
   [Code Root Fixup: 0.0 ms]
   [Code Root Purge: 0.0 ms]
   [Clear CT: 0.1 ms]
   [Other: 0.7 ms]
      [Choose CSet: 0.0 ms]
      [Ref Proc: 0.2 ms]
      [Ref Enq: 0.0 ms]
      [Redirty Cards: 0.1 ms]
      [Humongous Register: 0.0 ms]
      [Humongous Reclaim: 0.0 ms]
      [Free CSet: 0.0 ms]
   [Eden: 47104.0K(47104.0K)->0.0B(47104.0K) Survivors: 5120.0K->5120.0K Heap: 195.8M(1024.0M)->149.8M(1024.0M)]
 [Times: user=0.02 sys=0.02, real=0.01 secs] 
2020-11-06T08:20:52.168+0800: 8067.803: [GC pause (G1 Evacuation Pause) (young), 0.0060155 secs]
   [Parallel Time: 4.4 ms, GC Workers: 8]
      [GC Worker Start (ms): Min: 8067803.6, Avg: 8067803.6, Max: 8067803.8, Diff: 0.2]
      [Ext Root Scanning (ms): Min: 0.2, Avg: 0.4, Max: 0.7, Diff: 0.6, Sum: 3.2]
      [Update RS (ms): Min: 0.0, Avg: 0.4, Max: 0.8, Diff: 0.8, Sum: 3.2]
         [Processed Buffers: Min: 0, Avg: 3.8, Max: 14, Diff: 14, Sum: 30]
      [Scan RS (ms): Min: 0.0, Avg: 0.0, Max: 0.0, Diff: 0.0, Sum: 0.1]
      [Code Root Scanning (ms): Min: 0.0, Avg: 0.2, Max: 0.6, Diff: 0.6, Sum: 1.4]
      [Object Copy (ms): Min: 2.0, Avg: 2.7, Max: 3.6, Diff: 1.6, Sum: 21.5]
      [Termination (ms): Min: 0.0, Avg: 0.4, Max: 0.7, Diff: 0.7, Sum: 3.1]
         [Termination Attempts: Min: 1, Avg: 1.2, Max: 3, Diff: 2, Sum: 10]
      [GC Worker Other (ms): Min: 0.0, Avg: 0.0, Max: 0.0, Diff: 0.0, Sum: 0.1]
      [GC Worker Total (ms): Min: 3.8, Avg: 4.1, Max: 4.2, Diff: 0.4, Sum: 32.5]
      [GC Worker End (ms): Min: 8067807.6, Avg: 8067807.7, Max: 8067807.8, Diff: 0.2]
   [Code Root Fixup: 0.0 ms]
   [Code Root Purge: 0.0 ms]
   [Clear CT: 0.2 ms]
   [Other: 1.5 ms]
      [Choose CSet: 0.0 ms]
      [Ref Proc: 1.0 ms]
      [Ref Enq: 0.0 ms]
      [Redirty Cards: 0.1 ms]
      [Humongous Register: 0.0 ms]
      [Humongous Reclaim: 0.0 ms]
      [Free CSet: 0.1 ms]
   [Eden: 47104.0K(47104.0K)->0.0B(293.0M) Survivors: 5120.0K->5120.0K Heap: 195.8M(1024.0M)->150.1M(1024.0M)]
 [Times: user=0.02 sys=0.00, real=0.01 secs] 
2020-11-06T08:53:46.429+0800: 10042.056: [GC pause (G1 Evacuation Pause) (young), 0.0184639 secs]
   [Parallel Time: 13.3 ms, GC Workers: 8]
      [GC Worker Start (ms): Min: 10042057.2, Avg: 10042057.9, Max: 10042059.6, Diff: 2.4]
      [Ext Root Scanning (ms): Min: 0.6, Avg: 2.4, Max: 6.1, Diff: 5.5, Sum: 18.8]
      [Update RS (ms): Min: 0.0, Avg: 1.6, Max: 2.6, Diff: 2.6, Sum: 13.2]
         [Processed Buffers: Min: 0, Avg: 4.1, Max: 15, Diff: 15, Sum: 33]
      [Scan RS (ms): Min: 0.0, Avg: 0.0, Max: 0.1, Diff: 0.1, Sum: 0.2]
      [Code Root Scanning (ms): Min: 0.0, Avg: 0.4, Max: 1.5, Diff: 1.5, Sum: 3.1]
      [Object Copy (ms): Min: 6.3, Avg: 7.5, Max: 9.2, Diff: 2.9, Sum: 60.2]
      [Termination (ms): Min: 0.0, Avg: 0.4, Max: 0.7, Diff: 0.7, Sum: 3.5]
         [Termination Attempts: Min: 1, Avg: 1.1, Max: 2, Diff: 1, Sum: 9]
      [GC Worker Other (ms): Min: 0.0, Avg: 0.1, Max: 0.3, Diff: 0.3, Sum: 0.9]
      [GC Worker Total (ms): Min: 10.8, Avg: 12.5, Max: 13.2, Diff: 2.4, Sum: 99.9]
      [GC Worker End (ms): Min: 10042070.3, Avg: 10042070.4, Max: 10042070.4, Diff: 0.1]
   [Code Root Fixup: 0.0 ms]
   [Code Root Purge: 0.0 ms]
   [Clear CT: 0.3 ms]
   [Other: 4.8 ms]
      [Choose CSet: 0.0 ms]
      [Ref Proc: 2.4 ms]
      [Ref Enq: 0.0 ms]
      [Redirty Cards: 0.2 ms]
      [Humongous Register: 1.2 ms]
      [Humongous Reclaim: 0.0 ms]
      [Free CSet: 0.5 ms]
   [Eden: 293.0M(293.0M)->0.0B(337.0M) Survivors: 5120.0K->4096.0K Heap: 443.1M(1024.0M)->149.2M(1024.0M)]
 [Times: user=0.03 sys=0.03, real=0.02 secs] 
2020-11-06T09:31:10.009+0800: 12285.626: [GC pause (G1 Evacuation Pause) (young), 0.0152583 secs]
   [Parallel Time: 13.2 ms, GC Workers: 8]
      [GC Worker Start (ms): Min: 12285625.9, Avg: 12285626.0, Max: 12285626.0, Diff: 0.1]
      [Ext Root Scanning (ms): Min: 0.5, Avg: 2.6, Max: 8.7, Diff: 8.2, Sum: 20.7]
      [Update RS (ms): Min: 0.0, Avg: 0.4, Max: 0.7, Diff: 0.7, Sum: 2.8]
         [Processed Buffers: Min: 0, Avg: 4.0, Max: 25, Diff: 25, Sum: 32]
      [Scan RS (ms): Min: 0.0, Avg: 0.0, Max: 0.1, Diff: 0.1, Sum: 0.3]
      [Code Root Scanning (ms): Min: 0.0, Avg: 0.1, Max: 0.3, Diff: 0.3, Sum: 0.5]
      [Object Copy (ms): Min: 3.9, Avg: 9.7, Max: 11.8, Diff: 7.9, Sum: 77.7]
      [Termination (ms): Min: 0.0, Avg: 0.2, Max: 0.3, Diff: 0.3, Sum: 1.3]
         [Termination Attempts: Min: 1, Avg: 1.0, Max: 1, Diff: 0, Sum: 8]
      [GC Worker Other (ms): Min: 0.0, Avg: 0.0, Max: 0.0, Diff: 0.0, Sum: 0.2]
      [GC Worker Total (ms): Min: 12.9, Avg: 12.9, Max: 13.0, Diff: 0.1, Sum: 103.5]
      [GC Worker End (ms): Min: 12285638.9, Avg: 12285638.9, Max: 12285639.0, Diff: 0.1]
   [Code Root Fixup: 0.0 ms]
   [Code Root Purge: 0.0 ms]
   [Clear CT: 0.2 ms]
   [Other: 1.9 ms]
      [Choose CSet: 0.0 ms]
      [Ref Proc: 1.3 ms]
      [Ref Enq: 0.0 ms]
      [Redirty Cards: 0.1 ms]
      [Humongous Register: 0.0 ms]
      [Humongous Reclaim: 0.0 ms]
      [Free CSet: 0.2 ms]
   [Eden: 337.0M(337.0M)->0.0B(473.0M) Survivors: 4096.0K->3072.0K Heap: 486.2M(1024.0M)->149.0M(1024.0M)]
 [Times: user=0.02 sys=0.02, real=0.02 secs] 
2020-11-06T10:23:42.423+0800: 15438.027: [GC pause (G1 Evacuation Pause) (young), 0.0188055 secs]
   [Parallel Time: 8.9 ms, GC Workers: 8]
      [GC Worker Start (ms): Min: 15438033.9, Avg: 15438034.1, Max: 15438034.3, Diff: 0.4]
      [Ext Root Scanning (ms): Min: 1.0, Avg: 2.0, Max: 4.9, Diff: 3.8, Sum: 15.8]
      [Update RS (ms): Min: 0.0, Avg: 0.8, Max: 1.2, Diff: 1.2, Sum: 6.2]
         [Processed Buffers: Min: 0, Avg: 5.5, Max: 18, Diff: 18, Sum: 44]
      [Scan RS (ms): Min: 0.0, Avg: 0.1, Max: 0.5, Diff: 0.5, Sum: 0.9]
      [Code Root Scanning (ms): Min: 0.0, Avg: 0.3, Max: 2.0, Diff: 2.0, Sum: 2.6]
      [Object Copy (ms): Min: 3.0, Avg: 4.7, Max: 5.4, Diff: 2.4, Sum: 37.5]
      [Termination (ms): Min: 0.0, Avg: 0.5, Max: 0.8, Diff: 0.8, Sum: 3.8]
         [Termination Attempts: Min: 1, Avg: 1.1, Max: 2, Diff: 1, Sum: 9]
      [GC Worker Other (ms): Min: 0.0, Avg: 0.1, Max: 0.7, Diff: 0.7, Sum: 0.9]
      [GC Worker Total (ms): Min: 8.2, Avg: 8.5, Max: 8.6, Diff: 0.4, Sum: 67.7]
      [GC Worker End (ms): Min: 15438042.5, Avg: 15438042.5, Max: 15438042.6, Diff: 0.1]
   [Code Root Fixup: 0.0 ms]
   [Code Root Purge: 0.0 ms]
   [Clear CT: 0.2 ms]
   [Other: 9.7 ms]
      [Choose CSet: 0.0 ms]
      [Ref Proc: 1.3 ms]
      [Ref Enq: 0.0 ms]
      [Redirty Cards: 0.1 ms]
      [Humongous Register: 1.1 ms]
      [Humongous Reclaim: 0.0 ms]
      [Free CSet: 0.8 ms]
   [Eden: 473.0M(473.0M)->0.0B(292.0M) Survivors: 3072.0K->5120.0K Heap: 622.0M(1024.0M)->150.4M(1024.0M)]
 [Times: user=0.03 sys=0.02, real=0.02 secs] 
2020-11-06T10:56:20.413+0800: 17396.007: [GC pause (G1 Evacuation Pause) (young), 0.0048089 secs]
   [Parallel Time: 3.7 ms, GC Workers: 8]
      [GC Worker Start (ms): Min: 17396007.6, Avg: 17396007.7, Max: 17396007.8, Diff: 0.2]
      [Ext Root Scanning (ms): Min: 0.3, Avg: 0.4, Max: 0.6, Diff: 0.3, Sum: 3.0]
      [Update RS (ms): Min: 0.2, Avg: 0.2, Max: 0.4, Diff: 0.2, Sum: 1.8]
         [Processed Buffers: Min: 2, Avg: 5.4, Max: 11, Diff: 9, Sum: 43]
      [Scan RS (ms): Min: 0.0, Avg: 0.0, Max: 0.1, Diff: 0.1, Sum: 0.4]
      [Code Root Scanning (ms): Min: 0.0, Avg: 0.1, Max: 0.2, Diff: 0.2, Sum: 0.4]
      [Object Copy (ms): Min: 2.6, Avg: 2.7, Max: 2.8, Diff: 0.2, Sum: 21.9]
      [Termination (ms): Min: 0.0, Avg: 0.0, Max: 0.0, Diff: 0.0, Sum: 0.1]
         [Termination Attempts: Min: 1, Avg: 1.0, Max: 1, Diff: 0, Sum: 8]
      [GC Worker Other (ms): Min: 0.0, Avg: 0.0, Max: 0.1, Diff: 0.0, Sum: 0.3]
      [GC Worker Total (ms): Min: 3.4, Avg: 3.5, Max: 3.6, Diff: 0.2, Sum: 27.9]
      [GC Worker End (ms): Min: 17396011.2, Avg: 17396011.2, Max: 17396011.2, Diff: 0.0]
   [Code Root Fixup: 0.0 ms]
   [Code Root Purge: 0.0 ms]
   [Clear CT: 0.2 ms]
   [Other: 0.9 ms]
      [Choose CSet: 0.0 ms]
      [Ref Proc: 0.4 ms]
      [Ref Enq: 0.0 ms]
      [Redirty Cards: 0.1 ms]
      [Humongous Register: 0.0 ms]
      [Humongous Reclaim: 0.0 ms]
      [Free CSet: 0.1 ms]
   [Eden: 292.0M(292.0M)->0.0B(608.0M) Survivors: 5120.0K->6144.0K Heap: 442.4M(1024.0M)->151.5M(1024.0M)]
 [Times: user=0.03 sys=0.01, real=0.00 secs] 
2020-11-06T11:38:38.810+0800: 19934.393: [GC pause (G1 Evacuation Pause) (young), 0.0164383 secs]
   [Parallel Time: 10.0 ms, GC Workers: 8]
      [GC Worker Start (ms): Min: 19934395.0, Avg: 19934395.1, Max: 19934395.3, Diff: 0.3]
      [Ext Root Scanning (ms): Min: 1.6, Avg: 2.2, Max: 5.3, Diff: 3.7, Sum: 17.4]
      [Update RS (ms): Min: 0.0, Avg: 0.7, Max: 1.0, Diff: 1.0, Sum: 5.5]
         [Processed Buffers: Min: 0, Avg: 5.6, Max: 12, Diff: 12, Sum: 45]
      [Scan RS (ms): Min: 0.0, Avg: 0.1, Max: 0.1, Diff: 0.1, Sum: 0.6]
      [Code Root Scanning (ms): Min: 0.0, Avg: 0.0, Max: 0.1, Diff: 0.1, Sum: 0.4]
      [Object Copy (ms): Min: 4.3, Avg: 6.5, Max: 7.0, Diff: 2.6, Sum: 52.1]
      [Termination (ms): Min: 0.0, Avg: 0.1, Max: 0.3, Diff: 0.3, Sum: 1.1]
         [Termination Attempts: Min: 1, Avg: 2.0, Max: 4, Diff: 3, Sum: 16]
      [GC Worker Other (ms): Min: 0.0, Avg: 0.0, Max: 0.1, Diff: 0.0, Sum: 0.3]
      [GC Worker Total (ms): Min: 9.5, Avg: 9.7, Max: 9.9, Diff: 0.4, Sum: 77.5]
      [GC Worker End (ms): Min: 19934404.8, Avg: 19934404.8, Max: 19934404.9, Diff: 0.1]
   [Code Root Fixup: 0.0 ms]
   [Code Root Purge: 0.0 ms]
   [Clear CT: 0.4 ms]
   [Other: 6.1 ms]
      [Choose CSet: 0.0 ms]
      [Ref Proc: 3.2 ms]
      [Ref Enq: 0.0 ms]
      [Redirty Cards: 0.1 ms]
      [Humongous Register: 1.0 ms]
      [Humongous Reclaim: 0.0 ms]
      [Free CSet: 1.0 ms]
   [Eden: 608.0M(608.0M)->0.0B(610.0M) Survivors: 6144.0K->4096.0K Heap: 759.5M(1024.0M)->149.8M(1024.0M)]
 [Times: user=0.04 sys=0.05, real=0.01 secs] 
2020-11-06T12:16:20.515+0800: 22196.089: [GC pause (G1 Evacuation Pause) (young), 0.0212074 secs]
   [Parallel Time: 17.2 ms, GC Workers: 8]
      [GC Worker Start (ms): Min: 22196090.6, Avg: 22196090.8, Max: 22196091.0, Diff: 0.4]
      [Ext Root Scanning (ms): Min: 2.3, Avg: 7.3, Max: 12.9, Diff: 10.6, Sum: 58.6]
      [Update RS (ms): Min: 0.0, Avg: 1.0, Max: 1.6, Diff: 1.6, Sum: 8.3]
         [Processed Buffers: Min: 0, Avg: 5.4, Max: 13, Diff: 13, Sum: 43]
      [Scan RS (ms): Min: 0.0, Avg: 0.1, Max: 0.2, Diff: 0.1, Sum: 0.6]
      [Code Root Scanning (ms): Min: 0.0, Avg: 0.1, Max: 0.6, Diff: 0.6, Sum: 0.8]
      [Object Copy (ms): Min: 4.0, Avg: 6.3, Max: 7.3, Diff: 3.2, Sum: 50.3]
      [Termination (ms): Min: 0.0, Avg: 0.4, Max: 0.6, Diff: 0.6, Sum: 3.5]
         [Termination Attempts: Min: 1, Avg: 1.4, Max: 2, Diff: 1, Sum: 11]
      [GC Worker Other (ms): Min: 0.0, Avg: 1.5, Max: 6.0, Diff: 6.0, Sum: 12.3]
      [GC Worker Total (ms): Min: 16.6, Avg: 16.8, Max: 17.0, Diff: 0.4, Sum: 134.4]
      [GC Worker End (ms): Min: 22196107.6, Avg: 22196107.6, Max: 22196107.7, Diff: 0.1]
   [Code Root Fixup: 0.0 ms]
   [Code Root Purge: 0.0 ms]
   [Clear CT: 0.6 ms]
   [Other: 3.5 ms]
      [Choose CSet: 0.0 ms]
      [Ref Proc: 0.6 ms]
      [Ref Enq: 0.0 ms]
      [Redirty Cards: 0.1 ms]
      [Humongous Register: 1.1 ms]
      [Humongous Reclaim: 0.0 ms]
      [Free CSet: 0.9 ms]
   [Eden: 610.0M(610.0M)->0.0B(609.0M) Survivors: 4096.0K->5120.0K Heap: 759.8M(1024.0M)->150.8M(1024.0M)]
 [Times: user=0.03 sys=0.04, real=0.02 secs] 
2020-11-06T12:54:08.908+0800: 24464.472: [GC pause (G1 Evacuation Pause) (young), 0.0163204 secs]
   [Parallel Time: 12.3 ms, GC Workers: 8]
      [GC Worker Start (ms): Min: 24464473.7, Avg: 24464473.9, Max: 24464474.2, Diff: 0.5]
      [Ext Root Scanning (ms): Min: 0.0, Avg: 3.1, Max: 7.1, Diff: 7.1, Sum: 24.8]
      [Update RS (ms): Min: 0.0, Avg: 0.9, Max: 1.3, Diff: 1.3, Sum: 7.1]
         [Processed Buffers: Min: 0, Avg: 5.5, Max: 24, Diff: 24, Sum: 44]
      [Scan RS (ms): Min: 0.0, Avg: 0.1, Max: 0.1, Diff: 0.1, Sum: 0.6]
      [Code Root Scanning (ms): Min: 0.0, Avg: 0.0, Max: 0.2, Diff: 0.2, Sum: 0.4]
      [Object Copy (ms): Min: 4.9, Avg: 7.0, Max: 7.6, Diff: 2.7, Sum: 55.7]
      [Termination (ms): Min: 0.0, Avg: 0.0, Max: 0.0, Diff: 0.0, Sum: 0.1]
         [Termination Attempts: Min: 1, Avg: 1.5, Max: 2, Diff: 1, Sum: 12]
      [GC Worker Other (ms): Min: 0.0, Avg: 0.8, Max: 5.9, Diff: 5.9, Sum: 6.6]
      [GC Worker Total (ms): Min: 11.6, Avg: 11.9, Max: 12.1, Diff: 0.5, Sum: 95.1]
      [GC Worker End (ms): Min: 24464485.8, Avg: 24464485.8, Max: 24464485.8, Diff: 0.0]
   [Code Root Fixup: 0.0 ms]
   [Code Root Purge: 0.1 ms]
   [Clear CT: 0.5 ms]
   [Other: 3.5 ms]
      [Choose CSet: 0.0 ms]
      [Ref Proc: 0.6 ms]
      [Ref Enq: 0.0 ms]
      [Redirty Cards: 0.1 ms]
      [Humongous Register: 1.0 ms]
      [Humongous Reclaim: 0.0 ms]
      [Free CSet: 0.9 ms]
   [Eden: 609.0M(609.0M)->0.0B(609.0M) Survivors: 5120.0K->5120.0K Heap: 759.8M(1024.0M)->150.6M(1024.0M)]
 [Times: user=0.02 sys=0.05, real=0.02 secs] 
2020-11-06T14:00:01.458+0800: 28417.005: [GC pause (G1 Evacuation Pause) (young), 0.0148088 secs]
   [Parallel Time: 10.5 ms, GC Workers: 8]
      [GC Worker Start (ms): Min: 28417006.4, Avg: 28417006.7, Max: 28417006.9, Diff: 0.5]
      [Ext Root Scanning (ms): Min: 1.9, Avg: 3.2, Max: 6.8, Diff: 4.9, Sum: 25.3]
      [Update RS (ms): Min: 0.0, Avg: 0.7, Max: 1.1, Diff: 1.1, Sum: 5.9]
         [Processed Buffers: Min: 0, Avg: 5.5, Max: 14, Diff: 14, Sum: 44]
      [Scan RS (ms): Min: 0.0, Avg: 0.1, Max: 0.2, Diff: 0.2, Sum: 0.6]
      [Code Root Scanning (ms): Min: 0.0, Avg: 0.0, Max: 0.2, Diff: 0.2, Sum: 0.3]
      [Object Copy (ms): Min: 3.4, Avg: 5.8, Max: 6.2, Diff: 2.8, Sum: 46.1]
      [Termination (ms): Min: 0.0, Avg: 0.1, Max: 0.1, Diff: 0.1, Sum: 0.8]
         [Termination Attempts: Min: 1, Avg: 2.9, Max: 5, Diff: 4, Sum: 23]
      [GC Worker Other (ms): Min: 0.0, Avg: 0.3, Max: 1.0, Diff: 1.0, Sum: 2.0]
      [GC Worker Total (ms): Min: 9.9, Avg: 10.1, Max: 10.4, Diff: 0.5, Sum: 81.1]
      [GC Worker End (ms): Min: 28417016.8, Avg: 28417016.8, Max: 28417016.8, Diff: 0.1]
   [Code Root Fixup: 0.0 ms]
   [Code Root Purge: 0.1 ms]
   [Clear CT: 0.5 ms]
   [Other: 3.7 ms]
      [Choose CSet: 0.0 ms]
      [Ref Proc: 0.7 ms]
      [Ref Enq: 0.0 ms]
      [Redirty Cards: 0.1 ms]
      [Humongous Register: 1.1 ms]
      [Humongous Reclaim: 0.0 ms]
      [Free CSet: 1.0 ms]
   [Eden: 609.0M(609.0M)->0.0B(607.0M) Survivors: 5120.0K->7168.0K Heap: 759.6M(1024.0M)->152.9M(1024.0M)]
 [Times: user=0.03 sys=0.05, real=0.02 secs] 
2020-11-06T15:07:25.812+0800: 32461.341: [GC pause (G1 Evacuation Pause) (young), 0.0360156 secs]
   [Parallel Time: 26.7 ms, GC Workers: 8]
      [GC Worker Start (ms): Min: 32461345.4, Avg: 32461345.7, Max: 32461345.9, Diff: 0.5]
      [Ext Root Scanning (ms): Min: 3.5, Avg: 4.6, Max: 8.9, Diff: 5.3, Sum: 36.8]
      [Update RS (ms): Min: 0.0, Avg: 1.1, Max: 1.7, Diff: 1.7, Sum: 8.7]
         [Processed Buffers: Min: 0, Avg: 5.4, Max: 20, Diff: 20, Sum: 43]
      [Scan RS (ms): Min: 0.0, Avg: 0.1, Max: 0.1, Diff: 0.1, Sum: 0.6]
      [Code Root Scanning (ms): Min: 0.0, Avg: 0.2, Max: 1.1, Diff: 1.1, Sum: 1.6]
      [Object Copy (ms): Min: 4.9, Avg: 11.7, Max: 19.2, Diff: 14.3, Sum: 93.9]
      [Termination (ms): Min: 0.6, Avg: 8.1, Max: 13.9, Diff: 13.3, Sum: 64.7]
         [Termination Attempts: Min: 1, Avg: 48.2, Max: 106, Diff: 105, Sum: 386]
      [GC Worker Other (ms): Min: 0.0, Avg: 0.4, Max: 0.8, Diff: 0.7, Sum: 3.1]
      [GC Worker Total (ms): Min: 26.0, Avg: 26.2, Max: 26.4, Diff: 0.4, Sum: 209.3]
      [GC Worker End (ms): Min: 32461371.8, Avg: 32461371.8, Max: 32461371.9, Diff: 0.2]
   [Code Root Fixup: 0.0 ms]
   [Code Root Purge: 0.8 ms]
   [Clear CT: 0.3 ms]
   [Other: 8.2 ms]
      [Choose CSet: 0.0 ms]
      [Ref Proc: 1.5 ms]
      [Ref Enq: 0.0 ms]
      [Redirty Cards: 0.3 ms]
      [Humongous Register: 3.8 ms]
      [Humongous Reclaim: 0.0 ms]
      [Free CSet: 0.9 ms]
   [Eden: 607.0M(607.0M)->0.0B(300.0M) Survivors: 7168.0K->4096.0K Heap: 759.9M(1024.0M)->149.7M(1024.0M)]
 [Times: user=0.10 sys=0.05, real=0.03 secs] 
2020-11-06T15:41:04.223+0800: 34479.743: [GC pause (G1 Evacuation Pause) (young), 0.0102004 secs]
   [Parallel Time: 8.6 ms, GC Workers: 8]
      [GC Worker Start (ms): Min: 34479743.4, Avg: 34479743.5, Max: 34479743.6, Diff: 0.2]
      [Ext Root Scanning (ms): Min: 0.0, Avg: 0.8, Max: 1.2, Diff: 1.2, Sum: 6.2]
      [Update RS (ms): Min: 0.0, Avg: 0.2, Max: 0.4, Diff: 0.4, Sum: 1.6]
         [Processed Buffers: Min: 0, Avg: 5.2, Max: 17, Diff: 17, Sum: 42]
      [Scan RS (ms): Min: 0.0, Avg: 0.0, Max: 0.1, Diff: 0.0, Sum: 0.3]
      [Code Root Scanning (ms): Min: 0.0, Avg: 0.0, Max: 0.1, Diff: 0.1, Sum: 0.3]
      [Object Copy (ms): Min: 6.7, Avg: 6.9, Max: 7.0, Diff: 0.3, Sum: 55.1]
      [Termination (ms): Min: 0.0, Avg: 0.1, Max: 0.2, Diff: 0.1, Sum: 0.8]
         [Termination Attempts: Min: 2, Avg: 3.6, Max: 5, Diff: 3, Sum: 29]
      [GC Worker Other (ms): Min: 0.0, Avg: 0.4, Max: 1.4, Diff: 1.4, Sum: 2.9]
      [GC Worker Total (ms): Min: 8.3, Avg: 8.4, Max: 8.5, Diff: 0.2, Sum: 67.1]
      [GC Worker End (ms): Min: 34479751.9, Avg: 34479751.9, Max: 34479751.9, Diff: 0.0]
   [Code Root Fixup: 0.0 ms]
   [Code Root Purge: 0.0 ms]
   [Clear CT: 0.1 ms]
   [Other: 1.5 ms]
      [Choose CSet: 0.0 ms]
      [Ref Proc: 0.4 ms]
      [Ref Enq: 0.0 ms]
      [Redirty Cards: 0.1 ms]
      [Humongous Register: 0.4 ms]
      [Humongous Reclaim: 0.0 ms]
      [Free CSet: 0.2 ms]
   [Eden: 300.0M(300.0M)->0.0B(609.0M) Survivors: 4096.0K->5120.0K Heap: 449.7M(1024.0M)->150.5M(1024.0M)]
 [Times: user=0.02 sys=0.03, real=0.01 secs] 
2020-11-06T16:48:58.111+0800: 38553.613: [GC pause (G1 Evacuation Pause) (young), 0.1163076 secs]
   [Parallel Time: 108.6 ms, GC Workers: 8]
      [GC Worker Start (ms): Min: 38553617.4, Avg: 38553618.2, Max: 38553618.5, Diff: 1.1]
      [Ext Root Scanning (ms): Min: 5.8, Avg: 8.0, Max: 16.6, Diff: 10.7, Sum: 63.7]
      [Update RS (ms): Min: 0.0, Avg: 1.8, Max: 2.7, Diff: 2.7, Sum: 14.3]
         [Processed Buffers: Min: 0, Avg: 5.2, Max: 16, Diff: 16, Sum: 42]
      [Scan RS (ms): Min: 0.0, Avg: 0.1, Max: 0.1, Diff: 0.1, Sum: 0.7]
      [Code Root Scanning (ms): Min: 0.0, Avg: 0.1, Max: 0.3, Diff: 0.3, Sum: 0.5]
      [Object Copy (ms): Min: 20.8, Avg: 39.6, Max: 86.8, Diff: 66.0, Sum: 316.5]
      [Termination (ms): Min: 10.8, Avg: 57.1, Max: 77.0, Diff: 66.2, Sum: 456.7]
         [Termination Attempts: Min: 8, Avg: 18.4, Max: 29, Diff: 21, Sum: 147]
      [GC Worker Other (ms): Min: 0.0, Avg: 0.3, Max: 0.9, Diff: 0.9, Sum: 2.5]
      [GC Worker Total (ms): Min: 106.5, Avg: 106.9, Max: 107.8, Diff: 1.3, Sum: 854.9]
      [GC Worker End (ms): Min: 38553725.0, Avg: 38553725.1, Max: 38553725.1, Diff: 0.2]
   [Code Root Fixup: 0.0 ms]
   [Code Root Purge: 0.0 ms]
   [Clear CT: 0.4 ms]
   [Other: 7.3 ms]
      [Choose CSet: 0.0 ms]
      [Ref Proc: 2.3 ms]
      [Ref Enq: 0.0 ms]
      [Redirty Cards: 0.1 ms]
      [Humongous Register: 3.2 ms]
      [Humongous Reclaim: 0.0 ms]
      [Free CSet: 1.0 ms]
   [Eden: 609.0M(609.0M)->0.0B(47104.0K) Survivors: 5120.0K->5120.0K Heap: 759.5M(1024.0M)->150.6M(1024.0M)]
 [Times: user=0.22 sys=0.12, real=0.11 secs] 
2020-11-06T16:54:09.609+0800: 38865.110: [GC pause (G1 Evacuation Pause) (young), 0.0096125 secs]
   [Parallel Time: 8.4 ms, GC Workers: 8]
      [GC Worker Start (ms): Min: 38865110.4, Avg: 38865110.5, Max: 38865110.7, Diff: 0.3]
      [Ext Root Scanning (ms): Min: 0.9, Avg: 1.9, Max: 2.8, Diff: 1.8, Sum: 15.1]
      [Update RS (ms): Min: 0.0, Avg: 0.2, Max: 0.6, Diff: 0.6, Sum: 2.0]
         [Processed Buffers: Min: 0, Avg: 5.1, Max: 20, Diff: 20, Sum: 41]
      [Scan RS (ms): Min: 0.0, Avg: 0.0, Max: 0.0, Diff: 0.0, Sum: 0.1]
      [Code Root Scanning (ms): Min: 0.0, Avg: 0.3, Max: 0.9, Diff: 0.9, Sum: 2.6]
      [Object Copy (ms): Min: 5.0, Avg: 5.4, Max: 5.8, Diff: 0.8, Sum: 43.4]
      [Termination (ms): Min: 0.0, Avg: 0.2, Max: 0.2, Diff: 0.2, Sum: 1.3]
         [Termination Attempts: Min: 1, Avg: 1.0, Max: 1, Diff: 0, Sum: 8]
      [GC Worker Other (ms): Min: 0.0, Avg: 0.1, Max: 0.6, Diff: 0.5, Sum: 1.2]
      [GC Worker Total (ms): Min: 8.0, Avg: 8.2, Max: 8.3, Diff: 0.2, Sum: 65.5]
      [GC Worker End (ms): Min: 38865118.7, Avg: 38865118.7, Max: 38865118.8, Diff: 0.1]
   [Code Root Fixup: 0.0 ms]
   [Code Root Purge: 0.0 ms]
   [Clear CT: 0.1 ms]
   [Other: 1.1 ms]
      [Choose CSet: 0.0 ms]
      [Ref Proc: 0.2 ms]
      [Ref Enq: 0.0 ms]
      [Redirty Cards: 0.1 ms]
      [Humongous Register: 0.4 ms]
      [Humongous Reclaim: 0.0 ms]
      [Free CSet: 0.1 ms]
   [Eden: 47104.0K(47104.0K)->0.0B(48128.0K) Survivors: 5120.0K->4096.0K Heap: 196.6M(1024.0M)->149.7M(1024.0M)]
 [Times: user=0.02 sys=0.01, real=0.02 secs] 
2020-11-06T16:59:24.036+0800: 39179.535: [GC pause (G1 Evacuation Pause) (young), 0.0109927 secs]
   [Parallel Time: 10.1 ms, GC Workers: 8]
      [GC Worker Start (ms): Min: 39179535.6, Avg: 39179535.7, Max: 39179535.8, Diff: 0.2]
      [Ext Root Scanning (ms): Min: 0.3, Avg: 0.4, Max: 0.8, Diff: 0.6, Sum: 3.6]
      [Update RS (ms): Min: 0.0, Avg: 0.3, Max: 0.5, Diff: 0.5, Sum: 2.1]
         [Processed Buffers: Min: 0, Avg: 5.2, Max: 15, Diff: 15, Sum: 42]
      [Scan RS (ms): Min: 0.0, Avg: 0.0, Max: 0.0, Diff: 0.0, Sum: 0.1]
      [Code Root Scanning (ms): Min: 0.0, Avg: 0.0, Max: 0.1, Diff: 0.1, Sum: 0.2]
      [Object Copy (ms): Min: 8.5, Avg: 8.8, Max: 9.5, Diff: 0.9, Sum: 70.5]
      [Termination (ms): Min: 0.0, Avg: 0.4, Max: 0.5, Diff: 0.5, Sum: 2.8]
         [Termination Attempts: Min: 2, Avg: 2.5, Max: 3, Diff: 1, Sum: 20]
      [GC Worker Other (ms): Min: 0.0, Avg: 0.0, Max: 0.0, Diff: 0.0, Sum: 0.1]
      [GC Worker Total (ms): Min: 9.8, Avg: 9.9, Max: 10.1, Diff: 0.3, Sum: 79.4]
      [GC Worker End (ms): Min: 39179545.6, Avg: 39179545.7, Max: 39179545.7, Diff: 0.2]
   [Code Root Fixup: 0.0 ms]
   [Code Root Purge: 0.0 ms]
   [Clear CT: 0.1 ms]
   [Other: 0.7 ms]
      [Choose CSet: 0.0 ms]
      [Ref Proc: 0.2 ms]
      [Ref Enq: 0.0 ms]
      [Redirty Cards: 0.1 ms]
      [Humongous Register: 0.1 ms]
      [Humongous Reclaim: 0.0 ms]
      [Free CSet: 0.1 ms]
   [Eden: 48128.0K(48128.0K)->0.0B(60416.0K) Survivors: 4096.0K->5120.0K Heap: 196.7M(1024.0M)->150.8M(1024.0M)]
 [Times: user=0.02 sys=0.02, real=0.01 secs] 
2020-11-06T17:05:56.062+0800: 39571.559: [GC pause (G1 Evacuation Pause) (young), 0.0133386 secs]
   [Parallel Time: 10.5 ms, GC Workers: 8]
      [GC Worker Start (ms): Min: 39571561.3, Avg: 39571561.5, Max: 39571561.8, Diff: 0.5]
      [Ext Root Scanning (ms): Min: 2.2, Avg: 2.9, Max: 6.6, Diff: 4.4, Sum: 23.2]
      [Update RS (ms): Min: 0.0, Avg: 0.6, Max: 0.9, Diff: 0.9, Sum: 5.2]
         [Processed Buffers: Min: 0, Avg: 5.1, Max: 18, Diff: 18, Sum: 41]
      [Scan RS (ms): Min: 0.0, Avg: 0.0, Max: 0.0, Diff: 0.0, Sum: 0.1]
      [Code Root Scanning (ms): Min: 0.0, Avg: 0.1, Max: 0.2, Diff: 0.2, Sum: 0.5]
      [Object Copy (ms): Min: 3.2, Avg: 5.7, Max: 6.9, Diff: 3.7, Sum: 45.3]
      [Termination (ms): Min: 0.0, Avg: 0.8, Max: 1.2, Diff: 1.2, Sum: 6.7]
         [Termination Attempts: Min: 1, Avg: 2.0, Max: 3, Diff: 2, Sum: 16]
      [GC Worker Other (ms): Min: 0.0, Avg: 0.0, Max: 0.1, Diff: 0.0, Sum: 0.3]
      [GC Worker Total (ms): Min: 9.8, Avg: 10.2, Max: 10.4, Diff: 0.7, Sum: 81.2]
      [GC Worker End (ms): Min: 39571571.6, Avg: 39571571.7, Max: 39571571.7, Diff: 0.2]
   [Code Root Fixup: 0.0 ms]
   [Code Root Purge: 0.0 ms]
   [Clear CT: 0.1 ms]
   [Other: 2.7 ms]
      [Choose CSet: 0.0 ms]
      [Ref Proc: 0.3 ms]
      [Ref Enq: 0.0 ms]
      [Redirty Cards: 0.1 ms]
      [Humongous Register: 1.4 ms]
      [Humongous Reclaim: 0.0 ms]
      [Free CSet: 0.2 ms]
   [Eden: 60416.0K(60416.0K)->0.0B(301.0M) Survivors: 5120.0K->5120.0K Heap: 209.8M(1024.0M)->150.9M(1024.0M)]
 [Times: user=0.02 sys=0.03, real=0.01 secs] 
2020-11-06T17:39:24.301+0800: 41579.789: [GC pause (G1 Evacuation Pause) (young), 0.0338969 secs]
   [Parallel Time: 25.9 ms, GC Workers: 8]
      [GC Worker Start (ms): Min: 41579791.7, Avg: 41579792.0, Max: 41579792.4, Diff: 0.7]
      [Ext Root Scanning (ms): Min: 2.8, Avg: 3.4, Max: 5.9, Diff: 3.1, Sum: 27.1]
      [Update RS (ms): Min: 0.0, Avg: 0.3, Max: 2.4, Diff: 2.4, Sum: 2.4]
         [Processed Buffers: Min: 0, Avg: 5.1, Max: 36, Diff: 36, Sum: 41]
      [Scan RS (ms): Min: 0.0, Avg: 0.0, Max: 0.1, Diff: 0.1, Sum: 0.2]
      [Code Root Scanning (ms): Min: 0.0, Avg: 0.0, Max: 0.2, Diff: 0.2, Sum: 0.3]
      [Object Copy (ms): Min: 18.8, Avg: 21.1, Max: 22.0, Diff: 3.1, Sum: 168.5]
      [Termination (ms): Min: 0.0, Avg: 0.4, Max: 0.7, Diff: 0.7, Sum: 3.0]
         [Termination Attempts: Min: 1, Avg: 1.9, Max: 3, Diff: 2, Sum: 15]
      [GC Worker Other (ms): Min: 0.0, Avg: 0.1, Max: 0.1, Diff: 0.1, Sum: 0.5]
      [GC Worker Total (ms): Min: 24.9, Avg: 25.3, Max: 25.7, Diff: 0.7, Sum: 202.1]
      [GC Worker End (ms): Min: 41579817.2, Avg: 41579817.3, Max: 41579817.4, Diff: 0.2]
   [Code Root Fixup: 0.0 ms]
   [Code Root Purge: 0.0 ms]
   [Clear CT: 0.2 ms]
   [Other: 7.9 ms]
      [Choose CSet: 0.0 ms]
      [Ref Proc: 4.5 ms]
      [Ref Enq: 0.0 ms]
      [Redirty Cards: 0.2 ms]
      [Humongous Register: 1.9 ms]
      [Humongous Reclaim: 0.0 ms]
      [Free CSet: 0.5 ms]
   [Eden: 301.0M(301.0M)->0.0B(47104.0K) Survivors: 5120.0K->5120.0K Heap: 451.9M(1024.0M)->150.6M(1024.0M)]
 [Times: user=0.03 sys=0.06, real=0.03 secs] 
2020-11-06T17:44:32.632+0800: 41888.119: [GC pause (G1 Evacuation Pause) (young), 0.0149533 secs]
   [Parallel Time: 14.1 ms, GC Workers: 8]
      [GC Worker Start (ms): Min: 41888118.9, Avg: 41888119.1, Max: 41888119.1, Diff: 0.2]
      [Ext Root Scanning (ms): Min: 0.3, Avg: 1.1, Max: 6.3, Diff: 6.0, Sum: 9.0]
      [Update RS (ms): Min: 3.7, Avg: 8.9, Max: 9.8, Diff: 6.1, Sum: 71.2]
         [Processed Buffers: Min: 1, Avg: 5.2, Max: 13, Diff: 12, Sum: 42]
      [Scan RS (ms): Min: 0.0, Avg: 0.0, Max: 0.0, Diff: 0.0, Sum: 0.1]
      [Code Root Scanning (ms): Min: 0.0, Avg: 0.0, Max: 0.3, Diff: 0.3, Sum: 0.3]
      [Object Copy (ms): Min: 3.5, Avg: 3.7, Max: 3.8, Diff: 0.3, Sum: 29.5]
      [Termination (ms): Min: 0.0, Avg: 0.0, Max: 0.1, Diff: 0.1, Sum: 0.3]
         [Termination Attempts: Min: 1, Avg: 1.6, Max: 2, Diff: 1, Sum: 13]
      [GC Worker Other (ms): Min: 0.0, Avg: 0.1, Max: 0.1, Diff: 0.1, Sum: 0.5]
      [GC Worker Total (ms): Min: 13.8, Avg: 13.9, Max: 14.0, Diff: 0.2, Sum: 110.9]
      [GC Worker End (ms): Min: 41888132.9, Avg: 41888132.9, Max: 41888133.0, Diff: 0.1]
   [Code Root Fixup: 0.0 ms]
   [Code Root Purge: 0.0 ms]
   [Clear CT: 0.1 ms]
   [Other: 0.7 ms]
      [Choose CSet: 0.0 ms]
      [Ref Proc: 0.3 ms]
      [Ref Enq: 0.0 ms]
      [Redirty Cards: 0.1 ms]
      [Humongous Register: 0.0 ms]
      [Humongous Reclaim: 0.0 ms]
      [Free CSet: 0.1 ms]
   [Eden: 47104.0K(47104.0K)->0.0B(46080.0K) Survivors: 5120.0K->6144.0K Heap: 196.6M(1024.0M)->151.6M(1024.0M)]
 [Times: user=0.02 sys=0.01, real=0.01 secs] 
2020-11-06T17:49:33.733+0800: 42189.219: [GC pause (G1 Evacuation Pause) (young), 0.0081854 secs]
   [Parallel Time: 7.4 ms, GC Workers: 8]
      [GC Worker Start (ms): Min: 42189219.3, Avg: 42189219.5, Max: 42189219.6, Diff: 0.3]
      [Ext Root Scanning (ms): Min: 0.3, Avg: 0.4, Max: 0.7, Diff: 0.4, Sum: 3.2]
      [Update RS (ms): Min: 0.2, Avg: 0.2, Max: 0.3, Diff: 0.2, Sum: 1.8]
         [Processed Buffers: Min: 2, Avg: 5.4, Max: 13, Diff: 11, Sum: 43]
      [Scan RS (ms): Min: 0.0, Avg: 0.0, Max: 0.0, Diff: 0.0, Sum: 0.1]
      [Code Root Scanning (ms): Min: 0.0, Avg: 0.0, Max: 0.1, Diff: 0.1, Sum: 0.2]
      [Object Copy (ms): Min: 6.0, Avg: 6.2, Max: 6.3, Diff: 0.3, Sum: 49.7]
      [Termination (ms): Min: 0.1, Avg: 0.2, Max: 0.4, Diff: 0.3, Sum: 1.7]
         [Termination Attempts: Min: 5, Avg: 7.1, Max: 8, Diff: 3, Sum: 57]
      [GC Worker Other (ms): Min: 0.0, Avg: 0.0, Max: 0.1, Diff: 0.0, Sum: 0.2]
      [GC Worker Total (ms): Min: 7.0, Avg: 7.1, Max: 7.3, Diff: 0.3, Sum: 56.9]
      [GC Worker End (ms): Min: 42189226.6, Avg: 42189226.6, Max: 42189226.6, Diff: 0.0]
   [Code Root Fixup: 0.0 ms]
   [Code Root Purge: 0.0 ms]
   [Clear CT: 0.1 ms]
   [Other: 0.7 ms]
      [Choose CSet: 0.0 ms]
      [Ref Proc: 0.2 ms]
      [Ref Enq: 0.0 ms]
      [Redirty Cards: 0.1 ms]
      [Humongous Register: 0.0 ms]
      [Humongous Reclaim: 0.0 ms]
      [Free CSet: 0.0 ms]
   [Eden: 46080.0K(46080.0K)->0.0B(218.0M) Survivors: 6144.0K->5120.0K Heap: 196.6M(1024.0M)->150.5M(1024.0M)]
 [Times: user=0.02 sys=0.02, real=0.01 secs] 
2020-11-06T18:13:36.551+0800: 43632.031: [GC pause (G1 Evacuation Pause) (young), 0.0474467 secs]
   [Parallel Time: 25.6 ms, GC Workers: 8]
      [GC Worker Start (ms): Min: 43632048.8, Avg: 43632049.0, Max: 43632049.2, Diff: 0.4]
      [Ext Root Scanning (ms): Min: 2.4, Avg: 5.1, Max: 16.9, Diff: 14.5, Sum: 40.7]
      [Update RS (ms): Min: 0.0, Avg: 6.8, Max: 14.4, Diff: 14.4, Sum: 54.4]
         [Processed Buffers: Min: 0, Avg: 5.2, Max: 26, Diff: 26, Sum: 42]
      [Scan RS (ms): Min: 0.0, Avg: 0.0, Max: 0.0, Diff: 0.0, Sum: 0.1]
      [Code Root Scanning (ms): Min: 0.0, Avg: 2.8, Max: 11.3, Diff: 11.3, Sum: 22.6]
      [Object Copy (ms): Min: 5.0, Avg: 8.5, Max: 17.3, Diff: 12.3, Sum: 68.4]
      [Termination (ms): Min: 0.0, Avg: 0.7, Max: 1.6, Diff: 1.6, Sum: 5.6]
         [Termination Attempts: Min: 1, Avg: 2.4, Max: 5, Diff: 4, Sum: 19]
      [GC Worker Other (ms): Min: 0.0, Avg: 0.7, Max: 1.4, Diff: 1.4, Sum: 5.5]
      [GC Worker Total (ms): Min: 24.3, Avg: 24.7, Max: 25.4, Diff: 1.1, Sum: 197.4]
      [GC Worker End (ms): Min: 43632073.5, Avg: 43632073.7, Max: 43632074.3, Diff: 0.8]
   [Code Root Fixup: 0.0 ms]
   [Code Root Purge: 0.0 ms]
   [Clear CT: 0.7 ms]
   [Other: 21.2 ms]
      [Choose CSet: 0.0 ms]
      [Ref Proc: 1.2 ms]
      [Ref Enq: 0.0 ms]
      [Redirty Cards: 0.2 ms]
      [Humongous Register: 13.1 ms]
      [Humongous Reclaim: 0.0 ms]
      [Free CSet: 1.5 ms]
   [Eden: 218.0M(218.0M)->0.0B(47104.0K) Survivors: 5120.0K->5120.0K Heap: 368.5M(1024.0M)->151.2M(1024.0M)]
 [Times: user=0.02 sys=0.05, real=0.04 secs] 
2020-11-06T18:18:44.098+0800: 43939.576: [GC pause (G1 Evacuation Pause) (young), 0.0107819 secs]
   [Parallel Time: 10.2 ms, GC Workers: 8]
      [GC Worker Start (ms): Min: 43939575.9, Avg: 43939575.9, Max: 43939576.0, Diff: 0.1]
      [Ext Root Scanning (ms): Min: 1.2, Avg: 1.6, Max: 1.8, Diff: 0.6, Sum: 13.0]
      [Update RS (ms): Min: 0.0, Avg: 0.1, Max: 0.7, Diff: 0.7, Sum: 1.0]
         [Processed Buffers: Min: 0, Avg: 5.1, Max: 30, Diff: 30, Sum: 41]
      [Scan RS (ms): Min: 0.0, Avg: 0.0, Max: 0.0, Diff: 0.0, Sum: 0.0]
      [Code Root Scanning (ms): Min: 0.0, Avg: 0.0, Max: 0.0, Diff: 0.0, Sum: 0.1]
      [Object Copy (ms): Min: 7.5, Avg: 7.9, Max: 8.3, Diff: 0.8, Sum: 63.0]
      [Termination (ms): Min: 0.0, Avg: 0.4, Max: 0.5, Diff: 0.4, Sum: 3.0]
         [Termination Attempts: Min: 4, Avg: 4.6, Max: 6, Diff: 2, Sum: 37]
      [GC Worker Other (ms): Min: 0.0, Avg: 0.0, Max: 0.0, Diff: 0.0, Sum: 0.1]
      [GC Worker Total (ms): Min: 10.0, Avg: 10.0, Max: 10.1, Diff: 0.1, Sum: 80.2]
      [GC Worker End (ms): Min: 43939586.0, Avg: 43939586.0, Max: 43939586.0, Diff: 0.0]
   [Code Root Fixup: 0.0 ms]
   [Code Root Purge: 0.0 ms]
   [Clear CT: 0.1 ms]
   [Other: 0.5 ms]
      [Choose CSet: 0.0 ms]
      [Ref Proc: 0.2 ms]
      [Ref Enq: 0.0 ms]
      [Redirty Cards: 0.1 ms]
      [Humongous Register: 0.0 ms]
      [Humongous Reclaim: 0.0 ms]
      [Free CSet: 0.0 ms]
   [Eden: 47104.0K(47104.0K)->0.0B(45056.0K) Survivors: 5120.0K->7168.0K Heap: 197.2M(1024.0M)->153.4M(1024.0M)]
 [Times: user=0.02 sys=0.02, real=0.01 secs] 
2020-11-06T18:23:37.515+0800: 44232.992: [GC pause (G1 Evacuation Pause) (young), 0.0118497 secs]
   [Parallel Time: 10.7 ms, GC Workers: 8]
      [GC Worker Start (ms): Min: 44232992.6, Avg: 44232992.7, Max: 44232992.7, Diff: 0.1]
      [Ext Root Scanning (ms): Min: 0.4, Avg: 0.5, Max: 0.8, Diff: 0.4, Sum: 3.8]
      [Update RS (ms): Min: 0.0, Avg: 0.2, Max: 0.3, Diff: 0.3, Sum: 1.9]
         [Processed Buffers: Min: 0, Avg: 5.2, Max: 11, Diff: 11, Sum: 42]
      [Scan RS (ms): Min: 0.0, Avg: 0.0, Max: 0.0, Diff: 0.0, Sum: 0.0]
      [Code Root Scanning (ms): Min: 0.0, Avg: 0.0, Max: 0.1, Diff: 0.1, Sum: 0.1]
      [Object Copy (ms): Min: 9.6, Avg: 9.8, Max: 9.8, Diff: 0.2, Sum: 78.1]
      [Termination (ms): Min: 0.0, Avg: 0.0, Max: 0.1, Diff: 0.1, Sum: 0.4]
         [Termination Attempts: Min: 1, Avg: 1.1, Max: 2, Diff: 1, Sum: 9]
      [GC Worker Other (ms): Min: 0.0, Avg: 0.0, Max: 0.0, Diff: 0.0, Sum: 0.2]
      [GC Worker Total (ms): Min: 10.5, Avg: 10.6, Max: 10.6, Diff: 0.1, Sum: 84.6]
      [GC Worker End (ms): Min: 44233003.2, Avg: 44233003.2, Max: 44233003.3, Diff: 0.1]
   [Code Root Fixup: 0.0 ms]
   [Code Root Purge: 0.0 ms]
   [Clear CT: 0.2 ms]
   [Other: 0.9 ms]
      [Choose CSet: 0.0 ms]
      [Ref Proc: 0.3 ms]
      [Ref Enq: 0.0 ms]
      [Redirty Cards: 0.1 ms]
      [Humongous Register: 0.2 ms]
      [Humongous Reclaim: 0.0 ms]
      [Free CSet: 0.1 ms]
   [Eden: 45056.0K(45056.0K)->0.0B(47104.0K) Survivors: 7168.0K->5120.0K Heap: 197.4M(1024.0M)->150.6M(1024.0M)]
 [Times: user=0.03 sys=0.01, real=0.01 secs] 
2020-11-06T18:28:45.794+0800: 44541.270: [GC pause (G1 Evacuation Pause) (young), 0.0071143 secs]
   [Parallel Time: 6.1 ms, GC Workers: 8]
      [GC Worker Start (ms): Min: 44541270.2, Avg: 44541270.3, Max: 44541270.4, Diff: 0.2]
      [Ext Root Scanning (ms): Min: 0.4, Avg: 0.6, Max: 0.9, Diff: 0.5, Sum: 4.4]
      [Update RS (ms): Min: 0.0, Avg: 0.3, Max: 0.4, Diff: 0.4, Sum: 2.1]
         [Processed Buffers: Min: 0, Avg: 5.1, Max: 15, Diff: 15, Sum: 41]
      [Scan RS (ms): Min: 0.0, Avg: 0.0, Max: 0.0, Diff: 0.0, Sum: 0.1]
      [Code Root Scanning (ms): Min: 0.0, Avg: 0.0, Max: 0.0, Diff: 0.0, Sum: 0.1]
      [Object Copy (ms): Min: 3.6, Avg: 3.9, Max: 4.7, Diff: 1.1, Sum: 31.2]
      [Termination (ms): Min: 0.1, Avg: 1.0, Max: 1.4, Diff: 1.2, Sum: 8.1]
         [Termination Attempts: Min: 1, Avg: 3.6, Max: 5, Diff: 4, Sum: 29]
      [GC Worker Other (ms): Min: 0.0, Avg: 0.0, Max: 0.0, Diff: 0.0, Sum: 0.1]
      [GC Worker Total (ms): Min: 5.6, Avg: 5.8, Max: 6.0, Diff: 0.4, Sum: 46.1]
      [GC Worker End (ms): Min: 44541275.9, Avg: 44541276.1, Max: 44541276.2, Diff: 0.2]
   [Code Root Fixup: 0.0 ms]
   [Code Root Purge: 0.0 ms]
   [Clear CT: 0.1 ms]
   [Other: 0.9 ms]
      [Choose CSet: 0.0 ms]
      [Ref Proc: 0.3 ms]
      [Ref Enq: 0.0 ms]
      [Redirty Cards: 0.1 ms]
      [Humongous Register: 0.2 ms]
      [Humongous Reclaim: 0.0 ms]
      [Free CSet: 0.1 ms]
   [Eden: 47104.0K(47104.0K)->0.0B(359.0M) Survivors: 5120.0K->5120.0K Heap: 196.6M(1024.0M)->151.3M(1024.0M)]
 [Times: user=0.04 sys=0.01, real=0.01 secs] 
2020-11-06T19:08:49.230+0800: 46944.695: [GC pause (G1 Evacuation Pause) (young), 0.0290902 secs]
   [Parallel Time: 18.5 ms, GC Workers: 8]
      [GC Worker Start (ms): Min: 46944703.5, Avg: 46944703.8, Max: 46944704.0, Diff: 0.4]
      [Ext Root Scanning (ms): Min: 2.0, Avg: 3.8, Max: 9.8, Diff: 7.7, Sum: 30.2]
      [Update RS (ms): Min: 0.0, Avg: 2.4, Max: 2.9, Diff: 2.9, Sum: 18.8]
         [Processed Buffers: Min: 0, Avg: 5.2, Max: 20, Diff: 20, Sum: 42]
      [Scan RS (ms): Min: 0.0, Avg: 0.1, Max: 0.1, Diff: 0.1, Sum: 0.4]
      [Code Root Scanning (ms): Min: 0.0, Avg: 0.1, Max: 0.3, Diff: 0.3, Sum: 0.4]
      [Object Copy (ms): Min: 8.0, Avg: 11.3, Max: 12.0, Diff: 4.0, Sum: 90.5]
      [Termination (ms): Min: 0.0, Avg: 0.4, Max: 0.6, Diff: 0.6, Sum: 3.0]
         [Termination Attempts: Min: 1, Avg: 1.9, Max: 4, Diff: 3, Sum: 15]
      [GC Worker Other (ms): Min: 0.0, Avg: 0.2, Max: 1.0, Diff: 1.0, Sum: 1.4]
      [GC Worker Total (ms): Min: 17.9, Avg: 18.1, Max: 18.3, Diff: 0.4, Sum: 144.9]
      [GC Worker End (ms): Min: 46944721.8, Avg: 46944721.9, Max: 46944722.0, Diff: 0.2]
   [Code Root Fixup: 0.0 ms]
   [Code Root Purge: 0.0 ms]
   [Clear CT: 0.2 ms]
   [Other: 10.3 ms]
      [Choose CSet: 0.0 ms]
      [Ref Proc: 0.7 ms]
      [Ref Enq: 0.0 ms]
      [Redirty Cards: 0.1 ms]
      [Humongous Register: 2.2 ms]
      [Humongous Reclaim: 0.0 ms]
      [Free CSet: 0.7 ms]
   [Eden: 359.0M(359.0M)->0.0B(48128.0K) Survivors: 5120.0K->4096.0K Heap: 510.3M(1024.0M)->150.4M(1024.0M)]
 [Times: user=0.03 sys=0.06, real=0.02 secs] 
2020-11-06T19:14:06.117+0800: 47261.581: [GC pause (G1 Evacuation Pause) (young), 0.0303515 secs]
   [Parallel Time: 21.6 ms, GC Workers: 8]
      [GC Worker Start (ms): Min: 47261581.1, Avg: 47261581.2, Max: 47261581.3, Diff: 0.2]
      [Ext Root Scanning (ms): Min: 0.4, Avg: 0.9, Max: 2.8, Diff: 2.4, Sum: 7.5]
      [Update RS (ms): Min: 0.0, Avg: 0.1, Max: 0.4, Diff: 0.4, Sum: 1.1]
         [Processed Buffers: Min: 0, Avg: 5.1, Max: 20, Diff: 20, Sum: 41]
      [Scan RS (ms): Min: 0.0, Avg: 0.0, Max: 0.0, Diff: 0.0, Sum: 0.0]
      [Code Root Scanning (ms): Min: 0.0, Avg: 0.0, Max: 0.1, Diff: 0.1, Sum: 0.1]
      [Object Copy (ms): Min: 17.8, Avg: 19.6, Max: 20.2, Diff: 2.4, Sum: 156.6]
      [Termination (ms): Min: 0.0, Avg: 0.7, Max: 0.9, Diff: 0.8, Sum: 5.3]
         [Termination Attempts: Min: 1, Avg: 1.9, Max: 3, Diff: 2, Sum: 15]
      [GC Worker Other (ms): Min: 0.0, Avg: 0.1, Max: 0.2, Diff: 0.2, Sum: 0.5]
      [GC Worker Total (ms): Min: 21.2, Avg: 21.4, Max: 21.5, Diff: 0.3, Sum: 171.0]
      [GC Worker End (ms): Min: 47261602.5, Avg: 47261602.6, Max: 47261602.6, Diff: 0.0]
   [Code Root Fixup: 0.0 ms]
   [Code Root Purge: 0.0 ms]
   [Clear CT: 2.2 ms]
   [Other: 6.6 ms]
      [Choose CSet: 0.0 ms]
      [Ref Proc: 5.5 ms]
      [Ref Enq: 0.0 ms]
      [Redirty Cards: 0.1 ms]
      [Humongous Register: 0.1 ms]
      [Humongous Reclaim: 0.0 ms]
      [Free CSet: 0.6 ms]
   [Eden: 48128.0K(48128.0K)->0.0B(47104.0K) Survivors: 4096.0K->5120.0K Heap: 197.4M(1024.0M)->151.1M(1024.0M)]
 [Times: user=0.03 sys=0.03, real=0.03 secs] 
2020-11-06T19:19:13.561+0800: 47569.023: [GC pause (G1 Evacuation Pause) (young), 0.0100404 secs]
   [Parallel Time: 9.0 ms, GC Workers: 8]
      [GC Worker Start (ms): Min: 47569023.4, Avg: 47569023.5, Max: 47569023.5, Diff: 0.1]
      [Ext Root Scanning (ms): Min: 0.3, Avg: 1.0, Max: 1.2, Diff: 0.9, Sum: 7.7]
      [Update RS (ms): Min: 0.0, Avg: 0.1, Max: 0.3, Diff: 0.3, Sum: 1.0]
         [Processed Buffers: Min: 0, Avg: 5.4, Max: 15, Diff: 15, Sum: 43]
      [Scan RS (ms): Min: 0.0, Avg: 0.0, Max: 0.0, Diff: 0.0, Sum: 0.0]
      [Code Root Scanning (ms): Min: 0.0, Avg: 0.0, Max: 0.1, Diff: 0.1, Sum: 0.1]
      [Object Copy (ms): Min: 6.3, Avg: 6.8, Max: 7.1, Diff: 0.7, Sum: 54.1]
      [Termination (ms): Min: 0.4, Avg: 0.8, Max: 1.3, Diff: 0.9, Sum: 6.7]
         [Termination Attempts: Min: 2, Avg: 3.8, Max: 5, Diff: 3, Sum: 30]
      [GC Worker Other (ms): Min: 0.0, Avg: 0.1, Max: 0.8, Diff: 0.8, Sum: 0.8]
      [GC Worker Total (ms): Min: 8.7, Avg: 8.8, Max: 8.9, Diff: 0.2, Sum: 70.5]
      [GC Worker End (ms): Min: 47569032.2, Avg: 47569032.3, Max: 47569032.4, Diff: 0.2]
   [Code Root Fixup: 0.0 ms]
   [Code Root Purge: 0.0 ms]
   [Clear CT: 0.1 ms]
   [Other: 0.9 ms]
      [Choose CSet: 0.0 ms]
      [Ref Proc: 0.2 ms]
      [Ref Enq: 0.0 ms]
      [Redirty Cards: 0.1 ms]
      [Humongous Register: 0.3 ms]
      [Humongous Reclaim: 0.0 ms]
      [Free CSet: 0.1 ms]
   [Eden: 47104.0K(47104.0K)->0.0B(62464.0K) Survivors: 5120.0K->7168.0K Heap: 197.1M(1024.0M)->152.9M(1024.0M)]
 [Times: user=0.03 sys=0.02, real=0.02 secs] 
2020-11-06T19:25:59.814+0800: 47975.274: [GC pause (G1 Evacuation Pause) (young), 0.0281934 secs]
   [Parallel Time: 27.4 ms, GC Workers: 8]
      [GC Worker Start (ms): Min: 47975274.5, Avg: 47975274.6, Max: 47975274.7, Diff: 0.2]
      [Ext Root Scanning (ms): Min: 1.5, Avg: 2.4, Max: 2.6, Diff: 1.1, Sum: 19.3]
      [Update RS (ms): Min: 0.0, Avg: 0.1, Max: 0.4, Diff: 0.4, Sum: 1.0]
         [Processed Buffers: Min: 0, Avg: 5.2, Max: 20, Diff: 20, Sum: 42]
      [Scan RS (ms): Min: 0.0, Avg: 0.0, Max: 0.0, Diff: 0.0, Sum: 0.0]
      [Code Root Scanning (ms): Min: 0.0, Avg: 0.0, Max: 0.0, Diff: 0.0, Sum: 0.0]
      [Object Copy (ms): Min: 23.1, Avg: 23.9, Max: 24.3, Diff: 1.2, Sum: 190.9]
      [Termination (ms): Min: 0.0, Avg: 0.5, Max: 0.9, Diff: 0.9, Sum: 4.0]
         [Termination Attempts: Min: 1, Avg: 2.4, Max: 5, Diff: 4, Sum: 19]
      [GC Worker Other (ms): Min: 0.0, Avg: 0.1, Max: 1.0, Diff: 1.0, Sum: 1.0]
      [GC Worker Total (ms): Min: 26.9, Avg: 27.0, Max: 27.2, Diff: 0.3, Sum: 216.3]
      [GC Worker End (ms): Min: 47975301.6, Avg: 47975301.7, Max: 47975301.8, Diff: 0.2]
   [Code Root Fixup: 0.0 ms]
   [Code Root Purge: 0.0 ms]
   [Clear CT: 0.1 ms]
   [Other: 0.7 ms]
      [Choose CSet: 0.0 ms]
      [Ref Proc: 0.3 ms]
      [Ref Enq: 0.0 ms]
      [Redirty Cards: 0.1 ms]
      [Humongous Register: 0.1 ms]
      [Humongous Reclaim: 0.0 ms]
      [Free CSet: 0.1 ms]
   [Eden: 62464.0K(62464.0K)->0.0B(62464.0K) Survivors: 7168.0K->7168.0K Heap: 213.9M(1024.0M)->152.9M(1024.0M)]
 [Times: user=0.02 sys=0.04, real=0.03 secs] 
2020-11-06T19:32:45.954+0800: 48381.413: [GC pause (G1 Evacuation Pause) (young), 0.0048236 secs]
   [Parallel Time: 3.7 ms, GC Workers: 8]
      [GC Worker Start (ms): Min: 48381412.9, Avg: 48381413.0, Max: 48381413.1, Diff: 0.2]
      [Ext Root Scanning (ms): Min: 0.2, Avg: 0.3, Max: 0.6, Diff: 0.3, Sum: 2.7]
      [Update RS (ms): Min: 0.2, Avg: 0.2, Max: 0.3, Diff: 0.1, Sum: 1.7]
         [Processed Buffers: Min: 2, Avg: 5.4, Max: 12, Diff: 10, Sum: 43]
      [Scan RS (ms): Min: 0.0, Avg: 0.0, Max: 0.0, Diff: 0.0, Sum: 0.1]
      [Code Root Scanning (ms): Min: 0.0, Avg: 0.0, Max: 0.0, Diff: 0.0, Sum: 0.0]
      [Object Copy (ms): Min: 2.9, Avg: 3.0, Max: 3.0, Diff: 0.1, Sum: 23.8]
      [Termination (ms): Min: 0.0, Avg: 0.0, Max: 0.0, Diff: 0.0, Sum: 0.0]
         [Termination Attempts: Min: 1, Avg: 1.0, Max: 1, Diff: 0, Sum: 8]
      [GC Worker Other (ms): Min: 0.0, Avg: 0.0, Max: 0.0, Diff: 0.0, Sum: 0.2]
      [GC Worker Total (ms): Min: 3.5, Avg: 3.6, Max: 3.7, Diff: 0.2, Sum: 28.5]
      [GC Worker End (ms): Min: 48381416.6, Avg: 48381416.6, Max: 48381416.6, Diff: 0.0]
   [Code Root Fixup: 0.0 ms]
   [Code Root Purge: 0.0 ms]
   [Clear CT: 0.1 ms]
   [Other: 0.9 ms]
      [Choose CSet: 0.0 ms]
      [Ref Proc: 0.5 ms]
      [Ref Enq: 0.0 ms]
      [Redirty Cards: 0.1 ms]
      [Humongous Register: 0.0 ms]
      [Humongous Reclaim: 0.0 ms]
      [Free CSet: 0.1 ms]
   [Eden: 62464.0K(62464.0K)->0.0B(489.0M) Survivors: 7168.0K->5120.0K Heap: 213.9M(1024.0M)->151.2M(1024.0M)]
 [Times: user=0.03 sys=0.01, real=0.00 secs] 
2020-11-06T20:27:36.726+0800: 51672.170: [GC pause (G1 Evacuation Pause) (young), 0.0233167 secs]
   [Parallel Time: 17.9 ms, GC Workers: 8]
      [GC Worker Start (ms): Min: 51672172.6, Avg: 51672172.9, Max: 51672173.1, Diff: 0.5]
      [Ext Root Scanning (ms): Min: 2.0, Avg: 2.8, Max: 6.8, Diff: 4.8, Sum: 22.3]
      [Update RS (ms): Min: 0.0, Avg: 0.7, Max: 1.1, Diff: 1.1, Sum: 5.3]
         [Processed Buffers: Min: 0, Avg: 5.4, Max: 13, Diff: 13, Sum: 43]
      [Scan RS (ms): Min: 0.0, Avg: 0.1, Max: 0.1, Diff: 0.1, Sum: 0.5]
      [Code Root Scanning (ms): Min: 0.0, Avg: 0.0, Max: 0.0, Diff: 0.0, Sum: 0.1]
      [Object Copy (ms): Min: 9.2, Avg: 12.8, Max: 13.9, Diff: 4.6, Sum: 102.1]
      [Termination (ms): Min: 0.0, Avg: 1.0, Max: 1.6, Diff: 1.6, Sum: 7.8]
         [Termination Attempts: Min: 1, Avg: 3.0, Max: 7, Diff: 6, Sum: 24]
      [GC Worker Other (ms): Min: 0.0, Avg: 0.1, Max: 0.1, Diff: 0.1, Sum: 0.4]
      [GC Worker Total (ms): Min: 17.0, Avg: 17.3, Max: 17.7, Diff: 0.7, Sum: 138.6]
      [GC Worker End (ms): Min: 51672190.1, Avg: 51672190.2, Max: 51672190.4, Diff: 0.2]
   [Code Root Fixup: 0.0 ms]
   [Code Root Purge: 0.0 ms]
   [Clear CT: 0.3 ms]
   [Other: 5.1 ms]
      [Choose CSet: 0.0 ms]
      [Ref Proc: 1.1 ms]
      [Ref Enq: 0.0 ms]
      [Redirty Cards: 0.3 ms]
      [Humongous Register: 1.7 ms]
      [Humongous Reclaim: 0.0 ms]
      [Free CSet: 1.3 ms]
   [Eden: 489.0M(489.0M)->0.0B(520.0M) Survivors: 5120.0K->7168.0K Heap: 640.2M(1024.0M)->152.9M(1024.0M)]
 [Times: user=0.03 sys=0.04, real=0.03 secs] 
2020-11-06T21:25:41.626+0800: 55157.055: [GC pause (G1 Evacuation Pause) (young), 0.0411671 secs]
   [Parallel Time: 33.4 ms, GC Workers: 8]
      [GC Worker Start (ms): Min: 55157061.1, Avg: 55157061.4, Max: 55157061.6, Diff: 0.5]
      [Ext Root Scanning (ms): Min: 4.0, Avg: 10.6, Max: 19.4, Diff: 15.4, Sum: 84.6]
      [Update RS (ms): Min: 0.0, Avg: 3.4, Max: 11.5, Diff: 11.5, Sum: 26.9]
         [Processed Buffers: Min: 0, Avg: 5.4, Max: 14, Diff: 14, Sum: 43]
      [Scan RS (ms): Min: 0.0, Avg: 0.1, Max: 0.2, Diff: 0.1, Sum: 0.8]
      [Code Root Scanning (ms): Min: 0.0, Avg: 0.0, Max: 0.1, Diff: 0.1, Sum: 0.2]
      [Object Copy (ms): Min: 6.9, Avg: 13.2, Max: 21.7, Diff: 14.8, Sum: 105.3]
      [Termination (ms): Min: 0.0, Avg: 4.5, Max: 6.8, Diff: 6.8, Sum: 36.2]
         [Termination Attempts: Min: 1, Avg: 22.2, Max: 75, Diff: 74, Sum: 178]
      [GC Worker Other (ms): Min: 0.0, Avg: 0.3, Max: 1.0, Diff: 1.0, Sum: 2.7]
      [GC Worker Total (ms): Min: 31.8, Avg: 32.1, Max: 32.3, Diff: 0.6, Sum: 256.7]
      [GC Worker End (ms): Min: 55157093.4, Avg: 55157093.4, Max: 55157093.5, Diff: 0.2]
   [Code Root Fixup: 0.0 ms]
   [Code Root Purge: 0.0 ms]
   [Clear CT: 0.2 ms]
   [Other: 7.5 ms]
      [Choose CSet: 0.0 ms]
      [Ref Proc: 1.4 ms]
      [Ref Enq: 0.0 ms]
      [Redirty Cards: 0.1 ms]
      [Humongous Register: 2.7 ms]
      [Humongous Reclaim: 0.0 ms]
      [Free CSet: 0.7 ms]
   [Eden: 520.0M(520.0M)->0.0B(48128.0K) Survivors: 7168.0K->4096.0K Heap: 672.9M(1024.0M)->150.4M(1024.0M)]
 [Times: user=0.06 sys=0.07, real=0.04 secs] 
2020-11-06T21:30:56.744+0800: 55472.172: [GC pause (G1 Evacuation Pause) (young), 0.0184814 secs]
   [Parallel Time: 14.7 ms, GC Workers: 8]
      [GC Worker Start (ms): Min: 55472174.2, Avg: 55472174.3, Max: 55472174.4, Diff: 0.1]
      [Ext Root Scanning (ms): Min: 1.2, Avg: 2.5, Max: 3.1, Diff: 1.8, Sum: 19.9]
      [Update RS (ms): Min: 0.0, Avg: 0.2, Max: 0.7, Diff: 0.7, Sum: 1.9]
         [Processed Buffers: Min: 0, Avg: 5.5, Max: 18, Diff: 18, Sum: 44]
      [Scan RS (ms): Min: 0.0, Avg: 0.0, Max: 0.0, Diff: 0.0, Sum: 0.0]
      [Code Root Scanning (ms): Min: 0.0, Avg: 0.0, Max: 0.0, Diff: 0.0, Sum: 0.0]
      [Object Copy (ms): Min: 5.8, Avg: 10.1, Max: 11.7, Diff: 5.9, Sum: 80.4]
      [Termination (ms): Min: 0.0, Avg: 1.6, Max: 5.7, Diff: 5.7, Sum: 12.9]
         [Termination Attempts: Min: 1, Avg: 1.5, Max: 4, Diff: 3, Sum: 12]
      [GC Worker Other (ms): Min: 0.0, Avg: 0.1, Max: 0.7, Diff: 0.6, Sum: 0.8]
      [GC Worker Total (ms): Min: 14.4, Avg: 14.5, Max: 14.6, Diff: 0.1, Sum: 115.9]
      [GC Worker End (ms): Min: 55472188.7, Avg: 55472188.8, Max: 55472188.9, Diff: 0.2]
   [Code Root Fixup: 0.0 ms]
   [Code Root Purge: 0.0 ms]
   [Clear CT: 0.2 ms]
   [Other: 3.6 ms]
      [Choose CSet: 0.0 ms]
      [Ref Proc: 0.8 ms]
      [Ref Enq: 0.0 ms]
      [Redirty Cards: 0.2 ms]
      [Humongous Register: 2.2 ms]
      [Humongous Reclaim: 0.0 ms]
      [Free CSet: 0.1 ms]
   [Eden: 48128.0K(48128.0K)->0.0B(47104.0K) Survivors: 4096.0K->5120.0K Heap: 197.4M(1024.0M)->151.1M(1024.0M)]
 [Times: user=0.03 sys=0.01, real=0.02 secs] 
2020-11-06T21:36:05.122+0800: 55780.548: [GC pause (G1 Evacuation Pause) (young), 0.0102893 secs]
   [Parallel Time: 9.3 ms, GC Workers: 8]
      [GC Worker Start (ms): Min: 55780548.5, Avg: 55780548.6, Max: 55780548.7, Diff: 0.1]
      [Ext Root Scanning (ms): Min: 0.5, Avg: 1.2, Max: 6.0, Diff: 5.6, Sum: 9.7]
      [Update RS (ms): Min: 0.0, Avg: 0.2, Max: 0.4, Diff: 0.4, Sum: 1.9]
         [Processed Buffers: Min: 0, Avg: 5.1, Max: 16, Diff: 16, Sum: 41]
      [Scan RS (ms): Min: 0.0, Avg: 0.0, Max: 0.0, Diff: 0.0, Sum: 0.1]
      [Code Root Scanning (ms): Min: 0.0, Avg: 0.0, Max: 0.1, Diff: 0.1, Sum: 0.1]
      [Object Copy (ms): Min: 2.7, Avg: 7.0, Max: 8.0, Diff: 5.4, Sum: 55.6]
      [Termination (ms): Min: 0.0, Avg: 0.6, Max: 1.1, Diff: 1.1, Sum: 4.5]
         [Termination Attempts: Min: 1, Avg: 1.6, Max: 2, Diff: 1, Sum: 13]
      [GC Worker Other (ms): Min: 0.0, Avg: 0.0, Max: 0.0, Diff: 0.0, Sum: 0.1]
      [GC Worker Total (ms): Min: 9.0, Avg: 9.0, Max: 9.1, Diff: 0.2, Sum: 72.0]
      [GC Worker End (ms): Min: 55780557.5, Avg: 55780557.6, Max: 55780557.8, Diff: 0.2]
   [Code Root Fixup: 0.0 ms]
   [Code Root Purge: 0.0 ms]
   [Clear CT: 0.1 ms]
   [Other: 0.9 ms]
      [Choose CSet: 0.0 ms]
      [Ref Proc: 0.3 ms]
      [Ref Enq: 0.0 ms]
      [Redirty Cards: 0.1 ms]
      [Humongous Register: 0.1 ms]
      [Humongous Reclaim: 0.0 ms]
      [Free CSet: 0.0 ms]
   [Eden: 47104.0K(47104.0K)->0.0B(298.0M) Survivors: 5120.0K->5120.0K Heap: 197.1M(1024.0M)->151.2M(1024.0M)]
 [Times: user=0.02 sys=0.01, real=0.01 secs] 
2020-11-06T22:09:16.297+0800: 57771.714: [GC pause (G1 Evacuation Pause) (young), 0.0462672 secs]
   [Parallel Time: 41.7 ms, GC Workers: 8]
      [GC Worker Start (ms): Min: 57771715.8, Avg: 57771715.9, Max: 57771716.1, Diff: 0.4]
      [Ext Root Scanning (ms): Min: 0.0, Avg: 4.1, Max: 8.6, Diff: 8.6, Sum: 32.5]
      [Update RS (ms): Min: 0.0, Avg: 0.2, Max: 1.0, Diff: 1.0, Sum: 1.9]
         [Processed Buffers: Min: 0, Avg: 5.4, Max: 26, Diff: 26, Sum: 43]
      [Scan RS (ms): Min: 0.0, Avg: 0.0, Max: 0.1, Diff: 0.1, Sum: 0.3]
      [Code Root Scanning (ms): Min: 0.0, Avg: 0.0, Max: 0.1, Diff: 0.1, Sum: 0.1]
      [Object Copy (ms): Min: 31.9, Avg: 35.1, Max: 38.2, Diff: 6.2, Sum: 280.8]
      [Termination (ms): Min: 0.5, Avg: 1.0, Max: 1.7, Diff: 1.2, Sum: 8.1]
         [Termination Attempts: Min: 1, Avg: 4.0, Max: 6, Diff: 5, Sum: 32]
      [GC Worker Other (ms): Min: 0.0, Avg: 0.8, Max: 6.0, Diff: 6.0, Sum: 6.3]
      [GC Worker Total (ms): Min: 41.0, Avg: 41.3, Max: 41.4, Diff: 0.4, Sum: 330.1]
      [GC Worker End (ms): Min: 57771757.1, Avg: 57771757.2, Max: 57771757.3, Diff: 0.2]
   [Code Root Fixup: 0.0 ms]
   [Code Root Purge: 0.0 ms]
   [Clear CT: 0.2 ms]
   [Other: 4.4 ms]
      [Choose CSet: 0.0 ms]
      [Ref Proc: 2.0 ms]
      [Ref Enq: 0.0 ms]
      [Redirty Cards: 0.1 ms]
      [Humongous Register: 1.1 ms]
      [Humongous Reclaim: 0.0 ms]
      [Free CSet: 0.6 ms]
   [Eden: 298.0M(298.0M)->0.0B(48128.0K) Survivors: 5120.0K->4096.0K Heap: 449.2M(1024.0M)->150.5M(1024.0M)]
 [Times: user=0.03 sys=0.07, real=0.05 secs] 
2020-11-06T22:14:30.842+0800: 58086.258: [GC pause (G1 Evacuation Pause) (young), 0.0087634 secs]
   [Parallel Time: 7.9 ms, GC Workers: 8]
      [GC Worker Start (ms): Min: 58086258.4, Avg: 58086258.4, Max: 58086258.5, Diff: 0.1]
      [Ext Root Scanning (ms): Min: 4.3, Avg: 4.6, Max: 6.6, Diff: 2.3, Sum: 37.0]
      [Update RS (ms): Min: 0.0, Avg: 0.2, Max: 0.3, Diff: 0.3, Sum: 1.9]
         [Processed Buffers: Min: 0, Avg: 5.2, Max: 14, Diff: 14, Sum: 42]
      [Scan RS (ms): Min: 0.0, Avg: 0.0, Max: 0.0, Diff: 0.0, Sum: 0.1]
      [Code Root Scanning (ms): Min: 0.0, Avg: 0.0, Max: 0.1, Diff: 0.1, Sum: 0.1]
      [Object Copy (ms): Min: 1.0, Avg: 2.8, Max: 3.1, Diff: 2.0, Sum: 22.2]
      [Termination (ms): Min: 0.0, Avg: 0.0, Max: 0.0, Diff: 0.0, Sum: 0.0]
         [Termination Attempts: Min: 1, Avg: 1.0, Max: 1, Diff: 0, Sum: 8]
      [GC Worker Other (ms): Min: 0.0, Avg: 0.0, Max: 0.1, Diff: 0.0, Sum: 0.2]
      [GC Worker Total (ms): Min: 7.6, Avg: 7.7, Max: 7.7, Diff: 0.1, Sum: 61.4]
      [GC Worker End (ms): Min: 58086266.1, Avg: 58086266.1, Max: 58086266.2, Diff: 0.0]
   [Code Root Fixup: 0.0 ms]
   [Code Root Purge: 0.0 ms]
   [Clear CT: 0.1 ms]
   [Other: 0.7 ms]
      [Choose CSet: 0.0 ms]
      [Ref Proc: 0.3 ms]
      [Ref Enq: 0.0 ms]
      [Redirty Cards: 0.2 ms]
      [Humongous Register: 0.0 ms]
      [Humongous Reclaim: 0.0 ms]
      [Free CSet: 0.1 ms]
   [Eden: 48128.0K(48128.0K)->0.0B(46080.0K) Survivors: 4096.0K->6144.0K Heap: 197.5M(1024.0M)->151.9M(1024.0M)]
 [Times: user=0.02 sys=0.01, real=0.01 secs] 
2020-11-06T22:19:32.388+0800: 58387.802: [GC pause (G1 Evacuation Pause) (young), 0.0083318 secs]
   [Parallel Time: 6.8 ms, GC Workers: 8]
      [GC Worker Start (ms): Min: 58387802.6, Avg: 58387802.7, Max: 58387802.9, Diff: 0.3]
      [Ext Root Scanning (ms): Min: 0.9, Avg: 1.2, Max: 1.6, Diff: 0.7, Sum: 9.4]
      [Update RS (ms): Min: 0.0, Avg: 0.2, Max: 0.4, Diff: 0.4, Sum: 1.8]
         [Processed Buffers: Min: 0, Avg: 5.1, Max: 12, Diff: 12, Sum: 41]
      [Scan RS (ms): Min: 0.0, Avg: 0.0, Max: 0.0, Diff: 0.0, Sum: 0.0]
      [Code Root Scanning (ms): Min: 0.0, Avg: 0.0, Max: 0.0, Diff: 0.0, Sum: 0.0]
      [Object Copy (ms): Min: 4.3, Avg: 4.7, Max: 5.0, Diff: 0.7, Sum: 37.3]
      [Termination (ms): Min: 0.0, Avg: 0.4, Max: 0.8, Diff: 0.8, Sum: 3.4]
         [Termination Attempts: Min: 1, Avg: 1.4, Max: 2, Diff: 1, Sum: 11]
      [GC Worker Other (ms): Min: 0.0, Avg: 0.0, Max: 0.0, Diff: 0.0, Sum: 0.1]
      [GC Worker Total (ms): Min: 6.3, Avg: 6.5, Max: 6.7, Diff: 0.4, Sum: 52.0]
      [GC Worker End (ms): Min: 58387809.1, Avg: 58387809.2, Max: 58387809.3, Diff: 0.2]
   [Code Root Fixup: 0.0 ms]
   [Code Root Purge: 0.0 ms]
   [Clear CT: 0.1 ms]
   [Other: 1.4 ms]
      [Choose CSet: 0.0 ms]
      [Ref Proc: 0.8 ms]
      [Ref Enq: 0.0 ms]
      [Redirty Cards: 0.1 ms]
      [Humongous Register: 0.1 ms]
      [Humongous Reclaim: 0.0 ms]
      [Free CSet: 0.1 ms]
   [Eden: 46080.0K(46080.0K)->0.0B(95232.0K) Survivors: 6144.0K->5120.0K Heap: 196.9M(1024.0M)->151.2M(1024.0M)]
 [Times: user=0.03 sys=0.01, real=0.01 secs] 
2020-11-06T22:29:56.033+0800: 59011.445: [GC pause (G1 Evacuation Pause) (young), 0.0059712 secs]
   [Parallel Time: 4.3 ms, GC Workers: 8]
      [GC Worker Start (ms): Min: 59011444.9, Avg: 59011444.9, Max: 59011444.9, Diff: 0.1]
      [Ext Root Scanning (ms): Min: 0.2, Avg: 0.4, Max: 1.5, Diff: 1.3, Sum: 3.4]
      [Update RS (ms): Min: 0.0, Avg: 0.2, Max: 0.3, Diff: 0.3, Sum: 1.2]
         [Processed Buffers: Min: 0, Avg: 5.4, Max: 11, Diff: 11, Sum: 43]
      [Scan RS (ms): Min: 0.0, Avg: 0.0, Max: 0.0, Diff: 0.0, Sum: 0.1]
      [Code Root Scanning (ms): Min: 0.0, Avg: 0.0, Max: 0.0, Diff: 0.0, Sum: 0.0]
      [Object Copy (ms): Min: 1.8, Avg: 2.9, Max: 3.7, Diff: 1.8, Sum: 23.2]
      [Termination (ms): Min: 0.0, Avg: 0.6, Max: 0.8, Diff: 0.8, Sum: 5.1]
         [Termination Attempts: Min: 1, Avg: 1.0, Max: 1, Diff: 0, Sum: 8]
      [GC Worker Other (ms): Min: 0.0, Avg: 0.0, Max: 0.0, Diff: 0.0, Sum: 0.1]
      [GC Worker Total (ms): Min: 4.1, Avg: 4.1, Max: 4.2, Diff: 0.1, Sum: 33.2]
      [GC Worker End (ms): Min: 59011449.1, Avg: 59011449.1, Max: 59011449.1, Diff: 0.0]
   [Code Root Fixup: 0.0 ms]
   [Code Root Purge: 0.0 ms]
   [Clear CT: 0.1 ms]
   [Other: 1.5 ms]
      [Choose CSet: 0.0 ms]
      [Ref Proc: 1.1 ms]
      [Ref Enq: 0.0 ms]
      [Redirty Cards: 0.1 ms]
      [Humongous Register: 0.1 ms]
      [Humongous Reclaim: 0.0 ms]
      [Free CSet: 0.1 ms]
   [Eden: 95232.0K(95232.0K)->0.0B(553.0M) Survivors: 5120.0K->5120.0K Heap: 244.2M(1024.0M)->151.5M(1024.0M)]
 [Times: user=0.03 sys=0.01, real=0.00 secs] 
2020-11-07T05:41:46.770+0800: 63184.598: [GC pause (G1 Evacuation Pause) (young), 0.0666746 secs]
   [Parallel Time: 58.0 ms, GC Workers: 8]
      [GC Worker Start (ms): Min: 63184600.1, Avg: 63184600.3, Max: 63184600.4, Diff: 0.4]
      [Ext Root Scanning (ms): Min: 1.5, Avg: 2.9, Max: 7.0, Diff: 5.5, Sum: 23.5]
      [Update RS (ms): Min: 0.0, Avg: 2.2, Max: 2.9, Diff: 2.9, Sum: 17.4]
         [Processed Buffers: Min: 0, Avg: 6.2, Max: 18, Diff: 18, Sum: 50]
      [Scan RS (ms): Min: 0.0, Avg: 0.1, Max: 0.1, Diff: 0.1, Sum: 0.4]
      [Code Root Scanning (ms): Min: 0.0, Avg: 0.0, Max: 0.2, Diff: 0.2, Sum: 0.3]
      [Object Copy (ms): Min: 11.0, Avg: 22.0, Max: 41.0, Diff: 30.0, Sum: 175.7]
      [Termination (ms): Min: 11.7, Avg: 30.2, Max: 40.4, Diff: 28.7, Sum: 241.7]
         [Termination Attempts: Min: 12, Avg: 44.2, Max: 79, Diff: 67, Sum: 354]
      [GC Worker Other (ms): Min: 0.0, Avg: 0.3, Max: 1.2, Diff: 1.1, Sum: 2.5]
      [GC Worker Total (ms): Min: 57.5, Avg: 57.7, Max: 57.9, Diff: 0.3, Sum: 461.5]
      [GC Worker End (ms): Min: 63184658.0, Avg: 63184658.0, Max: 63184658.0, Diff: 0.0]
   [Code Root Fixup: 0.0 ms]
   [Code Root Purge: 0.0 ms]
   [Clear CT: 0.6 ms]
   [Other: 8.0 ms]
      [Choose CSet: 0.0 ms]
      [Ref Proc: 3.7 ms]
      [Ref Enq: 0.0 ms]
      [Redirty Cards: 0.2 ms]
      [Humongous Register: 0.7 ms]
      [Humongous Reclaim: 0.0 ms]
      [Free CSet: 0.7 ms]
   [Eden: 553.0M(553.0M)->0.0B(109.0M) Survivors: 5120.0K->7168.0K Heap: 704.5M(1024.0M)->152.9M(1024.0M)]
 [Times: user=0.22 sys=0.08, real=0.06 secs] 
2020-11-07T05:52:49.917+0800: 63847.743: [GC pause (G1 Evacuation Pause) (young), 0.0100206 secs]
   [Parallel Time: 8.5 ms, GC Workers: 8]
      [GC Worker Start (ms): Min: 63847742.8, Avg: 63847742.8, Max: 63847742.9, Diff: 0.1]
      [Ext Root Scanning (ms): Min: 0.1, Avg: 0.3, Max: 0.7, Diff: 0.6, Sum: 2.5]
      [Update RS (ms): Min: 0.0, Avg: 0.2, Max: 0.4, Diff: 0.4, Sum: 1.8]
         [Processed Buffers: Min: 0, Avg: 6.0, Max: 12, Diff: 12, Sum: 48]
      [Scan RS (ms): Min: 0.0, Avg: 0.0, Max: 0.0, Diff: 0.0, Sum: 0.1]
      [Code Root Scanning (ms): Min: 0.0, Avg: 0.0, Max: 0.1, Diff: 0.1, Sum: 0.2]
      [Object Copy (ms): Min: 5.9, Avg: 7.0, Max: 7.8, Diff: 1.9, Sum: 56.3]
      [Termination (ms): Min: 0.0, Avg: 0.7, Max: 1.8, Diff: 1.8, Sum: 5.6]
         [Termination Attempts: Min: 1, Avg: 1.0, Max: 1, Diff: 0, Sum: 8]
      [GC Worker Other (ms): Min: 0.0, Avg: 0.0, Max: 0.0, Diff: 0.0, Sum: 0.1]
      [GC Worker Total (ms): Min: 8.2, Avg: 8.3, Max: 8.4, Diff: 0.2, Sum: 66.5]
      [GC Worker End (ms): Min: 63847751.1, Avg: 63847751.1, Max: 63847751.2, Diff: 0.2]
   [Code Root Fixup: 0.0 ms]
   [Code Root Purge: 0.0 ms]
   [Clear CT: 0.1 ms]
   [Other: 1.4 ms]
      [Choose CSet: 0.0 ms]
      [Ref Proc: 0.9 ms]
      [Ref Enq: 0.0 ms]
      [Redirty Cards: 0.2 ms]
      [Humongous Register: 0.0 ms]
      [Humongous Reclaim: 0.0 ms]
      [Free CSet: 0.1 ms]
   [Eden: 109.0M(109.0M)->0.0B(189.0M) Survivors: 7168.0K->7168.0K Heap: 261.9M(1024.0M)->153.0M(1024.0M)]
 [Times: user=0.02 sys=0.01, real=0.01 secs] 
2020-11-07T06:04:15.568+0800: 64533.392: [GC pause (G1 Evacuation Pause) (young), 0.0135012 secs]
   [Parallel Time: 11.7 ms, GC Workers: 8]
      [GC Worker Start (ms): Min: 64533392.2, Avg: 64533392.8, Max: 64533393.7, Diff: 1.4]
      [Ext Root Scanning (ms): Min: 0.0, Avg: 0.3, Max: 1.6, Diff: 1.6, Sum: 2.8]
      [Update RS (ms): Min: 0.0, Avg: 0.3, Max: 0.6, Diff: 0.6, Sum: 2.1]
         [Processed Buffers: Min: 0, Avg: 5.6, Max: 28, Diff: 28, Sum: 45]
      [Scan RS (ms): Min: 0.0, Avg: 0.0, Max: 0.0, Diff: 0.0, Sum: 0.1]
      [Code Root Scanning (ms): Min: 0.0, Avg: 0.0, Max: 0.1, Diff: 0.1, Sum: 0.2]
      [Object Copy (ms): Min: 9.1, Avg: 9.7, Max: 10.4, Diff: 1.3, Sum: 77.4]
      [Termination (ms): Min: 0.0, Avg: 0.6, Max: 1.1, Diff: 1.1, Sum: 4.6]
         [Termination Attempts: Min: 1, Avg: 1.4, Max: 2, Diff: 1, Sum: 11]
      [GC Worker Other (ms): Min: 0.0, Avg: 0.0, Max: 0.0, Diff: 0.0, Sum: 0.1]
      [GC Worker Total (ms): Min: 10.0, Avg: 10.9, Max: 11.4, Diff: 1.4, Sum: 87.3]
      [GC Worker End (ms): Min: 64533403.7, Avg: 64533403.7, Max: 64533403.9, Diff: 0.2]
   [Code Root Fixup: 0.0 ms]
   [Code Root Purge: 0.0 ms]
   [Clear CT: 0.2 ms]
   [Other: 1.6 ms]
      [Choose CSet: 0.0 ms]
      [Ref Proc: 1.2 ms]
      [Ref Enq: 0.0 ms]
      [Redirty Cards: 0.1 ms]
      [Humongous Register: 0.0 ms]
      [Humongous Reclaim: 0.0 ms]
      [Free CSet: 0.1 ms]
   [Eden: 189.0M(189.0M)->0.0B(285.0M) Survivors: 7168.0K->7168.0K Heap: 342.0M(1024.0M)->153.3M(1024.0M)]
 [Times: user=0.03 sys=0.02, real=0.02 secs] 
2020-11-07T06:21:43.526+0800: 65581.342: [GC pause (G1 Evacuation Pause) (young), 0.0163919 secs]
   [Parallel Time: 14.5 ms, GC Workers: 8]
      [GC Worker Start (ms): Min: 65581341.9, Avg: 65581342.0, Max: 65581342.0, Diff: 0.1]
      [Ext Root Scanning (ms): Min: 0.3, Avg: 1.1, Max: 6.9, Diff: 6.6, Sum: 8.9]
      [Update RS (ms): Min: 0.0, Avg: 0.3, Max: 0.6, Diff: 0.6, Sum: 2.4]
         [Processed Buffers: Min: 0, Avg: 5.8, Max: 26, Diff: 26, Sum: 46]
      [Scan RS (ms): Min: 0.0, Avg: 0.0, Max: 0.1, Diff: 0.1, Sum: 0.3]
      [Code Root Scanning (ms): Min: 0.0, Avg: 0.0, Max: 0.1, Diff: 0.1, Sum: 0.2]
      [Object Copy (ms): Min: 6.8, Avg: 12.3, Max: 13.4, Diff: 6.6, Sum: 98.6]
      [Termination (ms): Min: 0.0, Avg: 0.5, Max: 0.7, Diff: 0.6, Sum: 3.9]
         [Termination Attempts: Min: 1, Avg: 2.0, Max: 3, Diff: 2, Sum: 16]
      [GC Worker Other (ms): Min: 0.0, Avg: 0.0, Max: 0.0, Diff: 0.0, Sum: 0.1]
      [GC Worker Total (ms): Min: 14.2, Avg: 14.3, Max: 14.4, Diff: 0.2, Sum: 114.5]
      [GC Worker End (ms): Min: 65581356.2, Avg: 65581356.3, Max: 65581356.4, Diff: 0.2]
   [Code Root Fixup: 0.0 ms]
   [Code Root Purge: 0.0 ms]
   [Clear CT: 0.1 ms]
   [Other: 1.7 ms]
      [Choose CSet: 0.0 ms]
      [Ref Proc: 1.2 ms]
      [Ref Enq: 0.0 ms]
      [Redirty Cards: 0.1 ms]
      [Humongous Register: 0.1 ms]
      [Humongous Reclaim: 0.0 ms]
      [Free CSet: 0.1 ms]
   [Eden: 285.0M(285.0M)->0.0B(314.0M) Survivors: 7168.0K->5120.0K Heap: 438.3M(1024.0M)->150.8M(1024.0M)]
 [Times: user=0.04 sys=0.02, real=0.02 secs] 
2020-11-07T06:53:13.533+0800: 67471.340: [GC pause (G1 Evacuation Pause) (young), 0.0550070 secs]
   [Parallel Time: 35.3 ms, GC Workers: 8]
      [GC Worker Start (ms): Min: 67471345.9, Avg: 67471346.4, Max: 67471347.4, Diff: 1.5]
      [Ext Root Scanning (ms): Min: 1.7, Avg: 4.2, Max: 10.9, Diff: 9.3, Sum: 33.9]
      [Update RS (ms): Min: 0.0, Avg: 2.8, Max: 5.2, Diff: 5.2, Sum: 22.0]
         [Processed Buffers: Min: 0, Avg: 5.4, Max: 13, Diff: 13, Sum: 43]
      [Scan RS (ms): Min: 0.0, Avg: 0.1, Max: 0.2, Diff: 0.2, Sum: 0.5]
      [Code Root Scanning (ms): Min: 0.0, Avg: 0.0, Max: 0.3, Diff: 0.3, Sum: 0.3]
      [Object Copy (ms): Min: 22.7, Avg: 26.4, Max: 29.1, Diff: 6.4, Sum: 211.3]
      [Termination (ms): Min: 0.0, Avg: 0.8, Max: 1.3, Diff: 1.3, Sum: 6.2]
         [Termination Attempts: Min: 1, Avg: 1.1, Max: 2, Diff: 1, Sum: 9]
      [GC Worker Other (ms): Min: 0.0, Avg: 0.2, Max: 0.6, Diff: 0.6, Sum: 1.8]
      [GC Worker Total (ms): Min: 33.4, Avg: 34.5, Max: 35.0, Diff: 1.5, Sum: 276.0]
      [GC Worker End (ms): Min: 67471380.9, Avg: 67471380.9, Max: 67471381.0, Diff: 0.1]
   [Code Root Fixup: 0.0 ms]
   [Code Root Purge: 0.0 ms]
   [Clear CT: 5.6 ms]
   [Other: 14.1 ms]
      [Choose CSet: 0.0 ms]
      [Ref Proc: 6.1 ms]
      [Ref Enq: 0.0 ms]
      [Redirty Cards: 0.6 ms]
      [Humongous Register: 4.3 ms]
      [Humongous Reclaim: 0.0 ms]
      [Free CSet: 1.0 ms]
   [Eden: 314.0M(314.0M)->0.0B(47104.0K) Survivors: 5120.0K->5120.0K Heap: 464.8M(1024.0M)->151.2M(1024.0M)]
 [Times: user=0.03 sys=0.06, real=0.05 secs] 
2020-11-07T06:57:10.648+0800: 67708.453: [GC pause (G1 Evacuation Pause) (young), 0.0104351 secs]
   [Parallel Time: 9.5 ms, GC Workers: 8]
      [GC Worker Start (ms): Min: 67708453.2, Avg: 67708453.4, Max: 67708453.6, Diff: 0.4]
      [Ext Root Scanning (ms): Min: 0.4, Avg: 0.9, Max: 1.5, Diff: 1.2, Sum: 7.2]
      [Update RS (ms): Min: 0.0, Avg: 0.5, Max: 1.1, Diff: 1.1, Sum: 3.8]
         [Processed Buffers: Min: 0, Avg: 5.1, Max: 15, Diff: 15, Sum: 41]
      [Scan RS (ms): Min: 0.0, Avg: 0.0, Max: 0.0, Diff: 0.0, Sum: 0.0]
      [Code Root Scanning (ms): Min: 0.0, Avg: 0.0, Max: 0.2, Diff: 0.2, Sum: 0.2]
      [Object Copy (ms): Min: 7.5, Avg: 7.8, Max: 8.3, Diff: 0.8, Sum: 62.4]
      [Termination (ms): Min: 0.0, Avg: 0.0, Max: 0.0, Diff: 0.0, Sum: 0.2]
         [Termination Attempts: Min: 1, Avg: 1.0, Max: 1, Diff: 0, Sum: 8]
      [GC Worker Other (ms): Min: 0.0, Avg: 0.0, Max: 0.0, Diff: 0.0, Sum: 0.1]
      [GC Worker Total (ms): Min: 9.0, Avg: 9.2, Max: 9.4, Diff: 0.4, Sum: 74.0]
      [GC Worker End (ms): Min: 67708462.6, Avg: 67708462.6, Max: 67708462.6, Diff: 0.0]
   [Code Root Fixup: 0.0 ms]
   [Code Root Purge: 0.0 ms]
   [Clear CT: 0.2 ms]
   [Other: 0.7 ms]
      [Choose CSet: 0.0 ms]
      [Ref Proc: 0.3 ms]
      [Ref Enq: 0.0 ms]
      [Redirty Cards: 0.1 ms]
      [Humongous Register: 0.1 ms]
      [Humongous Reclaim: 0.0 ms]
      [Free CSet: 0.1 ms]
   [Eden: 47104.0K(47104.0K)->0.0B(47104.0K) Survivors: 5120.0K->5120.0K Heap: 197.2M(1024.0M)->150.8M(1024.0M)]
 [Times: user=0.02 sys=0.02, real=0.01 secs] 
2020-11-07T06:59:52.543+0800: 67870.348: [GC pause (G1 Evacuation Pause) (young), 0.0133097 secs]
   [Parallel Time: 10.8 ms, GC Workers: 8]
      [GC Worker Start (ms): Min: 67870348.4, Avg: 67870348.7, Max: 67870349.6, Diff: 1.2]
      [Ext Root Scanning (ms): Min: 0.0, Avg: 1.2, Max: 6.2, Diff: 6.2, Sum: 9.6]
      [Update RS (ms): Min: 0.0, Avg: 1.6, Max: 5.6, Diff: 5.6, Sum: 13.0]
         [Processed Buffers: Min: 0, Avg: 5.5, Max: 17, Diff: 17, Sum: 44]
      [Scan RS (ms): Min: 0.0, Avg: 0.0, Max: 0.0, Diff: 0.0, Sum: 0.1]
      [Code Root Scanning (ms): Min: 0.0, Avg: 0.0, Max: 0.3, Diff: 0.3, Sum: 0.3]
      [Object Copy (ms): Min: 4.0, Avg: 7.2, Max: 9.2, Diff: 5.2, Sum: 57.4]
      [Termination (ms): Min: 0.0, Avg: 0.3, Max: 0.5, Diff: 0.5, Sum: 2.6]
         [Termination Attempts: Min: 1, Avg: 2.4, Max: 4, Diff: 3, Sum: 19]
      [GC Worker Other (ms): Min: 0.0, Avg: 0.0, Max: 0.0, Diff: 0.0, Sum: 0.1]
      [GC Worker Total (ms): Min: 9.4, Avg: 10.4, Max: 10.7, Diff: 1.3, Sum: 83.0]
      [GC Worker End (ms): Min: 67870358.9, Avg: 67870359.1, Max: 67870359.2, Diff: 0.2]
   [Code Root Fixup: 0.0 ms]
   [Code Root Purge: 0.0 ms]
   [Clear CT: 0.2 ms]
   [Other: 2.3 ms]
      [Choose CSet: 0.0 ms]
      [Ref Proc: 1.1 ms]
      [Ref Enq: 0.0 ms]
      [Redirty Cards: 0.1 ms]
      [Humongous Register: 0.5 ms]
      [Humongous Reclaim: 0.0 ms]
      [Free CSet: 0.1 ms]
   [Eden: 47104.0K(47104.0K)->0.0B(47104.0K) Survivors: 5120.0K->5120.0K Heap: 196.8M(1024.0M)->151.2M(1024.0M)]
 [Times: user=0.04 sys=0.02, real=0.02 secs] 
2020-11-07T07:02:37.561+0800: 68035.365: [GC pause (G1 Evacuation Pause) (young), 0.0050939 secs]
   [Parallel Time: 4.4 ms, GC Workers: 8]
      [GC Worker Start (ms): Min: 68035365.1, Avg: 68035365.2, Max: 68035365.3, Diff: 0.2]
      [Ext Root Scanning (ms): Min: 0.2, Avg: 0.4, Max: 0.8, Diff: 0.6, Sum: 3.4]
      [Update RS (ms): Min: 0.0, Avg: 0.3, Max: 0.7, Diff: 0.7, Sum: 2.6]
         [Processed Buffers: Min: 0, Avg: 4.8, Max: 17, Diff: 17, Sum: 38]
      [Scan RS (ms): Min: 0.0, Avg: 0.0, Max: 0.0, Diff: 0.0, Sum: 0.1]
      [Code Root Scanning (ms): Min: 0.0, Avg: 0.0, Max: 0.2, Diff: 0.2, Sum: 0.3]
      [Object Copy (ms): Min: 3.0, Avg: 3.2, Max: 3.5, Diff: 0.5, Sum: 25.7]
      [Termination (ms): Min: 0.0, Avg: 0.2, Max: 0.3, Diff: 0.3, Sum: 1.8]
         [Termination Attempts: Min: 1, Avg: 1.9, Max: 3, Diff: 2, Sum: 15]
      [GC Worker Other (ms): Min: 0.0, Avg: 0.0, Max: 0.0, Diff: 0.0, Sum: 0.1]
      [GC Worker Total (ms): Min: 4.2, Avg: 4.2, Max: 4.3, Diff: 0.1, Sum: 33.9]
      [GC Worker End (ms): Min: 68035369.4, Avg: 68035369.4, Max: 68035369.5, Diff: 0.1]
   [Code Root Fixup: 0.0 ms]
   [Code Root Purge: 0.0 ms]
   [Clear CT: 0.1 ms]
   [Other: 0.6 ms]
      [Choose CSet: 0.0 ms]
      [Ref Proc: 0.2 ms]
      [Ref Enq: 0.0 ms]
      [Redirty Cards: 0.1 ms]
      [Humongous Register: 0.0 ms]
      [Humongous Reclaim: 0.0 ms]
      [Free CSet: 0.0 ms]
   [Eden: 47104.0K(47104.0K)->0.0B(140.0M) Survivors: 5120.0K->7168.0K Heap: 197.2M(1024.0M)->153.6M(1024.0M)]
 [Times: user=0.02 sys=0.00, real=0.00 secs] 
2020-11-07T07:15:41.366+0800: 68819.166: [GC pause (G1 Evacuation Pause) (young), 0.0103070 secs]
   [Parallel Time: 9.4 ms, GC Workers: 8]
      [GC Worker Start (ms): Min: 68819166.2, Avg: 68819166.3, Max: 68819166.4, Diff: 0.1]
      [Ext Root Scanning (ms): Min: 0.5, Avg: 1.2, Max: 2.1, Diff: 1.6, Sum: 9.4]
      [Update RS (ms): Min: 0.0, Avg: 0.4, Max: 1.5, Diff: 1.5, Sum: 2.9]
         [Processed Buffers: Min: 0, Avg: 5.5, Max: 17, Diff: 17, Sum: 44]
      [Scan RS (ms): Min: 0.0, Avg: 0.0, Max: 0.0, Diff: 0.0, Sum: 0.2]
      [Code Root Scanning (ms): Min: 0.0, Avg: 0.0, Max: 0.1, Diff: 0.1, Sum: 0.3]
      [Object Copy (ms): Min: 6.2, Avg: 7.3, Max: 7.9, Diff: 1.7, Sum: 58.5]
      [Termination (ms): Min: 0.0, Avg: 0.3, Max: 0.4, Diff: 0.4, Sum: 2.1]
         [Termination Attempts: Min: 1, Avg: 1.4, Max: 2, Diff: 1, Sum: 11]
      [GC Worker Other (ms): Min: 0.0, Avg: 0.1, Max: 0.7, Diff: 0.7, Sum: 0.8]
      [GC Worker Total (ms): Min: 9.2, Avg: 9.3, Max: 9.4, Diff: 0.2, Sum: 74.1]
      [GC Worker End (ms): Min: 68819175.5, Avg: 68819175.6, Max: 68819175.6, Diff: 0.2]
   [Code Root Fixup: 0.0 ms]
   [Code Root Purge: 0.0 ms]
   [Clear CT: 0.1 ms]
   [Other: 0.7 ms]
      [Choose CSet: 0.0 ms]
      [Ref Proc: 0.3 ms]
      [Ref Enq: 0.0 ms]
      [Redirty Cards: 0.1 ms]
      [Humongous Register: 0.0 ms]
      [Humongous Reclaim: 0.0 ms]
      [Free CSet: 0.2 ms]
   [Eden: 140.0M(140.0M)->0.0B(258.0M) Survivors: 7168.0K->5120.0K Heap: 293.6M(1024.0M)->151.0M(1024.0M)]
 [Times: user=0.03 sys=0.02, real=0.01 secs] 
2020-11-07T07:36:06.684+0800: 70044.477: [GC pause (G1 Evacuation Pause) (young), 0.0429145 secs]
   [Parallel Time: 31.7 ms, GC Workers: 8]
      [GC Worker Start (ms): Min: 70044485.8, Avg: 70044486.0, Max: 70044486.2, Diff: 0.4]
      [Ext Root Scanning (ms): Min: 3.0, Avg: 4.3, Max: 9.6, Diff: 6.6, Sum: 34.0]
      [Update RS (ms): Min: 0.0, Avg: 2.4, Max: 4.1, Diff: 4.1, Sum: 19.1]
         [Processed Buffers: Min: 0, Avg: 5.4, Max: 18, Diff: 18, Sum: 43]
      [Scan RS (ms): Min: 0.0, Avg: 0.0, Max: 0.1, Diff: 0.1, Sum: 0.2]
      [Code Root Scanning (ms): Min: 0.0, Avg: 0.1, Max: 0.3, Diff: 0.3, Sum: 0.7]
      [Object Copy (ms): Min: 21.0, Avg: 24.0, Max: 25.7, Diff: 4.7, Sum: 192.0]
      [Termination (ms): Min: 0.1, Avg: 0.4, Max: 0.8, Diff: 0.6, Sum: 3.3]
         [Termination Attempts: Min: 2, Avg: 2.5, Max: 3, Diff: 1, Sum: 20]
      [GC Worker Other (ms): Min: 0.0, Avg: 0.1, Max: 0.1, Diff: 0.1, Sum: 0.6]
      [GC Worker Total (ms): Min: 31.1, Avg: 31.2, Max: 31.5, Diff: 0.4, Sum: 249.9]
      [GC Worker End (ms): Min: 70044517.2, Avg: 70044517.2, Max: 70044517.3, Diff: 0.1]
   [Code Root Fixup: 0.0 ms]
   [Code Root Purge: 0.0 ms]
   [Clear CT: 0.2 ms]
   [Other: 11.0 ms]
      [Choose CSet: 0.0 ms]
      [Ref Proc: 0.5 ms]
      [Ref Enq: 0.0 ms]
      [Redirty Cards: 0.1 ms]
      [Humongous Register: 5.9 ms]
      [Humongous Reclaim: 0.0 ms]
      [Free CSet: 1.1 ms]
   [Eden: 258.0M(258.0M)->0.0B(46080.0K) Survivors: 5120.0K->6144.0K Heap: 409.0M(1024.0M)->152.0M(1024.0M)]
 [Times: user=0.03 sys=0.07, real=0.04 secs] 
2020-11-07T07:38:47.546+0800: 70205.338: [GC pause (G1 Evacuation Pause) (young), 0.0142327 secs]
   [Parallel Time: 13.1 ms, GC Workers: 8]
      [GC Worker Start (ms): Min: 70205338.6, Avg: 70205338.7, Max: 70205338.7, Diff: 0.1]
      [Ext Root Scanning (ms): Min: 0.3, Avg: 0.7, Max: 1.6, Diff: 1.3, Sum: 5.3]
      [Update RS (ms): Min: 0.0, Avg: 0.5, Max: 0.9, Diff: 0.9, Sum: 3.7]
         [Processed Buffers: Min: 0, Avg: 5.2, Max: 15, Diff: 15, Sum: 42]
      [Scan RS (ms): Min: 0.0, Avg: 0.0, Max: 0.0, Diff: 0.0, Sum: 0.0]
      [Code Root Scanning (ms): Min: 0.0, Avg: 0.0, Max: 0.1, Diff: 0.1, Sum: 0.2]
      [Object Copy (ms): Min: 6.8, Avg: 7.2, Max: 7.8, Diff: 1.0, Sum: 57.9]
      [Termination (ms): Min: 0.0, Avg: 1.3, Max: 4.8, Diff: 4.8, Sum: 10.5]
         [Termination Attempts: Min: 1, Avg: 1.0, Max: 1, Diff: 0, Sum: 8]
      [GC Worker Other (ms): Min: 0.0, Avg: 0.0, Max: 0.0, Diff: 0.0, Sum: 0.1]
      [GC Worker Total (ms): Min: 8.9, Avg: 9.7, Max: 13.0, Diff: 4.1, Sum: 77.9]
      [GC Worker End (ms): Min: 70205347.6, Avg: 70205348.4, Max: 70205351.7, Diff: 4.1]
   [Code Root Fixup: 0.0 ms]
   [Code Root Purge: 0.0 ms]
   [Clear CT: 0.2 ms]
   [Other: 0.9 ms]
      [Choose CSet: 0.0 ms]
      [Ref Proc: 0.4 ms]
      [Ref Enq: 0.0 ms]
      [Redirty Cards: 0.1 ms]
      [Humongous Register: 0.1 ms]
      [Humongous Reclaim: 0.0 ms]
      [Free CSet: 0.1 ms]
   [Eden: 46080.0K(46080.0K)->0.0B(61440.0K) Survivors: 6144.0K->5120.0K Heap: 197.0M(1024.0M)->151.5M(1024.0M)]
 [Times: user=0.03 sys=0.02, real=0.02 secs] 
2020-11-07T07:42:50.546+0800: 70448.337: [GC pause (G1 Evacuation Pause) (young), 0.0144942 secs]
   [Parallel Time: 12.0 ms, GC Workers: 8]
      [GC Worker Start (ms): Min: 70448337.4, Avg: 70448337.5, Max: 70448337.7, Diff: 0.2]
      [Ext Root Scanning (ms): Min: 0.4, Avg: 1.3, Max: 6.1, Diff: 5.6, Sum: 10.3]
      [Update RS (ms): Min: 0.0, Avg: 0.5, Max: 0.9, Diff: 0.9, Sum: 3.7]
         [Processed Buffers: Min: 0, Avg: 5.0, Max: 12, Diff: 12, Sum: 40]
      [Scan RS (ms): Min: 0.0, Avg: 0.0, Max: 0.0, Diff: 0.0, Sum: 0.1]
      [Code Root Scanning (ms): Min: 0.0, Avg: 0.0, Max: 0.2, Diff: 0.2, Sum: 0.2]
      [Object Copy (ms): Min: 5.0, Avg: 8.4, Max: 9.8, Diff: 4.8, Sum: 67.5]
      [Termination (ms): Min: 0.0, Avg: 1.2, Max: 2.0, Diff: 2.0, Sum: 9.5]
         [Termination Attempts: Min: 1, Avg: 1.2, Max: 2, Diff: 1, Sum: 10]
      [GC Worker Other (ms): Min: 0.0, Avg: 0.0, Max: 0.0, Diff: 0.0, Sum: 0.1]
      [GC Worker Total (ms): Min: 11.1, Avg: 11.4, Max: 12.0, Diff: 0.9, Sum: 91.3]
      [GC Worker End (ms): Min: 70448348.6, Avg: 70448348.9, Max: 70448349.4, Diff: 0.8]
   [Code Root Fixup: 0.0 ms]
   [Code Root Purge: 0.0 ms]
   [Clear CT: 0.2 ms]
   [Other: 2.3 ms]
      [Choose CSet: 0.0 ms]
      [Ref Proc: 1.4 ms]
      [Ref Enq: 0.0 ms]
      [Redirty Cards: 0.1 ms]
      [Humongous Register: 0.2 ms]
      [Humongous Reclaim: 0.0 ms]
      [Free CSet: 0.1 ms]
   [Eden: 61440.0K(61440.0K)->0.0B(131.0M) Survivors: 5120.0K->5120.0K Heap: 211.5M(1024.0M)->151.0M(1024.0M)]
 [Times: user=0.04 sys=0.03, real=0.02 secs] 
2020-11-07T07:50:33.994+0800: 70911.783: [GC pause (G1 Evacuation Pause) (young), 0.0388962 secs]
   [Parallel Time: 15.8 ms, GC Workers: 8]
      [GC Worker Start (ms): Min: 70911788.8, Avg: 70911789.0, Max: 70911789.2, Diff: 0.3]
      [Ext Root Scanning (ms): Min: 2.4, Avg: 3.6, Max: 7.5, Diff: 5.0, Sum: 28.6]
      [Update RS (ms): Min: 0.0, Avg: 1.9, Max: 2.6, Diff: 2.6, Sum: 15.0]
         [Processed Buffers: Min: 0, Avg: 5.2, Max: 17, Diff: 17, Sum: 42]
      [Scan RS (ms): Min: 0.0, Avg: 0.0, Max: 0.0, Diff: 0.0, Sum: 0.1]
      [Code Root Scanning (ms): Min: 0.0, Avg: 0.1, Max: 0.4, Diff: 0.4, Sum: 0.8]
      [Object Copy (ms): Min: 6.6, Avg: 8.2, Max: 9.4, Diff: 2.7, Sum: 65.4]
      [Termination (ms): Min: 0.0, Avg: 0.4, Max: 0.5, Diff: 0.5, Sum: 3.1]
         [Termination Attempts: Min: 1, Avg: 1.9, Max: 3, Diff: 2, Sum: 15]
      [GC Worker Other (ms): Min: 0.8, Avg: 1.2, Max: 1.8, Diff: 1.0, Sum: 9.8]
      [GC Worker Total (ms): Min: 15.2, Avg: 15.4, Max: 15.6, Diff: 0.4, Sum: 123.0]
      [GC Worker End (ms): Min: 70911804.4, Avg: 70911804.4, Max: 70911804.4, Diff: 0.1]
   [Code Root Fixup: 0.0 ms]
   [Code Root Purge: 0.0 ms]
   [Clear CT: 0.1 ms]
   [Other: 23.0 ms]
      [Choose CSet: 0.0 ms]
      [Ref Proc: 16.4 ms]
      [Ref Enq: 0.0 ms]
      [Redirty Cards: 0.1 ms]
      [Humongous Register: 5.5 ms]
      [Humongous Reclaim: 0.0 ms]
      [Free CSet: 0.4 ms]
   [Eden: 130.0M(130.0M)->0.0B(45056.0K) Survivors: 5120.0K->7168.0K Heap: 281.0M(1024.0M)->153.4M(1024.0M)]
 [Times: user=0.11 sys=0.06, real=0.04 secs] 
2020-11-07T07:53:10.918+0800: 71068.706: [GC pause (G1 Evacuation Pause) (young), 0.0108575 secs]
   [Parallel Time: 4.1 ms, GC Workers: 8]
      [GC Worker Start (ms): Min: 71068706.2, Avg: 71068706.2, Max: 71068706.3, Diff: 0.1]
      [Ext Root Scanning (ms): Min: 1.0, Avg: 1.1, Max: 1.5, Diff: 0.5, Sum: 8.5]
      [Update RS (ms): Min: 0.0, Avg: 0.3, Max: 0.6, Diff: 0.6, Sum: 2.8]
         [Processed Buffers: Min: 0, Avg: 4.9, Max: 15, Diff: 15, Sum: 39]
      [Scan RS (ms): Min: 0.0, Avg: 0.0, Max: 0.0, Diff: 0.0, Sum: 0.0]
      [Code Root Scanning (ms): Min: 0.0, Avg: 0.0, Max: 0.1, Diff: 0.1, Sum: 0.2]
      [Object Copy (ms): Min: 2.4, Avg: 2.6, Max: 2.7, Diff: 0.3, Sum: 20.8]
      [Termination (ms): Min: 0.0, Avg: 0.0, Max: 0.0, Diff: 0.0, Sum: 0.0]
         [Termination Attempts: Min: 1, Avg: 1.5, Max: 2, Diff: 1, Sum: 12]
      [GC Worker Other (ms): Min: 0.0, Avg: 0.0, Max: 0.0, Diff: 0.0, Sum: 0.1]
      [GC Worker Total (ms): Min: 4.0, Avg: 4.1, Max: 4.1, Diff: 0.1, Sum: 32.5]
      [GC Worker End (ms): Min: 71068710.3, Avg: 71068710.3, Max: 71068710.3, Diff: 0.0]
   [Code Root Fixup: 0.0 ms]
   [Code Root Purge: 0.0 ms]
   [Clear CT: 0.1 ms]
   [Other: 6.6 ms]
      [Choose CSet: 0.0 ms]
      [Ref Proc: 6.1 ms]
      [Ref Enq: 0.0 ms]
      [Redirty Cards: 0.1 ms]
      [Humongous Register: 0.0 ms]
      [Humongous Reclaim: 0.0 ms]
      [Free CSet: 0.1 ms]
   [Eden: 45056.0K(45056.0K)->0.0B(48128.0K) Survivors: 7168.0K->4096.0K Heap: 197.4M(1024.0M)->150.6M(1024.0M)]
 [Times: user=0.03 sys=0.00, real=0.02 secs] 
2020-11-07T07:55:58.286+0800: 71236.072: [GC pause (G1 Evacuation Pause) (young), 0.0079056 secs]
   [Parallel Time: 6.9 ms, GC Workers: 8]
      [GC Worker Start (ms): Min: 71236072.7, Avg: 71236072.8, Max: 71236072.9, Diff: 0.2]
      [Ext Root Scanning (ms): Min: 0.4, Avg: 1.2, Max: 4.7, Diff: 4.3, Sum: 9.8]
      [Update RS (ms): Min: 0.0, Avg: 0.4, Max: 0.7, Diff: 0.7, Sum: 3.4]
         [Processed Buffers: Min: 0, Avg: 5.2, Max: 20, Diff: 20, Sum: 42]
      [Scan RS (ms): Min: 0.0, Avg: 0.0, Max: 0.0, Diff: 0.0, Sum: 0.1]
      [Code Root Scanning (ms): Min: 0.0, Avg: 0.0, Max: 0.2, Diff: 0.2, Sum: 0.3]
      [Object Copy (ms): Min: 2.0, Avg: 5.1, Max: 5.8, Diff: 3.7, Sum: 40.6]
      [Termination (ms): Min: 0.0, Avg: 0.0, Max: 0.0, Diff: 0.0, Sum: 0.1]
         [Termination Attempts: Min: 1, Avg: 1.0, Max: 1, Diff: 0, Sum: 8]
      [GC Worker Other (ms): Min: 0.0, Avg: 0.0, Max: 0.0, Diff: 0.0, Sum: 0.1]
      [GC Worker Total (ms): Min: 6.7, Avg: 6.8, Max: 6.9, Diff: 0.2, Sum: 54.4]
      [GC Worker End (ms): Min: 71236079.6, Avg: 71236079.6, Max: 71236079.6, Diff: 0.0]
   [Code Root Fixup: 0.0 ms]
   [Code Root Purge: 0.0 ms]
   [Clear CT: 0.1 ms]
   [Other: 0.9 ms]
      [Choose CSet: 0.0 ms]
      [Ref Proc: 0.2 ms]
      [Ref Enq: 0.0 ms]
      [Redirty Cards: 0.2 ms]
      [Humongous Register: 0.1 ms]
      [Humongous Reclaim: 0.0 ms]
      [Free CSet: 0.1 ms]
   [Eden: 48128.0K(48128.0K)->0.0B(119.0M) Survivors: 4096.0K->5120.0K Heap: 197.6M(1024.0M)->151.4M(1024.0M)]
 [Times: user=0.03 sys=0.02, real=0.01 secs] 
2020-11-07T08:03:02.117+0800: 71659.902: [GC pause (G1 Evacuation Pause) (young), 0.0182291 secs]
   [Parallel Time: 13.8 ms, GC Workers: 8]
      [GC Worker Start (ms): Min: 71659904.8, Avg: 71659905.1, Max: 71659905.4, Diff: 0.6]
      [Ext Root Scanning (ms): Min: 1.6, Avg: 2.9, Max: 6.2, Diff: 4.6, Sum: 22.9]
      [Update RS (ms): Min: 0.0, Avg: 2.6, Max: 3.5, Diff: 3.5, Sum: 20.9]
         [Processed Buffers: Min: 0, Avg: 5.2, Max: 23, Diff: 23, Sum: 42]
      [Scan RS (ms): Min: 0.0, Avg: 0.0, Max: 0.0, Diff: 0.0, Sum: 0.1]
      [Code Root Scanning (ms): Min: 0.0, Avg: 0.3, Max: 1.4, Diff: 1.4, Sum: 2.1]
      [Object Copy (ms): Min: 6.6, Avg: 7.4, Max: 7.8, Diff: 1.3, Sum: 59.4]
      [Termination (ms): Min: 0.0, Avg: 0.0, Max: 0.1, Diff: 0.1, Sum: 0.3]
         [Termination Attempts: Min: 1, Avg: 1.1, Max: 2, Diff: 1, Sum: 9]
      [GC Worker Other (ms): Min: 0.0, Avg: 0.1, Max: 0.7, Diff: 0.7, Sum: 1.2]
      [GC Worker Total (ms): Min: 13.1, Avg: 13.4, Max: 13.7, Diff: 0.6, Sum: 106.8]
      [GC Worker End (ms): Min: 71659918.4, Avg: 71659918.5, Max: 71659918.5, Diff: 0.0]
   [Code Root Fixup: 0.0 ms]
   [Code Root Purge: 0.0 ms]
   [Clear CT: 0.1 ms]
   [Other: 4.3 ms]
      [Choose CSet: 0.0 ms]
      [Ref Proc: 1.0 ms]
      [Ref Enq: 0.0 ms]
      [Redirty Cards: 0.1 ms]
      [Humongous Register: 2.2 ms]
      [Humongous Reclaim: 0.0 ms]
      [Free CSet: 0.4 ms]
   [Eden: 119.0M(119.0M)->0.0B(156.0M) Survivors: 5120.0K->5120.0K Heap: 270.4M(1024.0M)->151.7M(1024.0M)]
 [Times: user=0.03 sys=0.05, real=0.02 secs] 
2020-11-07T08:12:16.142+0800: 72213.925: [GC pause (G1 Evacuation Pause) (young), 0.0885091 secs]
   [Parallel Time: 70.3 ms, GC Workers: 8]
      [GC Worker Start (ms): Min: 72213937.1, Avg: 72213937.4, Max: 72213937.6, Diff: 0.5]
      [Ext Root Scanning (ms): Min: 5.1, Avg: 6.5, Max: 12.0, Diff: 6.9, Sum: 52.3]
      [Update RS (ms): Min: 0.0, Avg: 2.6, Max: 3.6, Diff: 3.6, Sum: 20.7]
         [Processed Buffers: Min: 0, Avg: 5.2, Max: 15, Diff: 15, Sum: 42]
      [Scan RS (ms): Min: 0.0, Avg: 0.0, Max: 0.0, Diff: 0.0, Sum: 0.1]
      [Code Root Scanning (ms): Min: 0.0, Avg: 0.2, Max: 0.8, Diff: 0.8, Sum: 1.5]
      [Object Copy (ms): Min: 54.4, Avg: 56.8, Max: 59.2, Diff: 4.8, Sum: 454.5]
      [Termination (ms): Min: 0.0, Avg: 2.2, Max: 3.4, Diff: 3.4, Sum: 18.0]
         [Termination Attempts: Min: 1, Avg: 1.6, Max: 3, Diff: 2, Sum: 13]
      [GC Worker Other (ms): Min: 0.0, Avg: 0.8, Max: 1.6, Diff: 1.6, Sum: 6.0]
      [GC Worker Total (ms): Min: 68.6, Avg: 69.1, Max: 70.0, Diff: 1.3, Sum: 553.1]
      [GC Worker End (ms): Min: 72214006.3, Avg: 72214006.5, Max: 72214007.3, Diff: 1.0]
   [Code Root Fixup: 0.0 ms]
   [Code Root Purge: 0.0 ms]
   [Clear CT: 0.2 ms]
   [Other: 18.0 ms]
      [Choose CSet: 0.0 ms]
      [Ref Proc: 3.3 ms]
      [Ref Enq: 0.0 ms]
      [Redirty Cards: 0.1 ms]
      [Humongous Register: 4.6 ms]
      [Humongous Reclaim: 0.0 ms]
      [Free CSet: 0.8 ms]
   [Eden: 156.0M(156.0M)->0.0B(47104.0K) Survivors: 5120.0K->5120.0K Heap: 307.7M(1024.0M)->151.3M(1024.0M)]
 [Times: user=0.04 sys=0.10, real=0.09 secs] 
2020-11-07T08:15:02.857+0800: 72380.638: [GC pause (G1 Evacuation Pause) (young), 0.0095251 secs]
   [Parallel Time: 8.7 ms, GC Workers: 8]
      [GC Worker Start (ms): Min: 72380638.3, Avg: 72380638.4, Max: 72380638.6, Diff: 0.2]
      [Ext Root Scanning (ms): Min: 1.1, Avg: 1.3, Max: 1.4, Diff: 0.3, Sum: 10.2]
      [Update RS (ms): Min: 0.0, Avg: 0.3, Max: 0.8, Diff: 0.8, Sum: 2.4]
         [Processed Buffers: Min: 0, Avg: 5.1, Max: 12, Diff: 12, Sum: 41]
      [Scan RS (ms): Min: 0.0, Avg: 0.0, Max: 0.0, Diff: 0.0, Sum: 0.0]
      [Code Root Scanning (ms): Min: 0.0, Avg: 0.0, Max: 0.0, Diff: 0.0, Sum: 0.0]
      [Object Copy (ms): Min: 6.4, Avg: 6.9, Max: 7.2, Diff: 0.8, Sum: 55.0]
      [Termination (ms): Min: 0.0, Avg: 0.0, Max: 0.1, Diff: 0.1, Sum: 0.3]
         [Termination Attempts: Min: 1, Avg: 1.1, Max: 2, Diff: 1, Sum: 9]
      [GC Worker Other (ms): Min: 0.0, Avg: 0.0, Max: 0.0, Diff: 0.0, Sum: 0.1]
      [GC Worker Total (ms): Min: 8.4, Avg: 8.5, Max: 8.6, Diff: 0.3, Sum: 68.1]
      [GC Worker End (ms): Min: 72380646.9, Avg: 72380647.0, Max: 72380647.0, Diff: 0.0]
   [Code Root Fixup: 0.0 ms]
   [Code Root Purge: 0.0 ms]
   [Clear CT: 0.1 ms]
   [Other: 0.7 ms]
      [Choose CSet: 0.0 ms]
      [Ref Proc: 0.2 ms]
      [Ref Enq: 0.0 ms]
      [Redirty Cards: 0.1 ms]
      [Humongous Register: 0.0 ms]
      [Humongous Reclaim: 0.0 ms]
      [Free CSet: 0.1 ms]
   [Eden: 47104.0K(47104.0K)->0.0B(47104.0K) Survivors: 5120.0K->5120.0K Heap: 197.3M(1024.0M)->151.3M(1024.0M)]
 [Times: user=0.02 sys=0.02, real=0.01 secs] 
2020-11-07T08:17:48.080+0800: 72545.859: [GC pause (G1 Evacuation Pause) (young), 0.0110201 secs]
   [Parallel Time: 9.5 ms, GC Workers: 8]
      [GC Worker Start (ms): Min: 72545859.6, Avg: 72545859.6, Max: 72545859.7, Diff: 0.1]
      [Ext Root Scanning (ms): Min: 0.4, Avg: 0.5, Max: 0.9, Diff: 0.5, Sum: 4.1]
      [Update RS (ms): Min: 0.0, Avg: 0.2, Max: 0.4, Diff: 0.4, Sum: 1.9]
         [Processed Buffers: Min: 0, Avg: 5.1, Max: 13, Diff: 13, Sum: 41]
      [Scan RS (ms): Min: 0.0, Avg: 0.0, Max: 0.0, Diff: 0.0, Sum: 0.0]
      [Code Root Scanning (ms): Min: 0.0, Avg: 0.0, Max: 0.0, Diff: 0.0, Sum: 0.0]
      [Object Copy (ms): Min: 7.6, Avg: 7.9, Max: 8.5, Diff: 1.0, Sum: 63.4]
      [Termination (ms): Min: 0.0, Avg: 0.6, Max: 0.9, Diff: 0.9, Sum: 5.0]
         [Termination Attempts: Min: 1, Avg: 1.0, Max: 1, Diff: 0, Sum: 8]
      [GC Worker Other (ms): Min: 0.0, Avg: 0.0, Max: 0.0, Diff: 0.0, Sum: 0.1]
      [GC Worker Total (ms): Min: 9.2, Avg: 9.3, Max: 9.4, Diff: 0.2, Sum: 74.5]
      [GC Worker End (ms): Min: 72545868.8, Avg: 72545868.9, Max: 72545869.0, Diff: 0.2]
   [Code Root Fixup: 0.0 ms]
   [Code Root Purge: 0.0 ms]
   [Clear CT: 0.2 ms]
   [Other: 1.4 ms]
      [Choose CSet: 0.0 ms]
      [Ref Proc: 0.9 ms]
      [Ref Enq: 0.0 ms]
      [Redirty Cards: 0.1 ms]
      [Humongous Register: 0.0 ms]
      [Humongous Reclaim: 0.0 ms]
      [Free CSet: 0.1 ms]
   [Eden: 47104.0K(47104.0K)->0.0B(47104.0K) Survivors: 5120.0K->5120.0K Heap: 197.3M(1024.0M)->151.9M(1024.0M)]
 [Times: user=0.03 sys=0.02, real=0.01 secs] 
2020-11-07T08:20:31.797+0800: 72709.576: [GC pause (G1 Evacuation Pause) (young), 0.0077538 secs]
   [Parallel Time: 6.2 ms, GC Workers: 8]
      [GC Worker Start (ms): Min: 72709576.7, Avg: 72709576.8, Max: 72709576.8, Diff: 0.1]
      [Ext Root Scanning (ms): Min: 0.5, Avg: 1.3, Max: 5.8, Diff: 5.3, Sum: 10.1]
      [Update RS (ms): Min: 0.0, Avg: 0.3, Max: 0.4, Diff: 0.4, Sum: 2.2]
         [Processed Buffers: Min: 0, Avg: 5.2, Max: 12, Diff: 12, Sum: 42]
      [Scan RS (ms): Min: 0.0, Avg: 0.0, Max: 0.0, Diff: 0.0, Sum: 0.1]
      [Code Root Scanning (ms): Min: 0.0, Avg: 0.0, Max: 0.0, Diff: 0.0, Sum: 0.0]
      [Object Copy (ms): Min: 0.0, Avg: 3.1, Max: 3.6, Diff: 3.6, Sum: 24.8]
      [Termination (ms): Min: 0.0, Avg: 1.3, Max: 1.6, Diff: 1.6, Sum: 10.6]
         [Termination Attempts: Min: 1, Avg: 1.0, Max: 1, Diff: 0, Sum: 8]
      [GC Worker Other (ms): Min: 0.0, Avg: 0.0, Max: 0.0, Diff: 0.0, Sum: 0.1]
      [GC Worker Total (ms): Min: 5.8, Avg: 6.0, Max: 6.1, Diff: 0.2, Sum: 47.9]
      [GC Worker End (ms): Min: 72709582.7, Avg: 72709582.8, Max: 72709582.8, Diff: 0.1]
   [Code Root Fixup: 0.0 ms]
   [Code Root Purge: 0.0 ms]
   [Clear CT: 0.2 ms]
   [Other: 1.3 ms]
      [Choose CSet: 0.0 ms]
      [Ref Proc: 0.2 ms]
      [Ref Enq: 0.0 ms]
      [Redirty Cards: 0.2 ms]
      [Humongous Register: 0.4 ms]
      [Humongous Reclaim: 0.0 ms]
      [Free CSet: 0.1 ms]
   [Eden: 47104.0K(47104.0K)->0.0B(48128.0K) Survivors: 5120.0K->4096.0K Heap: 197.9M(1024.0M)->150.6M(1024.0M)]
 [Times: user=0.04 sys=0.01, real=0.01 secs] 
2020-11-07T08:23:22.479+0800: 72880.258: [GC pause (G1 Evacuation Pause) (young), 0.0301935 secs]
   [Parallel Time: 23.9 ms, GC Workers: 8]
      [GC Worker Start (ms): Min: 72880260.7, Avg: 72880260.9, Max: 72880261.2, Diff: 0.5]
      [Ext Root Scanning (ms): Min: 2.4, Avg: 3.5, Max: 8.0, Diff: 5.5, Sum: 28.2]
      [Update RS (ms): Min: 0.0, Avg: 1.6, Max: 2.3, Diff: 2.3, Sum: 13.1]
         [Processed Buffers: Min: 0, Avg: 5.1, Max: 17, Diff: 17, Sum: 41]
      [Scan RS (ms): Min: 0.0, Avg: 0.0, Max: 0.0, Diff: 0.0, Sum: 0.1]
      [Code Root Scanning (ms): Min: 0.0, Avg: 0.0, Max: 0.1, Diff: 0.1, Sum: 0.1]
      [Object Copy (ms): Min: 14.6, Avg: 17.0, Max: 17.8, Diff: 3.1, Sum: 136.3]
      [Termination (ms): Min: 0.7, Avg: 1.1, Max: 1.7, Diff: 1.0, Sum: 8.7]
         [Termination Attempts: Min: 11, Avg: 14.8, Max: 20, Diff: 9, Sum: 118]
      [GC Worker Other (ms): Min: 0.0, Avg: 0.0, Max: 0.1, Diff: 0.1, Sum: 0.4]
      [GC Worker Total (ms): Min: 23.1, Avg: 23.4, Max: 23.6, Diff: 0.5, Sum: 186.8]
      [GC Worker End (ms): Min: 72880284.1, Avg: 72880284.2, Max: 72880284.4, Diff: 0.2]
   [Code Root Fixup: 0.0 ms]
   [Code Root Purge: 0.0 ms]
   [Clear CT: 0.4 ms]
   [Other: 5.9 ms]
      [Choose CSet: 0.0 ms]
      [Ref Proc: 2.4 ms]
      [Ref Enq: 0.0 ms]
      [Redirty Cards: 0.1 ms]
      [Humongous Register: 2.2 ms]
      [Humongous Reclaim: 0.0 ms]
      [Free CSet: 0.4 ms]
   [Eden: 48128.0K(48128.0K)->0.0B(46080.0K) Survivors: 4096.0K->6144.0K Heap: 197.6M(1024.0M)->152.3M(1024.0M)]
 [Times: user=0.04 sys=0.08, real=0.04 secs] 
2020-11-07T08:28:29.776+0800: 73042.883: [GC pause (G1 Evacuation Pause) (young), 0.0213863 secs]
   [Parallel Time: 18.1 ms, GC Workers: 8]
      [GC Worker Start (ms): Min: 73042883.4, Avg: 73042883.5, Max: 73042883.6, Diff: 0.2]
      [Ext Root Scanning (ms): Min: 0.4, Avg: 1.1, Max: 2.5, Diff: 2.1, Sum: 8.5]
      [Update RS (ms): Min: 2.7, Avg: 4.4, Max: 7.5, Diff: 4.7, Sum: 35.5]
         [Processed Buffers: Min: 1, Avg: 5.9, Max: 19, Diff: 18, Sum: 47]
      [Scan RS (ms): Min: 0.0, Avg: 0.0, Max: 0.0, Diff: 0.0, Sum: 0.1]
      [Code Root Scanning (ms): Min: 0.0, Avg: 0.0, Max: 0.1, Diff: 0.1, Sum: 0.2]
      [Object Copy (ms): Min: 9.3, Avg: 10.5, Max: 11.2, Diff: 2.0, Sum: 84.1]
      [Termination (ms): Min: 0.0, Avg: 1.5, Max: 2.1, Diff: 2.1, Sum: 12.4]
         [Termination Attempts: Min: 1, Avg: 1.1, Max: 2, Diff: 1, Sum: 9]
      [GC Worker Other (ms): Min: 0.0, Avg: 0.0, Max: 0.1, Diff: 0.0, Sum: 0.3]
      [GC Worker Total (ms): Min: 17.4, Avg: 17.6, Max: 17.9, Diff: 0.5, Sum: 141.1]
      [GC Worker End (ms): Min: 73042901.0, Avg: 73042901.1, Max: 73042901.3, Diff: 0.4]
   [Code Root Fixup: 0.0 ms]
   [Code Root Purge: 0.0 ms]
   [Clear CT: 0.3 ms]
   [Other: 3.0 ms]
      [Choose CSet: 0.0 ms]
      [Ref Proc: 2.1 ms]
      [Ref Enq: 0.0 ms]
      [Redirty Cards: 0.3 ms]
      [Humongous Register: 0.0 ms]
      [Humongous Reclaim: 0.0 ms]
      [Free CSet: 0.1 ms]
   [Eden: 46080.0K(46080.0K)->0.0B(45056.0K) Survivors: 6144.0K->7168.0K Heap: 197.3M(1024.0M)->153.8M(1024.0M)]
 [Times: user=0.06 sys=0.03, real=0.02 secs] 
2020-11-07T08:32:42.114+0800: 73194.523: [GC pause (G1 Evacuation Pause) (young), 0.0119330 secs]
   [Parallel Time: 9.9 ms, GC Workers: 8]
      [GC Worker Start (ms): Min: 73194523.7, Avg: 73194523.8, Max: 73194524.0, Diff: 0.3]
      [Ext Root Scanning (ms): Min: 0.5, Avg: 0.6, Max: 0.8, Diff: 0.4, Sum: 5.0]
      [Update RS (ms): Min: 0.7, Avg: 0.8, Max: 1.0, Diff: 0.3, Sum: 6.1]
         [Processed Buffers: Min: 1, Avg: 5.6, Max: 15, Diff: 14, Sum: 45]
      [Scan RS (ms): Min: 0.0, Avg: 0.0, Max: 0.0, Diff: 0.0, Sum: 0.1]
      [Code Root Scanning (ms): Min: 0.0, Avg: 0.1, Max: 0.2, Diff: 0.2, Sum: 0.5]
      [Object Copy (ms): Min: 6.3, Avg: 6.7, Max: 7.9, Diff: 1.5, Sum: 53.6]
      [Termination (ms): Min: 0.0, Avg: 1.4, Max: 1.6, Diff: 1.6, Sum: 11.0]
         [Termination Attempts: Min: 1, Avg: 1.0, Max: 1, Diff: 0, Sum: 8]
      [GC Worker Other (ms): Min: 0.0, Avg: 0.0, Max: 0.0, Diff: 0.0, Sum: 0.2]
      [GC Worker Total (ms): Min: 9.4, Avg: 9.6, Max: 9.8, Diff: 0.4, Sum: 76.5]
      [GC Worker End (ms): Min: 73194533.2, Avg: 73194533.4, Max: 73194533.5, Diff: 0.2]
   [Code Root Fixup: 0.0 ms]
   [Code Root Purge: 0.0 ms]
   [Clear CT: 0.4 ms]
   [Other: 1.7 ms]
      [Choose CSet: 0.0 ms]
      [Ref Proc: 0.7 ms]
      [Ref Enq: 0.0 ms]
      [Redirty Cards: 0.4 ms]
      [Humongous Register: 0.0 ms]
      [Humongous Reclaim: 0.0 ms]
      [Free CSet: 0.1 ms]
   [Eden: 45056.0K(45056.0K)->0.0B(103.0M) Survivors: 7168.0K->5120.0K Heap: 197.8M(1024.0M)->151.3M(1024.0M)]
 [Times: user=0.07 sys=0.01, real=0.01 secs] 
2020-11-07T08:44:44.316+0800: 73585.963: [GC pause (G1 Evacuation Pause) (young), 0.0400738 secs]
   [Parallel Time: 30.6 ms, GC Workers: 8]
      [GC Worker Start (ms): Min: 73585970.0, Avg: 73585970.3, Max: 73585970.6, Diff: 0.6]
      [Ext Root Scanning (ms): Min: 7.9, Avg: 10.7, Max: 13.3, Diff: 5.4, Sum: 85.8]
      [Update RS (ms): Min: 0.0, Avg: 1.9, Max: 3.3, Diff: 3.3, Sum: 15.4]
         [Processed Buffers: Min: 0, Avg: 5.9, Max: 21, Diff: 21, Sum: 47]
      [Scan RS (ms): Min: 0.0, Avg: 0.0, Max: 0.0, Diff: 0.0, Sum: 0.1]
      [Code Root Scanning (ms): Min: 0.0, Avg: 0.0, Max: 0.1, Diff: 0.1, Sum: 0.1]
      [Object Copy (ms): Min: 14.2, Avg: 15.1, Max: 17.1, Diff: 2.9, Sum: 120.6]
      [Termination (ms): Min: 0.0, Avg: 1.9, Max: 2.6, Diff: 2.6, Sum: 15.0]
         [Termination Attempts: Min: 1, Avg: 2.2, Max: 4, Diff: 3, Sum: 18]
      [GC Worker Other (ms): Min: 0.0, Avg: 0.4, Max: 2.9, Diff: 2.9, Sum: 3.2]
      [GC Worker Total (ms): Min: 29.8, Avg: 30.0, Max: 30.4, Diff: 0.7, Sum: 240.2]
      [GC Worker End (ms): Min: 73586000.2, Avg: 73586000.3, Max: 73586000.5, Diff: 0.2]
   [Code Root Fixup: 0.0 ms]
   [Code Root Purge: 0.0 ms]
   [Clear CT: 0.1 ms]
   [Other: 9.3 ms]
      [Choose CSet: 0.0 ms]
      [Ref Proc: 1.5 ms]
      [Ref Enq: 0.0 ms]
      [Redirty Cards: 0.1 ms]
      [Humongous Register: 7.0 ms]
      [Humongous Reclaim: 0.0 ms]
      [Free CSet: 0.3 ms]
   [Eden: 103.0M(103.0M)->0.0B(47104.0K) Survivors: 5120.0K->5120.0K Heap: 254.3M(1024.0M)->151.7M(1024.0M)]
 [Times: user=0.04 sys=0.05, real=0.04 secs] 
2020-11-07T08:48:11.563+0800: 73748.300: [GC pause (G1 Evacuation Pause) (young), 1.1997290 secs]
   [Parallel Time: 1190.8 ms, GC Workers: 8]
      [GC Worker Start (ms): Min: 73748307.9, Avg: 73748308.0, Max: 73748308.1, Diff: 0.2]
      [Ext Root Scanning (ms): Min: 3.2, Avg: 4.6, Max: 7.7, Diff: 4.5, Sum: 36.7]
      [Update RS (ms): Min: 1.4, Avg: 888.6, Max: 1186.9, Diff: 1185.5, Sum: 7108.7]
         [Processed Buffers: Min: 1, Avg: 6.2, Max: 43, Diff: 42, Sum: 50]
      [Scan RS (ms): Min: 0.0, Avg: 0.0, Max: 0.0, Diff: 0.0, Sum: 0.1]
      [Code Root Scanning (ms): Min: 0.0, Avg: 0.0, Max: 0.3, Diff: 0.3, Sum: 0.3]
      [Object Copy (ms): Min: 0.0, Avg: 8.5, Max: 30.4, Diff: 30.4, Sum: 67.7]
      [Termination (ms): Min: 0.0, Avg: 288.8, Max: 1154.8, Diff: 1154.8, Sum: 2310.5]
         [Termination Attempts: Min: 1, Avg: 6.0, Max: 12, Diff: 11, Sum: 48]
      [GC Worker Other (ms): Min: 0.0, Avg: 0.0, Max: 0.1, Diff: 0.1, Sum: 0.2]
      [GC Worker Total (ms): Min: 1190.3, Avg: 1190.5, Max: 1190.8, Diff: 0.4, Sum: 9524.1]
      [GC Worker End (ms): Min: 73749498.5, Avg: 73749498.5, Max: 73749498.7, Diff: 0.2]
   [Code Root Fixup: 0.0 ms]
   [Code Root Purge: 0.0 ms]
   [Clear CT: 0.1 ms]
   [Other: 8.8 ms]
      [Choose CSet: 0.0 ms]
      [Ref Proc: 0.4 ms]
      [Ref Enq: 0.0 ms]
      [Redirty Cards: 0.1 ms]
      [Humongous Register: 0.3 ms]
      [Humongous Reclaim: 0.0 ms]
      [Free CSet: 0.2 ms]
   [Eden: 47104.0K(47104.0K)->0.0B(45056.0K) Survivors: 5120.0K->7168.0K Heap: 197.7M(1024.0M)->154.2M(1024.0M)]
 [Times: user=2.26 sys=0.04, real=1.22 secs] 
2020-11-07T08:50:46.937+0800: 73903.673: [GC pause (G1 Evacuation Pause) (young), 0.0151321 secs]
   [Parallel Time: 13.2 ms, GC Workers: 8]
      [GC Worker Start (ms): Min: 73903673.6, Avg: 73903673.8, Max: 73903674.1, Diff: 0.5]
      [Ext Root Scanning (ms): Min: 1.0, Avg: 1.4, Max: 1.6, Diff: 0.6, Sum: 11.0]
      [Update RS (ms): Min: 0.0, Avg: 0.3, Max: 0.6, Diff: 0.6, Sum: 2.2]
         [Processed Buffers: Min: 0, Avg: 5.4, Max: 18, Diff: 18, Sum: 43]
      [Scan RS (ms): Min: 0.0, Avg: 0.0, Max: 0.0, Diff: 0.0, Sum: 0.1]
      [Code Root Scanning (ms): Min: 0.0, Avg: 0.1, Max: 0.6, Diff: 0.6, Sum: 0.7]
      [Object Copy (ms): Min: 8.8, Avg: 10.0, Max: 11.2, Diff: 2.4, Sum: 80.0]
      [Termination (ms): Min: 0.2, Avg: 1.0, Max: 2.0, Diff: 1.8, Sum: 8.0]
         [Termination Attempts: Min: 1, Avg: 1.9, Max: 4, Diff: 3, Sum: 15]
      [GC Worker Other (ms): Min: 0.0, Avg: 0.0, Max: 0.0, Diff: 0.0, Sum: 0.1]
      [GC Worker Total (ms): Min: 12.5, Avg: 12.8, Max: 13.0, Diff: 0.5, Sum: 102.1]
      [GC Worker End (ms): Min: 73903686.5, Avg: 73903686.6, Max: 73903686.7, Diff: 0.2]
   [Code Root Fixup: 0.0 ms]
   [Code Root Purge: 0.0 ms]
   [Clear CT: 0.1 ms]
   [Other: 1.8 ms]
      [Choose CSet: 0.0 ms]
      [Ref Proc: 1.3 ms]
      [Ref Enq: 0.0 ms]
      [Redirty Cards: 0.1 ms]
      [Humongous Register: 0.1 ms]
      [Humongous Reclaim: 0.0 ms]
      [Free CSet: 0.1 ms]
   [Eden: 45056.0K(45056.0K)->0.0B(45056.0K) Survivors: 7168.0K->7168.0K Heap: 198.2M(1024.0M)->153.6M(1024.0M)]
 [Times: user=0.04 sys=0.01, real=0.02 secs] 
2020-11-07T08:53:23.836+0800: 74060.571: [GC pause (G1 Evacuation Pause) (young), 0.0171068 secs]
   [Parallel Time: 15.7 ms, GC Workers: 8]
      [GC Worker Start (ms): Min: 74060571.9, Avg: 74060571.9, Max: 74060572.0, Diff: 0.1]
      [Ext Root Scanning (ms): Min: 1.7, Avg: 2.3, Max: 5.5, Diff: 3.7, Sum: 18.6]
      [Update RS (ms): Min: 0.0, Avg: 0.8, Max: 1.2, Diff: 1.2, Sum: 6.6]
         [Processed Buffers: Min: 0, Avg: 5.1, Max: 18, Diff: 18, Sum: 41]
      [Scan RS (ms): Min: 0.0, Avg: 0.0, Max: 0.0, Diff: 0.0, Sum: 0.1]
      [Code Root Scanning (ms): Min: 0.0, Avg: 0.1, Max: 0.3, Diff: 0.3, Sum: 0.4]
      [Object Copy (ms): Min: 10.1, Avg: 12.3, Max: 12.9, Diff: 2.7, Sum: 98.3]
      [Termination (ms): Min: 0.0, Avg: 0.0, Max: 0.0, Diff: 0.0, Sum: 0.2]
         [Termination Attempts: Min: 1, Avg: 1.1, Max: 2, Diff: 1, Sum: 9]
      [GC Worker Other (ms): Min: 0.0, Avg: 0.0, Max: 0.1, Diff: 0.1, Sum: 0.3]
      [GC Worker Total (ms): Min: 15.5, Avg: 15.6, Max: 15.6, Diff: 0.2, Sum: 124.5]
      [GC Worker End (ms): Min: 74060587.5, Avg: 74060587.5, Max: 74060587.5, Diff: 0.0]
   [Code Root Fixup: 0.0 ms]
   [Code Root Purge: 0.0 ms]
   [Clear CT: 0.1 ms]
   [Other: 1.3 ms]
      [Choose CSet: 0.0 ms]
      [Ref Proc: 0.2 ms]
      [Ref Enq: 0.0 ms]
      [Redirty Cards: 0.2 ms]
      [Humongous Register: 0.4 ms]
      [Humongous Reclaim: 0.0 ms]
      [Free CSet: 0.2 ms]
   [Eden: 45056.0K(45056.0K)->0.0B(45056.0K) Survivors: 7168.0K->7168.0K Heap: 197.6M(1024.0M)->154.2M(1024.0M)]
 [Times: user=0.03 sys=0.04, real=0.02 secs] 
2020-11-07T08:55:59.997+0800: 74216.732: [GC pause (G1 Evacuation Pause) (young), 0.0091221 secs]
   [Parallel Time: 7.6 ms, GC Workers: 8]
      [GC Worker Start (ms): Min: 74216732.1, Avg: 74216732.2, Max: 74216732.3, Diff: 0.2]
      [Ext Root Scanning (ms): Min: 1.2, Avg: 1.4, Max: 2.1, Diff: 0.8, Sum: 11.1]
      [Update RS (ms): Min: 0.3, Avg: 0.9, Max: 1.1, Diff: 0.9, Sum: 7.3]
         [Processed Buffers: Min: 3, Avg: 5.2, Max: 8, Diff: 5, Sum: 42]
      [Scan RS (ms): Min: 0.0, Avg: 0.0, Max: 0.0, Diff: 0.0, Sum: 0.1]
      [Code Root Scanning (ms): Min: 0.0, Avg: 0.0, Max: 0.1, Diff: 0.1, Sum: 0.2]
      [Object Copy (ms): Min: 4.4, Avg: 4.5, Max: 4.8, Diff: 0.4, Sum: 36.2]
      [Termination (ms): Min: 0.0, Avg: 0.4, Max: 0.5, Diff: 0.5, Sum: 3.0]
         [Termination Attempts: Min: 1, Avg: 1.1, Max: 2, Diff: 1, Sum: 9]
      [GC Worker Other (ms): Min: 0.0, Avg: 0.0, Max: 0.0, Diff: 0.0, Sum: 0.1]
      [GC Worker Total (ms): Min: 7.1, Avg: 7.2, Max: 7.5, Diff: 0.4, Sum: 57.9]
      [GC Worker End (ms): Min: 74216739.4, Avg: 74216739.4, Max: 74216739.6, Diff: 0.2]
   [Code Root Fixup: 0.0 ms]
   [Code Root Purge: 0.0 ms]
   [Clear CT: 0.2 ms]
   [Other: 1.3 ms]
      [Choose CSet: 0.0 ms]
      [Ref Proc: 0.9 ms]
      [Ref Enq: 0.0 ms]
      [Redirty Cards: 0.1 ms]
      [Humongous Register: 0.0 ms]
      [Humongous Reclaim: 0.0 ms]
      [Free CSet: 0.0 ms]
   [Eden: 45056.0K(45056.0K)->0.0B(47104.0K) Survivors: 7168.0K->5120.0K Heap: 198.2M(1024.0M)->152.2M(1024.0M)]
 [Times: user=0.03 sys=0.01, real=0.01 secs] 
2020-11-07T08:57:58.257+0800: 74334.991: [GC pause (G1 Evacuation Pause) (young), 0.0143588 secs]
   [Parallel Time: 12.8 ms, GC Workers: 8]
      [GC Worker Start (ms): Min: 74334991.2, Avg: 74334991.2, Max: 74334991.3, Diff: 0.1]
      [Ext Root Scanning (ms): Min: 0.2, Avg: 0.3, Max: 0.5, Diff: 0.3, Sum: 2.3]
      [Update RS (ms): Min: 0.0, Avg: 0.3, Max: 0.5, Diff: 0.5, Sum: 2.1]
         [Processed Buffers: Min: 0, Avg: 5.2, Max: 15, Diff: 15, Sum: 42]
      [Scan RS (ms): Min: 0.0, Avg: 0.0, Max: 0.0, Diff: 0.0, Sum: 0.1]
      [Code Root Scanning (ms): Min: 0.0, Avg: 0.0, Max: 0.1, Diff: 0.1, Sum: 0.2]
      [Object Copy (ms): Min: 8.3, Avg: 8.7, Max: 9.4, Diff: 1.0, Sum: 69.8]
      [Termination (ms): Min: 0.0, Avg: 1.7, Max: 3.5, Diff: 3.5, Sum: 13.3]
         [Termination Attempts: Min: 1, Avg: 1.0, Max: 1, Diff: 0, Sum: 8]
      [GC Worker Other (ms): Min: 0.0, Avg: 0.0, Max: 0.0, Diff: 0.0, Sum: 0.1]
      [GC Worker Total (ms): Min: 10.0, Avg: 11.0, Max: 12.7, Diff: 2.7, Sum: 87.9]
      [GC Worker End (ms): Min: 74335001.3, Avg: 74335002.2, Max: 74335003.9, Diff: 2.6]
   [Code Root Fixup: 0.0 ms]
   [Code Root Purge: 0.0 ms]
   [Clear CT: 0.1 ms]
   [Other: 1.5 ms]
      [Choose CSet: 0.0 ms]
      [Ref Proc: 1.1 ms]
      [Ref Enq: 0.0 ms]
      [Redirty Cards: 0.1 ms]
      [Humongous Register: 0.0 ms]
      [Humongous Reclaim: 0.0 ms]
      [Free CSet: 0.1 ms]
   [Eden: 47104.0K(47104.0K)->0.0B(47104.0K) Survivors: 5120.0K->5120.0K Heap: 198.2M(1024.0M)->152.0M(1024.0M)]
 [Times: user=0.03 sys=0.01, real=0.02 secs] 
2020-11-07T08:59:54.931+0800: 74451.665: [GC pause (G1 Evacuation Pause) (young), 0.0225259 secs]
   [Parallel Time: 21.4 ms, GC Workers: 8]
      [GC Worker Start (ms): Min: 74451665.3, Avg: 74451665.3, Max: 74451665.4, Diff: 0.1]
      [Ext Root Scanning (ms): Min: 3.8, Avg: 4.9, Max: 6.0, Diff: 2.2, Sum: 39.0]
      [Update RS (ms): Min: 0.0, Avg: 0.3, Max: 0.9, Diff: 0.9, Sum: 2.3]
         [Processed Buffers: Min: 0, Avg: 5.0, Max: 26, Diff: 26, Sum: 40]
      [Scan RS (ms): Min: 0.0, Avg: 0.0, Max: 0.0, Diff: 0.0, Sum: 0.0]
      [Code Root Scanning (ms): Min: 0.0, Avg: 0.0, Max: 0.1, Diff: 0.1, Sum: 0.1]
      [Object Copy (ms): Min: 14.9, Avg: 15.7, Max: 16.3, Diff: 1.4, Sum: 125.7]
      [Termination (ms): Min: 0.0, Avg: 0.3, Max: 0.4, Diff: 0.4, Sum: 2.3]
         [Termination Attempts: Min: 1, Avg: 1.0, Max: 1, Diff: 0, Sum: 8]
      [GC Worker Other (ms): Min: 0.0, Avg: 0.0, Max: 0.0, Diff: 0.0, Sum: 0.1]
      [GC Worker Total (ms): Min: 21.1, Avg: 21.2, Max: 21.3, Diff: 0.2, Sum: 169.5]
      [GC Worker End (ms): Min: 74451686.4, Avg: 74451686.5, Max: 74451686.6, Diff: 0.2]
   [Code Root Fixup: 0.0 ms]
   [Code Root Purge: 0.0 ms]
   [Clear CT: 0.1 ms]
   [Other: 1.0 ms]
      [Choose CSet: 0.0 ms]
      [Ref Proc: 0.6 ms]
      [Ref Enq: 0.0 ms]
      [Redirty Cards: 0.1 ms]
      [Humongous Register: 0.0 ms]
      [Humongous Reclaim: 0.0 ms]
      [Free CSet: 0.0 ms]
   [Eden: 47104.0K(47104.0K)->0.0B(45056.0K) Survivors: 5120.0K->7168.0K Heap: 198.0M(1024.0M)->154.5M(1024.0M)]
 [Times: user=0.02 sys=0.01, real=0.02 secs] 
2020-11-07T09:01:47.490+0800: 74563.379: [GC pause (G1 Evacuation Pause) (young), 0.0043606 secs]
   [Parallel Time: 3.5 ms, GC Workers: 8]
      [GC Worker Start (ms): Min: 74563378.8, Avg: 74563378.9, Max: 74563378.9, Diff: 0.1]
      [Ext Root Scanning (ms): Min: 0.3, Avg: 0.4, Max: 0.8, Diff: 0.5, Sum: 3.5]
      [Update RS (ms): Min: 0.0, Avg: 0.3, Max: 0.5, Diff: 0.5, Sum: 2.5]
         [Processed Buffers: Min: 0, Avg: 4.9, Max: 11, Diff: 11, Sum: 39]
      [Scan RS (ms): Min: 0.0, Avg: 0.0, Max: 0.0, Diff: 0.0, Sum: 0.1]
      [Code Root Scanning (ms): Min: 0.0, Avg: 0.0, Max: 0.1, Diff: 0.1, Sum: 0.2]
      [Object Copy (ms): Min: 2.5, Avg: 2.6, Max: 2.6, Diff: 0.1, Sum: 20.6]
      [Termination (ms): Min: 0.0, Avg: 0.0, Max: 0.0, Diff: 0.0, Sum: 0.0]
         [Termination Attempts: Min: 1, Avg: 1.0, Max: 1, Diff: 0, Sum: 8]
      [GC Worker Other (ms): Min: 0.0, Avg: 0.0, Max: 0.0, Diff: 0.0, Sum: 0.1]
      [GC Worker Total (ms): Min: 3.3, Avg: 3.4, Max: 3.4, Diff: 0.1, Sum: 26.9]
      [GC Worker End (ms): Min: 74563382.2, Avg: 74563382.3, Max: 74563382.3, Diff: 0.0]
   [Code Root Fixup: 0.0 ms]
   [Code Root Purge: 0.0 ms]
   [Clear CT: 0.2 ms]
   [Other: 0.7 ms]
      [Choose CSet: 0.0 ms]
      [Ref Proc: 0.3 ms]
      [Ref Enq: 0.0 ms]
      [Redirty Cards: 0.1 ms]
      [Humongous Register: 0.0 ms]
      [Humongous Reclaim: 0.0 ms]
      [Free CSet: 0.0 ms]
   [Eden: 45056.0K(45056.0K)->0.0B(47104.0K) Survivors: 7168.0K->5120.0K Heap: 198.5M(1024.0M)->152.0M(1024.0M)]
 [Times: user=0.02 sys=0.00, real=0.00 secs] 
2020-11-07T09:03:45.031+0800: 74680.919: [GC pause (G1 Evacuation Pause) (young), 0.0271048 secs]
   [Parallel Time: 22.9 ms, GC Workers: 8]
      [GC Worker Start (ms): Min: 74680919.3, Avg: 74680919.4, Max: 74680919.5, Diff: 0.2]
      [Ext Root Scanning (ms): Min: 0.2, Avg: 0.3, Max: 0.6, Diff: 0.4, Sum: 2.7]
      [Update RS (ms): Min: 0.0, Avg: 0.4, Max: 0.6, Diff: 0.6, Sum: 2.8]
         [Processed Buffers: Min: 0, Avg: 4.9, Max: 16, Diff: 16, Sum: 39]
      [Scan RS (ms): Min: 0.0, Avg: 0.0, Max: 0.0, Diff: 0.0, Sum: 0.0]
      [Code Root Scanning (ms): Min: 0.0, Avg: 0.0, Max: 0.1, Diff: 0.1, Sum: 0.2]
      [Object Copy (ms): Min: 9.3, Avg: 10.2, Max: 11.0, Diff: 1.7, Sum: 81.6]
      [Termination (ms): Min: 0.0, Avg: 7.5, Max: 12.0, Diff: 12.0, Sum: 60.3]
         [Termination Attempts: Min: 1, Avg: 1.0, Max: 1, Diff: 0, Sum: 8]
      [GC Worker Other (ms): Min: 0.0, Avg: 0.0, Max: 0.0, Diff: 0.0, Sum: 0.1]
      [GC Worker Total (ms): Min: 11.9, Avg: 18.5, Max: 22.7, Diff: 10.8, Sum: 147.7]
      [GC Worker End (ms): Min: 74680931.4, Avg: 74680937.9, Max: 74680942.1, Diff: 10.7]
   [Code Root Fixup: 0.0 ms]
   [Code Root Purge: 0.0 ms]
   [Clear CT: 0.2 ms]
   [Other: 4.0 ms]
      [Choose CSet: 0.0 ms]
      [Ref Proc: 3.6 ms]
      [Ref Enq: 0.0 ms]
      [Redirty Cards: 0.1 ms]
      [Humongous Register: 0.0 ms]
      [Humongous Reclaim: 0.0 ms]
      [Free CSet: 0.1 ms]
   [Eden: 47104.0K(47104.0K)->0.0B(45056.0K) Survivors: 5120.0K->7168.0K Heap: 198.0M(1024.0M)->154.3M(1024.0M)]
 [Times: user=0.03 sys=0.00, real=0.03 secs] 
2020-11-07T09:05:37.389+0800: 74793.277: [GC pause (G1 Evacuation Pause) (young), 0.0177058 secs]
   [Parallel Time: 13.9 ms, GC Workers: 8]
      [GC Worker Start (ms): Min: 74793278.7, Avg: 74793279.0, Max: 74793279.5, Diff: 0.8]
      [Ext Root Scanning (ms): Min: 4.2, Avg: 5.8, Max: 13.4, Diff: 9.2, Sum: 46.4]
      [Update RS (ms): Min: 0.0, Avg: 1.7, Max: 2.3, Diff: 2.3, Sum: 13.8]
         [Processed Buffers: Min: 0, Avg: 5.0, Max: 22, Diff: 22, Sum: 40]
      [Scan RS (ms): Min: 0.0, Avg: 0.0, Max: 0.0, Diff: 0.0, Sum: 0.0]
      [Code Root Scanning (ms): Min: 0.0, Avg: 0.0, Max: 0.1, Diff: 0.1, Sum: 0.3]
      [Object Copy (ms): Min: 0.1, Avg: 5.7, Max: 6.6, Diff: 6.5, Sum: 45.2]
      [Termination (ms): Min: 0.0, Avg: 0.2, Max: 0.2, Diff: 0.2, Sum: 1.6]
         [Termination Attempts: Min: 1, Avg: 1.2, Max: 3, Diff: 2, Sum: 10]
      [GC Worker Other (ms): Min: 0.0, Avg: 0.0, Max: 0.1, Diff: 0.1, Sum: 0.4]
      [GC Worker Total (ms): Min: 12.9, Avg: 13.5, Max: 13.8, Diff: 0.8, Sum: 107.8]
      [GC Worker End (ms): Min: 74793292.4, Avg: 74793292.4, Max: 74793292.5, Diff: 0.1]
   [Code Root Fixup: 0.0 ms]
   [Code Root Purge: 0.0 ms]
   [Clear CT: 0.3 ms]
   [Other: 3.4 ms]
      [Choose CSet: 0.0 ms]
      [Ref Proc: 1.0 ms]
      [Ref Enq: 0.0 ms]
      [Redirty Cards: 0.1 ms]
      [Humongous Register: 1.5 ms]
      [Humongous Reclaim: 0.0 ms]
      [Free CSet: 0.3 ms]
   [Eden: 45056.0K(45056.0K)->0.0B(45056.0K) Survivors: 7168.0K->7168.0K Heap: 198.3M(1024.0M)->154.6M(1024.0M)]
 [Times: user=0.04 sys=0.02, real=0.02 secs] 
2020-11-07T09:07:30.095+0800: 74905.982: [GC pause (G1 Evacuation Pause) (young), 0.0176903 secs]
   [Parallel Time: 17.0 ms, GC Workers: 8]
      [GC Worker Start (ms): Min: 74905981.9, Avg: 74905981.9, Max: 74905981.9, Diff: 0.1]
      [Ext Root Scanning (ms): Min: 0.2, Avg: 1.9, Max: 13.5, Diff: 13.3, Sum: 15.6]
      [Update RS (ms): Min: 0.0, Avg: 1.1, Max: 1.4, Diff: 1.4, Sum: 9.1]
         [Processed Buffers: Min: 0, Avg: 5.0, Max: 20, Diff: 20, Sum: 40]
      [Scan RS (ms): Min: 0.0, Avg: 0.0, Max: 0.0, Diff: 0.0, Sum: 0.0]
      [Code Root Scanning (ms): Min: 0.0, Avg: 0.0, Max: 0.3, Diff: 0.3, Sum: 0.4]
      [Object Copy (ms): Min: 0.0, Avg: 10.4, Max: 12.6, Diff: 12.6, Sum: 83.4]
      [Termination (ms): Min: 0.0, Avg: 1.0, Max: 3.4, Diff: 3.4, Sum: 7.7]
         [Termination Attempts: Min: 1, Avg: 1.5, Max: 3, Diff: 2, Sum: 12]
      [GC Worker Other (ms): Min: 0.0, Avg: 0.0, Max: 0.0, Diff: 0.0, Sum: 0.1]
      [GC Worker Total (ms): Min: 14.1, Avg: 14.5, Max: 16.9, Diff: 2.7, Sum: 116.3]
      [GC Worker End (ms): Min: 74905996.1, Avg: 74905996.4, Max: 74905998.8, Diff: 2.7]
   [Code Root Fixup: 0.0 ms]
   [Code Root Purge: 0.0 ms]
   [Clear CT: 0.1 ms]
   [Other: 0.6 ms]
      [Choose CSet: 0.0 ms]
      [Ref Proc: 0.2 ms]
      [Ref Enq: 0.0 ms]
      [Redirty Cards: 0.1 ms]
      [Humongous Register: 0.0 ms]
      [Humongous Reclaim: 0.0 ms]
      [Free CSet: 0.1 ms]
   [Eden: 45056.0K(45056.0K)->0.0B(46080.0K) Survivors: 7168.0K->6144.0K Heap: 198.6M(1024.0M)->154.1M(1024.0M)]
 [Times: user=0.03 sys=0.01, real=0.02 secs] 
2020-11-07T09:09:24.050+0800: 75019.937: [GC pause (G1 Evacuation Pause) (young), 0.0058781 secs]
   [Parallel Time: 5.1 ms, GC Workers: 8]
      [GC Worker Start (ms): Min: 75019936.7, Avg: 75019936.8, Max: 75019936.9, Diff: 0.1]
      [Ext Root Scanning (ms): Min: 0.2, Avg: 0.3, Max: 0.5, Diff: 0.3, Sum: 2.3]
      [Update RS (ms): Min: 0.1, Avg: 0.6, Max: 0.9, Diff: 0.7, Sum: 4.9]
         [Processed Buffers: Min: 1, Avg: 5.2, Max: 10, Diff: 9, Sum: 42]
      [Scan RS (ms): Min: 0.0, Avg: 0.0, Max: 0.0, Diff: 0.0, Sum: 0.1]
      [Code Root Scanning (ms): Min: 0.0, Avg: 0.0, Max: 0.0, Diff: 0.0, Sum: 0.0]
      [Object Copy (ms): Min: 3.3, Avg: 3.6, Max: 4.0, Diff: 0.7, Sum: 28.9]
      [Termination (ms): Min: 0.0, Avg: 0.4, Max: 0.5, Diff: 0.5, Sum: 3.5]
         [Termination Attempts: Min: 1, Avg: 1.6, Max: 2, Diff: 1, Sum: 13]
      [GC Worker Other (ms): Min: 0.0, Avg: 0.0, Max: 0.0, Diff: 0.0, Sum: 0.1]
      [GC Worker Total (ms): Min: 4.9, Avg: 5.0, Max: 5.1, Diff: 0.2, Sum: 39.8]
      [GC Worker End (ms): Min: 75019941.8, Avg: 75019941.8, Max: 75019941.8, Diff: 0.1]
   [Code Root Fixup: 0.0 ms]
   [Code Root Purge: 0.0 ms]
   [Clear CT: 0.1 ms]
   [Other: 0.6 ms]
      [Choose CSet: 0.0 ms]
      [Ref Proc: 0.2 ms]
      [Ref Enq: 0.0 ms]
      [Redirty Cards: 0.2 ms]
      [Humongous Register: 0.0 ms]
      [Humongous Reclaim: 0.0 ms]
      [Free CSet: 0.0 ms]
   [Eden: 46080.0K(46080.0K)->0.0B(47104.0K) Survivors: 6144.0K->5120.0K Heap: 199.1M(1024.0M)->152.9M(1024.0M)]
 [Times: user=0.04 sys=0.01, real=0.00 secs] 
2020-11-07T09:11:21.776+0800: 75137.662: [GC pause (G1 Evacuation Pause) (young), 0.0109802 secs]
   [Parallel Time: 10.3 ms, GC Workers: 8]
      [GC Worker Start (ms): Min: 75137661.7, Avg: 75137661.7, Max: 75137661.8, Diff: 0.1]
      [Ext Root Scanning (ms): Min: 0.2, Avg: 0.3, Max: 0.6, Diff: 0.3, Sum: 2.3]
      [Update RS (ms): Min: 0.0, Avg: 0.3, Max: 0.6, Diff: 0.6, Sum: 2.5]
         [Processed Buffers: Min: 0, Avg: 5.0, Max: 15, Diff: 15, Sum: 40]
      [Scan RS (ms): Min: 0.0, Avg: 0.0, Max: 0.0, Diff: 0.0, Sum: 0.0]
      [Code Root Scanning (ms): Min: 0.0, Avg: 0.0, Max: 0.0, Diff: 0.0, Sum: 0.0]
      [Object Copy (ms): Min: 8.6, Avg: 9.0, Max: 9.7, Diff: 1.1, Sum: 71.9]
      [Termination (ms): Min: 0.0, Avg: 0.5, Max: 0.7, Diff: 0.7, Sum: 3.9]
         [Termination Attempts: Min: 1, Avg: 1.2, Max: 2, Diff: 1, Sum: 10]
      [GC Worker Other (ms): Min: 0.0, Avg: 0.0, Max: 0.0, Diff: 0.0, Sum: 0.1]
      [GC Worker Total (ms): Min: 10.0, Avg: 10.1, Max: 10.3, Diff: 0.3, Sum: 80.7]
      [GC Worker End (ms): Min: 75137671.7, Avg: 75137671.8, Max: 75137671.9, Diff: 0.2]
   [Code Root Fixup: 0.0 ms]
   [Code Root Purge: 0.0 ms]
   [Clear CT: 0.1 ms]
   [Other: 0.6 ms]
      [Choose CSet: 0.0 ms]
      [Ref Proc: 0.2 ms]
      [Ref Enq: 0.0 ms]
      [Redirty Cards: 0.1 ms]
      [Humongous Register: 0.0 ms]
      [Humongous Reclaim: 0.0 ms]
      [Free CSet: 0.0 ms]
   [Eden: 47104.0K(47104.0K)->0.0B(45056.0K) Survivors: 5120.0K->7168.0K Heap: 198.9M(1024.0M)->155.2M(1024.0M)]
 [Times: user=0.03 sys=0.00, real=0.01 secs] 
2020-11-07T09:13:14.259+0800: 75250.144: [GC pause (G1 Evacuation Pause) (young), 0.0071820 secs]
   [Parallel Time: 5.6 ms, GC Workers: 8]
      [GC Worker Start (ms): Min: 75250144.5, Avg: 75250144.6, Max: 75250144.7, Diff: 0.2]
      [Ext Root Scanning (ms): Min: 0.3, Avg: 0.5, Max: 1.1, Diff: 0.8, Sum: 4.4]
      [Update RS (ms): Min: 0.2, Avg: 0.6, Max: 0.7, Diff: 0.6, Sum: 4.6]
         [Processed Buffers: Min: 1, Avg: 5.0, Max: 11, Diff: 10, Sum: 40]
      [Scan RS (ms): Min: 0.0, Avg: 0.0, Max: 0.0, Diff: 0.0, Sum: 0.1]
      [Code Root Scanning (ms): Min: 0.0, Avg: 0.5, Max: 4.3, Diff: 4.3, Sum: 4.3]
      [Object Copy (ms): Min: 0.0, Avg: 3.2, Max: 4.3, Diff: 4.3, Sum: 25.6]
      [Termination (ms): Min: 0.0, Avg: 0.6, Max: 0.8, Diff: 0.8, Sum: 4.5]
         [Termination Attempts: Min: 1, Avg: 2.0, Max: 3, Diff: 2, Sum: 16]
      [GC Worker Other (ms): Min: 0.0, Avg: 0.0, Max: 0.0, Diff: 0.0, Sum: 0.1]
      [GC Worker Total (ms): Min: 5.3, Avg: 5.4, Max: 5.5, Diff: 0.2, Sum: 43.5]
      [GC Worker End (ms): Min: 75250150.0, Avg: 75250150.0, Max: 75250150.1, Diff: 0.0]
   [Code Root Fixup: 0.0 ms]
   [Code Root Purge: 0.0 ms]
   [Clear CT: 0.1 ms]
   [Other: 1.4 ms]
      [Choose CSet: 0.0 ms]
      [Ref Proc: 1.0 ms]
      [Ref Enq: 0.0 ms]
      [Redirty Cards: 0.1 ms]
      [Humongous Register: 0.0 ms]
      [Humongous Reclaim: 0.0 ms]
      [Free CSet: 0.0 ms]
   [Eden: 45056.0K(45056.0K)->0.0B(47104.0K) Survivors: 7168.0K->5120.0K Heap: 199.2M(1024.0M)->153.8M(1024.0M)]
 [Times: user=0.04 sys=0.00, real=0.01 secs] 
2020-11-07T09:15:12.079+0800: 75367.964: [GC pause (G1 Evacuation Pause) (young), 0.0146288 secs]
   [Parallel Time: 11.4 ms, GC Workers: 8]
      [GC Worker Start (ms): Min: 75367966.1, Avg: 75367966.3, Max: 75367966.9, Diff: 0.8]
      [Ext Root Scanning (ms): Min: 1.6, Avg: 2.9, Max: 7.7, Diff: 6.2, Sum: 23.0]
      [Update RS (ms): Min: 0.0, Avg: 2.1, Max: 3.3, Diff: 3.3, Sum: 16.5]
         [Processed Buffers: Min: 0, Avg: 5.1, Max: 18, Diff: 18, Sum: 41]
      [Scan RS (ms): Min: 0.0, Avg: 0.0, Max: 0.0, Diff: 0.0, Sum: 0.1]
      [Code Root Scanning (ms): Min: 0.0, Avg: 0.0, Max: 0.1, Diff: 0.1, Sum: 0.2]
      [Object Copy (ms): Min: 3.2, Avg: 5.6, Max: 6.6, Diff: 3.4, Sum: 44.9]
      [Termination (ms): Min: 0.0, Avg: 0.3, Max: 0.6, Diff: 0.6, Sum: 2.6]
         [Termination Attempts: Min: 1, Avg: 1.6, Max: 3, Diff: 2, Sum: 13]
      [GC Worker Other (ms): Min: 0.0, Avg: 0.0, Max: 0.0, Diff: 0.0, Sum: 0.2]
      [GC Worker Total (ms): Min: 10.4, Avg: 10.9, Max: 11.1, Diff: 0.8, Sum: 87.5]
      [GC Worker End (ms): Min: 75367977.2, Avg: 75367977.3, Max: 75367977.4, Diff: 0.2]
   [Code Root Fixup: 0.0 ms]
   [Code Root Purge: 0.0 ms]
   [Clear CT: 0.1 ms]
   [Other: 3.1 ms]
      [Choose CSet: 0.0 ms]
      [Ref Proc: 0.7 ms]
      [Ref Enq: 0.0 ms]
      [Redirty Cards: 0.1 ms]
      [Humongous Register: 1.4 ms]
      [Humongous Reclaim: 0.0 ms]
      [Free CSet: 0.3 ms]
   [Eden: 47104.0K(47104.0K)->0.0B(47104.0K) Survivors: 5120.0K->5120.0K Heap: 199.8M(1024.0M)->153.8M(1024.0M)]
 [Times: user=0.04 sys=0.03, real=0.02 secs] 
2020-11-07T09:17:09.214+0800: 75485.098: [GC pause (G1 Evacuation Pause) (young), 0.0075407 secs]
   [Parallel Time: 6.8 ms, GC Workers: 8]
      [GC Worker Start (ms): Min: 75485097.8, Avg: 75485097.9, Max: 75485097.9, Diff: 0.1]
      [Ext Root Scanning (ms): Min: 0.3, Avg: 0.3, Max: 0.5, Diff: 0.2, Sum: 2.8]
      [Update RS (ms): Min: 0.0, Avg: 0.4, Max: 0.6, Diff: 0.6, Sum: 3.3]
         [Processed Buffers: Min: 0, Avg: 5.1, Max: 19, Diff: 19, Sum: 41]
      [Scan RS (ms): Min: 0.0, Avg: 0.0, Max: 0.1, Diff: 0.1, Sum: 0.1]
      [Code Root Scanning (ms): Min: 0.0, Avg: 0.0, Max: 0.0, Diff: 0.0, Sum: 0.0]
      [Object Copy (ms): Min: 4.6, Avg: 5.1, Max: 5.7, Diff: 1.2, Sum: 40.8]
      [Termination (ms): Min: 0.0, Avg: 0.8, Max: 1.2, Diff: 1.2, Sum: 6.1]
         [Termination Attempts: Min: 1, Avg: 1.5, Max: 3, Diff: 2, Sum: 12]
      [GC Worker Other (ms): Min: 0.0, Avg: 0.0, Max: 0.0, Diff: 0.0, Sum: 0.1]
      [GC Worker Total (ms): Min: 6.6, Avg: 6.7, Max: 6.7, Diff: 0.1, Sum: 53.3]
      [GC Worker End (ms): Min: 75485104.5, Avg: 75485104.5, Max: 75485104.6, Diff: 0.1]
   [Code Root Fixup: 0.0 ms]
   [Code Root Purge: 0.0 ms]
   [Clear CT: 0.1 ms]
   [Other: 0.6 ms]
      [Choose CSet: 0.0 ms]
      [Ref Proc: 0.2 ms]
      [Ref Enq: 0.0 ms]
      [Redirty Cards: 0.1 ms]
      [Humongous Register: 0.0 ms]
      [Humongous Reclaim: 0.0 ms]
      [Free CSet: 0.1 ms]
   [Eden: 47104.0K(47104.0K)->0.0B(45056.0K) Survivors: 5120.0K->7168.0K Heap: 199.8M(1024.0M)->155.9M(1024.0M)]
 [Times: user=0.04 sys=0.01, real=0.01 secs] 
2020-11-07T09:19:01.532+0800: 75597.415: [GC pause (G1 Evacuation Pause) (young), 0.0069725 secs]
   [Parallel Time: 6.3 ms, GC Workers: 8]
      [GC Worker Start (ms): Min: 75597415.3, Avg: 75597415.4, Max: 75597415.4, Diff: 0.1]
      [Ext Root Scanning (ms): Min: 0.3, Avg: 1.1, Max: 5.9, Diff: 5.6, Sum: 8.6]
      [Update RS (ms): Min: 0.0, Avg: 0.4, Max: 0.6, Diff: 0.6, Sum: 3.5]
         [Processed Buffers: Min: 0, Avg: 5.1, Max: 20, Diff: 20, Sum: 41]
      [Scan RS (ms): Min: 0.0, Avg: 0.0, Max: 0.0, Diff: 0.0, Sum: 0.0]
      [Code Root Scanning (ms): Min: 0.0, Avg: 0.0, Max: 0.0, Diff: 0.0, Sum: 0.0]
      [Object Copy (ms): Min: 0.0, Avg: 2.9, Max: 3.3, Diff: 3.3, Sum: 22.9]
      [Termination (ms): Min: 0.0, Avg: 1.7, Max: 2.0, Diff: 2.0, Sum: 13.5]
         [Termination Attempts: Min: 1, Avg: 1.0, Max: 1, Diff: 0, Sum: 8]
      [GC Worker Other (ms): Min: 0.0, Avg: 0.0, Max: 0.0, Diff: 0.0, Sum: 0.1]
      [GC Worker Total (ms): Min: 6.0, Avg: 6.1, Max: 6.2, Diff: 0.2, Sum: 48.7]
      [GC Worker End (ms): Min: 75597421.3, Avg: 75597421.4, Max: 75597421.5, Diff: 0.2]
   [Code Root Fixup: 0.0 ms]
   [Code Root Purge: 0.0 ms]
   [Clear CT: 0.1 ms]
   [Other: 0.6 ms]
      [Choose CSet: 0.0 ms]
      [Ref Proc: 0.2 ms]
      [Ref Enq: 0.0 ms]
      [Redirty Cards: 0.1 ms]
      [Humongous Register: 0.0 ms]
      [Humongous Reclaim: 0.0 ms]
      [Free CSet: 0.1 ms]
   [Eden: 45056.0K(45056.0K)->0.0B(47104.0K) Survivors: 7168.0K->5120.0K Heap: 199.9M(1024.0M)->154.2M(1024.0M)]
 [Times: user=0.04 sys=0.01, real=0.00 secs] 
2020-11-07T09:20:51.030+0800: 75706.913: [GC pause (G1 Evacuation Pause) (young), 0.0195158 secs]
   [Parallel Time: 16.6 ms, GC Workers: 8]
      [GC Worker Start (ms): Min: 75706913.4, Avg: 75706914.9, Max: 75706921.9, Diff: 8.5]
      [Ext Root Scanning (ms): Min: 0.0, Avg: 0.3, Max: 0.8, Diff: 0.8, Sum: 2.5]
      [Update RS (ms): Min: 0.0, Avg: 3.4, Max: 9.6, Diff: 9.6, Sum: 27.4]
         [Processed Buffers: Min: 0, Avg: 5.8, Max: 25, Diff: 25, Sum: 46]
      [Scan RS (ms): Min: 0.0, Avg: 0.0, Max: 0.0, Diff: 0.0, Sum: 0.1]
      [Code Root Scanning (ms): Min: 0.0, Avg: 0.0, Max: 0.0, Diff: 0.0, Sum: 0.0]
      [Object Copy (ms): Min: 0.5, Avg: 3.7, Max: 6.4, Diff: 5.9, Sum: 29.2]
      [Termination (ms): Min: 0.0, Avg: 5.5, Max: 8.0, Diff: 8.0, Sum: 43.8]
         [Termination Attempts: Min: 1, Avg: 2.8, Max: 4, Diff: 3, Sum: 22]
      [GC Worker Other (ms): Min: 0.0, Avg: 0.0, Max: 0.1, Diff: 0.1, Sum: 0.2]
      [GC Worker Total (ms): Min: 2.5, Avg: 12.9, Max: 16.6, Diff: 14.0, Sum: 103.1]
      [GC Worker End (ms): Min: 75706924.4, Avg: 75706927.8, Max: 75706930.0, Diff: 5.6]
   [Code Root Fixup: 0.0 ms]
   [Code Root Purge: 0.0 ms]
   [Clear CT: 0.3 ms]
   [Other: 2.6 ms]
      [Choose CSet: 0.0 ms]
      [Ref Proc: 2.0 ms]
      [Ref Enq: 0.0 ms]
      [Redirty Cards: 0.2 ms]
      [Humongous Register: 0.0 ms]
      [Humongous Reclaim: 0.0 ms]
      [Free CSet: 0.0 ms]
   [Eden: 47104.0K(47104.0K)->0.0B(45056.0K) Survivors: 5120.0K->7168.0K Heap: 200.2M(1024.0M)->156.9M(1024.0M)]
 [Times: user=0.04 sys=0.01, real=0.02 secs] 
2020-11-07T09:22:43.112+0800: 75818.995: [GC pause (G1 Evacuation Pause) (young), 0.0091047 secs]
   [Parallel Time: 4.8 ms, GC Workers: 8]
      [GC Worker Start (ms): Min: 75818994.8, Avg: 75818994.9, Max: 75818995.0, Diff: 0.2]
      [Ext Root Scanning (ms): Min: 0.3, Avg: 0.4, Max: 0.6, Diff: 0.3, Sum: 2.9]
      [Update RS (ms): Min: 0.5, Avg: 0.6, Max: 0.7, Diff: 0.2, Sum: 4.4]
         [Processed Buffers: Min: 1, Avg: 5.2, Max: 10, Diff: 9, Sum: 42]
      [Scan RS (ms): Min: 0.0, Avg: 0.0, Max: 0.0, Diff: 0.0, Sum: 0.1]
      [Code Root Scanning (ms): Min: 0.0, Avg: 0.0, Max: 0.0, Diff: 0.0, Sum: 0.0]
      [Object Copy (ms): Min: 3.5, Avg: 3.6, Max: 3.7, Diff: 0.2, Sum: 29.0]
      [Termination (ms): Min: 0.0, Avg: 0.0, Max: 0.0, Diff: 0.0, Sum: 0.0]
         [Termination Attempts: Min: 1, Avg: 1.2, Max: 2, Diff: 1, Sum: 10]
      [GC Worker Other (ms): Min: 0.0, Avg: 0.0, Max: 0.1, Diff: 0.0, Sum: 0.2]
      [GC Worker Total (ms): Min: 4.5, Avg: 4.6, Max: 4.7, Diff: 0.1, Sum: 36.6]
      [GC Worker End (ms): Min: 75818999.5, Avg: 75818999.5, Max: 75818999.6, Diff: 0.0]
   [Code Root Fixup: 0.0 ms]
   [Code Root Purge: 0.0 ms]
   [Clear CT: 0.1 ms]
   [Other: 4.2 ms]
      [Choose CSet: 0.0 ms]
      [Ref Proc: 3.8 ms]
      [Ref Enq: 0.0 ms]
      [Redirty Cards: 0.1 ms]
      [Humongous Register: 0.0 ms]
      [Humongous Reclaim: 0.0 ms]
      [Free CSet: 0.0 ms]
   [Eden: 45056.0K(45056.0K)->0.0B(100352.0K) Survivors: 7168.0K->7168.0K Heap: 200.9M(1024.0M)->157.3M(1024.0M)]
 [Times: user=0.04 sys=0.00, real=0.01 secs] 
2020-11-07T09:26:51.963+0800: 76067.844: [GC pause (G1 Evacuation Pause) (young), 0.0126186 secs]
   [Parallel Time: 11.1 ms, GC Workers: 8]
      [GC Worker Start (ms): Min: 76067844.1, Avg: 76067844.1, Max: 76067844.2, Diff: 0.2]
      [Ext Root Scanning (ms): Min: 0.4, Avg: 0.6, Max: 1.3, Diff: 0.9, Sum: 4.6]
      [Update RS (ms): Min: 0.0, Avg: 1.0, Max: 1.3, Diff: 1.3, Sum: 7.7]
         [Processed Buffers: Min: 0, Avg: 6.1, Max: 20, Diff: 20, Sum: 49]
      [Scan RS (ms): Min: 0.0, Avg: 0.0, Max: 0.0, Diff: 0.0, Sum: 0.1]
      [Code Root Scanning (ms): Min: 0.0, Avg: 0.0, Max: 0.0, Diff: 0.0, Sum: 0.0]
      [Object Copy (ms): Min: 8.5, Avg: 8.9, Max: 9.4, Diff: 0.9, Sum: 71.5]
      [Termination (ms): Min: 0.0, Avg: 0.4, Max: 0.7, Diff: 0.7, Sum: 3.6]
         [Termination Attempts: Min: 1, Avg: 1.2, Max: 2, Diff: 1, Sum: 10]
      [GC Worker Other (ms): Min: 0.0, Avg: 0.0, Max: 0.0, Diff: 0.0, Sum: 0.1]
      [GC Worker Total (ms): Min: 10.9, Avg: 10.9, Max: 11.0, Diff: 0.1, Sum: 87.5]
      [GC Worker End (ms): Min: 76067855.1, Avg: 76067855.1, Max: 76067855.1, Diff: 0.1]
   [Code Root Fixup: 0.0 ms]
   [Code Root Purge: 0.0 ms]
   [Clear CT: 0.1 ms]
   [Other: 1.4 ms]
      [Choose CSet: 0.0 ms]
      [Ref Proc: 0.8 ms]
      [Ref Enq: 0.0 ms]
      [Redirty Cards: 0.1 ms]
      [Humongous Register: 0.1 ms]
      [Humongous Reclaim: 0.0 ms]
      [Free CSet: 0.1 ms]
   [Eden: 100352.0K(100352.0K)->0.0B(96256.0K) Survivors: 7168.0K->6144.0K Heap: 255.3M(1024.0M)->155.8M(1024.0M)]
 [Times: user=0.03 sys=0.03, real=0.01 secs] 
2020-11-07T09:30:49.362+0800: 76305.242: [GC pause (G1 Evacuation Pause) (young), 0.0151470 secs]
   [Parallel Time: 11.5 ms, GC Workers: 8]
      [GC Worker Start (ms): Min: 76305244.4, Avg: 76305244.8, Max: 76305245.7, Diff: 1.3]
      [Ext Root Scanning (ms): Min: 2.1, Avg: 4.4, Max: 9.5, Diff: 7.4, Sum: 34.8]
      [Update RS (ms): Min: 0.0, Avg: 2.0, Max: 3.8, Diff: 3.8, Sum: 16.0]
         [Processed Buffers: Min: 0, Avg: 5.8, Max: 11, Diff: 11, Sum: 46]
      [Scan RS (ms): Min: 0.0, Avg: 0.0, Max: 0.0, Diff: 0.0, Sum: 0.1]
      [Code Root Scanning (ms): Min: 0.0, Avg: 0.0, Max: 0.0, Diff: 0.0, Sum: 0.0]
      [Object Copy (ms): Min: 1.7, Avg: 4.3, Max: 5.0, Diff: 3.3, Sum: 34.4]
      [Termination (ms): Min: 0.0, Avg: 0.0, Max: 0.0, Diff: 0.0, Sum: 0.0]
         [Termination Attempts: Min: 1, Avg: 1.0, Max: 1, Diff: 0, Sum: 8]
      [GC Worker Other (ms): Min: 0.0, Avg: 0.1, Max: 0.9, Diff: 0.8, Sum: 1.2]
      [GC Worker Total (ms): Min: 9.9, Avg: 10.8, Max: 11.2, Diff: 1.3, Sum: 86.6]
      [GC Worker End (ms): Min: 76305255.6, Avg: 76305255.6, Max: 76305255.7, Diff: 0.0]
   [Code Root Fixup: 0.0 ms]
   [Code Root Purge: 0.0 ms]
   [Clear CT: 0.1 ms]
   [Other: 3.6 ms]
      [Choose CSet: 0.0 ms]
      [Ref Proc: 0.2 ms]
      [Ref Enq: 0.0 ms]
      [Redirty Cards: 0.1 ms]
      [Humongous Register: 2.3 ms]
      [Humongous Reclaim: 0.0 ms]
      [Free CSet: 0.3 ms]
   [Eden: 96256.0K(96256.0K)->0.0B(73728.0K) Survivors: 6144.0K->7168.0K Heap: 249.8M(1024.0M)->156.8M(1024.0M)]
 [Times: user=0.04 sys=0.03, real=0.01 secs] 
2020-11-07T09:33:51.833+0800: 76487.712: [GC pause (G1 Evacuation Pause) (young), 0.0059702 secs]
   [Parallel Time: 5.1 ms, GC Workers: 8]
      [GC Worker Start (ms): Min: 76487711.7, Avg: 76487711.8, Max: 76487711.9, Diff: 0.2]
      [Ext Root Scanning (ms): Min: 0.3, Avg: 0.4, Max: 0.6, Diff: 0.3, Sum: 3.6]
      [Update RS (ms): Min: 0.7, Avg: 0.9, Max: 1.2, Diff: 0.5, Sum: 7.4]
         [Processed Buffers: Min: 1, Avg: 5.5, Max: 17, Diff: 16, Sum: 44]
      [Scan RS (ms): Min: 0.0, Avg: 0.0, Max: 0.0, Diff: 0.0, Sum: 0.1]
      [Code Root Scanning (ms): Min: 0.0, Avg: 0.0, Max: 0.0, Diff: 0.0, Sum: 0.0]
      [Object Copy (ms): Min: 3.2, Avg: 3.5, Max: 3.7, Diff: 0.5, Sum: 27.7]
      [Termination (ms): Min: 0.0, Avg: 0.0, Max: 0.0, Diff: 0.0, Sum: 0.0]
         [Termination Attempts: Min: 1, Avg: 3.5, Max: 7, Diff: 6, Sum: 28]
      [GC Worker Other (ms): Min: 0.0, Avg: 0.0, Max: 0.1, Diff: 0.1, Sum: 0.3]
      [GC Worker Total (ms): Min: 4.8, Avg: 4.9, Max: 5.0, Diff: 0.2, Sum: 39.2]
      [GC Worker End (ms): Min: 76487716.6, Avg: 76487716.7, Max: 76487716.7, Diff: 0.1]
   [Code Root Fixup: 0.0 ms]
   [Code Root Purge: 0.0 ms]
   [Clear CT: 0.2 ms]
   [Other: 0.7 ms]
      [Choose CSet: 0.0 ms]
      [Ref Proc: 0.2 ms]
      [Ref Enq: 0.0 ms]
      [Redirty Cards: 0.1 ms]
      [Humongous Register: 0.0 ms]
      [Humongous Reclaim: 0.0 ms]
      [Free CSet: 0.1 ms]
   [Eden: 73728.0K(73728.0K)->0.0B(491.0M) Survivors: 7168.0K->5120.0K Heap: 228.8M(1024.0M)->154.8M(1024.0M)]
 [Times: user=0.04 sys=0.00, real=0.00 secs] 
2020-11-07T09:56:43.540+0800: 77859.413: [GC pause (G1 Evacuation Pause) (young), 0.0605705 secs]
   [Parallel Time: 50.1 ms, GC Workers: 8]
      [GC Worker Start (ms): Min: 77859419.4, Avg: 77859420.0, Max: 77859420.8, Diff: 1.4]
      [Ext Root Scanning (ms): Min: 1.0, Avg: 3.4, Max: 9.6, Diff: 8.5, Sum: 26.8]
      [Update RS (ms): Min: 0.0, Avg: 3.7, Max: 5.2, Diff: 5.2, Sum: 29.9]
         [Processed Buffers: Min: 0, Avg: 6.0, Max: 13, Diff: 13, Sum: 48]
      [Scan RS (ms): Min: 0.0, Avg: 0.1, Max: 0.2, Diff: 0.1, Sum: 0.4]
      [Code Root Scanning (ms): Min: 0.0, Avg: 0.0, Max: 0.0, Diff: 0.0, Sum: 0.0]
      [Object Copy (ms): Min: 39.6, Avg: 41.2, Max: 41.9, Diff: 2.3, Sum: 329.4]
      [Termination (ms): Min: 0.0, Avg: 0.5, Max: 0.7, Diff: 0.7, Sum: 4.4]
         [Termination Attempts: Min: 1, Avg: 1.5, Max: 2, Diff: 1, Sum: 12]
      [GC Worker Other (ms): Min: 0.0, Avg: 0.4, Max: 1.5, Diff: 1.5, Sum: 2.9]
      [GC Worker Total (ms): Min: 48.6, Avg: 49.2, Max: 50.0, Diff: 1.4, Sum: 393.9]
      [GC Worker End (ms): Min: 77859469.1, Avg: 77859469.3, Max: 77859469.3, Diff: 0.2]
   [Code Root Fixup: 0.0 ms]
   [Code Root Purge: 0.0 ms]
   [Clear CT: 0.2 ms]
   [Other: 10.2 ms]
      [Choose CSet: 0.0 ms]
      [Ref Proc: 1.9 ms]
      [Ref Enq: 0.0 ms]
      [Redirty Cards: 0.1 ms]
      [Humongous Register: 2.2 ms]
      [Humongous Reclaim: 0.0 ms]
      [Free CSet: 1.6 ms]
   [Eden: 491.0M(491.0M)->0.0B(45056.0K) Survivors: 5120.0K->7168.0K Heap: 645.8M(1024.0M)->157.2M(1024.0M)]
 [Times: user=0.05 sys=0.10, real=0.06 secs] 
2020-11-07T09:58:34.031+0800: 77969.903: [GC pause (G1 Evacuation Pause) (young), 0.0137486 secs]
   [Parallel Time: 13.1 ms, GC Workers: 8]
      [GC Worker Start (ms): Min: 77969903.6, Avg: 77969903.7, Max: 77969903.8, Diff: 0.2]
      [Ext Root Scanning (ms): Min: 0.3, Avg: 0.8, Max: 2.2, Diff: 1.9, Sum: 6.0]
      [Update RS (ms): Min: 0.0, Avg: 0.8, Max: 2.0, Diff: 2.0, Sum: 6.7]
         [Processed Buffers: Min: 0, Avg: 5.5, Max: 26, Diff: 26, Sum: 44]
      [Scan RS (ms): Min: 0.0, Avg: 0.0, Max: 0.0, Diff: 0.0, Sum: 0.0]
      [Code Root Scanning (ms): Min: 0.0, Avg: 0.0, Max: 0.0, Diff: 0.0, Sum: 0.0]
      [Object Copy (ms): Min: 10.3, Avg: 11.2, Max: 12.4, Diff: 2.1, Sum: 89.9]
      [Termination (ms): Min: 0.0, Avg: 0.0, Max: 0.1, Diff: 0.1, Sum: 0.4]
         [Termination Attempts: Min: 1, Avg: 1.6, Max: 3, Diff: 2, Sum: 13]
      [GC Worker Other (ms): Min: 0.0, Avg: 0.0, Max: 0.0, Diff: 0.0, Sum: 0.1]
      [GC Worker Total (ms): Min: 12.8, Avg: 12.9, Max: 13.0, Diff: 0.2, Sum: 103.2]
      [GC Worker End (ms): Min: 77969916.6, Avg: 77969916.6, Max: 77969916.6, Diff: 0.0]
   [Code Root Fixup: 0.0 ms]
   [Code Root Purge: 0.0 ms]
   [Clear CT: 0.1 ms]
   [Other: 0.5 ms]
      [Choose CSet: 0.0 ms]
      [Ref Proc: 0.2 ms]
      [Ref Enq: 0.0 ms]
      [Redirty Cards: 0.1 ms]
      [Humongous Register: 0.0 ms]
      [Humongous Reclaim: 0.0 ms]
      [Free CSet: 0.0 ms]
   [Eden: 45056.0K(45056.0K)->0.0B(46080.0K) Survivors: 7168.0K->6144.0K Heap: 201.2M(1024.0M)->156.1M(1024.0M)]
 [Times: user=0.03 sys=0.03, real=0.01 secs] 
2020-11-07T10:00:25.624+0800: 78081.496: [GC pause (G1 Evacuation Pause) (young), 0.0187619 secs]
   [Parallel Time: 16.6 ms, GC Workers: 8]
      [GC Worker Start (ms): Min: 78081496.0, Avg: 78081496.1, Max: 78081496.1, Diff: 0.1]
      [Ext Root Scanning (ms): Min: 0.2, Avg: 0.9, Max: 2.4, Diff: 2.1, Sum: 7.2]
      [Update RS (ms): Min: 0.0, Avg: 0.8, Max: 1.9, Diff: 1.9, Sum: 6.0]
         [Processed Buffers: Min: 0, Avg: 6.1, Max: 18, Diff: 18, Sum: 49]
      [Scan RS (ms): Min: 0.0, Avg: 0.0, Max: 0.0, Diff: 0.0, Sum: 0.0]
      [Code Root Scanning (ms): Min: 0.0, Avg: 0.0, Max: 0.0, Diff: 0.0, Sum: 0.0]
      [Object Copy (ms): Min: 12.2, Avg: 13.2, Max: 14.5, Diff: 2.3, Sum: 105.9]
      [Termination (ms): Min: 0.0, Avg: 0.6, Max: 1.9, Diff: 1.9, Sum: 4.9]
         [Termination Attempts: Min: 1, Avg: 1.8, Max: 4, Diff: 3, Sum: 14]
      [GC Worker Other (ms): Min: 0.0, Avg: 0.0, Max: 0.0, Diff: 0.0, Sum: 0.1]
      [GC Worker Total (ms): Min: 15.3, Avg: 15.5, Max: 16.5, Diff: 1.2, Sum: 124.2]
      [GC Worker End (ms): Min: 78081511.4, Avg: 78081511.6, Max: 78081512.6, Diff: 1.2]
   [Code Root Fixup: 0.0 ms]
   [Code Root Purge: 0.0 ms]
   [Clear CT: 0.1 ms]
   [Other: 2.0 ms]
      [Choose CSet: 0.0 ms]
      [Ref Proc: 1.6 ms]
      [Ref Enq: 0.0 ms]
      [Redirty Cards: 0.1 ms]
      [Humongous Register: 0.1 ms]
      [Humongous Reclaim: 0.0 ms]
      [Free CSet: 0.0 ms]
   [Eden: 46080.0K(46080.0K)->0.0B(45056.0K) Survivors: 6144.0K->7168.0K Heap: 201.1M(1024.0M)->157.6M(1024.0M)]
 [Times: user=0.05 sys=0.04, real=0.02 secs] 
2020-11-07T10:02:42.054+0800: 78217.925: [GC pause (G1 Evacuation Pause) (young), 0.0096663 secs]
   [Parallel Time: 8.3 ms, GC Workers: 8]
      [GC Worker Start (ms): Min: 78217925.3, Avg: 78217925.4, Max: 78217925.5, Diff: 0.2]
      [Ext Root Scanning (ms): Min: 0.3, Avg: 0.3, Max: 0.6, Diff: 0.4, Sum: 2.8]
      [Update RS (ms): Min: 1.4, Avg: 2.1, Max: 5.4, Diff: 4.0, Sum: 17.0]
         [Processed Buffers: Min: 1, Avg: 6.2, Max: 17, Diff: 16, Sum: 50]
      [Scan RS (ms): Min: 0.0, Avg: 0.0, Max: 0.0, Diff: 0.0, Sum: 0.1]
      [Code Root Scanning (ms): Min: 0.0, Avg: 0.0, Max: 0.0, Diff: 0.0, Sum: 0.0]
      [Object Copy (ms): Min: 1.4, Avg: 4.8, Max: 6.2, Diff: 4.7, Sum: 38.5]
      [Termination (ms): Min: 0.0, Avg: 0.7, Max: 1.0, Diff: 1.0, Sum: 6.0]
         [Termination Attempts: Min: 1, Avg: 2.2, Max: 4, Diff: 3, Sum: 18]
      [GC Worker Other (ms): Min: 0.0, Avg: 0.0, Max: 0.0, Diff: 0.0, Sum: 0.1]
      [GC Worker Total (ms): Min: 7.9, Avg: 8.0, Max: 8.3, Diff: 0.4, Sum: 64.4]
      [GC Worker End (ms): Min: 78217933.4, Avg: 78217933.5, Max: 78217933.6, Diff: 0.2]
   [Code Root Fixup: 0.0 ms]
   [Code Root Purge: 0.0 ms]
   [Clear CT: 0.2 ms]
   [Other: 1.1 ms]
      [Choose CSet: 0.0 ms]
      [Ref Proc: 0.6 ms]
      [Ref Enq: 0.0 ms]
      [Redirty Cards: 0.2 ms]
      [Humongous Register: 0.0 ms]
      [Humongous Reclaim: 0.0 ms]
      [Free CSet: 0.0 ms]
   [Eden: 45056.0K(45056.0K)->0.0B(45056.0K) Survivors: 7168.0K->7168.0K Heap: 201.6M(1024.0M)->158.1M(1024.0M)]
 [Times: user=0.04 sys=0.01, real=0.01 secs] 
2020-11-07T10:05:19.201+0800: 78375.071: [GC pause (G1 Evacuation Pause) (young), 0.0142197 secs]
   [Parallel Time: 11.9 ms, GC Workers: 8]
      [GC Worker Start (ms): Min: 78375071.3, Avg: 78375071.4, Max: 78375071.4, Diff: 0.1]
      [Ext Root Scanning (ms): Min: 0.4, Avg: 0.4, Max: 0.7, Diff: 0.3, Sum: 3.5]
      [Update RS (ms): Min: 0.0, Avg: 1.0, Max: 2.5, Diff: 2.5, Sum: 8.0]
         [Processed Buffers: Min: 0, Avg: 5.9, Max: 22, Diff: 22, Sum: 47]
      [Scan RS (ms): Min: 0.0, Avg: 0.0, Max: 0.0, Diff: 0.0, Sum: 0.1]
      [Code Root Scanning (ms): Min: 0.0, Avg: 0.0, Max: 0.0, Diff: 0.0, Sum: 0.0]
      [Object Copy (ms): Min: 2.9, Avg: 5.1, Max: 10.1, Diff: 7.3, Sum: 40.5]
      [Termination (ms): Min: 0.0, Avg: 5.2, Max: 6.0, Diff: 6.0, Sum: 41.5]
         [Termination Attempts: Min: 1, Avg: 3.2, Max: 5, Diff: 4, Sum: 26]
      [GC Worker Other (ms): Min: 0.0, Avg: 0.0, Max: 0.0, Diff: 0.0, Sum: 0.1]
      [GC Worker Total (ms): Min: 11.5, Avg: 11.7, Max: 11.8, Diff: 0.4, Sum: 93.7]
      [GC Worker End (ms): Min: 78375082.9, Avg: 78375083.1, Max: 78375083.2, Diff: 0.3]
   [Code Root Fixup: 0.0 ms]
   [Code Root Purge: 0.0 ms]
   [Clear CT: 0.1 ms]
   [Other: 2.2 ms]
      [Choose CSet: 0.0 ms]
      [Ref Proc: 1.6 ms]
      [Ref Enq: 0.0 ms]
      [Redirty Cards: 0.1 ms]
      [Humongous Register: 0.1 ms]
      [Humongous Reclaim: 0.0 ms]
      [Free CSet: 0.1 ms]
   [Eden: 45056.0K(45056.0K)->0.0B(153.0M) Survivors: 7168.0K->6144.0K Heap: 202.1M(1024.0M)->157.4M(1024.0M)]
 [Times: user=0.06 sys=0.00, real=0.01 secs] 
2020-11-07T10:11:56.293+0800: 78772.162: [GC pause (G1 Evacuation Pause) (young), 0.0187887 secs]
   [Parallel Time: 17.2 ms, GC Workers: 8]
      [GC Worker Start (ms): Min: 78772162.1, Avg: 78772162.2, Max: 78772162.3, Diff: 0.2]
      [Ext Root Scanning (ms): Min: 0.0, Avg: 0.3, Max: 0.7, Diff: 0.7, Sum: 2.6]
      [Update RS (ms): Min: 0.3, Avg: 1.0, Max: 1.6, Diff: 1.3, Sum: 8.0]
         [Processed Buffers: Min: 2, Avg: 6.2, Max: 12, Diff: 10, Sum: 50]
      [Scan RS (ms): Min: 0.0, Avg: 0.0, Max: 0.1, Diff: 0.1, Sum: 0.2]
      [Code Root Scanning (ms): Min: 0.0, Avg: 0.0, Max: 0.0, Diff: 0.0, Sum: 0.0]
      [Object Copy (ms): Min: 14.7, Avg: 15.0, Max: 15.2, Diff: 0.6, Sum: 120.1]
      [Termination (ms): Min: 0.0, Avg: 0.0, Max: 0.1, Diff: 0.1, Sum: 0.3]
         [Termination Attempts: Min: 1, Avg: 1.5, Max: 2, Diff: 1, Sum: 12]
      [GC Worker Other (ms): Min: 0.0, Avg: 0.7, Max: 1.5, Diff: 1.5, Sum: 5.2]
      [GC Worker Total (ms): Min: 17.0, Avg: 17.1, Max: 17.2, Diff: 0.2, Sum: 136.5]
      [GC Worker End (ms): Min: 78772179.3, Avg: 78772179.3, Max: 78772179.3, Diff: 0.0]
   [Code Root Fixup: 0.0 ms]
   [Code Root Purge: 0.0 ms]
   [Clear CT: 0.1 ms]
   [Other: 1.5 ms]
      [Choose CSet: 0.0 ms]
      [Ref Proc: 1.0 ms]
      [Ref Enq: 0.0 ms]
      [Redirty Cards: 0.1 ms]
      [Humongous Register: 0.0 ms]
      [Humongous Reclaim: 0.0 ms]
      [Free CSet: 0.2 ms]
   [Eden: 153.0M(153.0M)->0.0B(212.0M) Survivors: 6144.0K->8192.0K Heap: 310.4M(1024.0M)->158.9M(1024.0M)]
 [Times: user=0.03 sys=0.03, real=0.02 secs] 
2020-11-07T10:21:31.731+0800: 79347.598: [GC pause (G1 Evacuation Pause) (young), 0.0179571 secs]
   [Parallel Time: 16.2 ms, GC Workers: 8]
      [GC Worker Start (ms): Min: 79347598.5, Avg: 79347598.6, Max: 79347598.7, Diff: 0.2]
      [Ext Root Scanning (ms): Min: 1.0, Avg: 1.1, Max: 1.4, Diff: 0.4, Sum: 9.2]
      [Update RS (ms): Min: 1.1, Avg: 1.2, Max: 1.4, Diff: 0.3, Sum: 9.9]
         [Processed Buffers: Min: 1, Avg: 6.0, Max: 17, Diff: 16, Sum: 48]
      [Scan RS (ms): Min: 0.0, Avg: 0.0, Max: 0.1, Diff: 0.0, Sum: 0.2]
      [Code Root Scanning (ms): Min: 0.0, Avg: 0.0, Max: 0.0, Diff: 0.0, Sum: 0.0]
      [Object Copy (ms): Min: 13.5, Avg: 13.6, Max: 13.7, Diff: 0.3, Sum: 108.8]
      [Termination (ms): Min: 0.0, Avg: 0.0, Max: 0.1, Diff: 0.1, Sum: 0.3]
         [Termination Attempts: Min: 1, Avg: 1.6, Max: 3, Diff: 2, Sum: 13]
      [GC Worker Other (ms): Min: 0.0, Avg: 0.0, Max: 0.1, Diff: 0.0, Sum: 0.2]
      [GC Worker Total (ms): Min: 16.0, Avg: 16.1, Max: 16.2, Diff: 0.2, Sum: 128.7]
      [GC Worker End (ms): Min: 79347614.7, Avg: 79347614.7, Max: 79347614.7, Diff: 0.0]
   [Code Root Fixup: 0.0 ms]
   [Code Root Purge: 0.0 ms]
   [Clear CT: 0.1 ms]
   [Other: 1.6 ms]
      [Choose CSet: 0.0 ms]
      [Ref Proc: 0.4 ms]
      [Ref Enq: 0.0 ms]
      [Redirty Cards: 0.2 ms]
      [Humongous Register: 0.5 ms]
      [Humongous Reclaim: 0.0 ms]
      [Free CSet: 0.2 ms]
   [Eden: 212.0M(212.0M)->0.0B(219.0M) Survivors: 8192.0K->6144.0K Heap: 370.9M(1024.0M)->157.1M(1024.0M)]
 [Times: user=0.03 sys=0.04, real=0.02 secs] 
2020-11-07T10:30:42.319+0800: 79898.183: [GC pause (G1 Evacuation Pause) (young), 0.0102490 secs]
   [Parallel Time: 9.0 ms, GC Workers: 8]
      [GC Worker Start (ms): Min: 79898183.7, Avg: 79898183.8, Max: 79898183.9, Diff: 0.2]
      [Ext Root Scanning (ms): Min: 0.4, Avg: 0.6, Max: 1.0, Diff: 0.6, Sum: 4.7]
      [Update RS (ms): Min: 0.1, Avg: 1.0, Max: 1.9, Diff: 1.8, Sum: 7.9]
         [Processed Buffers: Min: 1, Avg: 6.2, Max: 13, Diff: 12, Sum: 50]
      [Scan RS (ms): Min: 0.0, Avg: 0.0, Max: 0.1, Diff: 0.1, Sum: 0.2]
      [Code Root Scanning (ms): Min: 0.0, Avg: 0.0, Max: 0.0, Diff: 0.0, Sum: 0.0]
      [Object Copy (ms): Min: 5.6, Avg: 6.6, Max: 7.6, Diff: 2.0, Sum: 52.4]
      [Termination (ms): Min: 0.0, Avg: 0.4, Max: 0.7, Diff: 0.7, Sum: 3.5]
         [Termination Attempts: Min: 1, Avg: 1.1, Max: 2, Diff: 1, Sum: 9]
      [GC Worker Other (ms): Min: 0.0, Avg: 0.0, Max: 0.0, Diff: 0.0, Sum: 0.2]
      [GC Worker Total (ms): Min: 8.5, Avg: 8.6, Max: 8.7, Diff: 0.2, Sum: 69.0]
      [GC Worker End (ms): Min: 79898192.4, Avg: 79898192.5, Max: 79898192.6, Diff: 0.3]
   [Code Root Fixup: 0.0 ms]
   [Code Root Purge: 0.0 ms]
   [Clear CT: 0.2 ms]
   [Other: 1.0 ms]
      [Choose CSet: 0.0 ms]
      [Ref Proc: 0.4 ms]
      [Ref Enq: 0.0 ms]
      [Redirty Cards: 0.1 ms]
      [Humongous Register: 0.1 ms]
      [Humongous Reclaim: 0.0 ms]
      [Free CSet: 0.2 ms]
   [Eden: 219.0M(219.0M)->0.0B(310.0M) Survivors: 6144.0K->5120.0K Heap: 376.1M(1024.0M)->156.4M(1024.0M)]
 [Times: user=0.04 sys=0.02, real=0.02 secs] 
2020-11-07T10:46:24.528+0800: 80840.388: [GC pause (G1 Evacuation Pause) (young), 0.0198655 secs]
   [Parallel Time: 16.4 ms, GC Workers: 8]
      [GC Worker Start (ms): Min: 80840390.5, Avg: 80840390.8, Max: 80840391.1, Diff: 0.6]
      [Ext Root Scanning (ms): Min: 1.9, Avg: 2.8, Max: 6.8, Diff: 4.9, Sum: 22.3]
      [Update RS (ms): Min: 0.0, Avg: 3.5, Max: 4.2, Diff: 4.2, Sum: 28.0]
         [Processed Buffers: Min: 0, Avg: 6.0, Max: 15, Diff: 15, Sum: 48]
      [Scan RS (ms): Min: 0.0, Avg: 0.0, Max: 0.1, Diff: 0.1, Sum: 0.3]
      [Code Root Scanning (ms): Min: 0.0, Avg: 0.0, Max: 0.0, Diff: 0.0, Sum: 0.0]
      [Object Copy (ms): Min: 8.5, Avg: 8.9, Max: 9.5, Diff: 1.0, Sum: 71.5]
      [Termination (ms): Min: 0.0, Avg: 0.6, Max: 0.8, Diff: 0.8, Sum: 4.7]
         [Termination Attempts: Min: 1, Avg: 1.2, Max: 2, Diff: 1, Sum: 10]
      [GC Worker Other (ms): Min: 0.0, Avg: 0.1, Max: 0.1, Diff: 0.1, Sum: 0.5]
      [GC Worker Total (ms): Min: 15.6, Avg: 15.9, Max: 16.2, Diff: 0.6, Sum: 127.2]
      [GC Worker End (ms): Min: 80840406.7, Avg: 80840406.7, Max: 80840406.7, Diff: 0.1]
   [Code Root Fixup: 0.0 ms]
   [Code Root Purge: 0.0 ms]
   [Clear CT: 0.1 ms]
   [Other: 3.3 ms]
      [Choose CSet: 0.0 ms]
      [Ref Proc: 0.3 ms]
      [Ref Enq: 0.0 ms]
      [Redirty Cards: 0.1 ms]
      [Humongous Register: 1.7 ms]
      [Humongous Reclaim: 0.0 ms]
      [Free CSet: 0.5 ms]
   [Eden: 310.0M(310.0M)->0.0B(332.0M) Survivors: 5120.0K->7168.0K Heap: 466.4M(1024.0M)->158.2M(1024.0M)]
 [Times: user=0.04 sys=0.06, real=0.02 secs] 
2020-11-07T11:03:15.434+0800: 81851.290: [GC pause (G1 Evacuation Pause) (young), 0.0138092 secs]
   [Parallel Time: 12.0 ms, GC Workers: 8]
      [GC Worker Start (ms): Min: 81851290.1, Avg: 81851290.2, Max: 81851290.3, Diff: 0.2]
      [Ext Root Scanning (ms): Min: 0.4, Avg: 0.5, Max: 0.7, Diff: 0.3, Sum: 3.8]
      [Update RS (ms): Min: 0.9, Avg: 1.2, Max: 2.9, Diff: 2.1, Sum: 9.5]
         [Processed Buffers: Min: 1, Avg: 6.1, Max: 14, Diff: 13, Sum: 49]
      [Scan RS (ms): Min: 0.0, Avg: 0.0, Max: 0.1, Diff: 0.1, Sum: 0.4]
      [Code Root Scanning (ms): Min: 0.0, Avg: 0.0, Max: 0.0, Diff: 0.0, Sum: 0.1]
      [Object Copy (ms): Min: 8.3, Avg: 10.0, Max: 10.3, Diff: 2.0, Sum: 79.8]
      [Termination (ms): Min: 0.0, Avg: 0.1, Max: 0.3, Diff: 0.3, Sum: 1.2]
         [Termination Attempts: Min: 1, Avg: 2.5, Max: 5, Diff: 4, Sum: 20]
      [GC Worker Other (ms): Min: 0.0, Avg: 0.0, Max: 0.0, Diff: 0.0, Sum: 0.1]
      [GC Worker Total (ms): Min: 11.7, Avg: 11.9, Max: 11.9, Diff: 0.2, Sum: 94.8]
      [GC Worker End (ms): Min: 81851302.0, Avg: 81851302.0, Max: 81851302.1, Diff: 0.1]
   [Code Root Fixup: 0.0 ms]
   [Code Root Purge: 0.0 ms]
   [Clear CT: 0.2 ms]
   [Other: 1.6 ms]
      [Choose CSet: 0.0 ms]
      [Ref Proc: 1.1 ms]
      [Ref Enq: 0.0 ms]
      [Redirty Cards: 0.1 ms]
      [Humongous Register: 0.1 ms]
      [Humongous Reclaim: 0.0 ms]
      [Free CSet: 0.1 ms]
   [Eden: 332.0M(332.0M)->0.0B(401.0M) Survivors: 7168.0K->5120.0K Heap: 490.2M(1024.0M)->156.4M(1024.0M)]
 [Times: user=0.03 sys=0.03, real=0.01 secs] 
2020-11-07T11:20:20.459+0800: 82876.310: [GC pause (G1 Evacuation Pause) (young), 0.0209266 secs]
   [Parallel Time: 17.2 ms, GC Workers: 8]
      [GC Worker Start (ms): Min: 82876312.5, Avg: 82876312.7, Max: 82876313.0, Diff: 0.5]
      [Ext Root Scanning (ms): Min: 2.0, Avg: 2.7, Max: 6.5, Diff: 4.5, Sum: 21.8]
      [Update RS (ms): Min: 1.1, Avg: 4.8, Max: 6.7, Diff: 5.6, Sum: 38.8]
         [Processed Buffers: Min: 1, Avg: 6.0, Max: 19, Diff: 18, Sum: 48]
      [Scan RS (ms): Min: 0.0, Avg: 0.0, Max: 0.1, Diff: 0.1, Sum: 0.4]
      [Code Root Scanning (ms): Min: 0.0, Avg: 0.0, Max: 0.0, Diff: 0.0, Sum: 0.1]
      [Object Copy (ms): Min: 7.8, Avg: 9.1, Max: 9.6, Diff: 1.8, Sum: 73.1]
      [Termination (ms): Min: 0.0, Avg: 0.0, Max: 0.1, Diff: 0.1, Sum: 0.3]
         [Termination Attempts: Min: 2, Avg: 4.8, Max: 7, Diff: 5, Sum: 38]
      [GC Worker Other (ms): Min: 0.0, Avg: 0.1, Max: 0.1, Diff: 0.1, Sum: 0.4]
      [GC Worker Total (ms): Min: 16.6, Avg: 16.9, Max: 17.1, Diff: 0.5, Sum: 134.9]
      [GC Worker End (ms): Min: 82876329.6, Avg: 82876329.6, Max: 82876329.6, Diff: 0.0]
   [Code Root Fixup: 0.0 ms]
   [Code Root Purge: 0.0 ms]
   [Clear CT: 0.2 ms]
   [Other: 3.4 ms]
      [Choose CSet: 0.0 ms]
      [Ref Proc: 0.4 ms]
      [Ref Enq: 0.0 ms]
      [Redirty Cards: 0.1 ms]
      [Humongous Register: 1.5 ms]
      [Humongous Reclaim: 0.0 ms]
      [Free CSet: 0.7 ms]
   [Eden: 401.0M(401.0M)->0.0B(360.0M) Survivors: 5120.0K->6144.0K Heap: 557.4M(1024.0M)->157.7M(1024.0M)]
 [Times: user=0.03 sys=0.06, real=0.03 secs] 
2020-11-07T11:39:32.001+0800: 84027.848: [GC pause (G1 Evacuation Pause) (young), 0.0076093 secs]
   [Parallel Time: 6.7 ms, GC Workers: 8]
      [GC Worker Start (ms): Min: 84027848.1, Avg: 84027848.1, Max: 84027848.2, Diff: 0.1]
      [Ext Root Scanning (ms): Min: 0.3, Avg: 1.1, Max: 5.9, Diff: 5.6, Sum: 8.5]
      [Update RS (ms): Min: 0.0, Avg: 1.5, Max: 6.1, Diff: 6.1, Sum: 11.9]
         [Processed Buffers: Min: 0, Avg: 6.4, Max: 19, Diff: 19, Sum: 51]
      [Scan RS (ms): Min: 0.0, Avg: 0.0, Max: 0.1, Diff: 0.1, Sum: 0.3]
      [Code Root Scanning (ms): Min: 0.0, Avg: 0.0, Max: 0.0, Diff: 0.0, Sum: 0.1]
      [Object Copy (ms): Min: 0.0, Avg: 2.2, Max: 2.9, Diff: 2.9, Sum: 17.5]
      [Termination (ms): Min: 0.0, Avg: 1.8, Max: 2.3, Diff: 2.3, Sum: 14.3]
         [Termination Attempts: Min: 1, Avg: 1.6, Max: 3, Diff: 2, Sum: 13]
      [GC Worker Other (ms): Min: 0.0, Avg: 0.0, Max: 0.0, Diff: 0.0, Sum: 0.2]
      [GC Worker Total (ms): Min: 6.5, Avg: 6.6, Max: 6.7, Diff: 0.1, Sum: 52.7]
      [GC Worker End (ms): Min: 84027854.7, Avg: 84027854.7, Max: 84027854.8, Diff: 0.1]
   [Code Root Fixup: 0.0 ms]
   [Code Root Purge: 0.0 ms]
   [Clear CT: 0.1 ms]
   [Other: 0.7 ms]
      [Choose CSet: 0.0 ms]
      [Ref Proc: 0.3 ms]
      [Ref Enq: 0.0 ms]
      [Redirty Cards: 0.1 ms]
      [Humongous Register: 0.0 ms]
      [Humongous Reclaim: 0.0 ms]
      [Free CSet: 0.1 ms]
   [Eden: 360.0M(360.0M)->0.0B(606.0M) Survivors: 6144.0K->8192.0K Heap: 517.7M(1024.0M)->159.4M(1024.0M)]
 [Times: user=0.04 sys=0.00, real=0.00 secs] 
2020-11-07T12:07:43.268+0800: 85719.109: [GC pause (G1 Evacuation Pause) (young), 0.0355415 secs]
   [Parallel Time: 31.9 ms, GC Workers: 8]
      [GC Worker Start (ms): Min: 85719108.7, Avg: 85719108.8, Max: 85719108.9, Diff: 0.2]
      [Ext Root Scanning (ms): Min: 0.1, Avg: 0.4, Max: 1.0, Diff: 0.9, Sum: 3.4]
      [Update RS (ms): Min: 0.2, Avg: 0.8, Max: 1.2, Diff: 1.0, Sum: 6.3]
         [Processed Buffers: Min: 1, Avg: 5.1, Max: 17, Diff: 16, Sum: 41]
      [Scan RS (ms): Min: 0.0, Avg: 0.1, Max: 0.2, Diff: 0.2, Sum: 0.6]
      [Code Root Scanning (ms): Min: 0.0, Avg: 0.0, Max: 0.0, Diff: 0.0, Sum: 0.1]
      [Object Copy (ms): Min: 29.4, Avg: 29.8, Max: 30.4, Diff: 1.1, Sum: 238.7]
      [Termination (ms): Min: 0.0, Avg: 0.3, Max: 0.5, Diff: 0.5, Sum: 2.2]
         [Termination Attempts: Min: 1, Avg: 1.9, Max: 4, Diff: 3, Sum: 15]
      [GC Worker Other (ms): Min: 0.0, Avg: 0.3, Max: 0.7, Diff: 0.7, Sum: 2.1]
      [GC Worker Total (ms): Min: 31.5, Avg: 31.7, Max: 31.8, Diff: 0.3, Sum: 253.3]
      [GC Worker End (ms): Min: 85719140.4, Avg: 85719140.5, Max: 85719140.6, Diff: 0.2]
   [Code Root Fixup: 0.0 ms]
   [Code Root Purge: 0.0 ms]
   [Clear CT: 0.2 ms]
   [Other: 3.4 ms]
      [Choose CSet: 0.0 ms]
      [Ref Proc: 2.4 ms]
      [Ref Enq: 0.0 ms]
      [Redirty Cards: 0.1 ms]
      [Humongous Register: 0.1 ms]
      [Humongous Reclaim: 0.0 ms]
      [Free CSet: 0.6 ms]
   [Eden: 606.0M(606.0M)->0.0B(64512.0K) Survivors: 8192.0K->5120.0K Heap: 765.4M(1024.0M)->156.3M(1024.0M)]
 [Times: user=0.03 sys=0.04, real=0.04 secs] 
2020-11-07T12:11:06.292+0800: 85922.132: [GC pause (G1 Evacuation Pause) (young), 0.0052611 secs]
   [Parallel Time: 3.8 ms, GC Workers: 8]
      [GC Worker Start (ms): Min: 85922131.7, Avg: 85922131.7, Max: 85922131.8, Diff: 0.1]
      [Ext Root Scanning (ms): Min: 0.2, Avg: 0.3, Max: 0.5, Diff: 0.3, Sum: 2.2]
      [Update RS (ms): Min: 0.3, Avg: 0.4, Max: 0.8, Diff: 0.5, Sum: 3.5]
         [Processed Buffers: Min: 1, Avg: 5.5, Max: 22, Diff: 21, Sum: 44]
      [Scan RS (ms): Min: 0.0, Avg: 0.0, Max: 0.0, Diff: 0.0, Sum: 0.1]
      [Code Root Scanning (ms): Min: 0.0, Avg: 0.0, Max: 0.0, Diff: 0.0, Sum: 0.0]
      [Object Copy (ms): Min: 2.4, Avg: 2.7, Max: 2.9, Diff: 0.4, Sum: 21.8]
      [Termination (ms): Min: 0.0, Avg: 0.1, Max: 0.2, Diff: 0.2, Sum: 1.0]
         [Termination Attempts: Min: 1, Avg: 1.0, Max: 1, Diff: 0, Sum: 8]
      [GC Worker Other (ms): Min: 0.0, Avg: 0.0, Max: 0.0, Diff: 0.0, Sum: 0.1]
      [GC Worker Total (ms): Min: 3.5, Avg: 3.6, Max: 3.7, Diff: 0.2, Sum: 28.7]
      [GC Worker End (ms): Min: 85922135.3, Avg: 85922135.3, Max: 85922135.4, Diff: 0.1]
   [Code Root Fixup: 0.0 ms]
   [Code Root Purge: 0.0 ms]
   [Clear CT: 0.1 ms]
   [Other: 1.4 ms]
      [Choose CSet: 0.0 ms]
      [Ref Proc: 1.0 ms]
      [Ref Enq: 0.0 ms]
      [Redirty Cards: 0.1 ms]
      [Humongous Register: 0.0 ms]
      [Humongous Reclaim: 0.0 ms]
      [Free CSet: 0.1 ms]
   [Eden: 64512.0K(64512.0K)->0.0B(219.0M) Survivors: 5120.0K->6144.0K Heap: 219.3M(1024.0M)->157.4M(1024.0M)]
 [Times: user=0.03 sys=0.00, real=0.01 secs] 
2020-11-07T12:20:13.844+0800: 86469.681: [GC pause (G1 Evacuation Pause) (young), 0.0067498 secs]
   [Parallel Time: 5.2 ms, GC Workers: 8]
      [GC Worker Start (ms): Min: 86469681.3, Avg: 86469681.4, Max: 86469681.4, Diff: 0.1]
      [Ext Root Scanning (ms): Min: 0.0, Avg: 0.6, Max: 1.5, Diff: 1.5, Sum: 5.0]
      [Update RS (ms): Min: 0.0, Avg: 0.7, Max: 1.5, Diff: 1.5, Sum: 5.4]
         [Processed Buffers: Min: 0, Avg: 5.8, Max: 17, Diff: 17, Sum: 46]
      [Scan RS (ms): Min: 0.0, Avg: 0.0, Max: 0.1, Diff: 0.1, Sum: 0.2]
      [Code Root Scanning (ms): Min: 0.0, Avg: 0.0, Max: 0.0, Diff: 0.0, Sum: 0.0]
      [Object Copy (ms): Min: 1.5, Avg: 2.4, Max: 2.6, Diff: 1.1, Sum: 19.1]
      [Termination (ms): Min: 0.0, Avg: 0.0, Max: 0.0, Diff: 0.0, Sum: 0.0]
         [Termination Attempts: Min: 1, Avg: 1.0, Max: 1, Diff: 0, Sum: 8]
      [GC Worker Other (ms): Min: 0.0, Avg: 0.5, Max: 1.3, Diff: 1.3, Sum: 4.3]
      [GC Worker Total (ms): Min: 3.8, Avg: 4.2, Max: 5.1, Diff: 1.3, Sum: 34.0]
      [GC Worker End (ms): Min: 86469685.2, Avg: 86469685.6, Max: 86469686.5, Diff: 1.3]
   [Code Root Fixup: 0.0 ms]
   [Code Root Purge: 0.0 ms]
   [Clear CT: 0.1 ms]
   [Other: 1.4 ms]
      [Choose CSet: 0.0 ms]
      [Ref Proc: 0.9 ms]
      [Ref Enq: 0.0 ms]
      [Redirty Cards: 0.1 ms]
      [Humongous Register: 0.0 ms]
      [Humongous Reclaim: 0.0 ms]
      [Free CSet: 0.1 ms]
   [Eden: 219.0M(219.0M)->0.0B(434.0M) Survivors: 6144.0K->8192.0K Heap: 376.4M(1024.0M)->159.5M(1024.0M)]
 [Times: user=0.03 sys=0.01, real=0.01 secs] 
2020-11-07T12:35:37.825+0800: 87393.659: [GC pause (G1 Evacuation Pause) (young), 0.0049341 secs]
   [Parallel Time: 3.9 ms, GC Workers: 8]
      [GC Worker Start (ms): Min: 87393658.8, Avg: 87393658.9, Max: 87393659.0, Diff: 0.2]
      [Ext Root Scanning (ms): Min: 0.2, Avg: 0.3, Max: 0.5, Diff: 0.4, Sum: 2.2]
      [Update RS (ms): Min: 0.2, Avg: 0.5, Max: 1.1, Diff: 0.9, Sum: 4.3]
         [Processed Buffers: Min: 1, Avg: 5.4, Max: 12, Diff: 11, Sum: 43]
      [Scan RS (ms): Min: 0.0, Avg: 0.1, Max: 0.1, Diff: 0.1, Sum: 0.4]
      [Code Root Scanning (ms): Min: 0.0, Avg: 0.0, Max: 0.0, Diff: 0.0, Sum: 0.1]
      [Object Copy (ms): Min: 2.3, Avg: 2.8, Max: 3.0, Diff: 0.7, Sum: 22.5]
      [Termination (ms): Min: 0.0, Avg: 0.0, Max: 0.0, Diff: 0.0, Sum: 0.0]
         [Termination Attempts: Min: 1, Avg: 1.0, Max: 1, Diff: 0, Sum: 8]
      [GC Worker Other (ms): Min: 0.0, Avg: 0.0, Max: 0.1, Diff: 0.1, Sum: 0.3]
      [GC Worker Total (ms): Min: 3.6, Avg: 3.7, Max: 3.8, Diff: 0.2, Sum: 29.8]
      [GC Worker End (ms): Min: 87393662.6, Avg: 87393662.7, Max: 87393662.7, Diff: 0.0]
   [Code Root Fixup: 0.0 ms]
   [Code Root Purge: 0.0 ms]
   [Clear CT: 0.2 ms]
   [Other: 0.8 ms]
      [Choose CSet: 0.0 ms]
      [Ref Proc: 0.3 ms]
      [Ref Enq: 0.0 ms]
      [Redirty Cards: 0.2 ms]
      [Humongous Register: 0.0 ms]
      [Humongous Reclaim: 0.0 ms]
      [Free CSet: 0.1 ms]
   [Eden: 434.0M(434.0M)->0.0B(609.0M) Survivors: 8192.0K->5120.0K Heap: 593.5M(1024.0M)->156.6M(1024.0M)]
 [Times: user=0.03 sys=0.00, real=0.01 secs] 
2020-11-07T12:59:02.418+0800: 88798.245: [GC pause (G1 Evacuation Pause) (young), 0.0593441 secs]
   [Parallel Time: 52.6 ms, GC Workers: 8]
      [GC Worker Start (ms): Min: 88798248.9, Avg: 88798249.1, Max: 88798249.3, Diff: 0.4]
      [Ext Root Scanning (ms): Min: 2.7, Avg: 3.8, Max: 6.6, Diff: 3.8, Sum: 30.2]
      [Update RS (ms): Min: 0.0, Avg: 1.5, Max: 2.6, Diff: 2.6, Sum: 12.2]
         [Processed Buffers: Min: 0, Avg: 5.5, Max: 18, Diff: 18, Sum: 44]
      [Scan RS (ms): Min: 0.0, Avg: 0.1, Max: 0.1, Diff: 0.1, Sum: 0.6]
      [Code Root Scanning (ms): Min: 0.0, Avg: 0.0, Max: 0.0, Diff: 0.0, Sum: 0.1]
      [Object Copy (ms): Min: 44.7, Avg: 45.6, Max: 46.5, Diff: 1.8, Sum: 364.8]
      [Termination (ms): Min: 0.0, Avg: 0.4, Max: 0.7, Diff: 0.7, Sum: 2.9]
         [Termination Attempts: Min: 1, Avg: 1.0, Max: 1, Diff: 0, Sum: 8]
      [GC Worker Other (ms): Min: 0.0, Avg: 0.6, Max: 1.2, Diff: 1.1, Sum: 4.7]
      [GC Worker Total (ms): Min: 51.7, Avg: 51.9, Max: 52.4, Diff: 0.7, Sum: 415.5]
      [GC Worker End (ms): Min: 88798300.9, Avg: 88798301.0, Max: 88798301.2, Diff: 0.3]
   [Code Root Fixup: 0.0 ms]
   [Code Root Purge: 0.0 ms]
   [Clear CT: 0.4 ms]
   [Other: 6.4 ms]
      [Choose CSet: 0.0 ms]
      [Ref Proc: 1.5 ms]
      [Ref Enq: 0.0 ms]
      [Redirty Cards: 0.1 ms]
      [Humongous Register: 0.9 ms]
      [Humongous Reclaim: 0.0 ms]
      [Free CSet: 1.0 ms]
   [Eden: 609.0M(609.0M)->0.0B(45056.0K) Survivors: 5120.0K->7168.0K Heap: 765.6M(1024.0M)->158.6M(1024.0M)]
 [Times: user=0.04 sys=0.11, real=0.06 secs] 
2020-11-07T13:00:51.947+0800: 88907.774: [GC pause (G1 Evacuation Pause) (young), 0.0123882 secs]
   [Parallel Time: 11.7 ms, GC Workers: 8]
      [GC Worker Start (ms): Min: 88907774.0, Avg: 88907774.1, Max: 88907774.2, Diff: 0.2]
      [Ext Root Scanning (ms): Min: 0.3, Avg: 0.4, Max: 0.6, Diff: 0.3, Sum: 3.5]
      [Update RS (ms): Min: 0.2, Avg: 0.3, Max: 0.6, Diff: 0.4, Sum: 2.8]
         [Processed Buffers: Min: 1, Avg: 5.4, Max: 13, Diff: 12, Sum: 43]
      [Scan RS (ms): Min: 0.0, Avg: 0.0, Max: 0.0, Diff: 0.0, Sum: 0.1]
      [Code Root Scanning (ms): Min: 0.0, Avg: 0.0, Max: 0.0, Diff: 0.0, Sum: 0.0]
      [Object Copy (ms): Min: 10.4, Avg: 10.7, Max: 10.8, Diff: 0.4, Sum: 85.3]
      [Termination (ms): Min: 0.0, Avg: 0.0, Max: 0.1, Diff: 0.1, Sum: 0.4]
         [Termination Attempts: Min: 1, Avg: 1.0, Max: 1, Diff: 0, Sum: 8]
      [GC Worker Other (ms): Min: 0.0, Avg: 0.0, Max: 0.0, Diff: 0.0, Sum: 0.1]
      [GC Worker Total (ms): Min: 11.4, Avg: 11.5, Max: 11.6, Diff: 0.2, Sum: 92.2]
      [GC Worker End (ms): Min: 88907785.6, Avg: 88907785.6, Max: 88907785.6, Diff: 0.0]
   [Code Root Fixup: 0.0 ms]
   [Code Root Purge: 0.0 ms]
   [Clear CT: 0.1 ms]
   [Other: 0.6 ms]
      [Choose CSet: 0.0 ms]
      [Ref Proc: 0.2 ms]
      [Ref Enq: 0.0 ms]
      [Redirty Cards: 0.1 ms]
      [Humongous Register: 0.0 ms]
      [Humongous Reclaim: 0.0 ms]
      [Free CSet: 0.1 ms]
   [Eden: 45056.0K(45056.0K)->0.0B(60416.0K) Survivors: 7168.0K->7168.0K Heap: 202.6M(1024.0M)->159.2M(1024.0M)]
 [Times: user=0.03 sys=0.04, real=0.01 secs] 
2020-11-07T13:03:18.756+0800: 89054.582: [GC pause (G1 Evacuation Pause) (young), 0.0187009 secs]
   [Parallel Time: 17.8 ms, GC Workers: 8]
      [GC Worker Start (ms): Min: 89054582.5, Avg: 89054582.7, Max: 89054582.8, Diff: 0.2]
      [Ext Root Scanning (ms): Min: 0.4, Avg: 0.5, Max: 0.7, Diff: 0.3, Sum: 4.4]
      [Update RS (ms): Min: 0.0, Avg: 0.4, Max: 0.6, Diff: 0.6, Sum: 3.1]
         [Processed Buffers: Min: 0, Avg: 5.2, Max: 10, Diff: 10, Sum: 42]
      [Scan RS (ms): Min: 0.0, Avg: 0.0, Max: 0.1, Diff: 0.1, Sum: 0.2]
      [Code Root Scanning (ms): Min: 0.0, Avg: 0.0, Max: 0.0, Diff: 0.0, Sum: 0.0]
      [Object Copy (ms): Min: 10.7, Avg: 11.6, Max: 16.3, Diff: 5.6, Sum: 92.5]
      [Termination (ms): Min: 0.0, Avg: 4.9, Max: 5.7, Diff: 5.7, Sum: 39.5]
         [Termination Attempts: Min: 1, Avg: 1.2, Max: 2, Diff: 1, Sum: 10]
      [GC Worker Other (ms): Min: 0.0, Avg: 0.0, Max: 0.0, Diff: 0.0, Sum: 0.1]
      [GC Worker Total (ms): Min: 17.3, Avg: 17.5, Max: 17.6, Diff: 0.2, Sum: 139.7]
      [GC Worker End (ms): Min: 89054600.1, Avg: 89054600.1, Max: 89054600.2, Diff: 0.1]
   [Code Root Fixup: 0.0 ms]
   [Code Root Purge: 0.0 ms]
   [Clear CT: 0.1 ms]
   [Other: 0.8 ms]
      [Choose CSet: 0.0 ms]
      [Ref Proc: 0.2 ms]
      [Ref Enq: 0.0 ms]
      [Redirty Cards: 0.2 ms]
      [Humongous Register: 0.0 ms]
      [Humongous Reclaim: 0.0 ms]
      [Free CSet: 0.1 ms]
   [Eden: 60416.0K(60416.0K)->0.0B(149.0M) Survivors: 7168.0K->9216.0K Heap: 218.2M(1024.0M)->160.6M(1024.0M)]
 [Times: user=0.07 sys=0.03, real=0.02 secs] 
2020-11-07T13:09:28.616+0800: 89424.441: [GC pause (G1 Evacuation Pause) (young), 0.0134932 secs]
   [Parallel Time: 11.9 ms, GC Workers: 8]
      [GC Worker Start (ms): Min: 89424441.3, Avg: 89424441.3, Max: 89424441.5, Diff: 0.2]
      [Ext Root Scanning (ms): Min: 0.1, Avg: 0.3, Max: 0.6, Diff: 0.5, Sum: 2.5]
      [Update RS (ms): Min: 0.1, Avg: 0.3, Max: 0.5, Diff: 0.3, Sum: 2.3]
         [Processed Buffers: Min: 1, Avg: 5.4, Max: 8, Diff: 7, Sum: 43]
      [Scan RS (ms): Min: 0.0, Avg: 0.0, Max: 0.0, Diff: 0.0, Sum: 0.2]
      [Code Root Scanning (ms): Min: 0.0, Avg: 0.0, Max: 0.0, Diff: 0.0, Sum: 0.0]
      [Object Copy (ms): Min: 11.0, Avg: 11.1, Max: 11.2, Diff: 0.2, Sum: 88.5]
      [Termination (ms): Min: 0.0, Avg: 0.1, Max: 0.1, Diff: 0.1, Sum: 0.5]
         [Termination Attempts: Min: 2, Avg: 2.5, Max: 4, Diff: 2, Sum: 20]
      [GC Worker Other (ms): Min: 0.0, Avg: 0.0, Max: 0.1, Diff: 0.1, Sum: 0.3]
      [GC Worker Total (ms): Min: 11.7, Avg: 11.8, Max: 11.9, Diff: 0.2, Sum: 94.3]
      [GC Worker End (ms): Min: 89424453.1, Avg: 89424453.1, Max: 89424453.2, Diff: 0.0]
   [Code Root Fixup: 0.0 ms]
   [Code Root Purge: 0.0 ms]
   [Clear CT: 0.2 ms]
   [Other: 1.4 ms]
      [Choose CSet: 0.0 ms]
      [Ref Proc: 1.0 ms]
      [Ref Enq: 0.0 ms]
      [Redirty Cards: 0.1 ms]
      [Humongous Register: 0.0 ms]
      [Humongous Reclaim: 0.0 ms]
      [Free CSet: 0.1 ms]
   [Eden: 149.0M(149.0M)->0.0B(279.0M) Survivors: 9216.0K->6144.0K Heap: 309.6M(1024.0M)->157.7M(1024.0M)]
 [Times: user=0.03 sys=0.04, real=0.02 secs] 
2020-11-07T13:20:54.869+0800: 90110.691: [GC pause (G1 Evacuation Pause) (young), 0.0074580 secs]
   [Parallel Time: 6.5 ms, GC Workers: 8]
      [GC Worker Start (ms): Min: 90110691.7, Avg: 90110691.8, Max: 90110692.0, Diff: 0.3]
      [Ext Root Scanning (ms): Min: 0.0, Avg: 0.5, Max: 0.7, Diff: 0.7, Sum: 3.6]
      [Update RS (ms): Min: 0.0, Avg: 0.3, Max: 0.5, Diff: 0.5, Sum: 2.6]
         [Processed Buffers: Min: 0, Avg: 5.5, Max: 14, Diff: 14, Sum: 44]
      [Scan RS (ms): Min: 0.0, Avg: 0.1, Max: 0.3, Diff: 0.3, Sum: 0.7]
      [Code Root Scanning (ms): Min: 0.0, Avg: 0.3, Max: 2.5, Diff: 2.5, Sum: 2.6]
      [Object Copy (ms): Min: 0.0, Avg: 3.0, Max: 3.9, Diff: 3.9, Sum: 24.4]
      [Termination (ms): Min: 0.0, Avg: 1.2, Max: 1.4, Diff: 1.4, Sum: 9.2]
         [Termination Attempts: Min: 1, Avg: 1.0, Max: 1, Diff: 0, Sum: 8]
      [GC Worker Other (ms): Min: 0.0, Avg: 0.8, Max: 6.0, Diff: 6.0, Sum: 6.2]
      [GC Worker Total (ms): Min: 6.1, Avg: 6.2, Max: 6.3, Diff: 0.3, Sum: 49.4]
      [GC Worker End (ms): Min: 90110697.9, Avg: 90110698.0, Max: 90110698.1, Diff: 0.2]
   [Code Root Fixup: 0.0 ms]
   [Code Root Purge: 0.0 ms]
   [Clear CT: 0.1 ms]
   [Other: 0.8 ms]
      [Choose CSet: 0.0 ms]
      [Ref Proc: 0.3 ms]
      [Ref Enq: 0.0 ms]
      [Redirty Cards: 0.1 ms]
      [Humongous Register: 0.1 ms]
      [Humongous Reclaim: 0.0 ms]
      [Free CSet: 0.1 ms]
   [Eden: 279.0M(279.0M)->0.0B(607.0M) Survivors: 6144.0K->7168.0K Heap: 436.7M(1024.0M)->159.0M(1024.0M)]
 [Times: user=0.04 sys=0.00, real=0.01 secs] 
2020-11-07T13:46:16.369+0800: 91632.184: [GC pause (G1 Evacuation Pause) (young), 0.5345270 secs]
   [Parallel Time: 522.8 ms, GC Workers: 8]
      [GC Worker Start (ms): Min: 91632189.6, Avg: 91632189.8, Max: 91632190.1, Diff: 0.5]
      [Ext Root Scanning (ms): Min: 2.6, Avg: 6.0, Max: 19.9, Diff: 17.3, Sum: 48.1]
      [Update RS (ms): Min: 0.0, Avg: 3.0, Max: 4.2, Diff: 4.2, Sum: 24.0]
         [Processed Buffers: Min: 0, Avg: 5.4, Max: 18, Diff: 18, Sum: 43]
      [Scan RS (ms): Min: 0.0, Avg: 0.1, Max: 0.2, Diff: 0.2, Sum: 0.7]
      [Code Root Scanning (ms): Min: 0.0, Avg: 0.0, Max: 0.1, Diff: 0.1, Sum: 0.1]
      [Object Copy (ms): Min: 333.8, Avg: 421.4, Max: 513.2, Diff: 179.4, Sum: 3370.9]
      [Termination (ms): Min: 0.0, Avg: 90.9, Max: 179.6, Diff: 179.6, Sum: 727.1]
         [Termination Attempts: Min: 1, Avg: 1.2, Max: 2, Diff: 1, Sum: 10]
      [GC Worker Other (ms): Min: 0.0, Avg: 0.5, Max: 2.5, Diff: 2.5, Sum: 3.9]
      [GC Worker Total (ms): Min: 521.5, Avg: 521.9, Max: 522.3, Diff: 0.8, Sum: 4174.8]
      [GC Worker End (ms): Min: 91632711.5, Avg: 91632711.7, Max: 91632712.2, Diff: 0.7]
   [Code Root Fixup: 0.0 ms]
   [Code Root Purge: 0.0 ms]
   [Clear CT: 0.5 ms]
   [Other: 11.1 ms]
      [Choose CSet: 0.0 ms]
      [Ref Proc: 4.8 ms]
      [Ref Enq: 0.0 ms]
      [Redirty Cards: 0.2 ms]
      [Humongous Register: 0.9 ms]
      [Humongous Reclaim: 0.0 ms]
      [Free CSet: 0.9 ms]
   [Eden: 607.0M(607.0M)->0.0B(45056.0K) Survivors: 7168.0K->7168.0K Heap: 766.0M(1024.0M)->159.1M(1024.0M)]
 [Times: user=0.77 sys=0.30, real=0.54 secs] 
2020-11-07T13:48:06.752+0800: 91742.567: [GC pause (G1 Evacuation Pause) (young), 0.0124314 secs]
   [Parallel Time: 11.8 ms, GC Workers: 8]
      [GC Worker Start (ms): Min: 91742567.5, Avg: 91742567.6, Max: 91742567.6, Diff: 0.2]
      [Ext Root Scanning (ms): Min: 1.2, Avg: 1.4, Max: 1.7, Diff: 0.5, Sum: 11.2]
      [Update RS (ms): Min: 0.0, Avg: 0.3, Max: 0.8, Diff: 0.8, Sum: 2.2]
         [Processed Buffers: Min: 0, Avg: 5.1, Max: 20, Diff: 20, Sum: 41]
      [Scan RS (ms): Min: 0.0, Avg: 0.0, Max: 0.0, Diff: 0.0, Sum: 0.1]
      [Code Root Scanning (ms): Min: 0.0, Avg: 0.0, Max: 0.0, Diff: 0.0, Sum: 0.0]
      [Object Copy (ms): Min: 9.0, Avg: 9.5, Max: 10.1, Diff: 1.1, Sum: 75.8]
      [Termination (ms): Min: 0.0, Avg: 0.4, Max: 0.5, Diff: 0.5, Sum: 3.3]
         [Termination Attempts: Min: 1, Avg: 1.0, Max: 1, Diff: 0, Sum: 8]
      [GC Worker Other (ms): Min: 0.0, Avg: 0.0, Max: 0.0, Diff: 0.0, Sum: 0.1]
      [GC Worker Total (ms): Min: 11.5, Avg: 11.6, Max: 11.7, Diff: 0.2, Sum: 92.7]
      [GC Worker End (ms): Min: 91742579.1, Avg: 91742579.2, Max: 91742579.2, Diff: 0.0]
   [Code Root Fixup: 0.0 ms]
   [Code Root Purge: 0.0 ms]
   [Clear CT: 0.1 ms]
   [Other: 0.6 ms]
      [Choose CSet: 0.0 ms]
      [Ref Proc: 0.2 ms]
      [Ref Enq: 0.0 ms]
      [Redirty Cards: 0.1 ms]
      [Humongous Register: 0.0 ms]
      [Humongous Reclaim: 0.0 ms]
      [Free CSet: 0.1 ms]
   [Eden: 45056.0K(45056.0K)->0.0B(47104.0K) Survivors: 7168.0K->5120.0K Heap: 203.1M(1024.0M)->156.9M(1024.0M)]
 [Times: user=0.03 sys=0.03, real=0.01 secs] 
2020-11-07T13:50:01.582+0800: 91857.397: [GC pause (G1 Evacuation Pause) (young), 0.0113409 secs]
   [Parallel Time: 10.4 ms, GC Workers: 8]
      [GC Worker Start (ms): Min: 91857396.8, Avg: 91857396.8, Max: 91857396.9, Diff: 0.2]
      [Ext Root Scanning (ms): Min: 0.3, Avg: 0.4, Max: 0.6, Diff: 0.4, Sum: 3.2]
      [Update RS (ms): Min: 0.5, Avg: 0.6, Max: 0.9, Diff: 0.4, Sum: 4.8]
         [Processed Buffers: Min: 1, Avg: 5.4, Max: 13, Diff: 12, Sum: 43]
      [Scan RS (ms): Min: 0.0, Avg: 0.0, Max: 0.0, Diff: 0.0, Sum: 0.1]
      [Code Root Scanning (ms): Min: 0.0, Avg: 0.0, Max: 0.0, Diff: 0.0, Sum: 0.0]
      [Object Copy (ms): Min: 8.9, Avg: 9.1, Max: 9.3, Diff: 0.4, Sum: 72.9]
      [Termination (ms): Min: 0.0, Avg: 0.1, Max: 0.1, Diff: 0.1, Sum: 0.4]
         [Termination Attempts: Min: 1, Avg: 2.8, Max: 4, Diff: 3, Sum: 22]
      [GC Worker Other (ms): Min: 0.0, Avg: 0.0, Max: 0.0, Diff: 0.0, Sum: 0.2]
      [GC Worker Total (ms): Min: 10.2, Avg: 10.2, Max: 10.3, Diff: 0.1, Sum: 81.7]
      [GC Worker End (ms): Min: 91857407.0, Avg: 91857407.1, Max: 91857407.1, Diff: 0.0]
   [Code Root Fixup: 0.0 ms]
   [Code Root Purge: 0.0 ms]
   [Clear CT: 0.2 ms]
   [Other: 0.8 ms]
      [Choose CSet: 0.0 ms]
      [Ref Proc: 0.2 ms]
      [Ref Enq: 0.0 ms]
      [Redirty Cards: 0.2 ms]
      [Humongous Register: 0.0 ms]
      [Humongous Reclaim: 0.0 ms]
      [Free CSet: 0.1 ms]
   [Eden: 47104.0K(47104.0K)->0.0B(45056.0K) Survivors: 5120.0K->7168.0K Heap: 202.9M(1024.0M)->159.5M(1024.0M)]
 [Times: user=0.03 sys=0.03, real=0.01 secs] 
2020-11-07T13:51:51.209+0800: 91967.023: [GC pause (G1 Evacuation Pause) (young), 0.0061292 secs]
   [Parallel Time: 5.2 ms, GC Workers: 8]
      [GC Worker Start (ms): Min: 91967023.4, Avg: 91967023.4, Max: 91967023.5, Diff: 0.1]
      [Ext Root Scanning (ms): Min: 0.3, Avg: 0.5, Max: 1.6, Diff: 1.3, Sum: 4.1]
      [Update RS (ms): Min: 0.0, Avg: 0.4, Max: 0.5, Diff: 0.5, Sum: 3.1]
         [Processed Buffers: Min: 0, Avg: 5.2, Max: 15, Diff: 15, Sum: 42]
      [Scan RS (ms): Min: 0.0, Avg: 0.0, Max: 0.0, Diff: 0.0, Sum: 0.1]
      [Code Root Scanning (ms): Min: 0.0, Avg: 0.0, Max: 0.0, Diff: 0.0, Sum: 0.0]
      [Object Copy (ms): Min: 3.3, Avg: 3.9, Max: 4.2, Diff: 0.9, Sum: 31.4]
      [Termination (ms): Min: 0.0, Avg: 0.2, Max: 0.3, Diff: 0.3, Sum: 1.6]
         [Termination Attempts: Min: 1, Avg: 1.1, Max: 2, Diff: 1, Sum: 9]
      [GC Worker Other (ms): Min: 0.0, Avg: 0.0, Max: 0.0, Diff: 0.0, Sum: 0.1]
      [GC Worker Total (ms): Min: 5.0, Avg: 5.0, Max: 5.1, Diff: 0.2, Sum: 40.3]
      [GC Worker End (ms): Min: 91967028.5, Avg: 91967028.5, Max: 91967028.5, Diff: 0.0]
   [Code Root Fixup: 0.0 ms]
   [Code Root Purge: 0.0 ms]
   [Clear CT: 0.2 ms]
   [Other: 0.7 ms]
      [Choose CSet: 0.0 ms]
      [Ref Proc: 0.2 ms]
      [Ref Enq: 0.0 ms]
      [Redirty Cards: 0.2 ms]
      [Humongous Register: 0.0 ms]
      [Humongous Reclaim: 0.0 ms]
      [Free CSet: 0.1 ms]
   [Eden: 45056.0K(45056.0K)->0.0B(47104.0K) Survivors: 7168.0K->5120.0K Heap: 203.5M(1024.0M)->157.1M(1024.0M)]
 [Times: user=0.03 sys=0.01, real=0.01 secs] 
2020-11-07T13:53:45.613+0800: 92081.427: [GC pause (G1 Evacuation Pause) (young), 0.0038865 secs]
   [Parallel Time: 3.2 ms, GC Workers: 8]
      [GC Worker Start (ms): Min: 92081427.1, Avg: 92081427.2, Max: 92081427.3, Diff: 0.2]
      [Ext Root Scanning (ms): Min: 0.3, Avg: 0.3, Max: 0.6, Diff: 0.3, Sum: 2.7]
      [Update RS (ms): Min: 0.2, Avg: 0.3, Max: 0.4, Diff: 0.2, Sum: 2.7]
         [Processed Buffers: Min: 1, Avg: 5.0, Max: 10, Diff: 9, Sum: 40]
      [Scan RS (ms): Min: 0.0, Avg: 0.0, Max: 0.0, Diff: 0.0, Sum: 0.1]
      [Code Root Scanning (ms): Min: 0.0, Avg: 0.0, Max: 0.0, Diff: 0.0, Sum: 0.0]
      [Object Copy (ms): Min: 2.3, Avg: 2.3, Max: 2.4, Diff: 0.1, Sum: 18.4]
      [Termination (ms): Min: 0.0, Avg: 0.0, Max: 0.0, Diff: 0.0, Sum: 0.0]
         [Termination Attempts: Min: 1, Avg: 1.5, Max: 2, Diff: 1, Sum: 12]
      [GC Worker Other (ms): Min: 0.0, Avg: 0.0, Max: 0.0, Diff: 0.0, Sum: 0.1]
      [GC Worker Total (ms): Min: 2.9, Avg: 3.0, Max: 3.1, Diff: 0.2, Sum: 24.1]
      [GC Worker End (ms): Min: 92081430.2, Avg: 92081430.2, Max: 92081430.2, Diff: 0.0]
   [Code Root Fixup: 0.0 ms]
   [Code Root Purge: 0.0 ms]
   [Clear CT: 0.1 ms]
   [Other: 0.6 ms]
      [Choose CSet: 0.0 ms]
      [Ref Proc: 0.2 ms]
      [Ref Enq: 0.0 ms]
      [Redirty Cards: 0.1 ms]
      [Humongous Register: 0.0 ms]
      [Humongous Reclaim: 0.0 ms]
      [Free CSet: 0.0 ms]
   [Eden: 47104.0K(47104.0K)->0.0B(47104.0K) Survivors: 5120.0K->5120.0K Heap: 203.1M(1024.0M)->156.8M(1024.0M)]
 [Times: user=0.02 sys=0.00, real=0.00 secs] 
2020-11-07T13:55:40.172+0800: 92195.985: [GC pause (G1 Evacuation Pause) (young), 0.0085458 secs]
   [Parallel Time: 7.4 ms, GC Workers: 8]
      [GC Worker Start (ms): Min: 92195984.9, Avg: 92195985.0, Max: 92195985.1, Diff: 0.1]
      [Ext Root Scanning (ms): Min: 0.2, Avg: 0.3, Max: 0.6, Diff: 0.4, Sum: 2.8]
      [Update RS (ms): Min: 0.0, Avg: 0.3, Max: 0.6, Diff: 0.6, Sum: 2.7]
         [Processed Buffers: Min: 0, Avg: 5.0, Max: 11, Diff: 11, Sum: 40]
      [Scan RS (ms): Min: 0.0, Avg: 0.0, Max: 0.0, Diff: 0.0, Sum: 0.1]
      [Code Root Scanning (ms): Min: 0.0, Avg: 0.0, Max: 0.0, Diff: 0.0, Sum: 0.0]
      [Object Copy (ms): Min: 6.4, Avg: 6.5, Max: 6.9, Diff: 0.5, Sum: 52.1]
      [Termination (ms): Min: 0.0, Avg: 0.0, Max: 0.0, Diff: 0.0, Sum: 0.1]
         [Termination Attempts: Min: 1, Avg: 1.0, Max: 1, Diff: 0, Sum: 8]
      [GC Worker Other (ms): Min: 0.0, Avg: 0.0, Max: 0.0, Diff: 0.0, Sum: 0.1]
      [GC Worker Total (ms): Min: 7.2, Avg: 7.2, Max: 7.3, Diff: 0.1, Sum: 57.8]
      [GC Worker End (ms): Min: 92195992.2, Avg: 92195992.2, Max: 92195992.2, Diff: 0.0]
   [Code Root Fixup: 0.0 ms]
   [Code Root Purge: 0.0 ms]
   [Clear CT: 0.2 ms]
   [Other: 0.9 ms]
      [Choose CSet: 0.0 ms]
      [Ref Proc: 0.4 ms]
      [Ref Enq: 0.0 ms]
      [Redirty Cards: 0.2 ms]
      [Humongous Register: 0.0 ms]
      [Humongous Reclaim: 0.0 ms]
      [Free CSet: 0.1 ms]
   [Eden: 47104.0K(47104.0K)->0.0B(47104.0K) Survivors: 5120.0K->5120.0K Heap: 202.8M(1024.0M)->157.4M(1024.0M)]
 [Times: user=0.03 sys=0.01, real=0.01 secs] 
2020-11-07T13:57:35.687+0800: 92311.499: [GC pause (G1 Evacuation Pause) (young), 0.0227273 secs]
   [Parallel Time: 19.2 ms, GC Workers: 8]
      [GC Worker Start (ms): Min: 92311501.7, Avg: 92311501.8, Max: 92311502.0, Diff: 0.3]
      [Ext Root Scanning (ms): Min: 2.3, Avg: 3.2, Max: 8.3, Diff: 6.0, Sum: 25.9]
      [Update RS (ms): Min: 0.0, Avg: 2.3, Max: 3.1, Diff: 3.1, Sum: 18.1]
         [Processed Buffers: Min: 0, Avg: 5.4, Max: 22, Diff: 22, Sum: 43]
      [Scan RS (ms): Min: 0.0, Avg: 0.0, Max: 0.0, Diff: 0.0, Sum: 0.0]
      [Code Root Scanning (ms): Min: 0.0, Avg: 0.0, Max: 0.1, Diff: 0.1, Sum: 0.1]
      [Object Copy (ms): Min: 9.4, Avg: 11.9, Max: 13.0, Diff: 3.6, Sum: 95.1]
      [Termination (ms): Min: 0.0, Avg: 1.1, Max: 1.2, Diff: 1.2, Sum: 8.5]
         [Termination Attempts: Min: 1, Avg: 1.6, Max: 3, Diff: 2, Sum: 13]
      [GC Worker Other (ms): Min: 0.0, Avg: 0.4, Max: 0.6, Diff: 0.6, Sum: 3.1]
      [GC Worker Total (ms): Min: 18.6, Avg: 18.8, Max: 19.0, Diff: 0.4, Sum: 150.8]
      [GC Worker End (ms): Min: 92311520.5, Avg: 92311520.7, Max: 92311520.7, Diff: 0.2]
   [Code Root Fixup: 0.0 ms]
   [Code Root Purge: 0.0 ms]
   [Clear CT: 0.1 ms]
   [Other: 3.5 ms]
      [Choose CSet: 0.0 ms]
      [Ref Proc: 0.2 ms]
      [Ref Enq: 0.0 ms]
      [Redirty Cards: 0.2 ms]
      [Humongous Register: 1.9 ms]
      [Humongous Reclaim: 0.0 ms]
      [Free CSet: 0.4 ms]
   [Eden: 47104.0K(47104.0K)->0.0B(46080.0K) Survivors: 5120.0K->6144.0K Heap: 203.4M(1024.0M)->157.7M(1024.0M)]
 [Times: user=0.04 sys=0.06, real=0.03 secs] 
2020-11-07T13:59:28.257+0800: 92424.069: [GC pause (G1 Evacuation Pause) (young), 0.0088843 secs]
   [Parallel Time: 7.9 ms, GC Workers: 8]
      [GC Worker Start (ms): Min: 92424068.9, Avg: 92424069.0, Max: 92424069.1, Diff: 0.2]
      [Ext Root Scanning (ms): Min: 0.4, Avg: 1.4, Max: 7.4, Diff: 7.0, Sum: 10.8]
      [Update RS (ms): Min: 0.0, Avg: 0.3, Max: 0.5, Diff: 0.5, Sum: 2.6]
         [Processed Buffers: Min: 0, Avg: 5.2, Max: 14, Diff: 14, Sum: 42]
      [Scan RS (ms): Min: 0.0, Avg: 0.0, Max: 0.0, Diff: 0.0, Sum: 0.1]
      [Code Root Scanning (ms): Min: 0.0, Avg: 0.0, Max: 0.0, Diff: 0.0, Sum: 0.0]
      [Object Copy (ms): Min: 0.0, Avg: 3.7, Max: 6.1, Diff: 6.1, Sum: 29.7]
      [Termination (ms): Min: 0.0, Avg: 2.2, Max: 4.3, Diff: 4.3, Sum: 17.9]
         [Termination Attempts: Min: 1, Avg: 1.0, Max: 1, Diff: 0, Sum: 8]
      [GC Worker Other (ms): Min: 0.0, Avg: 0.0, Max: 0.0, Diff: 0.0, Sum: 0.1]
      [GC Worker Total (ms): Min: 7.5, Avg: 7.7, Max: 7.9, Diff: 0.4, Sum: 61.3]
      [GC Worker End (ms): Min: 92424076.5, Avg: 92424076.6, Max: 92424076.7, Diff: 0.2]
   [Code Root Fixup: 0.0 ms]
   [Code Root Purge: 0.0 ms]
   [Clear CT: 0.2 ms]
   [Other: 0.8 ms]
      [Choose CSet: 0.0 ms]
      [Ref Proc: 0.4 ms]
      [Ref Enq: 0.0 ms]
      [Redirty Cards: 0.1 ms]
      [Humongous Register: 0.0 ms]
      [Humongous Reclaim: 0.0 ms]
      [Free CSet: 0.1 ms]
   [Eden: 46080.0K(46080.0K)->0.0B(46080.0K) Survivors: 6144.0K->6144.0K Heap: 202.7M(1024.0M)->158.3M(1024.0M)]
 [Times: user=0.03 sys=0.00, real=0.01 secs] 
2020-11-07T14:01:19.904+0800: 92535.715: [GC pause (G1 Evacuation Pause) (young), 0.0078457 secs]
   [Parallel Time: 7.1 ms, GC Workers: 8]
      [GC Worker Start (ms): Min: 92535715.3, Avg: 92535715.4, Max: 92535715.5, Diff: 0.2]
      [Ext Root Scanning (ms): Min: 0.4, Avg: 1.2, Max: 6.0, Diff: 5.6, Sum: 9.2]
      [Update RS (ms): Min: 0.0, Avg: 0.3, Max: 0.5, Diff: 0.5, Sum: 2.5]
         [Processed Buffers: Min: 0, Avg: 5.1, Max: 16, Diff: 16, Sum: 41]
      [Scan RS (ms): Min: 0.0, Avg: 0.0, Max: 0.0, Diff: 0.0, Sum: 0.0]
      [Code Root Scanning (ms): Min: 0.0, Avg: 0.0, Max: 0.0, Diff: 0.0, Sum: 0.0]
      [Object Copy (ms): Min: 0.0, Avg: 4.1, Max: 5.9, Diff: 5.9, Sum: 32.6]
      [Termination (ms): Min: 0.0, Avg: 1.3, Max: 3.7, Diff: 3.7, Sum: 10.6]
         [Termination Attempts: Min: 1, Avg: 1.0, Max: 1, Diff: 0, Sum: 8]
      [GC Worker Other (ms): Min: 0.0, Avg: 0.0, Max: 0.0, Diff: 0.0, Sum: 0.1]
      [GC Worker Total (ms): Min: 6.7, Avg: 6.9, Max: 6.9, Diff: 0.2, Sum: 55.0]
      [GC Worker End (ms): Min: 92535722.2, Avg: 92535722.3, Max: 92535722.4, Diff: 0.2]
   [Code Root Fixup: 0.0 ms]
   [Code Root Purge: 0.0 ms]
   [Clear CT: 0.1 ms]
   [Other: 0.6 ms]
      [Choose CSet: 0.0 ms]
      [Ref Proc: 0.2 ms]
      [Ref Enq: 0.0 ms]
      [Redirty Cards: 0.1 ms]
      [Humongous Register: 0.0 ms]
      [Humongous Reclaim: 0.0 ms]
      [Free CSet: 0.0 ms]
   [Eden: 46080.0K(46080.0K)->0.0B(48128.0K) Survivors: 6144.0K->4096.0K Heap: 203.3M(1024.0M)->156.2M(1024.0M)]
 [Times: user=0.03 sys=0.00, real=0.01 secs] 
2020-11-07T14:03:17.021+0800: 92652.831: [GC pause (G1 Evacuation Pause) (young), 0.0073464 secs]
   [Parallel Time: 6.6 ms, GC Workers: 8]
      [GC Worker Start (ms): Min: 92652831.5, Avg: 92652831.6, Max: 92652831.7, Diff: 0.2]
      [Ext Root Scanning (ms): Min: 0.3, Avg: 0.5, Max: 0.6, Diff: 0.2, Sum: 3.8]
      [Update RS (ms): Min: 0.2, Avg: 0.5, Max: 0.9, Diff: 0.7, Sum: 3.8]
         [Processed Buffers: Min: 1, Avg: 5.0, Max: 11, Diff: 10, Sum: 40]
      [Scan RS (ms): Min: 0.0, Avg: 0.0, Max: 0.0, Diff: 0.0, Sum: 0.1]
      [Code Root Scanning (ms): Min: 0.0, Avg: 0.0, Max: 0.0, Diff: 0.0, Sum: 0.0]
      [Object Copy (ms): Min: 4.2, Avg: 4.7, Max: 5.4, Diff: 1.2, Sum: 37.8]
      [Termination (ms): Min: 0.0, Avg: 0.6, Max: 0.7, Diff: 0.7, Sum: 5.0]
         [Termination Attempts: Min: 1, Avg: 1.0, Max: 1, Diff: 0, Sum: 8]
      [GC Worker Other (ms): Min: 0.0, Avg: 0.0, Max: 0.0, Diff: 0.0, Sum: 0.1]
      [GC Worker Total (ms): Min: 6.2, Avg: 6.3, Max: 6.5, Diff: 0.3, Sum: 50.5]
      [GC Worker End (ms): Min: 92652837.8, Avg: 92652837.9, Max: 92652838.0, Diff: 0.2]
   [Code Root Fixup: 0.0 ms]
   [Code Root Purge: 0.0 ms]
   [Clear CT: 0.1 ms]
   [Other: 0.6 ms]
      [Choose CSet: 0.0 ms]
      [Ref Proc: 0.2 ms]
      [Ref Enq: 0.0 ms]
      [Redirty Cards: 0.1 ms]
      [Humongous Register: 0.0 ms]
      [Humongous Reclaim: 0.0 ms]
      [Free CSet: 0.0 ms]
   [Eden: 48128.0K(48128.0K)->0.0B(75776.0K) Survivors: 4096.0K->6144.0K Heap: 203.2M(1024.0M)->158.3M(1024.0M)]
 [Times: user=0.03 sys=0.01, real=0.00 secs] 
2020-11-07T14:06:23.241+0800: 92839.051: [GC pause (G1 Evacuation Pause) (young), 0.0080025 secs]
   [Parallel Time: 7.1 ms, GC Workers: 8]
      [GC Worker Start (ms): Min: 92839051.0, Avg: 92839051.1, Max: 92839051.1, Diff: 0.2]
      [Ext Root Scanning (ms): Min: 0.3, Avg: 0.3, Max: 0.6, Diff: 0.3, Sum: 2.8]
      [Update RS (ms): Min: 0.4, Avg: 0.7, Max: 1.1, Diff: 0.6, Sum: 5.3]
         [Processed Buffers: Min: 1, Avg: 5.4, Max: 14, Diff: 13, Sum: 43]
      [Scan RS (ms): Min: 0.0, Avg: 0.0, Max: 0.0, Diff: 0.0, Sum: 0.1]
      [Code Root Scanning (ms): Min: 0.0, Avg: 0.0, Max: 0.0, Diff: 0.0, Sum: 0.0]
      [Object Copy (ms): Min: 5.0, Avg: 5.4, Max: 5.8, Diff: 0.8, Sum: 43.1]
      [Termination (ms): Min: 0.0, Avg: 0.4, Max: 0.5, Diff: 0.5, Sum: 3.4]
         [Termination Attempts: Min: 1, Avg: 1.2, Max: 2, Diff: 1, Sum: 10]
      [GC Worker Other (ms): Min: 0.0, Avg: 0.0, Max: 0.0, Diff: 0.0, Sum: 0.1]
      [GC Worker Total (ms): Min: 6.6, Avg: 6.8, Max: 7.0, Diff: 0.4, Sum: 54.8]
      [GC Worker End (ms): Min: 92839057.7, Avg: 92839057.9, Max: 92839057.9, Diff: 0.2]
   [Code Root Fixup: 0.0 ms]
   [Code Root Purge: 0.0 ms]
   [Clear CT: 0.1 ms]
   [Other: 0.8 ms]
      [Choose CSet: 0.0 ms]
      [Ref Proc: 0.3 ms]
      [Ref Enq: 0.0 ms]
      [Redirty Cards: 0.1 ms]
      [Humongous Register: 0.1 ms]
      [Humongous Reclaim: 0.0 ms]
      [Free CSet: 0.1 ms]
   [Eden: 75776.0K(75776.0K)->0.0B(194.0M) Survivors: 6144.0K->4096.0K Heap: 232.3M(1024.0M)->156.7M(1024.0M)]
 [Times: user=0.02 sys=0.02, real=0.00 secs] 
2020-11-07T14:14:33.017+0800: 93328.824: [GC pause (G1 Evacuation Pause) (young), 0.0116279 secs]
   [Parallel Time: 9.7 ms, GC Workers: 8]
      [GC Worker Start (ms): Min: 93328824.6, Avg: 93328824.7, Max: 93328824.8, Diff: 0.2]
      [Ext Root Scanning (ms): Min: 0.5, Avg: 1.3, Max: 1.7, Diff: 1.2, Sum: 10.5]
      [Update RS (ms): Min: 0.2, Avg: 1.0, Max: 1.6, Diff: 1.4, Sum: 8.2]
         [Processed Buffers: Min: 1, Avg: 5.5, Max: 17, Diff: 16, Sum: 44]
      [Scan RS (ms): Min: 0.0, Avg: 0.0, Max: 0.0, Diff: 0.0, Sum: 0.2]
      [Code Root Scanning (ms): Min: 0.0, Avg: 0.0, Max: 0.0, Diff: 0.0, Sum: 0.0]
      [Object Copy (ms): Min: 5.3, Avg: 6.0, Max: 6.7, Diff: 1.3, Sum: 47.6]
      [Termination (ms): Min: 0.0, Avg: 0.3, Max: 0.5, Diff: 0.5, Sum: 2.6]
         [Termination Attempts: Min: 1, Avg: 1.0, Max: 1, Diff: 0, Sum: 8]
      [GC Worker Other (ms): Min: 0.0, Avg: 0.3, Max: 1.0, Diff: 1.0, Sum: 2.6]
      [GC Worker Total (ms): Min: 8.8, Avg: 9.0, Max: 9.6, Diff: 0.8, Sum: 71.7]
      [GC Worker End (ms): Min: 93328833.6, Avg: 93328833.7, Max: 93328834.3, Diff: 0.7]
   [Code Root Fixup: 0.0 ms]
   [Code Root Purge: 0.0 ms]
   [Clear CT: 0.1 ms]
   [Other: 1.7 ms]
      [Choose CSet: 0.0 ms]
      [Ref Proc: 0.9 ms]
      [Ref Enq: 0.0 ms]
      [Redirty Cards: 0.1 ms]
      [Humongous Register: 0.2 ms]
      [Humongous Reclaim: 0.0 ms]
      [Free CSet: 0.2 ms]
   [Eden: 194.0M(194.0M)->0.0B(271.0M) Survivors: 4096.0K->3072.0K Heap: 350.7M(1024.0M)->156.0M(1024.0M)]
 [Times: user=0.03 sys=0.02, real=0.01 secs] 
2020-11-07T14:25:45.963+0800: 94001.767: [GC pause (G1 Evacuation Pause) (young), 0.0127663 secs]
   [Parallel Time: 10.4 ms, GC Workers: 8]
      [GC Worker Start (ms): Min: 94001767.4, Avg: 94001767.5, Max: 94001767.5, Diff: 0.2]
      [Ext Root Scanning (ms): Min: 0.3, Avg: 1.1, Max: 1.3, Diff: 1.0, Sum: 8.4]
      [Update RS (ms): Min: 0.0, Avg: 0.2, Max: 0.5, Diff: 0.5, Sum: 1.8]
         [Processed Buffers: Min: 0, Avg: 5.6, Max: 12, Diff: 12, Sum: 45]
      [Scan RS (ms): Min: 0.0, Avg: 0.0, Max: 0.1, Diff: 0.1, Sum: 0.3]
      [Code Root Scanning (ms): Min: 0.0, Avg: 0.0, Max: 0.0, Diff: 0.0, Sum: 0.0]
      [Object Copy (ms): Min: 7.6, Avg: 8.1, Max: 8.4, Diff: 0.8, Sum: 64.9]
      [Termination (ms): Min: 0.0, Avg: 0.5, Max: 0.7, Diff: 0.7, Sum: 3.7]
         [Termination Attempts: Min: 1, Avg: 1.0, Max: 1, Diff: 0, Sum: 8]
      [GC Worker Other (ms): Min: 0.0, Avg: 0.2, Max: 1.1, Diff: 1.0, Sum: 2.0]
      [GC Worker Total (ms): Min: 10.0, Avg: 10.1, Max: 10.3, Diff: 0.2, Sum: 81.1]
      [GC Worker End (ms): Min: 94001777.5, Avg: 94001777.6, Max: 94001777.7, Diff: 0.2]
   [Code Root Fixup: 0.0 ms]
   [Code Root Purge: 0.0 ms]
   [Clear CT: 0.1 ms]
   [Other: 2.2 ms]
      [Choose CSet: 0.0 ms]
      [Ref Proc: 1.0 ms]
      [Ref Enq: 0.0 ms]
      [Redirty Cards: 0.1 ms]
      [Humongous Register: 0.0 ms]
      [Humongous Reclaim: 0.0 ms]
      [Free CSet: 0.9 ms]
   [Eden: 271.0M(271.0M)->0.0B(307.0M) Survivors: 3072.0K->4096.0K Heap: 427.0M(1024.0M)->157.2M(1024.0M)]
 [Times: user=0.03 sys=0.03, real=0.01 secs] 
2020-11-07T14:38:36.090+0800: 94771.889: [GC pause (G1 Evacuation Pause) (young), 0.0434969 secs]
   [Parallel Time: 35.6 ms, GC Workers: 8]
      [GC Worker Start (ms): Min: 94771895.6, Avg: 94771895.8, Max: 94771896.1, Diff: 0.5]
      [Ext Root Scanning (ms): Min: 1.9, Avg: 4.1, Max: 7.5, Diff: 5.7, Sum: 32.7]
      [Update RS (ms): Min: 0.0, Avg: 0.6, Max: 1.2, Diff: 1.2, Sum: 4.8]
         [Processed Buffers: Min: 0, Avg: 5.4, Max: 14, Diff: 14, Sum: 43]
      [Scan RS (ms): Min: 0.0, Avg: 0.0, Max: 0.1, Diff: 0.1, Sum: 0.2]
      [Code Root Scanning (ms): Min: 0.0, Avg: 0.0, Max: 0.0, Diff: 0.0, Sum: 0.0]
      [Object Copy (ms): Min: 26.9, Avg: 29.4, Max: 30.6, Diff: 3.7, Sum: 234.8]
      [Termination (ms): Min: 0.0, Avg: 0.3, Max: 0.6, Diff: 0.6, Sum: 2.6]
         [Termination Attempts: Min: 1, Avg: 1.2, Max: 2, Diff: 1, Sum: 10]
      [GC Worker Other (ms): Min: 0.0, Avg: 0.7, Max: 2.3, Diff: 2.3, Sum: 5.9]
      [GC Worker Total (ms): Min: 34.8, Avg: 35.1, Max: 35.4, Diff: 0.6, Sum: 281.1]
      [GC Worker End (ms): Min: 94771930.9, Avg: 94771930.9, Max: 94771931.0, Diff: 0.2]
   [Code Root Fixup: 0.0 ms]
   [Code Root Purge: 0.0 ms]
   [Clear CT: 0.2 ms]
   [Other: 7.7 ms]
      [Choose CSet: 0.0 ms]
      [Ref Proc: 1.0 ms]
      [Ref Enq: 0.0 ms]
      [Redirty Cards: 0.1 ms]
      [Humongous Register: 3.1 ms]
      [Humongous Reclaim: 0.0 ms]
      [Free CSet: 0.3 ms]
   [Eden: 307.0M(307.0M)->0.0B(48128.0K) Survivors: 4096.0K->4096.0K Heap: 464.2M(1024.0M)->156.7M(1024.0M)]
 [Times: user=0.02 sys=0.07, real=0.04 secs] 
2020-11-07T14:40:34.472+0800: 94890.270: [GC pause (G1 Evacuation Pause) (young), 0.0067333 secs]
   [Parallel Time: 5.9 ms, GC Workers: 8]
      [GC Worker Start (ms): Min: 94890270.5, Avg: 94890270.6, Max: 94890270.7, Diff: 0.2]
      [Ext Root Scanning (ms): Min: 0.4, Avg: 0.8, Max: 1.2, Diff: 0.8, Sum: 6.6]
      [Update RS (ms): Min: 0.1, Avg: 0.2, Max: 0.3, Diff: 0.2, Sum: 1.7]
         [Processed Buffers: Min: 1, Avg: 5.1, Max: 10, Diff: 9, Sum: 41]
      [Scan RS (ms): Min: 0.0, Avg: 0.0, Max: 0.0, Diff: 0.0, Sum: 0.1]
      [Code Root Scanning (ms): Min: 0.0, Avg: 0.0, Max: 0.0, Diff: 0.0, Sum: 0.0]
      [Object Copy (ms): Min: 4.1, Avg: 4.2, Max: 4.3, Diff: 0.2, Sum: 33.7]
      [Termination (ms): Min: 0.0, Avg: 0.0, Max: 0.0, Diff: 0.0, Sum: 0.1]
         [Termination Attempts: Min: 1, Avg: 1.0, Max: 1, Diff: 0, Sum: 8]
      [GC Worker Other (ms): Min: 0.0, Avg: 0.4, Max: 0.8, Diff: 0.8, Sum: 2.8]
      [GC Worker Total (ms): Min: 5.6, Avg: 5.6, Max: 5.7, Diff: 0.2, Sum: 45.0]
      [GC Worker End (ms): Min: 94890276.2, Avg: 94890276.2, Max: 94890276.2, Diff: 0.0]
   [Code Root Fixup: 0.0 ms]
   [Code Root Purge: 0.0 ms]
   [Clear CT: 0.1 ms]
   [Other: 0.8 ms]
      [Choose CSet: 0.0 ms]
      [Ref Proc: 0.3 ms]
      [Ref Enq: 0.0 ms]
      [Redirty Cards: 0.1 ms]
      [Humongous Register: 0.0 ms]
      [Humongous Reclaim: 0.0 ms]
      [Free CSet: 0.1 ms]
   [Eden: 48128.0K(48128.0K)->0.0B(71680.0K) Survivors: 4096.0K->4096.0K Heap: 203.7M(1024.0M)->156.7M(1024.0M)]
 [Times: user=0.02 sys=0.01, real=0.00 secs] 
2020-11-07T14:43:29.054+0800: 95064.851: [GC pause (G1 Evacuation Pause) (young), 0.0126020 secs]
   [Parallel Time: 9.4 ms, GC Workers: 8]
      [GC Worker Start (ms): Min: 95064852.6, Avg: 95064852.7, Max: 95064852.7, Diff: 0.1]
      [Ext Root Scanning (ms): Min: 1.0, Avg: 2.0, Max: 2.8, Diff: 1.8, Sum: 16.3]
      [Update RS (ms): Min: 0.0, Avg: 0.2, Max: 0.7, Diff: 0.7, Sum: 1.6]
         [Processed Buffers: Min: 0, Avg: 5.2, Max: 17, Diff: 17, Sum: 42]
      [Scan RS (ms): Min: 0.0, Avg: 0.0, Max: 0.0, Diff: 0.0, Sum: 0.1]
      [Code Root Scanning (ms): Min: 0.0, Avg: 0.0, Max: 0.0, Diff: 0.0, Sum: 0.0]
      [Object Copy (ms): Min: 5.8, Avg: 6.2, Max: 6.6, Diff: 0.9, Sum: 49.5]
      [Termination (ms): Min: 0.0, Avg: 0.5, Max: 0.7, Diff: 0.7, Sum: 3.7]
         [Termination Attempts: Min: 1, Avg: 1.0, Max: 1, Diff: 0, Sum: 8]
      [GC Worker Other (ms): Min: 0.0, Avg: 0.2, Max: 1.0, Diff: 1.0, Sum: 1.9]
      [GC Worker Total (ms): Min: 9.0, Avg: 9.1, Max: 9.3, Diff: 0.3, Sum: 73.1]
      [GC Worker End (ms): Min: 95064861.7, Avg: 95064861.8, Max: 95064861.9, Diff: 0.2]
   [Code Root Fixup: 0.0 ms]
   [Code Root Purge: 0.0 ms]
   [Clear CT: 0.1 ms]
   [Other: 3.1 ms]
      [Choose CSet: 0.0 ms]
      [Ref Proc: 1.7 ms]
      [Ref Enq: 0.0 ms]
      [Redirty Cards: 0.1 ms]
      [Humongous Register: 1.1 ms]
      [Humongous Reclaim: 0.0 ms]
      [Free CSet: 0.0 ms]
   [Eden: 71680.0K(71680.0K)->0.0B(124.0M) Survivors: 4096.0K->4096.0K Heap: 226.7M(1024.0M)->156.9M(1024.0M)]
 [Times: user=0.03 sys=0.02, real=0.01 secs] 
2020-11-07T14:48:38.450+0800: 95374.246: [GC pause (G1 Evacuation Pause) (young), 0.0121526 secs]
   [Parallel Time: 10.5 ms, GC Workers: 8]
      [GC Worker Start (ms): Min: 95374247.2, Avg: 95374247.3, Max: 95374247.3, Diff: 0.1]
      [Ext Root Scanning (ms): Min: 0.0, Avg: 0.7, Max: 1.3, Diff: 1.3, Sum: 5.5]
      [Update RS (ms): Min: 0.0, Avg: 0.2, Max: 0.5, Diff: 0.5, Sum: 2.0]
         [Processed Buffers: Min: 0, Avg: 5.2, Max: 9, Diff: 9, Sum: 42]
      [Scan RS (ms): Min: 0.0, Avg: 0.0, Max: 0.1, Diff: 0.0, Sum: 0.1]
      [Code Root Scanning (ms): Min: 0.0, Avg: 0.0, Max: 0.0, Diff: 0.0, Sum: 0.0]
      [Object Copy (ms): Min: 8.9, Avg: 9.1, Max: 9.3, Diff: 0.4, Sum: 72.8]
      [Termination (ms): Min: 0.0, Avg: 0.0, Max: 0.1, Diff: 0.1, Sum: 0.3]
         [Termination Attempts: Min: 1, Avg: 1.0, Max: 1, Diff: 0, Sum: 8]
      [GC Worker Other (ms): Min: 0.0, Avg: 0.3, Max: 1.0, Diff: 1.0, Sum: 2.0]
      [GC Worker Total (ms): Min: 10.3, Avg: 10.3, Max: 10.4, Diff: 0.1, Sum: 82.7]
      [GC Worker End (ms): Min: 95374257.6, Avg: 95374257.6, Max: 95374257.6, Diff: 0.0]
   [Code Root Fixup: 0.0 ms]
   [Code Root Purge: 0.0 ms]
   [Clear CT: 0.1 ms]
   [Other: 1.5 ms]
      [Choose CSet: 0.0 ms]
      [Ref Proc: 0.2 ms]
      [Ref Enq: 0.0 ms]
      [Redirty Cards: 0.1 ms]
      [Humongous Register: 0.0 ms]
      [Humongous Reclaim: 0.0 ms]
      [Free CSet: 0.1 ms]
   [Eden: 124.0M(124.0M)->0.0B(240.0M) Survivors: 4096.0K->6144.0K Heap: 280.9M(1024.0M)->158.7M(1024.0M)]
 [Times: user=0.02 sys=0.02, real=0.01 secs] 
2020-11-07T14:58:44.578+0800: 95980.370: [GC pause (G1 Evacuation Pause) (young), 0.0125714 secs]
   [Parallel Time: 11.6 ms, GC Workers: 8]
      [GC Worker Start (ms): Min: 95980370.6, Avg: 95980370.7, Max: 95980370.7, Diff: 0.2]
      [Ext Root Scanning (ms): Min: 0.3, Avg: 0.4, Max: 0.6, Diff: 0.3, Sum: 2.8]
      [Update RS (ms): Min: 6.7, Avg: 6.8, Max: 7.1, Diff: 0.4, Sum: 54.8]
         [Processed Buffers: Min: 1, Avg: 5.5, Max: 13, Diff: 12, Sum: 44]
      [Scan RS (ms): Min: 0.0, Avg: 0.0, Max: 0.1, Diff: 0.1, Sum: 0.4]
      [Code Root Scanning (ms): Min: 0.0, Avg: 0.0, Max: 0.0, Diff: 0.0, Sum: 0.0]
      [Object Copy (ms): Min: 3.5, Avg: 3.7, Max: 4.0, Diff: 0.5, Sum: 29.5]
      [Termination (ms): Min: 0.0, Avg: 0.4, Max: 0.6, Diff: 0.6, Sum: 2.8]
         [Termination Attempts: Min: 1, Avg: 1.2, Max: 2, Diff: 1, Sum: 10]
      [GC Worker Other (ms): Min: 0.0, Avg: 0.0, Max: 0.0, Diff: 0.0, Sum: 0.1]
      [GC Worker Total (ms): Min: 11.2, Avg: 11.3, Max: 11.4, Diff: 0.2, Sum: 90.4]
      [GC Worker End (ms): Min: 95980381.9, Avg: 95980382.0, Max: 95980382.0, Diff: 0.2]
   [Code Root Fixup: 0.0 ms]
   [Code Root Purge: 0.0 ms]
   [Clear CT: 0.2 ms]
   [Other: 0.8 ms]
      [Choose CSet: 0.0 ms]
      [Ref Proc: 0.3 ms]
      [Ref Enq: 0.0 ms]
      [Redirty Cards: 0.2 ms]
      [Humongous Register: 0.0 ms]
      [Humongous Reclaim: 0.0 ms]
      [Free CSet: 0.1 ms]
   [Eden: 240.0M(240.0M)->0.0B(321.0M) Survivors: 6144.0K->4096.0K Heap: 398.7M(1024.0M)->156.6M(1024.0M)]
 [Times: user=0.02 sys=0.01, real=0.02 secs] 
2020-11-07T15:12:01.241+0800: 96777.032: [GC pause (G1 Evacuation Pause) (young), 0.0227183 secs]
   [Parallel Time: 17.9 ms, GC Workers: 8]
      [GC Worker Start (ms): Min: 96777034.4, Avg: 96777034.7, Max: 96777035.0, Diff: 0.5]
      [Ext Root Scanning (ms): Min: 1.2, Avg: 2.1, Max: 4.0, Diff: 2.8, Sum: 17.1]
      [Update RS (ms): Min: 0.0, Avg: 1.2, Max: 2.1, Diff: 2.1, Sum: 10.0]
         [Processed Buffers: Min: 0, Avg: 6.2, Max: 16, Diff: 16, Sum: 50]
      [Scan RS (ms): Min: 0.0, Avg: 0.0, Max: 0.1, Diff: 0.1, Sum: 0.3]
      [Code Root Scanning (ms): Min: 0.0, Avg: 0.0, Max: 0.0, Diff: 0.0, Sum: 0.0]
      [Object Copy (ms): Min: 12.9, Avg: 13.5, Max: 14.0, Diff: 1.1, Sum: 108.0]
      [Termination (ms): Min: 0.0, Avg: 0.2, Max: 0.3, Diff: 0.3, Sum: 1.7]
         [Termination Attempts: Min: 1, Avg: 1.1, Max: 2, Diff: 1, Sum: 9]
      [GC Worker Other (ms): Min: 0.0, Avg: 0.1, Max: 0.7, Diff: 0.7, Sum: 1.0]
      [GC Worker Total (ms): Min: 17.0, Avg: 17.3, Max: 17.5, Diff: 0.5, Sum: 138.2]
      [GC Worker End (ms): Min: 96777051.9, Avg: 96777052.0, Max: 96777052.0, Diff: 0.1]
   [Code Root Fixup: 0.0 ms]
   [Code Root Purge: 0.0 ms]
   [Clear CT: 0.1 ms]
   [Other: 4.7 ms]
      [Choose CSet: 0.0 ms]
      [Ref Proc: 0.6 ms]
      [Ref Enq: 0.0 ms]
      [Redirty Cards: 0.1 ms]
      [Humongous Register: 1.5 ms]
      [Humongous Reclaim: 0.0 ms]
      [Free CSet: 1.6 ms]
   [Eden: 321.0M(321.0M)->0.0B(182.0M) Survivors: 4096.0K->5120.0K Heap: 477.6M(1024.0M)->158.0M(1024.0M)]
 [Times: user=0.03 sys=0.04, real=0.02 secs] 
2020-11-07T15:18:57.752+0800: 97193.541: [GC pause (G1 Evacuation Pause) (young), 0.0096378 secs]
   [Parallel Time: 7.9 ms, GC Workers: 8]
      [GC Worker Start (ms): Min: 97193541.6, Avg: 97193541.8, Max: 97193542.0, Diff: 0.4]
      [Ext Root Scanning (ms): Min: 0.2, Avg: 0.6, Max: 2.1, Diff: 1.9, Sum: 5.1]
      [Update RS (ms): Min: 0.0, Avg: 1.5, Max: 6.8, Diff: 6.8, Sum: 12.0]
         [Processed Buffers: Min: 0, Avg: 5.8, Max: 10, Diff: 10, Sum: 46]
      [Scan RS (ms): Min: 0.0, Avg: 0.0, Max: 0.1, Diff: 0.0, Sum: 0.2]
      [Code Root Scanning (ms): Min: 0.0, Avg: 0.0, Max: 0.0, Diff: 0.0, Sum: 0.0]
      [Object Copy (ms): Min: 0.0, Avg: 3.2, Max: 3.8, Diff: 3.8, Sum: 25.2]
      [Termination (ms): Min: 0.0, Avg: 2.2, Max: 2.7, Diff: 2.7, Sum: 17.9]
         [Termination Attempts: Min: 1, Avg: 13.5, Max: 27, Diff: 26, Sum: 108]
      [GC Worker Other (ms): Min: 0.0, Avg: 0.0, Max: 0.1, Diff: 0.0, Sum: 0.2]
      [GC Worker Total (ms): Min: 7.3, Avg: 7.6, Max: 7.8, Diff: 0.4, Sum: 60.6]
      [GC Worker End (ms): Min: 97193549.3, Avg: 97193549.3, Max: 97193549.4, Diff: 0.0]
   [Code Root Fixup: 0.0 ms]
   [Code Root Purge: 0.0 ms]
   [Clear CT: 0.2 ms]
   [Other: 1.6 ms]
      [Choose CSet: 0.0 ms]
      [Ref Proc: 1.1 ms]
      [Ref Enq: 0.0 ms]
      [Redirty Cards: 0.1 ms]
      [Humongous Register: 0.0 ms]
      [Humongous Reclaim: 0.0 ms]
      [Free CSet: 0.1 ms]
   [Eden: 182.0M(182.0M)->0.0B(351.0M) Survivors: 5120.0K->6144.0K Heap: 340.0M(1024.0M)->159.0M(1024.0M)]
 [Times: user=0.05 sys=0.00, real=0.01 secs] 
2020-11-07T15:28:54.808+0800: 97790.594: [GC pause (G1 Evacuation Pause) (young), 0.0120192 secs]
   [Parallel Time: 11.2 ms, GC Workers: 8]
      [GC Worker Start (ms): Min: 97790594.3, Avg: 97790594.4, Max: 97790594.5, Diff: 0.2]
      [Ext Root Scanning (ms): Min: 0.0, Avg: 0.3, Max: 0.5, Diff: 0.5, Sum: 2.4]
      [Update RS (ms): Min: 0.2, Avg: 0.7, Max: 1.2, Diff: 1.0, Sum: 5.4]
         [Processed Buffers: Min: 1, Avg: 5.9, Max: 17, Diff: 16, Sum: 47]
      [Scan RS (ms): Min: 0.0, Avg: 0.1, Max: 0.1, Diff: 0.1, Sum: 0.4]
      [Code Root Scanning (ms): Min: 0.0, Avg: 0.0, Max: 0.0, Diff: 0.0, Sum: 0.1]
      [Object Copy (ms): Min: 9.1, Avg: 9.5, Max: 9.9, Diff: 0.8, Sum: 76.2]
      [Termination (ms): Min: 0.0, Avg: 0.3, Max: 0.4, Diff: 0.4, Sum: 2.7]
         [Termination Attempts: Min: 1, Avg: 1.0, Max: 1, Diff: 0, Sum: 8]
      [GC Worker Other (ms): Min: 0.0, Avg: 0.1, Max: 0.8, Diff: 0.8, Sum: 0.9]
      [GC Worker Total (ms): Min: 11.0, Avg: 11.0, Max: 11.1, Diff: 0.1, Sum: 88.0]
      [GC Worker End (ms): Min: 97790605.3, Avg: 97790605.4, Max: 97790605.5, Diff: 0.1]
   [Code Root Fixup: 0.0 ms]
   [Code Root Purge: 0.0 ms]
   [Clear CT: 0.1 ms]
   [Other: 0.7 ms]
      [Choose CSet: 0.0 ms]
      [Ref Proc: 0.3 ms]
      [Ref Enq: 0.0 ms]
      [Redirty Cards: 0.1 ms]
      [Humongous Register: 0.0 ms]
      [Humongous Reclaim: 0.0 ms]
      [Free CSet: 0.1 ms]
   [Eden: 346.0M(346.0M)->0.0B(607.0M) Survivors: 6144.0K->7168.0K Heap: 505.0M(1024.0M)->160.2M(1024.0M)]
 [Times: user=0.03 sys=0.03, real=0.02 secs] 
2020-11-07T15:44:59.993+0800: 98755.775: [GC pause (G1 Evacuation Pause) (young), 0.0242982 secs]
   [Parallel Time: 13.3 ms, GC Workers: 8]
      [GC Worker Start (ms): Min: 98755775.3, Avg: 98755775.4, Max: 98755775.4, Diff: 0.1]
      [Ext Root Scanning (ms): Min: 0.7, Avg: 1.3, Max: 3.7, Diff: 2.9, Sum: 10.0]
      [Update RS (ms): Min: 0.0, Avg: 1.0, Max: 1.5, Diff: 1.5, Sum: 7.9]
         [Processed Buffers: Min: 0, Avg: 5.8, Max: 25, Diff: 25, Sum: 46]
      [Scan RS (ms): Min: 0.0, Avg: 0.1, Max: 0.4, Diff: 0.4, Sum: 1.0]
      [Code Root Scanning (ms): Min: 0.0, Avg: 0.0, Max: 0.0, Diff: 0.0, Sum: 0.1]
      [Object Copy (ms): Min: 9.0, Avg: 10.3, Max: 12.0, Diff: 3.0, Sum: 82.8]
      [Termination (ms): Min: 0.0, Avg: 0.4, Max: 0.6, Diff: 0.6, Sum: 3.2]
         [Termination Attempts: Min: 1, Avg: 1.1, Max: 2, Diff: 1, Sum: 9]
      [GC Worker Other (ms): Min: 0.0, Avg: 0.1, Max: 0.1, Diff: 0.1, Sum: 0.4]
      [GC Worker Total (ms): Min: 13.1, Avg: 13.2, Max: 13.3, Diff: 0.2, Sum: 105.4]
      [GC Worker End (ms): Min: 98755788.5, Avg: 98755788.6, Max: 98755788.6, Diff: 0.2]
   [Code Root Fixup: 0.0 ms]
   [Code Root Purge: 0.0 ms]
   [Clear CT: 0.2 ms]
   [Other: 10.7 ms]
      [Choose CSet: 0.0 ms]
      [Ref Proc: 9.7 ms]
      [Ref Enq: 0.0 ms]
      [Redirty Cards: 0.2 ms]
      [Humongous Register: 0.1 ms]
      [Humongous Reclaim: 0.0 ms]
      [Free CSet: 0.5 ms]
   [Eden: 607.0M(607.0M)->0.0B(324.0M) Survivors: 7168.0K->6144.0K Heap: 767.2M(1024.0M)->159.2M(1024.0M)]
 [Times: user=0.08 sys=0.04, real=0.02 secs] 
2020-11-07T15:53:34.561+0800: 99270.343: [GC pause (G1 Evacuation Pause) (young), 0.0054948 secs]
   [Parallel Time: 4.5 ms, GC Workers: 8]
      [GC Worker Start (ms): Min: 99270343.0, Avg: 99270343.1, Max: 99270343.2, Diff: 0.2]
      [Ext Root Scanning (ms): Min: 0.2, Avg: 0.3, Max: 0.5, Diff: 0.3, Sum: 2.5]
      [Update RS (ms): Min: 0.8, Avg: 0.8, Max: 0.9, Diff: 0.2, Sum: 6.4]
         [Processed Buffers: Min: 1, Avg: 5.9, Max: 23, Diff: 22, Sum: 47]
      [Scan RS (ms): Min: 0.0, Avg: 0.0, Max: 0.1, Diff: 0.1, Sum: 0.4]
      [Code Root Scanning (ms): Min: 0.0, Avg: 0.0, Max: 0.0, Diff: 0.0, Sum: 0.0]
      [Object Copy (ms): Min: 3.0, Avg: 3.1, Max: 3.1, Diff: 0.2, Sum: 24.6]
      [Termination (ms): Min: 0.0, Avg: 0.1, Max: 0.1, Diff: 0.1, Sum: 0.5]
         [Termination Attempts: Min: 1, Avg: 1.0, Max: 1, Diff: 0, Sum: 8]
      [GC Worker Other (ms): Min: 0.0, Avg: 0.0, Max: 0.0, Diff: 0.0, Sum: 0.2]
      [GC Worker Total (ms): Min: 4.2, Avg: 4.3, Max: 4.4, Diff: 0.2, Sum: 34.7]
      [GC Worker End (ms): Min: 99270347.4, Avg: 99270347.5, Max: 99270347.5, Diff: 0.0]
   [Code Root Fixup: 0.0 ms]
   [Code Root Purge: 0.0 ms]
   [Clear CT: 0.1 ms]
   [Other: 0.8 ms]
      [Choose CSet: 0.0 ms]
      [Ref Proc: 0.4 ms]
      [Ref Enq: 0.0 ms]
      [Redirty Cards: 0.1 ms]
      [Humongous Register: 0.0 ms]
      [Humongous Reclaim: 0.0 ms]
      [Free CSet: 0.1 ms]
   [Eden: 324.0M(324.0M)->0.0B(608.0M) Survivors: 6144.0K->6144.0K Heap: 483.2M(1024.0M)->158.8M(1024.0M)]
 [Times: user=0.03 sys=0.00, real=0.01 secs] 
2020-11-07T16:09:42.622+0800: 100238.400: [GC pause (G1 Evacuation Pause) (young), 0.0085009 secs]
   [Parallel Time: 6.1 ms, GC Workers: 8]
      [GC Worker Start (ms): Min: 100238400.1, Avg: 100238400.2, Max: 100238400.3, Diff: 0.2]
      [Ext Root Scanning (ms): Min: 0.0, Avg: 0.3, Max: 0.6, Diff: 0.6, Sum: 2.7]
      [Update RS (ms): Min: 0.3, Avg: 0.8, Max: 1.0, Diff: 0.7, Sum: 6.5]
         [Processed Buffers: Min: 1, Avg: 6.0, Max: 15, Diff: 14, Sum: 48]
      [Scan RS (ms): Min: 0.0, Avg: 0.1, Max: 0.1, Diff: 0.1, Sum: 0.9]
      [Code Root Scanning (ms): Min: 0.0, Avg: 0.0, Max: 0.0, Diff: 0.0, Sum: 0.1]
      [Object Copy (ms): Min: 3.9, Avg: 4.1, Max: 4.3, Diff: 0.4, Sum: 32.8]
      [Termination (ms): Min: 0.0, Avg: 0.3, Max: 0.5, Diff: 0.5, Sum: 2.3]
         [Termination Attempts: Min: 1, Avg: 1.0, Max: 1, Diff: 0, Sum: 8]
      [GC Worker Other (ms): Min: 0.0, Avg: 0.1, Max: 0.9, Diff: 0.9, Sum: 1.0]
      [GC Worker Total (ms): Min: 5.6, Avg: 5.8, Max: 6.0, Diff: 0.4, Sum: 46.4]
      [GC Worker End (ms): Min: 100238405.9, Avg: 100238406.0, Max: 100238406.1, Diff: 0.2]
   [Code Root Fixup: 0.0 ms]
   [Code Root Purge: 0.0 ms]
   [Clear CT: 0.2 ms]
   [Other: 2.2 ms]
      [Choose CSet: 0.0 ms]
      [Ref Proc: 1.7 ms]
      [Ref Enq: 0.0 ms]
      [Redirty Cards: 0.1 ms]
      [Humongous Register: 0.0 ms]
      [Humongous Reclaim: 0.0 ms]
      [Free CSet: 0.2 ms]
   [Eden: 608.0M(608.0M)->0.0B(607.0M) Survivors: 6144.0K->7168.0K Heap: 766.8M(1024.0M)->160.2M(1024.0M)]
 [Times: user=0.03 sys=0.00, real=0.01 secs] 
2020-11-07T16:25:44.696+0800: 101200.470: [GC pause (G1 Evacuation Pause) (young), 0.0092552 secs]
   [Parallel Time: 7.0 ms, GC Workers: 8]
      [GC Worker Start (ms): Min: 101200470.0, Avg: 101200470.1, Max: 101200470.2, Diff: 0.2]
      [Ext Root Scanning (ms): Min: 0.0, Avg: 0.5, Max: 0.7, Diff: 0.7, Sum: 3.6]
      [Update RS (ms): Min: 0.0, Avg: 0.8, Max: 1.0, Diff: 1.0, Sum: 6.2]
         [Processed Buffers: Min: 0, Avg: 6.0, Max: 13, Diff: 13, Sum: 48]
      [Scan RS (ms): Min: 0.0, Avg: 0.1, Max: 0.2, Diff: 0.1, Sum: 0.9]
      [Code Root Scanning (ms): Min: 0.0, Avg: 0.0, Max: 0.0, Diff: 0.0, Sum: 0.1]
      [Object Copy (ms): Min: 0.0, Avg: 3.4, Max: 4.4, Diff: 4.4, Sum: 27.4]
      [Termination (ms): Min: 0.0, Avg: 1.1, Max: 1.5, Diff: 1.5, Sum: 9.0]
         [Termination Attempts: Min: 1, Avg: 1.5, Max: 3, Diff: 2, Sum: 12]
      [GC Worker Other (ms): Min: 0.0, Avg: 0.8, Max: 6.6, Diff: 6.6, Sum: 6.7]
      [GC Worker Total (ms): Min: 6.7, Avg: 6.7, Max: 6.9, Diff: 0.2, Sum: 53.9]
      [GC Worker End (ms): Min: 101200476.7, Avg: 101200476.9, Max: 101200477.0, Diff: 0.2]
   [Code Root Fixup: 0.0 ms]
   [Code Root Purge: 0.0 ms]
   [Clear CT: 0.2 ms]
   [Other: 2.0 ms]
      [Choose CSet: 0.0 ms]
      [Ref Proc: 1.4 ms]
      [Ref Enq: 0.0 ms]
      [Redirty Cards: 0.1 ms]
      [Humongous Register: 0.0 ms]
      [Humongous Reclaim: 0.0 ms]
      [Free CSet: 0.2 ms]
   [Eden: 607.0M(607.0M)->0.0B(609.0M) Survivors: 7168.0K->5120.0K Heap: 767.2M(1024.0M)->158.2M(1024.0M)]
 [Times: user=0.04 sys=0.00, real=0.02 secs] 
2020-11-07T16:41:52.573+0800: 102168.343: [GC pause (G1 Evacuation Pause) (young), 0.0216458 secs]
   [Parallel Time: 18.6 ms, GC Workers: 8]
      [GC Worker Start (ms): Min: 102168344.8, Avg: 102168345.0, Max: 102168345.2, Diff: 0.4]
      [Ext Root Scanning (ms): Min: 1.4, Avg: 3.6, Max: 11.3, Diff: 9.9, Sum: 28.7]
      [Update RS (ms): Min: 0.0, Avg: 1.8, Max: 2.8, Diff: 2.8, Sum: 14.2]
         [Processed Buffers: Min: 0, Avg: 5.8, Max: 17, Diff: 17, Sum: 46]
      [Scan RS (ms): Min: 0.0, Avg: 0.1, Max: 0.1, Diff: 0.1, Sum: 0.6]
      [Code Root Scanning (ms): Min: 0.0, Avg: 0.0, Max: 0.0, Diff: 0.0, Sum: 0.1]
      [Object Copy (ms): Min: 5.3, Avg: 11.8, Max: 13.1, Diff: 7.8, Sum: 94.6]
      [Termination (ms): Min: 0.0, Avg: 0.4, Max: 0.6, Diff: 0.6, Sum: 3.2]
         [Termination Attempts: Min: 1, Avg: 1.2, Max: 3, Diff: 2, Sum: 10]
      [GC Worker Other (ms): Min: 0.0, Avg: 0.5, Max: 1.3, Diff: 1.3, Sum: 3.8]
      [GC Worker Total (ms): Min: 18.0, Avg: 18.2, Max: 18.4, Diff: 0.3, Sum: 145.2]
      [GC Worker End (ms): Min: 102168363.1, Avg: 102168363.2, Max: 102168363.2, Diff: 0.1]
   [Code Root Fixup: 0.0 ms]
   [Code Root Purge: 0.0 ms]
   [Clear CT: 0.2 ms]
   [Other: 2.9 ms]
      [Choose CSet: 0.0 ms]
      [Ref Proc: 0.9 ms]
      [Ref Enq: 0.0 ms]
      [Redirty Cards: 0.1 ms]
      [Humongous Register: 0.9 ms]
      [Humongous Reclaim: 0.0 ms]
      [Free CSet: 0.5 ms]
   [Eden: 609.0M(609.0M)->0.0B(606.0M) Survivors: 5120.0K->8192.0K Heap: 767.2M(1024.0M)->161.1M(1024.0M)]
 [Times: user=0.04 sys=0.04, real=0.02 secs] 
2020-11-07T16:57:58.517+0800: 103134.284: [GC pause (G1 Evacuation Pause) (young), 0.0078340 secs]
   [Parallel Time: 6.3 ms, GC Workers: 8]
      [GC Worker Start (ms): Min: 103134283.7, Avg: 103134283.8, Max: 103134283.9, Diff: 0.1]
      [Ext Root Scanning (ms): Min: 0.0, Avg: 1.0, Max: 1.6, Diff: 1.6, Sum: 7.8]
      [Update RS (ms): Min: 0.8, Avg: 1.6, Max: 3.2, Diff: 2.4, Sum: 12.6]
         [Processed Buffers: Min: 1, Avg: 6.4, Max: 18, Diff: 17, Sum: 51]
      [Scan RS (ms): Min: 0.0, Avg: 0.2, Max: 0.4, Diff: 0.4, Sum: 1.3]
      [Code Root Scanning (ms): Min: 0.0, Avg: 0.0, Max: 0.1, Diff: 0.1, Sum: 0.2]
      [Object Copy (ms): Min: 1.6, Avg: 3.1, Max: 3.4, Diff: 1.8, Sum: 24.9]
      [Termination (ms): Min: 0.0, Avg: 0.0, Max: 0.0, Diff: 0.0, Sum: 0.1]
         [Termination Attempts: Min: 1, Avg: 1.0, Max: 1, Diff: 0, Sum: 8]
      [GC Worker Other (ms): Min: 0.0, Avg: 0.2, Max: 1.0, Diff: 0.9, Sum: 1.2]
      [GC Worker Total (ms): Min: 6.0, Avg: 6.0, Max: 6.1, Diff: 0.1, Sum: 48.2]
      [GC Worker End (ms): Min: 103134289.8, Avg: 103134289.8, Max: 103134289.9, Diff: 0.1]
   [Code Root Fixup: 0.0 ms]
   [Code Root Purge: 0.0 ms]
   [Clear CT: 0.2 ms]
   [Other: 1.3 ms]
      [Choose CSet: 0.0 ms]
      [Ref Proc: 0.8 ms]
      [Ref Enq: 0.0 ms]
      [Redirty Cards: 0.1 ms]
      [Humongous Register: 0.0 ms]
      [Humongous Reclaim: 0.0 ms]
      [Free CSet: 0.2 ms]
   [Eden: 606.0M(606.0M)->0.0B(609.0M) Survivors: 8192.0K->5120.0K Heap: 767.1M(1024.0M)->157.6M(1024.0M)]
 [Times: user=0.04 sys=0.01, real=0.01 secs] 
2020-11-07T17:15:49.165+0800: 104204.924: [GC pause (G1 Evacuation Pause) (young), 0.0186722 secs]
   [Parallel Time: 15.4 ms, GC Workers: 8]
      [GC Worker Start (ms): Min: 104204924.5, Avg: 104204924.6, Max: 104204924.9, Diff: 0.4]
      [Ext Root Scanning (ms): Min: 1.0, Avg: 2.7, Max: 8.3, Diff: 7.2, Sum: 21.5]
      [Update RS (ms): Min: 0.0, Avg: 1.4, Max: 2.4, Diff: 2.4, Sum: 11.2]
         [Processed Buffers: Min: 0, Avg: 5.9, Max: 28, Diff: 28, Sum: 47]
      [Scan RS (ms): Min: 0.0, Avg: 0.1, Max: 0.2, Diff: 0.2, Sum: 0.6]
      [Code Root Scanning (ms): Min: 0.0, Avg: 0.0, Max: 0.0, Diff: 0.0, Sum: 0.0]
      [Object Copy (ms): Min: 5.9, Avg: 9.5, Max: 11.1, Diff: 5.1, Sum: 76.4]
      [Termination (ms): Min: 0.0, Avg: 1.2, Max: 1.9, Diff: 1.9, Sum: 9.3]
         [Termination Attempts: Min: 1, Avg: 2.1, Max: 4, Diff: 3, Sum: 17]
      [GC Worker Other (ms): Min: 0.0, Avg: 0.1, Max: 0.4, Diff: 0.4, Sum: 0.6]
      [GC Worker Total (ms): Min: 14.7, Avg: 15.0, Max: 15.3, Diff: 0.6, Sum: 119.8]
      [GC Worker End (ms): Min: 104204939.1, Avg: 104204939.6, Max: 104204939.8, Diff: 0.7]
   [Code Root Fixup: 0.0 ms]
   [Code Root Purge: 0.0 ms]
   [Clear CT: 0.2 ms]
   [Other: 3.0 ms]
      [Choose CSet: 0.0 ms]
      [Ref Proc: 1.8 ms]
      [Ref Enq: 0.0 ms]
      [Redirty Cards: 0.1 ms]
      [Humongous Register: 0.1 ms]
      [Humongous Reclaim: 0.0 ms]
      [Free CSet: 0.6 ms]
   [Eden: 609.0M(609.0M)->0.0B(606.0M) Survivors: 5120.0K->8192.0K Heap: 766.6M(1024.0M)->161.1M(1024.0M)]
 [Times: user=0.05 sys=0.03, real=0.02 secs] 
2020-11-07T17:33:24.163+0800: 105259.917: [GC pause (G1 Evacuation Pause) (young), 0.0155904 secs]
   [Parallel Time: 14.5 ms, GC Workers: 8]
      [GC Worker Start (ms): Min: 105259917.3, Avg: 105259917.5, Max: 105259917.5, Diff: 0.2]
      [Ext Root Scanning (ms): Min: 6.2, Avg: 6.3, Max: 6.5, Diff: 0.2, Sum: 50.6]
      [Update RS (ms): Min: 0.3, Avg: 1.0, Max: 1.4, Diff: 1.1, Sum: 8.4]
         [Processed Buffers: Min: 1, Avg: 6.2, Max: 14, Diff: 13, Sum: 50]
      [Scan RS (ms): Min: 0.0, Avg: 0.1, Max: 0.2, Diff: 0.1, Sum: 0.7]
      [Code Root Scanning (ms): Min: 0.0, Avg: 0.0, Max: 0.0, Diff: 0.0, Sum: 0.1]
      [Object Copy (ms): Min: 5.8, Avg: 6.2, Max: 6.8, Diff: 0.9, Sum: 49.6]
      [Termination (ms): Min: 0.0, Avg: 0.6, Max: 0.7, Diff: 0.7, Sum: 4.6]
         [Termination Attempts: Min: 1, Avg: 1.5, Max: 2, Diff: 1, Sum: 12]
      [GC Worker Other (ms): Min: 0.0, Avg: 0.0, Max: 0.0, Diff: 0.0, Sum: 0.2]
      [GC Worker Total (ms): Min: 14.1, Avg: 14.3, Max: 14.4, Diff: 0.3, Sum: 114.1]
      [GC Worker End (ms): Min: 105259931.6, Avg: 105259931.7, Max: 105259931.8, Diff: 0.2]
   [Code Root Fixup: 0.0 ms]
   [Code Root Purge: 0.0 ms]
   [Clear CT: 0.2 ms]
   [Other: 0.9 ms]
      [Choose CSet: 0.0 ms]
      [Ref Proc: 0.3 ms]
      [Ref Enq: 0.0 ms]
      [Redirty Cards: 0.2 ms]
      [Humongous Register: 0.0 ms]
      [Humongous Reclaim: 0.0 ms]
      [Free CSet: 0.2 ms]
   [Eden: 606.0M(606.0M)->0.0B(606.0M) Survivors: 8192.0K->8192.0K Heap: 767.1M(1024.0M)->161.3M(1024.0M)]
 [Times: user=0.04 sys=0.01, real=0.01 secs] 
2020-11-07T17:52:04.535+0800: 106380.286: [GC pause (G1 Evacuation Pause) (young), 0.0083585 secs]
   [Parallel Time: 6.4 ms, GC Workers: 8]
      [GC Worker Start (ms): Min: 106380286.5, Avg: 106380286.6, Max: 106380286.7, Diff: 0.2]
      [Ext Root Scanning (ms): Min: 0.3, Avg: 0.9, Max: 2.5, Diff: 2.1, Sum: 7.4]
      [Update RS (ms): Min: 0.0, Avg: 0.7, Max: 1.5, Diff: 1.5, Sum: 5.9]
         [Processed Buffers: Min: 0, Avg: 6.1, Max: 21, Diff: 21, Sum: 49]
      [Scan RS (ms): Min: 0.0, Avg: 0.1, Max: 0.2, Diff: 0.2, Sum: 0.6]
      [Code Root Scanning (ms): Min: 0.0, Avg: 0.0, Max: 0.0, Diff: 0.0, Sum: 0.1]
      [Object Copy (ms): Min: 3.7, Avg: 4.1, Max: 4.7, Diff: 1.0, Sum: 32.5]
      [Termination (ms): Min: 0.0, Avg: 0.4, Max: 0.5, Diff: 0.5, Sum: 3.1]
         [Termination Attempts: Min: 1, Avg: 2.5, Max: 4, Diff: 3, Sum: 20]
      [GC Worker Other (ms): Min: 0.0, Avg: 0.0, Max: 0.0, Diff: 0.0, Sum: 0.2]
      [GC Worker Total (ms): Min: 6.1, Avg: 6.2, Max: 6.3, Diff: 0.2, Sum: 49.8]
      [GC Worker End (ms): Min: 106380292.8, Avg: 106380292.8, Max: 106380292.9, Diff: 0.1]
   [Code Root Fixup: 0.0 ms]
   [Code Root Purge: 0.0 ms]
   [Clear CT: 0.2 ms]
   [Other: 1.7 ms]
      [Choose CSet: 0.0 ms]
      [Ref Proc: 1.1 ms]
      [Ref Enq: 0.0 ms]
      [Redirty Cards: 0.1 ms]
      [Humongous Register: 0.0 ms]
      [Humongous Reclaim: 0.0 ms]
      [Free CSet: 0.2 ms]
   [Eden: 606.0M(606.0M)->0.0B(609.0M) Survivors: 8192.0K->5120.0K Heap: 767.3M(1024.0M)->158.3M(1024.0M)]
 [Times: user=0.04 sys=0.01, real=0.01 secs] 
2020-11-07T18:11:52.551+0800: 107568.298: [GC pause (G1 Evacuation Pause) (young), 0.0118549 secs]
   [Parallel Time: 10.7 ms, GC Workers: 8]
      [GC Worker Start (ms): Min: 107568298.6, Avg: 107568298.7, Max: 107568298.8, Diff: 0.2]
      [Ext Root Scanning (ms): Min: 0.4, Avg: 1.1, Max: 2.8, Diff: 2.4, Sum: 8.7]
      [Update RS (ms): Min: 0.0, Avg: 0.5, Max: 1.0, Diff: 1.0, Sum: 3.7]
         [Processed Buffers: Min: 0, Avg: 6.0, Max: 23, Diff: 23, Sum: 48]
      [Scan RS (ms): Min: 0.0, Avg: 0.1, Max: 0.2, Diff: 0.1, Sum: 0.6]
      [Code Root Scanning (ms): Min: 0.0, Avg: 0.0, Max: 0.0, Diff: 0.0, Sum: 0.1]
      [Object Copy (ms): Min: 7.0, Avg: 8.3, Max: 9.9, Diff: 2.9, Sum: 66.8]
      [Termination (ms): Min: 0.0, Avg: 0.4, Max: 0.6, Diff: 0.6, Sum: 3.1]
         [Termination Attempts: Min: 1, Avg: 1.2, Max: 2, Diff: 1, Sum: 10]
      [GC Worker Other (ms): Min: 0.0, Avg: 0.0, Max: 0.0, Diff: 0.0, Sum: 0.1]
      [GC Worker Total (ms): Min: 10.3, Avg: 10.4, Max: 10.6, Diff: 0.3, Sum: 83.0]
      [GC Worker End (ms): Min: 107568309.0, Avg: 107568309.0, Max: 107568309.2, Diff: 0.2]
   [Code Root Fixup: 0.0 ms]
   [Code Root Purge: 0.0 ms]
   [Clear CT: 0.2 ms]
   [Other: 1.0 ms]
      [Choose CSet: 0.0 ms]
      [Ref Proc: 0.4 ms]
      [Ref Enq: 0.0 ms]
      [Redirty Cards: 0.1 ms]
      [Humongous Register: 0.1 ms]
      [Humongous Reclaim: 0.0 ms]
      [Free CSet: 0.2 ms]
   [Eden: 609.0M(609.0M)->0.0B(606.0M) Survivors: 5120.0K->8192.0K Heap: 767.3M(1024.0M)->160.8M(1024.0M)]
 [Times: user=0.04 sys=0.02, real=0.01 secs] 
2020-11-07T18:31:28.076+0800: 108743.818: [GC pause (G1 Evacuation Pause) (young), 0.0084467 secs]
   [Parallel Time: 6.4 ms, GC Workers: 8]
      [GC Worker Start (ms): Min: 108743818.1, Avg: 108743818.2, Max: 108743818.3, Diff: 0.2]
      [Ext Root Scanning (ms): Min: 0.3, Avg: 0.3, Max: 0.6, Diff: 0.3, Sum: 2.7]
      [Update RS (ms): Min: 0.6, Avg: 0.8, Max: 0.9, Diff: 0.3, Sum: 6.0]
         [Processed Buffers: Min: 1, Avg: 5.6, Max: 24, Diff: 23, Sum: 45]
      [Scan RS (ms): Min: 0.0, Avg: 0.1, Max: 0.1, Diff: 0.1, Sum: 0.7]
      [Code Root Scanning (ms): Min: 0.0, Avg: 0.0, Max: 0.0, Diff: 0.0, Sum: 0.1]
      [Object Copy (ms): Min: 4.2, Avg: 4.4, Max: 4.9, Diff: 0.8, Sum: 34.9]
      [Termination (ms): Min: 0.0, Avg: 0.6, Max: 0.8, Diff: 0.7, Sum: 4.5]
         [Termination Attempts: Min: 1, Avg: 1.0, Max: 1, Diff: 0, Sum: 8]
      [GC Worker Other (ms): Min: 0.0, Avg: 0.0, Max: 0.0, Diff: 0.0, Sum: 0.2]
      [GC Worker Total (ms): Min: 6.1, Avg: 6.1, Max: 6.3, Diff: 0.2, Sum: 49.1]
      [GC Worker End (ms): Min: 108743824.3, Avg: 108743824.3, Max: 108743824.3, Diff: 0.0]
   [Code Root Fixup: 0.0 ms]
   [Code Root Purge: 0.0 ms]
   [Clear CT: 0.3 ms]
   [Other: 1.8 ms]
      [Choose CSet: 0.0 ms]
      [Ref Proc: 1.1 ms]
      [Ref Enq: 0.0 ms]
      [Redirty Cards: 0.2 ms]
      [Humongous Register: 0.0 ms]
      [Humongous Reclaim: 0.0 ms]
      [Free CSet: 0.2 ms]
   [Eden: 606.0M(606.0M)->0.0B(605.0M) Survivors: 8192.0K->9216.0K Heap: 766.8M(1024.0M)->161.8M(1024.0M)]
 [Times: user=0.04 sys=0.00, real=0.01 secs] 
2020-11-07T18:47:37.978+0800: 109713.716: [GC pause (G1 Evacuation Pause) (young), 0.0146429 secs]
   [Parallel Time: 12.7 ms, GC Workers: 8]
      [GC Worker Start (ms): Min: 109713716.5, Avg: 109713716.6, Max: 109713716.6, Diff: 0.1]
      [Ext Root Scanning (ms): Min: 0.4, Avg: 5.7, Max: 6.8, Diff: 6.4, Sum: 45.7]
      [Update RS (ms): Min: 0.0, Avg: 0.8, Max: 1.5, Diff: 1.5, Sum: 6.7]
         [Processed Buffers: Min: 0, Avg: 6.0, Max: 21, Diff: 21, Sum: 48]
      [Scan RS (ms): Min: 0.0, Avg: 0.1, Max: 0.2, Diff: 0.2, Sum: 0.7]
      [Code Root Scanning (ms): Min: 0.0, Avg: 0.0, Max: 0.1, Diff: 0.1, Sum: 0.2]
      [Object Copy (ms): Min: 4.6, Avg: 5.1, Max: 6.0, Diff: 1.5, Sum: 40.6]
      [Termination (ms): Min: 0.0, Avg: 0.0, Max: 0.0, Diff: 0.0, Sum: 0.2]
         [Termination Attempts: Min: 1, Avg: 1.4, Max: 2, Diff: 1, Sum: 11]
      [GC Worker Other (ms): Min: 0.0, Avg: 0.8, Max: 6.1, Diff: 6.1, Sum: 6.3]
      [GC Worker Total (ms): Min: 12.5, Avg: 12.6, Max: 12.6, Diff: 0.1, Sum: 100.5]
      [GC Worker End (ms): Min: 109713729.1, Avg: 109713729.1, Max: 109713729.1, Diff: 0.0]
   [Code Root Fixup: 0.0 ms]
   [Code Root Purge: 0.0 ms]
   [Clear CT: 0.2 ms]
   [Other: 1.7 ms]
      [Choose CSet: 0.0 ms]
      [Ref Proc: 1.1 ms]
      [Ref Enq: 0.0 ms]
      [Redirty Cards: 0.2 ms]
      [Humongous Register: 0.0 ms]
      [Humongous Reclaim: 0.0 ms]
      [Free CSet: 0.2 ms]
   [Eden: 605.0M(605.0M)->0.0B(607.0M) Survivors: 9216.0K->7168.0K Heap: 766.8M(1024.0M)->159.9M(1024.0M)]
 [Times: user=0.03 sys=0.01, real=0.02 secs] 
2020-11-07T19:04:08.612+0800: 110704.346: [GC pause (G1 Evacuation Pause) (young), 0.0061097 secs]
   [Parallel Time: 5.0 ms, GC Workers: 8]
      [GC Worker Start (ms): Min: 110704345.9, Avg: 110704346.0, Max: 110704346.0, Diff: 0.1]
      [Ext Root Scanning (ms): Min: 0.4, Avg: 0.8, Max: 3.5, Diff: 3.1, Sum: 6.6]
      [Update RS (ms): Min: 0.0, Avg: 0.6, Max: 1.0, Diff: 1.0, Sum: 4.8]
         [Processed Buffers: Min: 0, Avg: 5.8, Max: 14, Diff: 14, Sum: 46]
      [Scan RS (ms): Min: 0.0, Avg: 0.1, Max: 0.1, Diff: 0.1, Sum: 0.7]
      [Code Root Scanning (ms): Min: 0.0, Avg: 0.0, Max: 0.1, Diff: 0.1, Sum: 0.2]
      [Object Copy (ms): Min: 1.3, Avg: 3.3, Max: 3.6, Diff: 2.3, Sum: 26.2]
      [Termination (ms): Min: 0.0, Avg: 0.0, Max: 0.0, Diff: 0.0, Sum: 0.0]
         [Termination Attempts: Min: 1, Avg: 2.5, Max: 5, Diff: 4, Sum: 20]
      [GC Worker Other (ms): Min: 0.0, Avg: 0.0, Max: 0.1, Diff: 0.0, Sum: 0.3]
      [GC Worker Total (ms): Min: 4.8, Avg: 4.9, Max: 4.9, Diff: 0.1, Sum: 38.8]
      [GC Worker End (ms): Min: 110704350.8, Avg: 110704350.8, Max: 110704350.8, Diff: 0.0]
   [Code Root Fixup: 0.0 ms]
   [Code Root Purge: 0.0 ms]
   [Clear CT: 0.2 ms]
   [Other: 0.9 ms]
      [Choose CSet: 0.0 ms]
      [Ref Proc: 0.3 ms]
      [Ref Enq: 0.0 ms]
      [Redirty Cards: 0.1 ms]
      [Humongous Register: 0.1 ms]
      [Humongous Reclaim: 0.0 ms]
      [Free CSet: 0.2 ms]
   [Eden: 607.0M(607.0M)->0.0B(608.0M) Survivors: 7168.0K->6144.0K Heap: 766.9M(1024.0M)->159.0M(1024.0M)]
 [Times: user=0.03 sys=0.00, real=0.00 secs] 
2020-11-07T19:23:47.922+0800: 111883.651: [GC pause (G1 Evacuation Pause) (young), 0.0123971 secs]
   [Parallel Time: 10.2 ms, GC Workers: 8]
      [GC Worker Start (ms): Min: 111883650.9, Avg: 111883651.0, Max: 111883651.0, Diff: 0.2]
      [Ext Root Scanning (ms): Min: 0.4, Avg: 0.6, Max: 1.0, Diff: 0.6, Sum: 4.7]
      [Update RS (ms): Min: 0.6, Avg: 1.6, Max: 2.2, Diff: 1.6, Sum: 12.8]
         [Processed Buffers: Min: 1, Avg: 6.1, Max: 17, Diff: 16, Sum: 49]
      [Scan RS (ms): Min: 0.0, Avg: 0.1, Max: 0.1, Diff: 0.1, Sum: 0.7]
      [Code Root Scanning (ms): Min: 0.0, Avg: 0.0, Max: 0.1, Diff: 0.1, Sum: 0.3]
      [Object Copy (ms): Min: 7.1, Avg: 7.7, Max: 8.7, Diff: 1.7, Sum: 61.3]
      [Termination (ms): Min: 0.0, Avg: 0.1, Max: 0.1, Diff: 0.1, Sum: 0.7]
         [Termination Attempts: Min: 1, Avg: 1.0, Max: 1, Diff: 0, Sum: 8]
      [GC Worker Other (ms): Min: 0.0, Avg: 0.0, Max: 0.2, Diff: 0.1, Sum: 0.3]
      [GC Worker Total (ms): Min: 10.0, Avg: 10.1, Max: 10.2, Diff: 0.2, Sum: 80.7]
      [GC Worker End (ms): Min: 111883661.0, Avg: 111883661.1, Max: 111883661.1, Diff: 0.0]
   [Code Root Fixup: 0.0 ms]
   [Code Root Purge: 0.0 ms]
   [Clear CT: 0.2 ms]
   [Other: 1.9 ms]
      [Choose CSet: 0.0 ms]
      [Ref Proc: 1.3 ms]
      [Ref Enq: 0.0 ms]
      [Redirty Cards: 0.1 ms]
      [Humongous Register: 0.1 ms]
      [Humongous Reclaim: 0.0 ms]
      [Free CSet: 0.2 ms]
   [Eden: 608.0M(608.0M)->0.0B(608.0M) Survivors: 6144.0K->6144.0K Heap: 767.0M(1024.0M)->159.3M(1024.0M)]
 [Times: user=0.04 sys=0.02, real=0.01 secs] 
2020-11-07T19:43:06.784+0800: 113042.507: [GC pause (G1 Evacuation Pause) (young), 0.0102559 secs]
   [Parallel Time: 8.1 ms, GC Workers: 8]
      [GC Worker Start (ms): Min: 113042507.6, Avg: 113042507.7, Max: 113042507.8, Diff: 0.2]
      [Ext Root Scanning (ms): Min: 0.2, Avg: 0.8, Max: 2.0, Diff: 1.7, Sum: 6.7]
      [Update RS (ms): Min: 0.0, Avg: 0.4, Max: 1.2, Diff: 1.2, Sum: 3.2]
         [Processed Buffers: Min: 0, Avg: 5.5, Max: 15, Diff: 15, Sum: 44]
      [Scan RS (ms): Min: 0.0, Avg: 0.1, Max: 0.2, Diff: 0.2, Sum: 0.8]
      [Code Root Scanning (ms): Min: 0.0, Avg: 0.0, Max: 0.2, Diff: 0.2, Sum: 0.3]
      [Object Copy (ms): Min: 5.5, Avg: 6.2, Max: 7.4, Diff: 1.9, Sum: 49.3]
      [Termination (ms): Min: 0.0, Avg: 0.3, Max: 0.5, Diff: 0.5, Sum: 2.7]
         [Termination Attempts: Min: 1, Avg: 1.0, Max: 1, Diff: 0, Sum: 8]
      [GC Worker Other (ms): Min: 0.0, Avg: 0.0, Max: 0.0, Diff: 0.0, Sum: 0.2]
      [GC Worker Total (ms): Min: 7.8, Avg: 7.9, Max: 8.0, Diff: 0.2, Sum: 63.1]
      [GC Worker End (ms): Min: 113042515.5, Avg: 113042515.6, Max: 113042515.7, Diff: 0.2]
   [Code Root Fixup: 0.0 ms]
   [Code Root Purge: 0.0 ms]
   [Clear CT: 0.2 ms]
   [Other: 2.0 ms]
      [Choose CSet: 0.0 ms]
      [Ref Proc: 1.2 ms]
      [Ref Enq: 0.0 ms]
      [Redirty Cards: 0.1 ms]
      [Humongous Register: 0.1 ms]
      [Humongous Reclaim: 0.1 ms]
      [Free CSet: 0.3 ms]
   [Eden: 608.0M(608.0M)->0.0B(607.0M) Survivors: 6144.0K->7168.0K Heap: 767.3M(1024.0M)->160.9M(1024.0M)]
 [Times: user=0.04 sys=0.01, real=0.01 secs] 
2020-11-07T19:59:13.658+0800: 114009.378: [GC pause (G1 Evacuation Pause) (young), 0.0093005 secs]
   [Parallel Time: 7.3 ms, GC Workers: 8]
      [GC Worker Start (ms): Min: 114009377.8, Avg: 114009377.9, Max: 114009378.0, Diff: 0.2]
      [Ext Root Scanning (ms): Min: 0.4, Avg: 0.6, Max: 1.0, Diff: 0.6, Sum: 4.9]
      [Update RS (ms): Min: 0.0, Avg: 0.3, Max: 0.7, Diff: 0.7, Sum: 2.4]
         [Processed Buffers: Min: 0, Avg: 5.4, Max: 13, Diff: 13, Sum: 43]
      [Scan RS (ms): Min: 0.0, Avg: 0.1, Max: 0.2, Diff: 0.1, Sum: 0.7]
      [Code Root Scanning (ms): Min: 0.0, Avg: 0.0, Max: 0.2, Diff: 0.2, Sum: 0.4]
      [Object Copy (ms): Min: 5.1, Avg: 5.5, Max: 6.5, Diff: 1.4, Sum: 44.1]
      [Termination (ms): Min: 0.0, Avg: 0.4, Max: 0.5, Diff: 0.5, Sum: 3.4]
         [Termination Attempts: Min: 1, Avg: 1.0, Max: 1, Diff: 0, Sum: 8]
      [GC Worker Other (ms): Min: 0.0, Avg: 0.0, Max: 0.1, Diff: 0.1, Sum: 0.4]
      [GC Worker Total (ms): Min: 6.9, Avg: 7.0, Max: 7.2, Diff: 0.3, Sum: 56.3]
      [GC Worker End (ms): Min: 114009384.9, Avg: 114009384.9, Max: 114009385.0, Diff: 0.2]
   [Code Root Fixup: 0.0 ms]
   [Code Root Purge: 0.0 ms]
   [Clear CT: 0.2 ms]
   [Other: 1.8 ms]
      [Choose CSet: 0.0 ms]
      [Ref Proc: 1.1 ms]
      [Ref Enq: 0.0 ms]
      [Redirty Cards: 0.1 ms]
      [Humongous Register: 0.0 ms]
      [Humongous Reclaim: 0.0 ms]
      [Free CSet: 0.3 ms]
   [Eden: 607.0M(607.0M)->0.0B(607.0M) Survivors: 7168.0K->7168.0K Heap: 767.9M(1024.0M)->160.9M(1024.0M)]
 [Times: user=0.04 sys=0.01, real=0.01 secs] 
2020-11-07T20:15:25.977+0800: 114981.692: [GC pause (G1 Evacuation Pause) (young), 0.0101740 secs]
   [Parallel Time: 7.3 ms, GC Workers: 8]
      [GC Worker Start (ms): Min: 114981692.1, Avg: 114981692.2, Max: 114981692.3, Diff: 0.2]
      [Ext Root Scanning (ms): Min: 0.2, Avg: 0.5, Max: 1.0, Diff: 0.7, Sum: 4.1]
      [Update RS (ms): Min: 0.0, Avg: 0.4, Max: 1.1, Diff: 1.1, Sum: 3.5]
         [Processed Buffers: Min: 0, Avg: 5.5, Max: 12, Diff: 12, Sum: 44]
      [Scan RS (ms): Min: 0.0, Avg: 0.1, Max: 0.2, Diff: 0.1, Sum: 0.8]
      [Code Root Scanning (ms): Min: 0.0, Avg: 0.0, Max: 0.1, Diff: 0.1, Sum: 0.2]
      [Object Copy (ms): Min: 4.8, Avg: 5.3, Max: 5.8, Diff: 1.1, Sum: 42.3]
      [Termination (ms): Min: 0.0, Avg: 0.6, Max: 0.8, Diff: 0.8, Sum: 4.9]
         [Termination Attempts: Min: 1, Avg: 1.1, Max: 2, Diff: 1, Sum: 9]
      [GC Worker Other (ms): Min: 0.0, Avg: 0.0, Max: 0.1, Diff: 0.1, Sum: 0.3]
      [GC Worker Total (ms): Min: 6.9, Avg: 7.0, Max: 7.1, Diff: 0.1, Sum: 56.1]
      [GC Worker End (ms): Min: 114981699.1, Avg: 114981699.2, Max: 114981699.3, Diff: 0.2]
   [Code Root Fixup: 0.0 ms]
   [Code Root Purge: 0.0 ms]
   [Clear CT: 0.3 ms]
   [Other: 2.6 ms]
      [Choose CSet: 0.0 ms]
      [Ref Proc: 1.9 ms]
      [Ref Enq: 0.0 ms]
      [Redirty Cards: 0.1 ms]
      [Humongous Register: 0.1 ms]
      [Humongous Reclaim: 0.0 ms]
      [Free CSet: 0.2 ms]
   [Eden: 607.0M(607.0M)->0.0B(608.0M) Survivors: 7168.0K->6144.0K Heap: 767.9M(1024.0M)->159.9M(1024.0M)]
 [Times: user=0.04 sys=0.01, real=0.01 secs] 
2020-11-07T20:31:33.364+0800: 115949.075: [GC pause (G1 Evacuation Pause) (young), 0.0097816 secs]
   [Parallel Time: 8.5 ms, GC Workers: 8]
      [GC Worker Start (ms): Min: 115949075.7, Avg: 115949075.8, Max: 115949075.9, Diff: 0.2]
      [Ext Root Scanning (ms): Min: 0.3, Avg: 0.9, Max: 1.6, Diff: 1.3, Sum: 7.5]
      [Update RS (ms): Min: 0.0, Avg: 0.3, Max: 0.7, Diff: 0.7, Sum: 2.1]
         [Processed Buffers: Min: 0, Avg: 5.8, Max: 26, Diff: 26, Sum: 46]
      [Scan RS (ms): Min: 0.0, Avg: 0.1, Max: 0.2, Diff: 0.2, Sum: 0.9]
      [Code Root Scanning (ms): Min: 0.0, Avg: 0.0, Max: 0.1, Diff: 0.1, Sum: 0.2]
      [Object Copy (ms): Min: 5.8, Avg: 6.1, Max: 6.5, Diff: 0.7, Sum: 49.0]
      [Termination (ms): Min: 0.0, Avg: 0.4, Max: 0.5, Diff: 0.5, Sum: 3.2]
         [Termination Attempts: Min: 1, Avg: 1.1, Max: 2, Diff: 1, Sum: 9]
      [GC Worker Other (ms): Min: 0.0, Avg: 0.3, Max: 1.1, Diff: 1.0, Sum: 2.4]
      [GC Worker Total (ms): Min: 8.0, Avg: 8.2, Max: 8.4, Diff: 0.4, Sum: 65.3]
      [GC Worker End (ms): Min: 115949083.9, Avg: 115949084.0, Max: 115949084.1, Diff: 0.2]
   [Code Root Fixup: 0.0 ms]
   [Code Root Purge: 0.0 ms]
   [Clear CT: 0.2 ms]
   [Other: 1.1 ms]
      [Choose CSet: 0.0 ms]
      [Ref Proc: 0.6 ms]
      [Ref Enq: 0.0 ms]
      [Redirty Cards: 0.1 ms]
      [Humongous Register: 0.0 ms]
      [Humongous Reclaim: 0.0 ms]
      [Free CSet: 0.2 ms]
   [Eden: 608.0M(608.0M)->0.0B(606.0M) Survivors: 6144.0K->8192.0K Heap: 767.9M(1024.0M)->161.5M(1024.0M)]
 [Times: user=0.03 sys=0.01, real=0.01 secs] 
2020-11-07T20:47:49.246+0800: 116924.953: [GC pause (G1 Evacuation Pause) (young), 0.1269636 secs]
   [Parallel Time: 107.4 ms, GC Workers: 8]
      [GC Worker Start (ms): Min: 116924968.6, Avg: 116924969.6, Max: 116924970.1, Diff: 1.5]
      [Ext Root Scanning (ms): Min: 19.8, Avg: 21.7, Max: 29.8, Diff: 10.0, Sum: 173.4]
      [Update RS (ms): Min: 0.0, Avg: 5.7, Max: 7.7, Diff: 7.7, Sum: 46.0]
         [Processed Buffers: Min: 0, Avg: 5.5, Max: 14, Diff: 14, Sum: 44]
      [Scan RS (ms): Min: 0.0, Avg: 0.1, Max: 0.2, Diff: 0.2, Sum: 0.6]
      [Code Root Scanning (ms): Min: 0.0, Avg: 0.1, Max: 0.7, Diff: 0.7, Sum: 0.8]
      [Object Copy (ms): Min: 73.5, Avg: 74.9, Max: 76.3, Diff: 2.8, Sum: 598.8]
      [Termination (ms): Min: 0.0, Avg: 0.9, Max: 1.4, Diff: 1.4, Sum: 7.3]
         [Termination Attempts: Min: 1, Avg: 1.2, Max: 2, Diff: 1, Sum: 10]
      [GC Worker Other (ms): Min: 0.1, Avg: 1.1, Max: 1.8, Diff: 1.7, Sum: 9.0]
      [GC Worker Total (ms): Min: 103.8, Avg: 104.5, Max: 105.4, Diff: 1.5, Sum: 835.8]
      [GC Worker End (ms): Min: 116925073.9, Avg: 116925074.1, Max: 116925074.6, Diff: 0.7]
   [Code Root Fixup: 0.0 ms]
   [Code Root Purge: 0.0 ms]
   [Clear CT: 0.3 ms]
   [Other: 19.3 ms]
      [Choose CSet: 0.0 ms]
      [Ref Proc: 2.7 ms]
      [Ref Enq: 0.0 ms]
      [Redirty Cards: 0.1 ms]
      [Humongous Register: 3.0 ms]
      [Humongous Reclaim: 0.0 ms]
      [Free CSet: 1.9 ms]
   [Eden: 606.0M(606.0M)->0.0B(46080.0K) Survivors: 8192.0K->6144.0K Heap: 767.5M(1024.0M)->159.6M(1024.0M)]
 [Times: user=0.04 sys=0.16, real=0.13 secs] 
2020-11-07T20:49:00.457+0800: 116996.164: [GC pause (G1 Evacuation Pause) (young), 0.0170894 secs]
   [Parallel Time: 16.2 ms, GC Workers: 8]
      [GC Worker Start (ms): Min: 116996164.0, Avg: 116996164.1, Max: 116996164.2, Diff: 0.2]
      [Ext Root Scanning (ms): Min: 6.3, Avg: 6.4, Max: 6.6, Diff: 0.3, Sum: 51.5]
      [Update RS (ms): Min: 0.0, Avg: 0.5, Max: 1.3, Diff: 1.3, Sum: 4.3]
         [Processed Buffers: Min: 0, Avg: 5.1, Max: 15, Diff: 15, Sum: 41]
      [Scan RS (ms): Min: 0.0, Avg: 0.0, Max: 0.0, Diff: 0.0, Sum: 0.1]
      [Code Root Scanning (ms): Min: 0.0, Avg: 0.0, Max: 0.1, Diff: 0.1, Sum: 0.1]
      [Object Copy (ms): Min: 7.8, Avg: 8.5, Max: 9.0, Diff: 1.1, Sum: 68.2]
      [Termination (ms): Min: 0.0, Avg: 0.5, Max: 0.7, Diff: 0.7, Sum: 3.8]
         [Termination Attempts: Min: 1, Avg: 1.0, Max: 1, Diff: 0, Sum: 8]
      [GC Worker Other (ms): Min: 0.0, Avg: 0.0, Max: 0.0, Diff: 0.0, Sum: 0.1]
      [GC Worker Total (ms): Min: 15.9, Avg: 16.0, Max: 16.2, Diff: 0.3, Sum: 128.2]
      [GC Worker End (ms): Min: 116996180.0, Avg: 116996180.1, Max: 116996180.2, Diff: 0.2]
   [Code Root Fixup: 0.0 ms]
   [Code Root Purge: 0.0 ms]
   [Clear CT: 0.2 ms]
   [Other: 0.7 ms]
      [Choose CSet: 0.0 ms]
      [Ref Proc: 0.2 ms]
      [Ref Enq: 0.0 ms]
      [Redirty Cards: 0.1 ms]
      [Humongous Register: 0.1 ms]
      [Humongous Reclaim: 0.0 ms]
      [Free CSet: 0.1 ms]
   [Eden: 46080.0K(46080.0K)->0.0B(46080.0K) Survivors: 6144.0K->6144.0K Heap: 204.6M(1024.0M)->159.4M(1024.0M)]
 [Times: user=0.03 sys=0.02, real=0.02 secs] 
2020-11-07T20:50:10.595+0800: 117066.301: [GC pause (G1 Evacuation Pause) (young), 0.0115071 secs]
   [Parallel Time: 10.2 ms, GC Workers: 8]
      [GC Worker Start (ms): Min: 117066301.5, Avg: 117066301.5, Max: 117066301.6, Diff: 0.1]
      [Ext Root Scanning (ms): Min: 0.2, Avg: 0.8, Max: 1.0, Diff: 0.8, Sum: 6.3]
      [Update RS (ms): Min: 0.1, Avg: 0.2, Max: 0.3, Diff: 0.2, Sum: 1.6]
         [Processed Buffers: Min: 1, Avg: 5.2, Max: 10, Diff: 9, Sum: 42]
      [Scan RS (ms): Min: 0.0, Avg: 0.0, Max: 0.0, Diff: 0.0, Sum: 0.1]
      [Code Root Scanning (ms): Min: 0.0, Avg: 0.0, Max: 0.1, Diff: 0.1, Sum: 0.1]
      [Object Copy (ms): Min: 8.8, Avg: 8.9, Max: 9.0, Diff: 0.2, Sum: 71.3]
      [Termination (ms): Min: 0.0, Avg: 0.0, Max: 0.0, Diff: 0.0, Sum: 0.1]
         [Termination Attempts: Min: 1, Avg: 2.4, Max: 3, Diff: 2, Sum: 19]
      [GC Worker Other (ms): Min: 0.0, Avg: 0.1, Max: 0.7, Diff: 0.7, Sum: 0.8]
      [GC Worker Total (ms): Min: 10.0, Avg: 10.0, Max: 10.1, Diff: 0.1, Sum: 80.3]
      [GC Worker End (ms): Min: 117066311.6, Avg: 117066311.6, Max: 117066311.6, Diff: 0.0]
   [Code Root Fixup: 0.0 ms]
   [Code Root Purge: 0.0 ms]
   [Clear CT: 0.1 ms]
   [Other: 1.2 ms]
      [Choose CSet: 0.0 ms]
      [Ref Proc: 0.9 ms]
      [Ref Enq: 0.0 ms]
      [Redirty Cards: 0.1 ms]
      [Humongous Register: 0.0 ms]
      [Humongous Reclaim: 0.0 ms]
      [Free CSet: 0.0 ms]
   [Eden: 46080.0K(46080.0K)->0.0B(45056.0K) Survivors: 6144.0K->7168.0K Heap: 204.4M(1024.0M)->161.0M(1024.0M)]
 [Times: user=0.02 sys=0.03, real=0.01 secs] 
2020-11-07T20:51:20.437+0800: 117136.142: [GC pause (G1 Evacuation Pause) (young), 0.0050920 secs]
   [Parallel Time: 4.4 ms, GC Workers: 8]
      [GC Worker Start (ms): Min: 117136142.5, Avg: 117136142.6, Max: 117136142.7, Diff: 0.2]
      [Ext Root Scanning (ms): Min: 0.4, Avg: 0.6, Max: 0.9, Diff: 0.5, Sum: 4.4]
      [Update RS (ms): Min: 0.0, Avg: 0.2, Max: 0.4, Diff: 0.4, Sum: 1.7]
         [Processed Buffers: Min: 0, Avg: 5.2, Max: 15, Diff: 15, Sum: 42]
      [Scan RS (ms): Min: 0.0, Avg: 0.0, Max: 0.0, Diff: 0.0, Sum: 0.0]
      [Code Root Scanning (ms): Min: 0.0, Avg: 0.0, Max: 0.1, Diff: 0.1, Sum: 0.1]
      [Object Copy (ms): Min: 3.3, Avg: 3.4, Max: 3.5, Diff: 0.1, Sum: 27.2]
      [Termination (ms): Min: 0.0, Avg: 0.0, Max: 0.0, Diff: 0.0, Sum: 0.1]
         [Termination Attempts: Min: 1, Avg: 1.4, Max: 2, Diff: 1, Sum: 11]
      [GC Worker Other (ms): Min: 0.0, Avg: 0.0, Max: 0.0, Diff: 0.0, Sum: 0.1]
      [GC Worker Total (ms): Min: 4.1, Avg: 4.2, Max: 4.3, Diff: 0.2, Sum: 33.7]
      [GC Worker End (ms): Min: 117136146.8, Avg: 117136146.8, Max: 117136146.8, Diff: 0.0]
   [Code Root Fixup: 0.0 ms]
   [Code Root Purge: 0.0 ms]
   [Clear CT: 0.1 ms]
   [Other: 0.6 ms]
      [Choose CSet: 0.0 ms]
      [Ref Proc: 0.2 ms]
      [Ref Enq: 0.0 ms]
      [Redirty Cards: 0.1 ms]
      [Humongous Register: 0.0 ms]
      [Humongous Reclaim: 0.0 ms]
      [Free CSet: 0.0 ms]
   [Eden: 45056.0K(45056.0K)->0.0B(45056.0K) Survivors: 7168.0K->7168.0K Heap: 205.0M(1024.0M)->161.1M(1024.0M)]
 [Times: user=0.03 sys=0.01, real=0.01 secs] 
2020-11-07T20:52:30.800+0800: 117206.505: [GC pause (G1 Evacuation Pause) (young), 0.0064635 secs]
   [Parallel Time: 4.8 ms, GC Workers: 8]
      [GC Worker Start (ms): Min: 117206505.6, Avg: 117206505.7, Max: 117206506.1, Diff: 0.5]
      [Ext Root Scanning (ms): Min: 0.0, Avg: 0.3, Max: 0.5, Diff: 0.5, Sum: 2.5]
      [Update RS (ms): Min: 0.2, Avg: 0.7, Max: 3.2, Diff: 3.0, Sum: 5.6]
         [Processed Buffers: Min: 1, Avg: 5.0, Max: 12, Diff: 11, Sum: 40]
      [Scan RS (ms): Min: 0.0, Avg: 0.0, Max: 0.0, Diff: 0.0, Sum: 0.1]
      [Code Root Scanning (ms): Min: 0.0, Avg: 0.5, Max: 3.9, Diff: 3.9, Sum: 4.0]
      [Object Copy (ms): Min: 0.0, Avg: 2.4, Max: 3.8, Diff: 3.8, Sum: 19.2]
      [Termination (ms): Min: 0.0, Avg: 0.7, Max: 0.9, Diff: 0.9, Sum: 5.3]
         [Termination Attempts: Min: 1, Avg: 1.0, Max: 1, Diff: 0, Sum: 8]
      [GC Worker Other (ms): Min: 0.0, Avg: 0.0, Max: 0.0, Diff: 0.0, Sum: 0.1]
      [GC Worker Total (ms): Min: 4.3, Avg: 4.6, Max: 4.8, Diff: 0.5, Sum: 36.8]
      [GC Worker End (ms): Min: 117206510.3, Avg: 117206510.3, Max: 117206510.4, Diff: 0.1]
   [Code Root Fixup: 0.0 ms]
   [Code Root Purge: 0.0 ms]
   [Clear CT: 0.2 ms]
   [Other: 1.4 ms]
      [Choose CSet: 0.0 ms]
      [Ref Proc: 1.0 ms]
      [Ref Enq: 0.0 ms]
      [Redirty Cards: 0.1 ms]
      [Humongous Register: 0.0 ms]
      [Humongous Reclaim: 0.0 ms]
      [Free CSet: 0.0 ms]
   [Eden: 45056.0K(45056.0K)->0.0B(46080.0K) Survivors: 7168.0K->6144.0K Heap: 205.1M(1024.0M)->160.0M(1024.0M)]
 [Times: user=0.03 sys=0.00, real=0.00 secs] 
2020-11-07T20:53:42.236+0800: 117277.941: [GC pause (G1 Evacuation Pause) (young), 0.0063718 secs]
   [Parallel Time: 4.7 ms, GC Workers: 8]
      [GC Worker Start (ms): Min: 117277942.0, Avg: 117277942.1, Max: 117277942.3, Diff: 0.2]
      [Ext Root Scanning (ms): Min: 0.4, Avg: 0.8, Max: 2.7, Diff: 2.4, Sum: 6.7]
      [Update RS (ms): Min: 0.0, Avg: 0.7, Max: 1.3, Diff: 1.3, Sum: 5.9]
         [Processed Buffers: Min: 0, Avg: 5.0, Max: 18, Diff: 18, Sum: 40]
      [Scan RS (ms): Min: 0.0, Avg: 0.0, Max: 0.0, Diff: 0.0, Sum: 0.1]
      [Code Root Scanning (ms): Min: 0.0, Avg: 0.0, Max: 0.0, Diff: 0.0, Sum: 0.0]
      [Object Copy (ms): Min: 1.8, Avg: 2.9, Max: 3.2, Diff: 1.5, Sum: 23.4]
      [Termination (ms): Min: 0.0, Avg: 0.0, Max: 0.0, Diff: 0.0, Sum: 0.2]
         [Termination Attempts: Min: 1, Avg: 1.2, Max: 2, Diff: 1, Sum: 10]
      [GC Worker Other (ms): Min: 0.0, Avg: 0.0, Max: 0.0, Diff: 0.0, Sum: 0.1]
      [GC Worker Total (ms): Min: 4.4, Avg: 4.5, Max: 4.6, Diff: 0.2, Sum: 36.3]
      [GC Worker End (ms): Min: 117277946.7, Avg: 117277946.7, Max: 117277946.7, Diff: 0.0]
   [Code Root Fixup: 0.0 ms]
   [Code Root Purge: 0.0 ms]
   [Clear CT: 0.1 ms]
   [Other: 1.5 ms]
      [Choose CSet: 0.0 ms]
      [Ref Proc: 0.4 ms]
      [Ref Enq: 0.0 ms]
      [Redirty Cards: 0.1 ms]
      [Humongous Register: 0.0 ms]
      [Humongous Reclaim: 0.0 ms]
      [Free CSet: 0.0 ms]
   [Eden: 46080.0K(46080.0K)->0.0B(82944.0K) Survivors: 6144.0K->5120.0K Heap: 205.0M(1024.0M)->159.2M(1024.0M)]
 [Times: user=0.03 sys=0.00, real=0.01 secs] 
2020-11-07T20:55:48.427+0800: 117404.132: [GC pause (G1 Evacuation Pause) (young), 0.0142114 secs]
   [Parallel Time: 13.4 ms, GC Workers: 8]
      [GC Worker Start (ms): Min: 117404132.0, Avg: 117404132.0, Max: 117404132.2, Diff: 0.2]
      [Ext Root Scanning (ms): Min: 0.3, Avg: 0.4, Max: 0.6, Diff: 0.3, Sum: 3.1]
      [Update RS (ms): Min: 0.1, Avg: 0.3, Max: 0.4, Diff: 0.3, Sum: 2.1]
         [Processed Buffers: Min: 1, Avg: 5.0, Max: 10, Diff: 9, Sum: 40]
      [Scan RS (ms): Min: 0.0, Avg: 0.0, Max: 0.0, Diff: 0.0, Sum: 0.1]
      [Code Root Scanning (ms): Min: 0.0, Avg: 0.0, Max: 0.0, Diff: 0.0, Sum: 0.0]
      [Object Copy (ms): Min: 11.0, Avg: 11.3, Max: 12.4, Diff: 1.4, Sum: 90.8]
      [Termination (ms): Min: 0.0, Avg: 1.1, Max: 1.4, Diff: 1.4, Sum: 8.4]
         [Termination Attempts: Min: 1, Avg: 1.0, Max: 1, Diff: 0, Sum: 8]
      [GC Worker Other (ms): Min: 0.0, Avg: 0.0, Max: 0.0, Diff: 0.0, Sum: 0.1]
      [GC Worker Total (ms): Min: 12.9, Avg: 13.1, Max: 13.3, Diff: 0.3, Sum: 104.8]
      [GC Worker End (ms): Min: 117404145.1, Avg: 117404145.1, Max: 117404145.3, Diff: 0.2]
   [Code Root Fixup: 0.0 ms]
   [Code Root Purge: 0.0 ms]
   [Clear CT: 0.1 ms]
   [Other: 0.6 ms]
      [Choose CSet: 0.0 ms]
      [Ref Proc: 0.2 ms]
      [Ref Enq: 0.0 ms]
      [Redirty Cards: 0.1 ms]
      [Humongous Register: 0.0 ms]
      [Humongous Reclaim: 0.0 ms]
      [Free CSet: 0.1 ms]
   [Eden: 81920.0K(81920.0K)->0.0B(175.0M) Survivors: 5120.0K->8192.0K Heap: 239.2M(1024.0M)->162.3M(1024.0M)]
 [Times: user=0.03 sys=0.04, real=0.02 secs] 
2020-11-07T21:00:32.050+0800: 117687.754: [GC pause (G1 Evacuation Pause) (young), 0.0125221 secs]
   [Parallel Time: 10.5 ms, GC Workers: 8]
      [GC Worker Start (ms): Min: 117687753.7, Avg: 117687753.8, Max: 117687753.9, Diff: 0.2]
      [Ext Root Scanning (ms): Min: 0.0, Avg: 0.2, Max: 0.6, Diff: 0.6, Sum: 2.0]
      [Update RS (ms): Min: 0.3, Avg: 0.9, Max: 1.4, Diff: 1.0, Sum: 7.1]
         [Processed Buffers: Min: 1, Avg: 5.6, Max: 17, Diff: 16, Sum: 45]
      [Scan RS (ms): Min: 0.0, Avg: 0.0, Max: 0.1, Diff: 0.1, Sum: 0.2]
      [Code Root Scanning (ms): Min: 0.0, Avg: 0.0, Max: 0.0, Diff: 0.0, Sum: 0.0]
      [Object Copy (ms): Min: 7.9, Avg: 8.5, Max: 9.2, Diff: 1.3, Sum: 67.7]
      [Termination (ms): Min: 0.0, Avg: 0.3, Max: 0.4, Diff: 0.4, Sum: 2.7]
         [Termination Attempts: Min: 1, Avg: 1.0, Max: 1, Diff: 0, Sum: 8]
      [GC Worker Other (ms): Min: 0.0, Avg: 0.3, Max: 0.8, Diff: 0.8, Sum: 2.5]
      [GC Worker Total (ms): Min: 10.1, Avg: 10.3, Max: 10.3, Diff: 0.2, Sum: 82.1]
      [GC Worker End (ms): Min: 117687764.0, Avg: 117687764.1, Max: 117687764.2, Diff: 0.2]
   [Code Root Fixup: 0.0 ms]
   [Code Root Purge: 0.0 ms]
   [Clear CT: 0.2 ms]
   [Other: 1.8 ms]
      [Choose CSet: 0.0 ms]
      [Ref Proc: 1.3 ms]
      [Ref Enq: 0.0 ms]
      [Redirty Cards: 0.1 ms]
      [Humongous Register: 0.1 ms]
      [Humongous Reclaim: 0.0 ms]
      [Free CSet: 0.1 ms]
   [Eden: 175.0M(175.0M)->0.0B(252.0M) Survivors: 8192.0K->5120.0K Heap: 337.3M(1024.0M)->159.0M(1024.0M)]
 [Times: user=0.03 sys=0.03, real=0.01 secs] 
2020-11-07T21:08:10.281+0800: 118145.983: [GC pause (G1 Evacuation Pause) (young), 0.0435024 secs]
   [Parallel Time: 30.4 ms, GC Workers: 8]
      [GC Worker Start (ms): Min: 118145992.9, Avg: 118145993.6, Max: 118145994.5, Diff: 1.5]
      [Ext Root Scanning (ms): Min: 0.8, Avg: 3.4, Max: 8.4, Diff: 7.6, Sum: 26.9]
      [Update RS (ms): Min: 0.0, Avg: 3.2, Max: 4.1, Diff: 4.1, Sum: 25.9]
         [Processed Buffers: Min: 0, Avg: 5.5, Max: 22, Diff: 22, Sum: 44]
      [Scan RS (ms): Min: 0.0, Avg: 0.0, Max: 0.1, Diff: 0.1, Sum: 0.2]
      [Code Root Scanning (ms): Min: 0.0, Avg: 0.0, Max: 0.0, Diff: 0.0, Sum: 0.0]
      [Object Copy (ms): Min: 19.8, Avg: 20.3, Max: 21.1, Diff: 1.4, Sum: 162.0]
      [Termination (ms): Min: 0.0, Avg: 1.0, Max: 2.0, Diff: 2.0, Sum: 7.9]
         [Termination Attempts: Min: 1, Avg: 3.6, Max: 7, Diff: 6, Sum: 29]
      [GC Worker Other (ms): Min: 0.0, Avg: 0.5, Max: 1.6, Diff: 1.6, Sum: 3.7]
      [GC Worker Total (ms): Min: 27.0, Avg: 28.3, Max: 29.2, Diff: 2.3, Sum: 226.6]
      [GC Worker End (ms): Min: 118146021.4, Avg: 118146021.9, Max: 118146022.7, Diff: 1.2]
   [Code Root Fixup: 0.0 ms]
   [Code Root Purge: 0.0 ms]
   [Clear CT: 0.2 ms]
   [Other: 13.0 ms]
      [Choose CSet: 0.0 ms]
      [Ref Proc: 1.4 ms]
      [Ref Enq: 0.0 ms]
      [Redirty Cards: 0.2 ms]
      [Humongous Register: 8.9 ms]
      [Humongous Reclaim: 0.0 ms]
      [Free CSet: 1.4 ms]
   [Eden: 252.0M(252.0M)->0.0B(45056.0K) Survivors: 5120.0K->7168.0K Heap: 411.0M(1024.0M)->161.3M(1024.0M)]
 [Times: user=0.04 sys=0.06, real=0.05 secs] 
2020-11-07T21:09:19.533+0800: 118215.234: [GC pause (G1 Evacuation Pause) (young), 0.0144247 secs]
   [Parallel Time: 13.7 ms, GC Workers: 8]
      [GC Worker Start (ms): Min: 118215234.6, Avg: 118215234.7, Max: 118215234.8, Diff: 0.2]
      [Ext Root Scanning (ms): Min: 0.5, Avg: 0.6, Max: 0.7, Diff: 0.2, Sum: 5.1]
      [Update RS (ms): Min: 1.1, Avg: 1.4, Max: 2.1, Diff: 1.0, Sum: 10.9]
         [Processed Buffers: Min: 1, Avg: 5.6, Max: 16, Diff: 15, Sum: 45]
      [Scan RS (ms): Min: 0.0, Avg: 0.0, Max: 0.0, Diff: 0.0, Sum: 0.0]
      [Code Root Scanning (ms): Min: 0.0, Avg: 0.0, Max: 0.0, Diff: 0.0, Sum: 0.0]
      [Object Copy (ms): Min: 9.2, Avg: 10.8, Max: 11.5, Diff: 2.2, Sum: 86.1]
      [Termination (ms): Min: 0.0, Avg: 0.5, Max: 2.1, Diff: 2.1, Sum: 4.2]
         [Termination Attempts: Min: 1, Avg: 1.9, Max: 4, Diff: 3, Sum: 15]
      [GC Worker Other (ms): Min: 0.0, Avg: 0.0, Max: 0.0, Diff: 0.0, Sum: 0.1]
      [GC Worker Total (ms): Min: 13.2, Avg: 13.3, Max: 13.5, Diff: 0.3, Sum: 106.6]
      [GC Worker End (ms): Min: 118215248.0, Avg: 118215248.0, Max: 118215248.2, Diff: 0.2]
   [Code Root Fixup: 0.0 ms]
   [Code Root Purge: 0.0 ms]
   [Clear CT: 0.1 ms]
   [Other: 0.6 ms]
      [Choose CSet: 0.0 ms]
      [Ref Proc: 0.2 ms]
      [Ref Enq: 0.0 ms]
      [Redirty Cards: 0.1 ms]
      [Humongous Register: 0.0 ms]
      [Humongous Reclaim: 0.0 ms]
      [Free CSet: 0.1 ms]
   [Eden: 45056.0K(45056.0K)->0.0B(45056.0K) Survivors: 7168.0K->7168.0K Heap: 205.3M(1024.0M)->161.0M(1024.0M)]
 [Times: user=0.04 sys=0.03, real=0.01 secs] 
2020-11-07T21:10:28.975+0800: 118284.676: [GC pause (G1 Evacuation Pause) (young), 0.0120543 secs]
   [Parallel Time: 9.5 ms, GC Workers: 8]
      [GC Worker Start (ms): Min: 118284675.8, Avg: 118284676.2, Max: 118284677.5, Diff: 1.8]
      [Ext Root Scanning (ms): Min: 0.0, Avg: 0.6, Max: 1.6, Diff: 1.5, Sum: 4.8]
      [Update RS (ms): Min: 0.0, Avg: 0.5, Max: 1.0, Diff: 1.0, Sum: 3.7]
         [Processed Buffers: Min: 0, Avg: 5.0, Max: 11, Diff: 11, Sum: 40]
      [Scan RS (ms): Min: 0.0, Avg: 0.0, Max: 0.0, Diff: 0.0, Sum: 0.1]
      [Code Root Scanning (ms): Min: 0.0, Avg: 0.0, Max: 0.0, Diff: 0.0, Sum: 0.0]
      [Object Copy (ms): Min: 7.0, Avg: 7.5, Max: 8.5, Diff: 1.5, Sum: 59.9]
      [Termination (ms): Min: 0.0, Avg: 0.3, Max: 0.5, Diff: 0.5, Sum: 2.3]
         [Termination Attempts: Min: 1, Avg: 1.0, Max: 1, Diff: 0, Sum: 8]
      [GC Worker Other (ms): Min: 0.0, Avg: 0.0, Max: 0.0, Diff: 0.0, Sum: 0.1]
      [GC Worker Total (ms): Min: 7.5, Avg: 8.9, Max: 9.4, Diff: 1.9, Sum: 70.8]
      [GC Worker End (ms): Min: 118284685.0, Avg: 118284685.1, Max: 118284685.2, Diff: 0.2]
   [Code Root Fixup: 0.0 ms]
   [Code Root Purge: 0.0 ms]
   [Clear CT: 0.2 ms]
   [Other: 2.3 ms]
      [Choose CSet: 0.0 ms]
      [Ref Proc: 1.8 ms]
      [Ref Enq: 0.0 ms]
      [Redirty Cards: 0.2 ms]
      [Humongous Register: 0.0 ms]
      [Humongous Reclaim: 0.0 ms]
      [Free CSet: 0.1 ms]
   [Eden: 45056.0K(45056.0K)->0.0B(121.0M) Survivors: 7168.0K->5120.0K Heap: 205.0M(1024.0M)->160.1M(1024.0M)]
 [Times: user=0.03 sys=0.01, real=0.01 secs] 
2020-11-07T21:13:40.668+0800: 118476.368: [GC pause (G1 Evacuation Pause) (young), 0.0086240 secs]
   [Parallel Time: 5.7 ms, GC Workers: 8]
      [GC Worker Start (ms): Min: 118476368.4, Avg: 118476369.4, Max: 118476373.8, Diff: 5.4]
      [Ext Root Scanning (ms): Min: 0.0, Avg: 0.2, Max: 0.5, Diff: 0.5, Sum: 1.9]
      [Update RS (ms): Min: 0.0, Avg: 1.1, Max: 3.2, Diff: 3.2, Sum: 9.0]
         [Processed Buffers: Min: 0, Avg: 5.6, Max: 17, Diff: 17, Sum: 45]
      [Scan RS (ms): Min: 0.0, Avg: 0.0, Max: 0.1, Diff: 0.1, Sum: 0.1]
      [Code Root Scanning (ms): Min: 0.0, Avg: 0.0, Max: 0.0, Diff: 0.0, Sum: 0.0]
      [Object Copy (ms): Min: 0.0, Avg: 2.3, Max: 3.3, Diff: 3.3, Sum: 18.7]
      [Termination (ms): Min: 0.0, Avg: 0.8, Max: 1.0, Diff: 1.0, Sum: 6.6]
         [Termination Attempts: Min: 1, Avg: 1.8, Max: 5, Diff: 4, Sum: 14]
      [GC Worker Other (ms): Min: 0.0, Avg: 0.0, Max: 0.0, Diff: 0.0, Sum: 0.2]
      [GC Worker Total (ms): Min: 0.1, Avg: 4.6, Max: 5.6, Diff: 5.6, Sum: 36.6]
      [GC Worker End (ms): Min: 118476373.8, Avg: 118476374.0, Max: 118476374.1, Diff: 0.2]
   [Code Root Fixup: 0.0 ms]
   [Code Root Purge: 0.0 ms]
   [Clear CT: 0.1 ms]
   [Other: 2.8 ms]
      [Choose CSet: 0.0 ms]
      [Ref Proc: 2.3 ms]
      [Ref Enq: 0.0 ms]
      [Redirty Cards: 0.1 ms]
      [Humongous Register: 0.1 ms]
      [Humongous Reclaim: 0.0 ms]
      [Free CSet: 0.1 ms]
   [Eden: 121.0M(121.0M)->0.0B(291.0M) Survivors: 5120.0K->5120.0K Heap: 281.1M(1024.0M)->159.6M(1024.0M)]
 [Times: user=0.04 sys=0.00, real=0.03 secs] 
2020-11-07T21:21:17.789+0800: 118933.486: [GC pause (G1 Evacuation Pause) (young), 0.0149834 secs]
   [Parallel Time: 13.2 ms, GC Workers: 8]
      [GC Worker Start (ms): Min: 118933486.4, Avg: 118933486.5, Max: 118933486.6, Diff: 0.1]
      [Ext Root Scanning (ms): Min: 0.2, Avg: 0.3, Max: 0.6, Diff: 0.4, Sum: 2.5]
      [Update RS (ms): Min: 0.4, Avg: 0.5, Max: 0.7, Diff: 0.3, Sum: 4.1]
         [Processed Buffers: Min: 1, Avg: 5.5, Max: 25, Diff: 24, Sum: 44]
      [Scan RS (ms): Min: 0.0, Avg: 0.0, Max: 0.1, Diff: 0.1, Sum: 0.3]
      [Code Root Scanning (ms): Min: 0.0, Avg: 0.0, Max: 0.0, Diff: 0.0, Sum: 0.0]
      [Object Copy (ms): Min: 11.3, Avg: 11.6, Max: 12.1, Diff: 0.8, Sum: 92.7]
      [Termination (ms): Min: 0.0, Avg: 0.6, Max: 0.8, Diff: 0.7, Sum: 4.5]
         [Termination Attempts: Min: 1, Avg: 2.2, Max: 3, Diff: 2, Sum: 18]
      [GC Worker Other (ms): Min: 0.0, Avg: 0.0, Max: 0.1, Diff: 0.1, Sum: 0.2]
      [GC Worker Total (ms): Min: 13.0, Avg: 13.0, Max: 13.1, Diff: 0.1, Sum: 104.3]
      [GC Worker End (ms): Min: 118933499.5, Avg: 118933499.5, Max: 118933499.6, Diff: 0.0]
   [Code Root Fixup: 0.0 ms]
   [Code Root Purge: 0.0 ms]
   [Clear CT: 0.1 ms]
   [Other: 1.6 ms]
      [Choose CSet: 0.0 ms]
      [Ref Proc: 1.1 ms]
      [Ref Enq: 0.0 ms]
      [Redirty Cards: 0.2 ms]
      [Humongous Register: 0.0 ms]
      [Humongous Reclaim: 0.0 ms]
      [Free CSet: 0.1 ms]
   [Eden: 291.0M(291.0M)->0.0B(347.0M) Survivors: 5120.0K->6144.0K Heap: 450.6M(1024.0M)->160.8M(1024.0M)]
 [Times: user=0.04 sys=0.04, real=0.02 secs] 
2020-11-07T21:30:30.305+0800: 119485.999: [GC pause (G1 Evacuation Pause) (young), 0.0151265 secs]
   [Parallel Time: 14.1 ms, GC Workers: 8]
      [GC Worker Start (ms): Min: 119485999.6, Avg: 119485999.7, Max: 119485999.8, Diff: 0.2]
      [Ext Root Scanning (ms): Min: 0.3, Avg: 0.5, Max: 0.9, Diff: 0.6, Sum: 3.7]
      [Update RS (ms): Min: 0.0, Avg: 0.4, Max: 0.7, Diff: 0.7, Sum: 3.3]
         [Processed Buffers: Min: 0, Avg: 5.6, Max: 17, Diff: 17, Sum: 45]
      [Scan RS (ms): Min: 0.0, Avg: 0.0, Max: 0.1, Diff: 0.1, Sum: 0.4]
      [Code Root Scanning (ms): Min: 0.0, Avg: 0.0, Max: 0.0, Diff: 0.0, Sum: 0.1]
      [Object Copy (ms): Min: 11.3, Avg: 11.9, Max: 12.5, Diff: 1.3, Sum: 94.9]
      [Termination (ms): Min: 0.2, Avg: 1.0, Max: 1.4, Diff: 1.3, Sum: 8.0]
         [Termination Attempts: Min: 1, Avg: 5.5, Max: 13, Diff: 12, Sum: 44]
      [GC Worker Other (ms): Min: 0.0, Avg: 0.0, Max: 0.0, Diff: 0.0, Sum: 0.1]
      [GC Worker Total (ms): Min: 13.7, Avg: 13.8, Max: 13.9, Diff: 0.2, Sum: 110.5]
      [GC Worker End (ms): Min: 119486013.4, Avg: 119486013.5, Max: 119486013.6, Diff: 0.2]
   [Code Root Fixup: 0.0 ms]
   [Code Root Purge: 0.0 ms]
   [Clear CT: 0.2 ms]
   [Other: 0.9 ms]
      [Choose CSet: 0.0 ms]
      [Ref Proc: 0.3 ms]
      [Ref Enq: 0.0 ms]
      [Redirty Cards: 0.1 ms]
      [Humongous Register: 0.1 ms]
      [Humongous Reclaim: 0.0 ms]
      [Free CSet: 0.2 ms]
   [Eden: 347.0M(347.0M)->0.0B(507.0M) Survivors: 6144.0K->7168.0K Heap: 507.8M(1024.0M)->161.6M(1024.0M)]
 [Times: user=0.04 sys=0.04, real=0.02 secs] 
2020-11-07T21:43:54.800+0800: 120290.490: [GC pause (G1 Evacuation Pause) (young), 0.0156911 secs]
   [Parallel Time: 14.6 ms, GC Workers: 8]
      [GC Worker Start (ms): Min: 120290490.3, Avg: 120290490.5, Max: 120290490.6, Diff: 0.2]
      [Ext Root Scanning (ms): Min: 0.0, Avg: 0.4, Max: 0.9, Diff: 0.9, Sum: 3.2]
      [Update RS (ms): Min: 0.9, Avg: 1.2, Max: 1.4, Diff: 0.5, Sum: 9.2]
         [Processed Buffers: Min: 1, Avg: 5.8, Max: 16, Diff: 15, Sum: 46]
      [Scan RS (ms): Min: 0.0, Avg: 0.1, Max: 0.1, Diff: 0.1, Sum: 0.5]
      [Code Root Scanning (ms): Min: 0.0, Avg: 0.0, Max: 0.0, Diff: 0.0, Sum: 0.1]
      [Object Copy (ms): Min: 12.1, Avg: 12.3, Max: 12.5, Diff: 0.4, Sum: 98.7]
      [Termination (ms): Min: 0.2, Avg: 0.3, Max: 0.4, Diff: 0.3, Sum: 2.3]
         [Termination Attempts: Min: 2, Avg: 13.0, Max: 23, Diff: 21, Sum: 104]
      [GC Worker Other (ms): Min: 0.0, Avg: 0.1, Max: 0.8, Diff: 0.8, Sum: 1.1]
      [GC Worker Total (ms): Min: 14.3, Avg: 14.4, Max: 14.6, Diff: 0.3, Sum: 115.1]
      [GC Worker End (ms): Min: 120290504.8, Avg: 120290504.9, Max: 120290504.9, Diff: 0.1]
   [Code Root Fixup: 0.0 ms]
   [Code Root Purge: 0.0 ms]
   [Clear CT: 0.2 ms]
   [Other: 0.9 ms]
      [Choose CSet: 0.0 ms]
      [Ref Proc: 0.3 ms]
      [Ref Enq: 0.0 ms]
      [Redirty Cards: 0.1 ms]
      [Humongous Register: 0.0 ms]
      [Humongous Reclaim: 0.0 ms]
      [Free CSet: 0.3 ms]
   [Eden: 507.0M(507.0M)->0.0B(606.0M) Survivors: 7168.0K->8192.0K Heap: 668.6M(1024.0M)->163.0M(1024.0M)]
 [Times: user=0.04 sys=0.04, real=0.01 secs] 
2020-11-07T22:00:04.204+0800: 121259.891: [GC pause (G1 Evacuation Pause) (young), 0.0236572 secs]
   [Parallel Time: 21.6 ms, GC Workers: 8]
      [GC Worker Start (ms): Min: 121259891.5, Avg: 121259891.5, Max: 121259891.6, Diff: 0.1]
      [Ext Root Scanning (ms): Min: 0.4, Avg: 1.2, Max: 1.3, Diff: 0.9, Sum: 9.2]
      [Update RS (ms): Min: 2.0, Avg: 2.9, Max: 3.8, Diff: 1.8, Sum: 23.3]
         [Processed Buffers: Min: 1, Avg: 6.1, Max: 19, Diff: 18, Sum: 49]
      [Scan RS (ms): Min: 0.0, Avg: 0.1, Max: 0.1, Diff: 0.1, Sum: 0.7]
      [Code Root Scanning (ms): Min: 0.0, Avg: 0.0, Max: 0.1, Diff: 0.1, Sum: 0.2]
      [Object Copy (ms): Min: 16.2, Avg: 16.7, Max: 17.6, Diff: 1.4, Sum: 133.9]
      [Termination (ms): Min: 0.0, Avg: 0.3, Max: 0.6, Diff: 0.6, Sum: 2.8]
         [Termination Attempts: Min: 1, Avg: 1.0, Max: 1, Diff: 0, Sum: 8]
      [GC Worker Other (ms): Min: 0.0, Avg: 0.1, Max: 0.8, Diff: 0.7, Sum: 0.9]
      [GC Worker Total (ms): Min: 21.2, Avg: 21.4, Max: 21.5, Diff: 0.3, Sum: 171.0]
      [GC Worker End (ms): Min: 121259912.8, Avg: 121259912.9, Max: 121259913.0, Diff: 0.2]
   [Code Root Fixup: 0.0 ms]
   [Code Root Purge: 0.0 ms]
   [Clear CT: 0.3 ms]
   [Other: 1.8 ms]
      [Choose CSet: 0.0 ms]
      [Ref Proc: 0.4 ms]
      [Ref Enq: 0.0 ms]
      [Redirty Cards: 0.1 ms]
      [Humongous Register: 0.0 ms]
      [Humongous Reclaim: 0.0 ms]
      [Free CSet: 0.2 ms]
   [Eden: 606.0M(606.0M)->0.0B(516.0M) Survivors: 8192.0K->7168.0K Heap: 769.0M(1024.0M)->161.7M(1024.0M)]
 [Times: user=0.03 sys=0.05, real=0.02 secs] 
2020-11-07T22:13:53.803+0800: 122089.486: [GC pause (G1 Evacuation Pause) (young), 0.0650235 secs]
   [Parallel Time: 57.3 ms, GC Workers: 8]
      [GC Worker Start (ms): Min: 122089491.0, Avg: 122089491.9, Max: 122089492.3, Diff: 1.3]
      [Ext Root Scanning (ms): Min: 2.7, Avg: 3.9, Max: 7.7, Diff: 5.0, Sum: 30.9]
      [Update RS (ms): Min: 0.5, Avg: 3.2, Max: 4.1, Diff: 3.5, Sum: 25.5]
         [Processed Buffers: Min: 1, Avg: 5.9, Max: 23, Diff: 22, Sum: 47]
      [Scan RS (ms): Min: 0.0, Avg: 0.0, Max: 0.1, Diff: 0.1, Sum: 0.4]
      [Code Root Scanning (ms): Min: 0.0, Avg: 0.2, Max: 0.6, Diff: 0.6, Sum: 1.6]
      [Object Copy (ms): Min: 45.8, Avg: 46.5, Max: 47.7, Diff: 2.0, Sum: 371.8]
      [Termination (ms): Min: 0.0, Avg: 1.3, Max: 1.7, Diff: 1.7, Sum: 10.6]
         [Termination Attempts: Min: 1, Avg: 1.1, Max: 2, Diff: 1, Sum: 9]
      [GC Worker Other (ms): Min: 0.0, Avg: 0.2, Max: 0.8, Diff: 0.8, Sum: 1.3]
      [GC Worker Total (ms): Min: 54.8, Avg: 55.3, Max: 56.2, Diff: 1.4, Sum: 442.0]
      [GC Worker End (ms): Min: 122089547.1, Avg: 122089547.2, Max: 122089547.3, Diff: 0.2]
   [Code Root Fixup: 0.0 ms]
   [Code Root Purge: 0.0 ms]
   [Clear CT: 0.2 ms]
   [Other: 7.5 ms]
      [Choose CSet: 0.0 ms]
      [Ref Proc: 2.1 ms]
      [Ref Enq: 0.0 ms]
      [Redirty Cards: 0.1 ms]
      [Humongous Register: 1.7 ms]
      [Humongous Reclaim: 0.0 ms]
      [Free CSet: 0.7 ms]
   [Eden: 516.0M(516.0M)->0.0B(45056.0K) Survivors: 7168.0K->7168.0K Heap: 677.7M(1024.0M)->161.7M(1024.0M)]
 [Times: user=0.05 sys=0.12, real=0.06 secs] 
2020-11-07T22:15:03.866+0800: 122159.548: [GC pause (G1 Evacuation Pause) (young), 0.0146282 secs]
   [Parallel Time: 13.7 ms, GC Workers: 8]
      [GC Worker Start (ms): Min: 122159548.4, Avg: 122159548.5, Max: 122159548.6, Diff: 0.2]
      [Ext Root Scanning (ms): Min: 2.6, Avg: 2.9, Max: 3.8, Diff: 1.2, Sum: 23.1]
      [Update RS (ms): Min: 0.4, Avg: 0.7, Max: 1.5, Diff: 1.1, Sum: 5.9]
         [Processed Buffers: Min: 1, Avg: 5.8, Max: 14, Diff: 13, Sum: 46]
      [Scan RS (ms): Min: 0.0, Avg: 0.0, Max: 0.0, Diff: 0.0, Sum: 0.1]
      [Code Root Scanning (ms): Min: 0.0, Avg: 0.0, Max: 0.0, Diff: 0.0, Sum: 0.1]
      [Object Copy (ms): Min: 8.7, Avg: 9.4, Max: 9.8, Diff: 1.1, Sum: 74.9]
      [Termination (ms): Min: 0.3, Avg: 0.4, Max: 0.6, Diff: 0.3, Sum: 3.4]
         [Termination Attempts: Min: 22, Avg: 36.4, Max: 55, Diff: 33, Sum: 291]
      [GC Worker Other (ms): Min: 0.0, Avg: 0.0, Max: 0.0, Diff: 0.0, Sum: 0.1]
      [GC Worker Total (ms): Min: 13.4, Avg: 13.4, Max: 13.7, Diff: 0.3, Sum: 107.6]
      [GC Worker End (ms): Min: 122159561.9, Avg: 122159561.9, Max: 122159562.1, Diff: 0.2]
   [Code Root Fixup: 0.0 ms]
   [Code Root Purge: 0.0 ms]
   [Clear CT: 0.1 ms]
   [Other: 0.8 ms]
      [Choose CSet: 0.0 ms]
      [Ref Proc: 0.3 ms]
      [Ref Enq: 0.0 ms]
      [Redirty Cards: 0.2 ms]
      [Humongous Register: 0.0 ms]
      [Humongous Reclaim: 0.0 ms]
      [Free CSet: 0.1 ms]
   [Eden: 45056.0K(45056.0K)->0.0B(47104.0K) Survivors: 7168.0K->5120.0K Heap: 205.7M(1024.0M)->160.4M(1024.0M)]
 [Times: user=0.05 sys=0.03, real=0.02 secs] 
2020-11-07T22:16:17.056+0800: 122232.738: [GC pause (G1 Evacuation Pause) (young), 0.0264692 secs]
   [Parallel Time: 24.2 ms, GC Workers: 8]
      [GC Worker Start (ms): Min: 122232738.8, Avg: 122232738.9, Max: 122232739.0, Diff: 0.2]
      [Ext Root Scanning (ms): Min: 2.7, Avg: 4.7, Max: 17.0, Diff: 14.2, Sum: 37.4]
      [Update RS (ms): Min: 0.0, Avg: 2.2, Max: 11.2, Diff: 11.2, Sum: 17.7]
         [Processed Buffers: Min: 0, Avg: 6.8, Max: 16, Diff: 16, Sum: 54]
      [Scan RS (ms): Min: 0.0, Avg: 0.0, Max: 0.0, Diff: 0.0, Sum: 0.1]
      [Code Root Scanning (ms): Min: 0.0, Avg: 0.0, Max: 0.0, Diff: 0.0, Sum: 0.1]
      [Object Copy (ms): Min: 6.4, Avg: 16.6, Max: 20.5, Diff: 14.1, Sum: 133.1]
      [Termination (ms): Min: 0.0, Avg: 0.3, Max: 0.5, Diff: 0.5, Sum: 2.5]
         [Termination Attempts: Min: 1, Avg: 1.5, Max: 3, Diff: 2, Sum: 12]
      [GC Worker Other (ms): Min: 0.0, Avg: 0.0, Max: 0.0, Diff: 0.0, Sum: 0.1]
      [GC Worker Total (ms): Min: 23.7, Avg: 23.9, Max: 24.0, Diff: 0.2, Sum: 191.0]
      [GC Worker End (ms): Min: 122232762.8, Avg: 122232762.8, Max: 122232762.9, Diff: 0.2]
   [Code Root Fixup: 0.0 ms]
   [Code Root Purge: 0.0 ms]
   [Clear CT: 0.1 ms]
   [Other: 2.2 ms]
      [Choose CSet: 0.0 ms]
      [Ref Proc: 0.9 ms]
      [Ref Enq: 0.0 ms]
      [Redirty Cards: 0.1 ms]
      [Humongous Register: 0.0 ms]
      [Humongous Reclaim: 0.0 ms]
      [Free CSet: 0.0 ms]
   [Eden: 47104.0K(47104.0K)->0.0B(45056.0K) Survivors: 5120.0K->7168.0K Heap: 206.4M(1024.0M)->163.0M(1024.0M)]
 [Times: user=0.04 sys=0.04, real=0.03 secs] 
2020-11-07T22:17:27.074+0800: 122302.756: [GC pause (G1 Evacuation Pause) (young), 0.0072860 secs]
   [Parallel Time: 6.6 ms, GC Workers: 8]
      [GC Worker Start (ms): Min: 122302756.1, Avg: 122302756.2, Max: 122302756.3, Diff: 0.2]
      [Ext Root Scanning (ms): Min: 0.3, Avg: 0.4, Max: 0.6, Diff: 0.3, Sum: 3.3]
      [Update RS (ms): Min: 0.6, Avg: 0.7, Max: 1.0, Diff: 0.3, Sum: 6.0]
         [Processed Buffers: Min: 1, Avg: 5.6, Max: 11, Diff: 10, Sum: 45]
      [Scan RS (ms): Min: 0.0, Avg: 0.0, Max: 0.0, Diff: 0.0, Sum: 0.1]
      [Code Root Scanning (ms): Min: 0.0, Avg: 0.0, Max: 0.0, Diff: 0.0, Sum: 0.0]
      [Object Copy (ms): Min: 4.1, Avg: 4.5, Max: 5.2, Diff: 1.1, Sum: 35.9]
      [Termination (ms): Min: 0.0, Avg: 0.6, Max: 0.8, Diff: 0.8, Sum: 5.1]
         [Termination Attempts: Min: 1, Avg: 9.1, Max: 16, Diff: 15, Sum: 73]
      [GC Worker Other (ms): Min: 0.0, Avg: 0.0, Max: 0.0, Diff: 0.0, Sum: 0.1]
      [GC Worker Total (ms): Min: 6.2, Avg: 6.3, Max: 6.5, Diff: 0.2, Sum: 50.4]
      [GC Worker End (ms): Min: 122302762.5, Avg: 122302762.5, Max: 122302762.6, Diff: 0.1]
   [Code Root Fixup: 0.0 ms]
   [Code Root Purge: 0.0 ms]
   [Clear CT: 0.1 ms]
   [Other: 0.6 ms]
      [Choose CSet: 0.0 ms]
      [Ref Proc: 0.2 ms]
      [Ref Enq: 0.0 ms]
      [Redirty Cards: 0.1 ms]
      [Humongous Register: 0.0 ms]
      [Humongous Reclaim: 0.0 ms]
      [Free CSet: 0.0 ms]
   [Eden: 45056.0K(45056.0K)->0.0B(48128.0K) Survivors: 7168.0K->7168.0K Heap: 207.0M(1024.0M)->163.0M(1024.0M)]
 [Times: user=0.04 sys=0.01, real=0.01 secs] 
2020-11-07T22:18:42.110+0800: 122377.792: [GC pause (G1 Evacuation Pause) (young), 0.0093716 secs]
   [Parallel Time: 7.7 ms, GC Workers: 8]
      [GC Worker Start (ms): Min: 122377792.1, Avg: 122377792.1, Max: 122377792.2, Diff: 0.1]
      [Ext Root Scanning (ms): Min: 0.4, Avg: 0.8, Max: 2.3, Diff: 1.9, Sum: 6.0]
      [Update RS (ms): Min: 0.0, Avg: 0.7, Max: 1.2, Diff: 1.2, Sum: 5.3]
         [Processed Buffers: Min: 0, Avg: 5.5, Max: 12, Diff: 12, Sum: 44]
      [Scan RS (ms): Min: 0.0, Avg: 0.0, Max: 0.0, Diff: 0.0, Sum: 0.1]
      [Code Root Scanning (ms): Min: 0.0, Avg: 0.0, Max: 0.0, Diff: 0.0, Sum: 0.0]
      [Object Copy (ms): Min: 5.2, Avg: 6.0, Max: 6.3, Diff: 1.1, Sum: 48.0]
      [Termination (ms): Min: 0.0, Avg: 0.1, Max: 0.1, Diff: 0.1, Sum: 0.5]
         [Termination Attempts: Min: 1, Avg: 1.0, Max: 1, Diff: 0, Sum: 8]
      [GC Worker Other (ms): Min: 0.0, Avg: 0.0, Max: 0.0, Diff: 0.0, Sum: 0.1]
      [GC Worker Total (ms): Min: 7.4, Avg: 7.5, Max: 7.6, Diff: 0.2, Sum: 60.0]
      [GC Worker End (ms): Min: 122377799.6, Avg: 122377799.6, Max: 122377799.7, Diff: 0.1]
   [Code Root Fixup: 0.0 ms]
   [Code Root Purge: 0.0 ms]
   [Clear CT: 0.2 ms]
   [Other: 1.5 ms]
      [Choose CSet: 0.0 ms]
      [Ref Proc: 0.9 ms]
      [Ref Enq: 0.0 ms]
      [Redirty Cards: 0.1 ms]
      [Humongous Register: 0.0 ms]
      [Humongous Reclaim: 0.0 ms]
      [Free CSet: 0.1 ms]
   [Eden: 48128.0K(48128.0K)->0.0B(158.0M) Survivors: 7168.0K->6144.0K Heap: 210.0M(1024.0M)->162.4M(1024.0M)]
 [Times: user=0.03 sys=0.02, real=0.01 secs] 
2020-11-07T22:22:49.536+0800: 122625.217: [GC pause (G1 Evacuation Pause) (young), 0.0123885 secs]
   [Parallel Time: 11.7 ms, GC Workers: 8]
      [GC Worker Start (ms): Min: 122625216.7, Avg: 122625216.7, Max: 122625216.8, Diff: 0.1]
      [Ext Root Scanning (ms): Min: 0.3, Avg: 0.4, Max: 1.0, Diff: 0.7, Sum: 3.5]
      [Update RS (ms): Min: 0.5, Avg: 1.5, Max: 1.7, Diff: 1.2, Sum: 12.0]
         [Processed Buffers: Min: 2, Avg: 6.5, Max: 17, Diff: 15, Sum: 52]
      [Scan RS (ms): Min: 0.0, Avg: 0.0, Max: 0.0, Diff: 0.0, Sum: 0.1]
      [Code Root Scanning (ms): Min: 0.0, Avg: 0.0, Max: 0.0, Diff: 0.0, Sum: 0.0]
      [Object Copy (ms): Min: 8.8, Avg: 9.1, Max: 9.5, Diff: 0.6, Sum: 72.7]
      [Termination (ms): Min: 0.0, Avg: 0.4, Max: 0.6, Diff: 0.6, Sum: 3.6]
         [Termination Attempts: Min: 1, Avg: 1.2, Max: 2, Diff: 1, Sum: 10]
      [GC Worker Other (ms): Min: 0.0, Avg: 0.0, Max: 0.1, Diff: 0.0, Sum: 0.2]
      [GC Worker Total (ms): Min: 11.4, Avg: 11.5, Max: 11.6, Diff: 0.2, Sum: 92.2]
      [GC Worker End (ms): Min: 122625228.2, Avg: 122625228.3, Max: 122625228.4, Diff: 0.2]
   [Code Root Fixup: 0.0 ms]
   [Code Root Purge: 0.0 ms]
   [Clear CT: 0.1 ms]
   [Other: 0.6 ms]
      [Choose CSet: 0.0 ms]
      [Ref Proc: 0.2 ms]
      [Ref Enq: 0.0 ms]
      [Redirty Cards: 0.1 ms]
      [Humongous Register: 0.0 ms]
      [Humongous Reclaim: 0.0 ms]
      [Free CSet: 0.1 ms]
   [Eden: 158.0M(158.0M)->0.0B(224.0M) Survivors: 6144.0K->5120.0K Heap: 320.4M(1024.0M)->161.2M(1024.0M)]
 [Times: user=0.03 sys=0.04, real=0.01 secs] 
2020-11-07T22:28:49.510+0800: 122985.189: [GC pause (G1 Evacuation Pause) (young), 0.0163714 secs]
   [Parallel Time: 14.8 ms, GC Workers: 8]
      [GC Worker Start (ms): Min: 122985189.0, Avg: 122985189.1, Max: 122985189.2, Diff: 0.2]
      [Ext Root Scanning (ms): Min: 0.2, Avg: 1.1, Max: 6.1, Diff: 5.8, Sum: 8.6]
      [Update RS (ms): Min: 0.0, Avg: 0.4, Max: 0.6, Diff: 0.6, Sum: 3.1]
         [Processed Buffers: Min: 0, Avg: 5.5, Max: 14, Diff: 14, Sum: 44]
      [Scan RS (ms): Min: 0.0, Avg: 0.0, Max: 0.1, Diff: 0.1, Sum: 0.3]
      [Code Root Scanning (ms): Min: 0.0, Avg: 0.0, Max: 0.0, Diff: 0.0, Sum: 0.0]
      [Object Copy (ms): Min: 8.4, Avg: 12.6, Max: 13.4, Diff: 5.0, Sum: 101.1]
      [Termination (ms): Min: 0.0, Avg: 0.4, Max: 0.6, Diff: 0.6, Sum: 3.4]
         [Termination Attempts: Min: 1, Avg: 2.2, Max: 4, Diff: 3, Sum: 18]
      [GC Worker Other (ms): Min: 0.0, Avg: 0.0, Max: 0.0, Diff: 0.0, Sum: 0.1]
      [GC Worker Total (ms): Min: 14.4, Avg: 14.6, Max: 14.8, Diff: 0.4, Sum: 116.7]
      [GC Worker End (ms): Min: 122985203.6, Avg: 122985203.7, Max: 122985203.8, Diff: 0.2]
   [Code Root Fixup: 0.0 ms]
   [Code Root Purge: 0.0 ms]
   [Clear CT: 0.1 ms]
   [Other: 1.4 ms]
      [Choose CSet: 0.0 ms]
      [Ref Proc: 1.0 ms]
      [Ref Enq: 0.0 ms]
      [Redirty Cards: 0.1 ms]
      [Humongous Register: 0.0 ms]
      [Humongous Reclaim: 0.0 ms]
      [Free CSet: 0.1 ms]
   [Eden: 224.0M(224.0M)->0.0B(272.0M) Survivors: 5120.0K->6144.0K Heap: 385.2M(1024.0M)->162.3M(1024.0M)]
 [Times: user=0.04 sys=0.03, real=0.01 secs] 
2020-11-07T22:36:05.943+0800: 123421.620: [GC pause (G1 Evacuation Pause) (young), 0.0135535 secs]
   [Parallel Time: 11.5 ms, GC Workers: 8]
      [GC Worker Start (ms): Min: 123421620.0, Avg: 123421620.2, Max: 123421620.5, Diff: 0.4]
      [Ext Root Scanning (ms): Min: 0.0, Avg: 0.4, Max: 0.6, Diff: 0.6, Sum: 3.5]
      [Update RS (ms): Min: 0.0, Avg: 0.4, Max: 0.8, Diff: 0.8, Sum: 3.4]
         [Processed Buffers: Min: 0, Avg: 5.5, Max: 17, Diff: 17, Sum: 44]
      [Scan RS (ms): Min: 0.0, Avg: 0.0, Max: 0.1, Diff: 0.1, Sum: 0.3]
      [Code Root Scanning (ms): Min: 0.0, Avg: 0.0, Max: 0.0, Diff: 0.0, Sum: 0.0]
      [Object Copy (ms): Min: 9.8, Avg: 10.1, Max: 10.6, Diff: 0.8, Sum: 80.9]
      [Termination (ms): Min: 0.0, Avg: 0.1, Max: 0.1, Diff: 0.1, Sum: 0.7]
         [Termination Attempts: Min: 1, Avg: 1.2, Max: 2, Diff: 1, Sum: 10]
      [GC Worker Other (ms): Min: 0.0, Avg: 0.1, Max: 0.7, Diff: 0.7, Sum: 0.8]
      [GC Worker Total (ms): Min: 11.0, Avg: 11.2, Max: 11.4, Diff: 0.4, Sum: 89.6]
      [GC Worker End (ms): Min: 123421631.4, Avg: 123421631.4, Max: 123421631.5, Diff: 0.1]
   [Code Root Fixup: 0.0 ms]
   [Code Root Purge: 0.0 ms]
   [Clear CT: 0.1 ms]
   [Other: 1.9 ms]
      [Choose CSet: 0.0 ms]
      [Ref Proc: 1.4 ms]
      [Ref Enq: 0.0 ms]
      [Redirty Cards: 0.1 ms]
      [Humongous Register: 0.0 ms]
      [Humongous Reclaim: 0.0 ms]
      [Free CSet: 0.1 ms]
   [Eden: 272.0M(272.0M)->0.0B(432.0M) Survivors: 6144.0K->8192.0K Heap: 434.3M(1024.0M)->164.4M(1024.0M)]
 [Times: user=0.03 sys=0.03, real=0.01 secs] 
2020-11-07T22:47:37.798+0800: 124113.471: [GC pause (G1 Evacuation Pause) (young), 0.0057048 secs]
   [Parallel Time: 4.6 ms, GC Workers: 8]
      [GC Worker Start (ms): Min: 124113471.6, Avg: 124113471.7, Max: 124113472.1, Diff: 0.5]
      [Ext Root Scanning (ms): Min: 0.0, Avg: 0.4, Max: 0.6, Diff: 0.6, Sum: 2.9]
      [Update RS (ms): Min: 0.5, Avg: 0.7, Max: 0.9, Diff: 0.4, Sum: 5.3]
         [Processed Buffers: Min: 2, Avg: 5.9, Max: 10, Diff: 8, Sum: 47]
      [Scan RS (ms): Min: 0.0, Avg: 0.1, Max: 0.1, Diff: 0.1, Sum: 0.5]
      [Code Root Scanning (ms): Min: 0.0, Avg: 0.0, Max: 0.0, Diff: 0.0, Sum: 0.1]
      [Object Copy (ms): Min: 3.0, Avg: 3.1, Max: 3.3, Diff: 0.3, Sum: 25.1]
      [Termination (ms): Min: 0.0, Avg: 0.1, Max: 0.1, Diff: 0.1, Sum: 0.5]
         [Termination Attempts: Min: 1, Avg: 1.0, Max: 1, Diff: 0, Sum: 8]
      [GC Worker Other (ms): Min: 0.0, Avg: 0.0, Max: 0.1, Diff: 0.1, Sum: 0.3]
      [GC Worker Total (ms): Min: 3.9, Avg: 4.3, Max: 4.5, Diff: 0.5, Sum: 34.6]
      [GC Worker End (ms): Min: 124113476.0, Avg: 124113476.0, Max: 124113476.1, Diff: 0.1]
   [Code Root Fixup: 0.0 ms]
   [Code Root Purge: 0.0 ms]
   [Clear CT: 0.2 ms]
   [Other: 0.9 ms]
      [Choose CSet: 0.0 ms]
      [Ref Proc: 0.4 ms]
      [Ref Enq: 0.0 ms]
      [Redirty Cards: 0.1 ms]
      [Humongous Register: 0.0 ms]
      [Humongous Reclaim: 0.0 ms]
      [Free CSet: 0.1 ms]
   [Eden: 432.0M(432.0M)->0.0B(608.0M) Survivors: 8192.0K->6144.0K Heap: 596.4M(1024.0M)->162.5M(1024.0M)]
 [Times: user=0.03 sys=0.00, real=0.01 secs] 
2020-11-07T23:03:55.438+0800: 125091.107: [GC pause (G1 Evacuation Pause) (young), 0.0341378 secs]
   [Parallel Time: 24.8 ms, GC Workers: 8]
      [GC Worker Start (ms): Min: 125091108.4, Avg: 125091108.8, Max: 125091109.1, Diff: 0.8]
      [Ext Root Scanning (ms): Min: 3.5, Avg: 4.4, Max: 9.1, Diff: 5.6, Sum: 35.4]
      [Update RS (ms): Min: 0.0, Avg: 2.1, Max: 2.6, Diff: 2.6, Sum: 16.7]
         [Processed Buffers: Min: 0, Avg: 5.9, Max: 14, Diff: 14, Sum: 47]
      [Scan RS (ms): Min: 0.0, Avg: 0.1, Max: 0.2, Diff: 0.2, Sum: 0.9]
      [Code Root Scanning (ms): Min: 0.0, Avg: 0.0, Max: 0.0, Diff: 0.0, Sum: 0.1]
      [Object Copy (ms): Min: 15.3, Avg: 17.2, Max: 17.8, Diff: 2.5, Sum: 137.9]
      [Termination (ms): Min: 0.0, Avg: 0.2, Max: 0.3, Diff: 0.3, Sum: 1.3]
         [Termination Attempts: Min: 1, Avg: 2.4, Max: 5, Diff: 4, Sum: 19]
      [GC Worker Other (ms): Min: 0.0, Avg: 0.1, Max: 0.2, Diff: 0.1, Sum: 0.8]
      [GC Worker Total (ms): Min: 23.7, Avg: 24.1, Max: 24.5, Diff: 0.8, Sum: 193.1]
      [GC Worker End (ms): Min: 125091132.9, Avg: 125091132.9, Max: 125091133.0, Diff: 0.1]
   [Code Root Fixup: 0.0 ms]
   [Code Root Purge: 0.0 ms]
   [Clear CT: 0.7 ms]
   [Other: 8.7 ms]
      [Choose CSet: 0.0 ms]
      [Ref Proc: 4.0 ms]
      [Ref Enq: 0.0 ms]
      [Redirty Cards: 0.4 ms]
      [Humongous Register: 1.1 ms]
      [Humongous Reclaim: 0.0 ms]
      [Free CSet: 2.3 ms]
   [Eden: 608.0M(608.0M)->0.0B(313.0M) Survivors: 6144.0K->8192.0K Heap: 770.5M(1024.0M)->164.3M(1024.0M)]
 [Times: user=0.06 sys=0.10, real=0.04 secs] 
2020-11-07T23:40:33.808+0800: 125767.590: [GC pause (G1 Evacuation Pause) (young), 0.1079260 secs]
   [Parallel Time: 58.5 ms, GC Workers: 8]
      [GC Worker Start (ms): Min: 125767634.0, Avg: 125767634.9, Max: 125767635.1, Diff: 1.2]
      [Ext Root Scanning (ms): Min: 5.9, Avg: 7.8, Max: 19.3, Diff: 13.4, Sum: 62.1]
      [Update RS (ms): Min: 0.0, Avg: 6.9, Max: 9.8, Diff: 9.8, Sum: 55.3]
         [Processed Buffers: Min: 0, Avg: 7.1, Max: 14, Diff: 14, Sum: 57]
      [Scan RS (ms): Min: 0.0, Avg: 0.0, Max: 0.1, Diff: 0.1, Sum: 0.2]
      [Code Root Scanning (ms): Min: 0.0, Avg: 0.0, Max: 0.0, Diff: 0.0, Sum: 0.0]
      [Object Copy (ms): Min: 30.1, Avg: 32.3, Max: 34.0, Diff: 3.9, Sum: 258.8]
      [Termination (ms): Min: 0.0, Avg: 3.5, Max: 4.6, Diff: 4.6, Sum: 28.3]
         [Termination Attempts: Min: 1, Avg: 1.0, Max: 1, Diff: 0, Sum: 8]
      [GC Worker Other (ms): Min: 0.0, Avg: 4.7, Max: 7.0, Diff: 6.9, Sum: 37.3]
      [GC Worker Total (ms): Min: 50.7, Avg: 55.3, Max: 57.6, Diff: 6.9, Sum: 442.1]
      [GC Worker End (ms): Min: 125767685.8, Avg: 125767690.1, Max: 125767691.6, Diff: 5.8]
   [Code Root Fixup: 0.0 ms]
   [Code Root Purge: 0.0 ms]
   [Clear CT: 0.4 ms]
   [Other: 49.0 ms]
      [Choose CSet: 0.0 ms]
      [Ref Proc: 2.8 ms]
      [Ref Enq: 0.0 ms]
      [Redirty Cards: 0.1 ms]
      [Humongous Register: 36.7 ms]
      [Humongous Reclaim: 0.0 ms]
      [Free CSet: 2.0 ms]
   [Eden: 312.0M(312.0M)->0.0B(45056.0K) Survivors: 8192.0K->7168.0K Heap: 476.3M(1024.0M)->163.8M(1024.0M)]
 [Times: user=0.06 sys=0.10, real=0.11 secs] 
2020-11-07T23:41:58.655+0800: 125852.436: [GC pause (G1 Evacuation Pause) (young), 0.0116320 secs]
   [Parallel Time: 10.2 ms, GC Workers: 8]
      [GC Worker Start (ms): Min: 125852435.8, Avg: 125852435.9, Max: 125852436.0, Diff: 0.2]
      [Ext Root Scanning (ms): Min: 0.3, Avg: 0.7, Max: 1.7, Diff: 1.4, Sum: 5.4]
      [Update RS (ms): Min: 0.0, Avg: 1.0, Max: 1.6, Diff: 1.6, Sum: 7.8]
         [Processed Buffers: Min: 0, Avg: 5.8, Max: 19, Diff: 19, Sum: 46]
      [Scan RS (ms): Min: 0.0, Avg: 0.0, Max: 0.0, Diff: 0.0, Sum: 0.0]
      [Code Root Scanning (ms): Min: 0.0, Avg: 0.0, Max: 0.0, Diff: 0.0, Sum: 0.0]
      [Object Copy (ms): Min: 8.0, Avg: 8.3, Max: 8.5, Diff: 0.6, Sum: 66.6]
      [Termination (ms): Min: 0.0, Avg: 0.0, Max: 0.1, Diff: 0.1, Sum: 0.3]
         [Termination Attempts: Min: 1, Avg: 1.4, Max: 2, Diff: 1, Sum: 11]
      [GC Worker Other (ms): Min: 0.0, Avg: 0.0, Max: 0.1, Diff: 0.1, Sum: 0.2]
      [GC Worker Total (ms): Min: 10.0, Avg: 10.0, Max: 10.1, Diff: 0.2, Sum: 80.4]
      [GC Worker End (ms): Min: 125852445.9, Avg: 125852446.0, Max: 125852446.0, Diff: 0.0]
   [Code Root Fixup: 0.0 ms]
   [Code Root Purge: 0.0 ms]
   [Clear CT: 0.1 ms]
   [Other: 1.3 ms]
      [Choose CSet: 0.0 ms]
      [Ref Proc: 0.9 ms]
      [Ref Enq: 0.0 ms]
      [Redirty Cards: 0.1 ms]
      [Humongous Register: 0.0 ms]
      [Humongous Reclaim: 0.0 ms]
      [Free CSet: 0.1 ms]
   [Eden: 45056.0K(45056.0K)->0.0B(45056.0K) Survivors: 7168.0K->7168.0K Heap: 207.8M(1024.0M)->164.2M(1024.0M)]
 [Times: user=0.04 sys=0.02, real=0.01 secs] 
2020-11-07T23:43:24.354+0800: 125938.135: [GC pause (G1 Evacuation Pause) (young), 0.0463909 secs]
   [Parallel Time: 45.8 ms, GC Workers: 8]
      [GC Worker Start (ms): Min: 125938134.8, Avg: 125938134.9, Max: 125938135.0, Diff: 0.1]
      [Ext Root Scanning (ms): Min: 0.3, Avg: 0.4, Max: 0.8, Diff: 0.5, Sum: 3.6]
      [Update RS (ms): Min: 0.0, Avg: 0.9, Max: 1.8, Diff: 1.8, Sum: 7.6]
         [Processed Buffers: Min: 0, Avg: 5.9, Max: 15, Diff: 15, Sum: 47]
      [Scan RS (ms): Min: 0.0, Avg: 0.0, Max: 0.0, Diff: 0.0, Sum: 0.1]
      [Code Root Scanning (ms): Min: 0.0, Avg: 0.0, Max: 0.1, Diff: 0.1, Sum: 0.1]
      [Object Copy (ms): Min: 42.7, Avg: 43.7, Max: 44.5, Diff: 1.8, Sum: 349.5]
      [Termination (ms): Min: 0.0, Avg: 0.4, Max: 0.8, Diff: 0.8, Sum: 3.5]
         [Termination Attempts: Min: 1, Avg: 1.0, Max: 1, Diff: 0, Sum: 8]
      [GC Worker Other (ms): Min: 0.0, Avg: 0.0, Max: 0.0, Diff: 0.0, Sum: 0.1]
      [GC Worker Total (ms): Min: 45.4, Avg: 45.5, Max: 45.7, Diff: 0.3, Sum: 364.4]
      [GC Worker End (ms): Min: 125938180.4, Avg: 125938180.5, Max: 125938180.6, Diff: 0.2]
   [Code Root Fixup: 0.0 ms]
   [Code Root Purge: 0.0 ms]
   [Clear CT: 0.1 ms]
   [Other: 0.5 ms]
      [Choose CSet: 0.0 ms]
      [Ref Proc: 0.2 ms]
      [Ref Enq: 0.0 ms]
      [Redirty Cards: 0.1 ms]
      [Humongous Register: 0.0 ms]
      [Humongous Reclaim: 0.0 ms]
      [Free CSet: 0.0 ms]
   [Eden: 45056.0K(45056.0K)->0.0B(45056.0K) Survivors: 7168.0K->7168.0K Heap: 208.2M(1024.0M)->164.5M(1024.0M)]
 [Times: user=0.03 sys=0.05, real=0.05 secs] 
2020-11-07T23:44:47.087+0800: 126020.867: [GC pause (G1 Evacuation Pause) (young), 0.0143738 secs]
   [Parallel Time: 13.5 ms, GC Workers: 8]
      [GC Worker Start (ms): Min: 126020867.4, Avg: 126020867.5, Max: 126020867.7, Diff: 0.2]
      [Ext Root Scanning (ms): Min: 6.4, Avg: 6.5, Max: 6.6, Diff: 0.2, Sum: 52.2]
      [Update RS (ms): Min: 1.0, Avg: 1.3, Max: 2.0, Diff: 1.0, Sum: 10.4]
         [Processed Buffers: Min: 2, Avg: 5.9, Max: 16, Diff: 14, Sum: 47]
      [Scan RS (ms): Min: 0.0, Avg: 0.0, Max: 0.0, Diff: 0.0, Sum: 0.1]
      [Code Root Scanning (ms): Min: 0.0, Avg: 0.0, Max: 0.0, Diff: 0.0, Sum: 0.0]
      [Object Copy (ms): Min: 3.9, Avg: 4.8, Max: 5.6, Diff: 1.7, Sum: 38.3]
      [Termination (ms): Min: 0.0, Avg: 0.6, Max: 1.0, Diff: 1.0, Sum: 4.8]
         [Termination Attempts: Min: 1, Avg: 4.9, Max: 9, Diff: 8, Sum: 39]
      [GC Worker Other (ms): Min: 0.0, Avg: 0.0, Max: 0.0, Diff: 0.0, Sum: 0.1]
      [GC Worker Total (ms): Min: 13.1, Avg: 13.2, Max: 13.5, Diff: 0.4, Sum: 105.9]
      [GC Worker End (ms): Min: 126020880.7, Avg: 126020880.8, Max: 126020880.9, Diff: 0.2]
   [Code Root Fixup: 0.0 ms]
   [Code Root Purge: 0.0 ms]
   [Clear CT: 0.1 ms]
   [Other: 0.7 ms]
      [Choose CSet: 0.0 ms]
      [Ref Proc: 0.2 ms]
      [Ref Enq: 0.0 ms]
      [Redirty Cards: 0.2 ms]
      [Humongous Register: 0.0 ms]
      [Humongous Reclaim: 0.0 ms]
      [Free CSet: 0.0 ms]
   [Eden: 45056.0K(45056.0K)->0.0B(46080.0K) Survivors: 7168.0K->6144.0K Heap: 208.5M(1024.0M)->163.7M(1024.0M)]
 [Times: user=0.05 sys=0.01, real=0.02 secs] 
2020-11-07T23:46:13.312+0800: 126107.092: [GC pause (G1 Evacuation Pause) (young), 0.0055613 secs]
   [Parallel Time: 4.8 ms, GC Workers: 8]
      [GC Worker Start (ms): Min: 126107091.8, Avg: 126107091.8, Max: 126107091.9, Diff: 0.1]
      [Ext Root Scanning (ms): Min: 0.3, Avg: 0.3, Max: 0.6, Diff: 0.3, Sum: 2.8]
      [Update RS (ms): Min: 1.4, Avg: 1.5, Max: 1.5, Diff: 0.1, Sum: 11.7]
         [Processed Buffers: Min: 2, Avg: 6.1, Max: 18, Diff: 16, Sum: 49]
      [Scan RS (ms): Min: 0.0, Avg: 0.0, Max: 0.0, Diff: 0.0, Sum: 0.1]
      [Code Root Scanning (ms): Min: 0.0, Avg: 0.0, Max: 0.0, Diff: 0.0, Sum: 0.0]
      [Object Copy (ms): Min: 2.6, Avg: 2.8, Max: 2.8, Diff: 0.2, Sum: 22.4]
      [Termination (ms): Min: 0.0, Avg: 0.0, Max: 0.1, Diff: 0.1, Sum: 0.4]
         [Termination Attempts: Min: 1, Avg: 1.5, Max: 3, Diff: 2, Sum: 12]
      [GC Worker Other (ms): Min: 0.0, Avg: 0.0, Max: 0.0, Diff: 0.0, Sum: 0.1]
      [GC Worker Total (ms): Min: 4.6, Avg: 4.7, Max: 4.7, Diff: 0.1, Sum: 37.4]
      [GC Worker End (ms): Min: 126107096.5, Avg: 126107096.5, Max: 126107096.5, Diff: 0.0]
   [Code Root Fixup: 0.0 ms]
   [Code Root Purge: 0.0 ms]
   [Clear CT: 0.1 ms]
   [Other: 0.6 ms]
      [Choose CSet: 0.0 ms]
      [Ref Proc: 0.2 ms]
      [Ref Enq: 0.0 ms]
      [Redirty Cards: 0.1 ms]
      [Humongous Register: 0.0 ms]
      [Humongous Reclaim: 0.0 ms]
      [Free CSet: 0.0 ms]
   [Eden: 46080.0K(46080.0K)->0.0B(47104.0K) Survivors: 6144.0K->5120.0K Heap: 208.7M(1024.0M)->162.8M(1024.0M)]
 [Times: user=0.04 sys=0.00, real=0.00 secs] 
2020-11-07T23:47:43.104+0800: 126196.883: [GC pause (G1 Evacuation Pause) (young), 0.0059405 secs]
   [Parallel Time: 5.1 ms, GC Workers: 8]
      [GC Worker Start (ms): Min: 126196883.6, Avg: 126196883.7, Max: 126196883.8, Diff: 0.1]
      [Ext Root Scanning (ms): Min: 0.4, Avg: 0.8, Max: 2.1, Diff: 1.7, Sum: 6.0]
      [Update RS (ms): Min: 0.0, Avg: 0.5, Max: 0.8, Diff: 0.8, Sum: 3.9]
         [Processed Buffers: Min: 0, Avg: 4.9, Max: 13, Diff: 13, Sum: 39]
      [Scan RS (ms): Min: 0.0, Avg: 0.0, Max: 0.0, Diff: 0.0, Sum: 0.1]
      [Code Root Scanning (ms): Min: 0.0, Avg: 0.0, Max: 0.0, Diff: 0.0, Sum: 0.0]
      [Object Copy (ms): Min: 2.8, Avg: 3.6, Max: 3.9, Diff: 1.1, Sum: 28.8]
      [Termination (ms): Min: 0.0, Avg: 0.0, Max: 0.1, Diff: 0.1, Sum: 0.3]
         [Termination Attempts: Min: 1, Avg: 1.6, Max: 2, Diff: 1, Sum: 13]
      [GC Worker Other (ms): Min: 0.0, Avg: 0.0, Max: 0.0, Diff: 0.0, Sum: 0.1]
      [GC Worker Total (ms): Min: 4.8, Avg: 4.9, Max: 5.0, Diff: 0.1, Sum: 39.2]
      [GC Worker End (ms): Min: 126196888.6, Avg: 126196888.6, Max: 126196888.6, Diff: 0.0]
   [Code Root Fixup: 0.0 ms]
   [Code Root Purge: 0.0 ms]
   [Clear CT: 0.1 ms]
   [Other: 0.7 ms]
      [Choose CSet: 0.0 ms]
      [Ref Proc: 0.2 ms]
      [Ref Enq: 0.0 ms]
      [Redirty Cards: 0.1 ms]
      [Humongous Register: 0.1 ms]
      [Humongous Reclaim: 0.0 ms]
      [Free CSet: 0.0 ms]
   [Eden: 47104.0K(47104.0K)->0.0B(47104.0K) Survivors: 5120.0K->5120.0K Heap: 208.8M(1024.0M)->163.4M(1024.0M)]
 [Times: user=0.03 sys=0.01, real=0.01 secs] 
2020-11-07T23:49:12.340+0800: 126286.119: [GC pause (G1 Evacuation Pause) (young), 0.0071292 secs]
   [Parallel Time: 6.4 ms, GC Workers: 8]
      [GC Worker Start (ms): Min: 126286119.5, Avg: 126286119.7, Max: 126286119.7, Diff: 0.2]
      [Ext Root Scanning (ms): Min: 0.2, Avg: 1.0, Max: 6.0, Diff: 5.7, Sum: 8.1]
      [Update RS (ms): Min: 0.0, Avg: 0.4, Max: 0.6, Diff: 0.6, Sum: 3.6]
         [Processed Buffers: Min: 0, Avg: 5.1, Max: 19, Diff: 19, Sum: 41]
      [Scan RS (ms): Min: 0.0, Avg: 0.0, Max: 0.0, Diff: 0.0, Sum: 0.1]
      [Code Root Scanning (ms): Min: 0.0, Avg: 0.0, Max: 0.0, Diff: 0.0, Sum: 0.0]
      [Object Copy (ms): Min: 0.0, Avg: 2.1, Max: 2.5, Diff: 2.5, Sum: 16.7]
      [Termination (ms): Min: 0.0, Avg: 2.6, Max: 3.0, Diff: 3.0, Sum: 20.4]
         [Termination Attempts: Min: 1, Avg: 3.9, Max: 6, Diff: 5, Sum: 31]
      [GC Worker Other (ms): Min: 0.0, Avg: 0.0, Max: 0.0, Diff: 0.0, Sum: 0.1]
      [GC Worker Total (ms): Min: 6.0, Avg: 6.1, Max: 6.2, Diff: 0.3, Sum: 49.0]
      [GC Worker End (ms): Min: 126286125.7, Avg: 126286125.8, Max: 126286125.8, Diff: 0.2]
   [Code Root Fixup: 0.0 ms]
   [Code Root Purge: 0.0 ms]
   [Clear CT: 0.2 ms]
   [Other: 0.6 ms]
      [Choose CSet: 0.0 ms]
      [Ref Proc: 0.2 ms]
      [Ref Enq: 0.0 ms]
      [Redirty Cards: 0.1 ms]
      [Humongous Register: 0.0 ms]
      [Humongous Reclaim: 0.0 ms]
      [Free CSet: 0.0 ms]
   [Eden: 47104.0K(47104.0K)->0.0B(165.0M) Survivors: 5120.0K->5120.0K Heap: 209.4M(1024.0M)->163.2M(1024.0M)]
 [Times: user=0.05 sys=0.00, real=0.00 secs] 
2020-11-07T23:54:30.501+0800: 126604.279: [GC pause (G1 Evacuation Pause) (young), 0.0241784 secs]
   [Parallel Time: 19.5 ms, GC Workers: 8]
      [GC Worker Start (ms): Min: 126604281.6, Avg: 126604281.7, Max: 126604281.8, Diff: 0.1]
      [Ext Root Scanning (ms): Min: 0.0, Avg: 0.5, Max: 1.0, Diff: 1.0, Sum: 4.3]
      [Update RS (ms): Min: 0.1, Avg: 0.8, Max: 1.4, Diff: 1.3, Sum: 6.3]
         [Processed Buffers: Min: 1, Avg: 5.2, Max: 17, Diff: 16, Sum: 42]
      [Scan RS (ms): Min: 0.0, Avg: 0.0, Max: 0.1, Diff: 0.1, Sum: 0.1]
      [Code Root Scanning (ms): Min: 0.0, Avg: 0.0, Max: 0.0, Diff: 0.0, Sum: 0.0]
      [Object Copy (ms): Min: 9.8, Avg: 15.0, Max: 17.0, Diff: 7.2, Sum: 120.1]
      [Termination (ms): Min: 0.0, Avg: 1.9, Max: 6.8, Diff: 6.8, Sum: 15.2]
         [Termination Attempts: Min: 1, Avg: 1.2, Max: 2, Diff: 1, Sum: 10]
      [GC Worker Other (ms): Min: 0.0, Avg: 0.3, Max: 1.6, Diff: 1.6, Sum: 2.6]
      [GC Worker Total (ms): Min: 18.4, Avg: 18.6, Max: 19.3, Diff: 1.0, Sum: 148.6]
      [GC Worker End (ms): Min: 126604300.1, Avg: 126604300.3, Max: 126604301.0, Diff: 0.9]
   [Code Root Fixup: 0.0 ms]
   [Code Root Purge: 0.0 ms]
   [Clear CT: 0.1 ms]
   [Other: 4.6 ms]
      [Choose CSet: 0.0 ms]
      [Ref Proc: 0.8 ms]
      [Ref Enq: 0.0 ms]
      [Redirty Cards: 0.1 ms]
      [Humongous Register: 1.6 ms]
      [Humongous Reclaim: 0.0 ms]
      [Free CSet: 0.8 ms]
   [Eden: 165.0M(165.0M)->0.0B(100352.0K) Survivors: 5120.0K->5120.0K Heap: 328.2M(1024.0M)->163.4M(1024.0M)]
 [Times: user=0.04 sys=0.03, real=0.02 secs] 
2020-11-07T23:57:40.230+0800: 126794.007: [GC pause (G1 Evacuation Pause) (young), 0.0053736 secs]
   [Parallel Time: 4.4 ms, GC Workers: 8]
      [GC Worker Start (ms): Min: 126794007.3, Avg: 126794007.4, Max: 126794007.5, Diff: 0.1]
      [Ext Root Scanning (ms): Min: 0.3, Avg: 0.6, Max: 1.6, Diff: 1.3, Sum: 4.8]
      [Update RS (ms): Min: 0.0, Avg: 0.7, Max: 1.3, Diff: 1.3, Sum: 5.4]
         [Processed Buffers: Min: 0, Avg: 4.8, Max: 11, Diff: 11, Sum: 38]
      [Scan RS (ms): Min: 0.0, Avg: 0.0, Max: 0.0, Diff: 0.0, Sum: 0.1]
      [Code Root Scanning (ms): Min: 0.0, Avg: 0.0, Max: 0.0, Diff: 0.0, Sum: 0.0]
      [Object Copy (ms): Min: 2.6, Avg: 3.0, Max: 3.2, Diff: 0.6, Sum: 23.7]
      [Termination (ms): Min: 0.0, Avg: 0.0, Max: 0.0, Diff: 0.0, Sum: 0.0]
         [Termination Attempts: Min: 1, Avg: 1.0, Max: 1, Diff: 0, Sum: 8]
      [GC Worker Other (ms): Min: 0.0, Avg: 0.0, Max: 0.1, Diff: 0.0, Sum: 0.2]
      [GC Worker Total (ms): Min: 4.2, Avg: 4.3, Max: 4.4, Diff: 0.1, Sum: 34.3]
      [GC Worker End (ms): Min: 126794011.7, Avg: 126794011.7, Max: 126794011.7, Diff: 0.0]
   [Code Root Fixup: 0.0 ms]
   [Code Root Purge: 0.0 ms]
   [Clear CT: 0.2 ms]
   [Other: 0.7 ms]
      [Choose CSet: 0.0 ms]
      [Ref Proc: 0.2 ms]
      [Ref Enq: 0.0 ms]
      [Redirty Cards: 0.2 ms]
      [Humongous Register: 0.0 ms]
      [Humongous Reclaim: 0.0 ms]
      [Free CSet: 0.1 ms]
   [Eden: 100352.0K(100352.0K)->0.0B(325.0M) Survivors: 5120.0K->8192.0K Heap: 261.4M(1024.0M)->166.1M(1024.0M)]
 [Times: user=0.03 sys=0.00, real=0.00 secs] 
2020-11-08T00:08:16.290+0800: 127430.064: [GC pause (G1 Evacuation Pause) (young), 0.0169937 secs]
   [Parallel Time: 14.7 ms, GC Workers: 8]
      [GC Worker Start (ms): Min: 127430063.9, Avg: 127430064.0, Max: 127430064.1, Diff: 0.2]
      [Ext Root Scanning (ms): Min: 1.1, Avg: 1.6, Max: 4.1, Diff: 3.1, Sum: 12.6]
      [Update RS (ms): Min: 0.0, Avg: 2.6, Max: 3.3, Diff: 3.3, Sum: 21.1]
         [Processed Buffers: Min: 0, Avg: 5.4, Max: 36, Diff: 36, Sum: 43]
      [Scan RS (ms): Min: 0.0, Avg: 0.0, Max: 0.1, Diff: 0.1, Sum: 0.3]
      [Code Root Scanning (ms): Min: 0.0, Avg: 0.0, Max: 0.1, Diff: 0.1, Sum: 0.1]
      [Object Copy (ms): Min: 9.2, Avg: 9.6, Max: 10.4, Diff: 1.2, Sum: 77.2]
      [Termination (ms): Min: 0.0, Avg: 0.5, Max: 0.8, Diff: 0.8, Sum: 4.4]
         [Termination Attempts: Min: 1, Avg: 1.0, Max: 1, Diff: 0, Sum: 8]
      [GC Worker Other (ms): Min: 0.0, Avg: 0.1, Max: 0.1, Diff: 0.1, Sum: 0.4]
      [GC Worker Total (ms): Min: 14.4, Avg: 14.5, Max: 14.6, Diff: 0.2, Sum: 116.1]
      [GC Worker End (ms): Min: 127430078.5, Avg: 127430078.5, Max: 127430078.6, Diff: 0.1]
   [Code Root Fixup: 0.0 ms]
   [Code Root Purge: 0.0 ms]
   [Clear CT: 0.2 ms]
   [Other: 2.2 ms]
      [Choose CSet: 0.0 ms]
      [Ref Proc: 1.1 ms]
      [Ref Enq: 0.0 ms]
      [Redirty Cards: 0.1 ms]
      [Humongous Register: 0.1 ms]
      [Humongous Reclaim: 0.0 ms]
      [Free CSet: 0.4 ms]
   [Eden: 325.0M(325.0M)->0.0B(396.0M) Survivors: 8192.0K->6144.0K Heap: 491.1M(1024.0M)->164.2M(1024.0M)]
 [Times: user=0.04 sys=0.05, real=0.01 secs] 
2020-11-08T00:42:44.047+0800: 128203.341: [GC pause (G1 Evacuation Pause) (young), 0.0443837 secs]
   [Parallel Time: 40.8 ms, GC Workers: 8]
      [GC Worker Start (ms): Min: 128203343.3, Avg: 128203343.6, Max: 128203343.8, Diff: 0.5]
      [Ext Root Scanning (ms): Min: 0.0, Avg: 2.6, Max: 9.4, Diff: 9.3, Sum: 20.9]
      [Update RS (ms): Min: 1.9, Avg: 7.5, Max: 9.7, Diff: 7.8, Sum: 60.3]
         [Processed Buffers: Min: 1, Avg: 6.0, Max: 21, Diff: 20, Sum: 48]
      [Scan RS (ms): Min: 0.0, Avg: 0.0, Max: 0.1, Diff: 0.1, Sum: 0.4]
      [Code Root Scanning (ms): Min: 0.0, Avg: 0.0, Max: 0.1, Diff: 0.1, Sum: 0.1]
      [Object Copy (ms): Min: 28.4, Avg: 28.8, Max: 29.3, Diff: 1.0, Sum: 230.5]
      [Termination (ms): Min: 0.0, Avg: 0.5, Max: 0.7, Diff: 0.7, Sum: 4.0]
         [Termination Attempts: Min: 1, Avg: 1.0, Max: 1, Diff: 0, Sum: 8]
      [GC Worker Other (ms): Min: 0.0, Avg: 0.8, Max: 6.2, Diff: 6.2, Sum: 6.4]
      [GC Worker Total (ms): Min: 40.1, Avg: 40.3, Max: 40.6, Diff: 0.5, Sum: 322.7]
      [GC Worker End (ms): Min: 128203383.8, Avg: 128203383.9, Max: 128203384.0, Diff: 0.1]
   [Code Root Fixup: 0.0 ms]
   [Code Root Purge: 0.0 ms]
   [Clear CT: 0.2 ms]
   [Other: 3.4 ms]
      [Choose CSet: 0.0 ms]
      [Ref Proc: 0.3 ms]
      [Ref Enq: 0.0 ms]
      [Redirty Cards: 0.1 ms]
      [Humongous Register: 1.6 ms]
      [Humongous Reclaim: 0.0 ms]
      [Free CSet: 0.7 ms]
   [Eden: 396.0M(396.0M)->0.0B(45056.0K) Survivors: 6144.0K->7168.0K Heap: 560.2M(1024.0M)->164.8M(1024.0M)]
 [Times: user=0.03 sys=0.08, real=0.05 secs] 
2020-11-08T00:44:28.576+0800: 128287.081: [GC pause (G1 Evacuation Pause) (young), 0.0158590 secs]
   [Parallel Time: 14.0 ms, GC Workers: 8]
      [GC Worker Start (ms): Min: 128287081.0, Avg: 128287081.1, Max: 128287081.1, Diff: 0.2]
      [Ext Root Scanning (ms): Min: 0.2, Avg: 0.6, Max: 2.5, Diff: 2.3, Sum: 4.9]
      [Update RS (ms): Min: 0.0, Avg: 0.3, Max: 0.5, Diff: 0.5, Sum: 2.8]
         [Processed Buffers: Min: 0, Avg: 5.6, Max: 17, Diff: 17, Sum: 45]
      [Scan RS (ms): Min: 0.0, Avg: 0.0, Max: 0.0, Diff: 0.0, Sum: 0.0]
      [Code Root Scanning (ms): Min: 0.0, Avg: 0.0, Max: 0.0, Diff: 0.0, Sum: 0.0]
      [Object Copy (ms): Min: 10.2, Avg: 11.8, Max: 12.6, Diff: 2.3, Sum: 94.3]
      [Termination (ms): Min: 0.0, Avg: 0.5, Max: 0.9, Diff: 0.9, Sum: 4.4]
         [Termination Attempts: Min: 1, Avg: 2.4, Max: 4, Diff: 3, Sum: 19]
      [GC Worker Other (ms): Min: 0.0, Avg: 0.0, Max: 0.0, Diff: 0.0, Sum: 0.1]
      [GC Worker Total (ms): Min: 13.2, Avg: 13.3, Max: 13.6, Diff: 0.4, Sum: 106.5]
      [GC Worker End (ms): Min: 128287094.3, Avg: 128287094.4, Max: 128287094.7, Diff: 0.3]
   [Code Root Fixup: 0.1 ms]
   [Code Root Purge: 0.0 ms]
   [Clear CT: 0.2 ms]
   [Other: 1.6 ms]
      [Choose CSet: 0.0 ms]
      [Ref Proc: 0.8 ms]
      [Ref Enq: 0.0 ms]
      [Redirty Cards: 0.3 ms]
      [Humongous Register: 0.0 ms]
      [Humongous Reclaim: 0.0 ms]
      [Free CSet: 0.1 ms]
   [Eden: 45056.0K(45056.0K)->0.0B(52224.0K) Survivors: 7168.0K->5120.0K Heap: 208.8M(1024.0M)->163.1M(1024.0M)]
 [Times: user=0.03 sys=0.03, real=0.02 secs] 
2020-11-08T00:46:38.125+0800: 128384.211: [GC pause (G1 Evacuation Pause) (young), 0.0350381 secs]
   [Parallel Time: 22.8 ms, GC Workers: 8]
      [GC Worker Start (ms): Min: 128384211.5, Avg: 128384212.2, Max: 128384213.8, Diff: 2.3]
      [Ext Root Scanning (ms): Min: 0.0, Avg: 0.9, Max: 2.0, Diff: 2.0, Sum: 7.0]
      [Update RS (ms): Min: 0.0, Avg: 0.6, Max: 1.7, Diff: 1.7, Sum: 4.9]
         [Processed Buffers: Min: 0, Avg: 5.9, Max: 25, Diff: 25, Sum: 47]
      [Scan RS (ms): Min: 0.0, Avg: 0.0, Max: 0.0, Diff: 0.0, Sum: 0.0]
      [Code Root Scanning (ms): Min: 0.0, Avg: 0.0, Max: 0.0, Diff: 0.0, Sum: 0.0]
      [Object Copy (ms): Min: 8.9, Avg: 9.6, Max: 10.5, Diff: 1.6, Sum: 76.9]
      [Termination (ms): Min: 0.0, Avg: 4.5, Max: 11.0, Diff: 11.0, Sum: 35.7]
         [Termination Attempts: Min: 1, Avg: 2.2, Max: 4, Diff: 3, Sum: 18]
      [GC Worker Other (ms): Min: 0.0, Avg: 0.0, Max: 0.1, Diff: 0.1, Sum: 0.1]
      [GC Worker Total (ms): Min: 10.4, Avg: 15.6, Max: 22.2, Diff: 11.9, Sum: 124.7]
      [GC Worker End (ms): Min: 128384224.0, Avg: 128384227.8, Max: 128384234.0, Diff: 10.0]
   [Code Root Fixup: 0.0 ms]
   [Code Root Purge: 0.0 ms]
   [Clear CT: 0.3 ms]
   [Other: 11.9 ms]
      [Choose CSet: 0.0 ms]
      [Ref Proc: 11.4 ms]
      [Ref Enq: 0.0 ms]
      [Redirty Cards: 0.1 ms]
      [Humongous Register: 0.0 ms]
      [Humongous Reclaim: 0.0 ms]
      [Free CSet: 0.1 ms]
   [Eden: 52224.0K(52224.0K)->0.0B(47104.0K) Survivors: 5120.0K->5120.0K Heap: 214.1M(1024.0M)->162.7M(1024.0M)]
 [Times: user=0.03 sys=0.02, real=0.04 secs] 
2020-11-08T00:50:24.768+0800: 128482.670: [GC pause (G1 Evacuation Pause) (young), 0.0069274 secs]
   [Parallel Time: 6.2 ms, GC Workers: 8]
      [GC Worker Start (ms): Min: 128482670.5, Avg: 128482670.6, Max: 128482670.6, Diff: 0.1]
      [Ext Root Scanning (ms): Min: 0.2, Avg: 0.3, Max: 0.5, Diff: 0.3, Sum: 2.3]
      [Update RS (ms): Min: 0.0, Avg: 0.4, Max: 1.0, Diff: 0.9, Sum: 3.5]
         [Processed Buffers: Min: 2, Avg: 5.5, Max: 15, Diff: 13, Sum: 44]
      [Scan RS (ms): Min: 0.0, Avg: 0.0, Max: 0.0, Diff: 0.0, Sum: 0.0]
      [Code Root Scanning (ms): Min: 0.0, Avg: 0.0, Max: 0.0, Diff: 0.0, Sum: 0.1]
      [Object Copy (ms): Min: 4.3, Avg: 4.9, Max: 5.4, Diff: 1.0, Sum: 38.8]
      [Termination (ms): Min: 0.2, Avg: 0.4, Max: 0.5, Diff: 0.3, Sum: 3.5]
         [Termination Attempts: Min: 1, Avg: 1.4, Max: 3, Diff: 2, Sum: 11]
      [GC Worker Other (ms): Min: 0.0, Avg: 0.0, Max: 0.0, Diff: 0.0, Sum: 0.1]
      [GC Worker Total (ms): Min: 5.9, Avg: 6.0, Max: 6.1, Diff: 0.2, Sum: 48.2]
      [GC Worker End (ms): Min: 128482676.5, Avg: 128482676.6, Max: 128482676.7, Diff: 0.1]
   [Code Root Fixup: 0.0 ms]
   [Code Root Purge: 0.0 ms]
   [Clear CT: 0.1 ms]
   [Other: 0.6 ms]
      [Choose CSet: 0.0 ms]
      [Ref Proc: 0.2 ms]
      [Ref Enq: 0.0 ms]
      [Redirty Cards: 0.1 ms]
      [Humongous Register: 0.1 ms]
      [Humongous Reclaim: 0.0 ms]
      [Free CSet: 0.0 ms]
   [Eden: 47104.0K(47104.0K)->0.0B(48128.0K) Survivors: 5120.0K->4096.0K Heap: 208.7M(1024.0M)->162.2M(1024.0M)]
 [Times: user=0.03 sys=0.01, real=0.01 secs] 
2020-11-08T00:54:13.285+0800: 128571.569: [GC pause (G1 Evacuation Pause) (young), 0.0051539 secs]
   [Parallel Time: 4.4 ms, GC Workers: 8]
      [GC Worker Start (ms): Min: 128571569.3, Avg: 128571569.4, Max: 128571569.7, Diff: 0.4]
      [Ext Root Scanning (ms): Min: 0.0, Avg: 0.3, Max: 0.6, Diff: 0.6, Sum: 2.6]
      [Update RS (ms): Min: 0.4, Avg: 0.6, Max: 0.8, Diff: 0.4, Sum: 5.1]
         [Processed Buffers: Min: 1, Avg: 5.2, Max: 15, Diff: 14, Sum: 42]
      [Scan RS (ms): Min: 0.0, Avg: 0.0, Max: 0.0, Diff: 0.0, Sum: 0.1]
      [Code Root Scanning (ms): Min: 0.0, Avg: 0.0, Max: 0.1, Diff: 0.1, Sum: 0.1]
      [Object Copy (ms): Min: 2.9, Avg: 3.0, Max: 3.1, Diff: 0.2, Sum: 24.1]
      [Termination (ms): Min: 0.0, Avg: 0.0, Max: 0.0, Diff: 0.0, Sum: 0.0]
         [Termination Attempts: Min: 1, Avg: 1.0, Max: 1, Diff: 0, Sum: 8]
      [GC Worker Other (ms): Min: 0.0, Avg: 0.0, Max: 0.0, Diff: 0.0, Sum: 0.1]
      [GC Worker Total (ms): Min: 3.7, Avg: 4.0, Max: 4.1, Diff: 0.4, Sum: 32.1]
      [GC Worker End (ms): Min: 128571573.5, Avg: 128571573.5, Max: 128571573.5, Diff: 0.0]
   [Code Root Fixup: 0.0 ms]
   [Code Root Purge: 0.0 ms]
   [Clear CT: 0.1 ms]
   [Other: 0.6 ms]
      [Choose CSet: 0.0 ms]
      [Ref Proc: 0.2 ms]
      [Ref Enq: 0.0 ms]
      [Redirty Cards: 0.1 ms]
      [Humongous Register: 0.0 ms]
      [Humongous Reclaim: 0.0 ms]
      [Free CSet: 0.0 ms]
   [Eden: 48128.0K(48128.0K)->0.0B(257.0M) Survivors: 4096.0K->6144.0K Heap: 209.2M(1024.0M)->164.0M(1024.0M)]
 [Times: user=0.03 sys=0.00, real=0.01 secs] 
2020-11-08T01:20:20.487+0800: 129055.169: [GC pause (G1 Evacuation Pause) (young), 0.0051992 secs]
   [Parallel Time: 4.2 ms, GC Workers: 8]
      [GC Worker Start (ms): Min: 129055169.6, Avg: 129055169.7, Max: 129055169.8, Diff: 0.2]
      [Ext Root Scanning (ms): Min: 0.2, Avg: 0.4, Max: 0.8, Diff: 0.5, Sum: 3.0]
      [Update RS (ms): Min: 0.3, Avg: 0.6, Max: 0.9, Diff: 0.6, Sum: 5.2]
         [Processed Buffers: Min: 1, Avg: 5.8, Max: 14, Diff: 13, Sum: 46]
      [Scan RS (ms): Min: 0.0, Avg: 0.0, Max: 0.1, Diff: 0.1, Sum: 0.3]
      [Code Root Scanning (ms): Min: 0.0, Avg: 0.0, Max: 0.1, Diff: 0.1, Sum: 0.1]
      [Object Copy (ms): Min: 2.7, Avg: 2.9, Max: 3.0, Diff: 0.2, Sum: 23.3]
      [Termination (ms): Min: 0.0, Avg: 0.0, Max: 0.0, Diff: 0.0, Sum: 0.0]
         [Termination Attempts: Min: 1, Avg: 1.0, Max: 1, Diff: 0, Sum: 8]
      [GC Worker Other (ms): Min: 0.0, Avg: 0.0, Max: 0.1, Diff: 0.1, Sum: 0.4]
      [GC Worker Total (ms): Min: 3.9, Avg: 4.0, Max: 4.1, Diff: 0.2, Sum: 32.4]
      [GC Worker End (ms): Min: 129055173.8, Avg: 129055173.8, Max: 129055173.8, Diff: 0.1]
   [Code Root Fixup: 0.0 ms]
   [Code Root Purge: 0.0 ms]
   [Clear CT: 0.2 ms]
   [Other: 0.8 ms]
      [Choose CSet: 0.0 ms]
      [Ref Proc: 0.3 ms]
      [Ref Enq: 0.0 ms]
      [Redirty Cards: 0.1 ms]
      [Humongous Register: 0.0 ms]
      [Humongous Reclaim: 0.0 ms]
      [Free CSet: 0.1 ms]
   [Eden: 257.0M(257.0M)->0.0B(609.0M) Survivors: 6144.0K->5120.0K Heap: 421.0M(1024.0M)->163.8M(1024.0M)]
 [Times: user=0.04 sys=0.01, real=0.01 secs] 
2020-11-08T02:37:43.013+0800: 130241.625: [GC pause (G1 Evacuation Pause) (young), 0.0306179 secs]
   [Parallel Time: 28.6 ms, GC Workers: 8]
      [GC Worker Start (ms): Min: 130241625.3, Avg: 130241625.3, Max: 130241625.4, Diff: 0.1]
      [Ext Root Scanning (ms): Min: 0.1, Avg: 0.4, Max: 0.9, Diff: 0.9, Sum: 3.2]
      [Update RS (ms): Min: 2.0, Avg: 2.5, Max: 2.9, Diff: 0.9, Sum: 20.0]
         [Processed Buffers: Min: 1, Avg: 6.8, Max: 20, Diff: 19, Sum: 54]
      [Scan RS (ms): Min: 0.0, Avg: 0.1, Max: 0.1, Diff: 0.1, Sum: 0.6]
      [Code Root Scanning (ms): Min: 0.0, Avg: 0.0, Max: 0.1, Diff: 0.1, Sum: 0.2]
      [Object Copy (ms): Min: 23.9, Avg: 24.8, Max: 25.4, Diff: 1.5, Sum: 198.5]
      [Termination (ms): Min: 0.0, Avg: 0.4, Max: 0.7, Diff: 0.7, Sum: 3.4]
         [Termination Attempts: Min: 1, Avg: 1.0, Max: 1, Diff: 0, Sum: 8]
      [GC Worker Other (ms): Min: 0.0, Avg: 0.1, Max: 0.8, Diff: 0.8, Sum: 1.0]
      [GC Worker Total (ms): Min: 28.2, Avg: 28.4, Max: 28.5, Diff: 0.3, Sum: 226.8]
      [GC Worker End (ms): Min: 130241653.6, Avg: 130241653.7, Max: 130241653.8, Diff: 0.2]
   [Code Root Fixup: 0.0 ms]
   [Code Root Purge: 0.0 ms]
   [Clear CT: 0.2 ms]
   [Other: 1.8 ms]
      [Choose CSet: 0.0 ms]
      [Ref Proc: 0.7 ms]
      [Ref Enq: 0.0 ms]
      [Redirty Cards: 0.2 ms]
      [Humongous Register: 0.1 ms]
      [Humongous Reclaim: 0.0 ms]
      [Free CSet: 0.6 ms]
   [Eden: 609.0M(609.0M)->0.0B(64512.0K) Survivors: 5120.0K->4096.0K Heap: 772.8M(1024.0M)->162.7M(1024.0M)]
 [Times: user=0.04 sys=0.05, real=0.03 secs] 
2020-11-08T02:39:46.337+0800: 130364.949: [GC pause (G1 Evacuation Pause) (young), 0.0046548 secs]
   [Parallel Time: 3.7 ms, GC Workers: 8]
      [GC Worker Start (ms): Min: 130364948.9, Avg: 130364949.1, Max: 130364949.4, Diff: 0.5]
      [Ext Root Scanning (ms): Min: 0.0, Avg: 0.4, Max: 0.6, Diff: 0.6, Sum: 3.0]
      [Update RS (ms): Min: 0.2, Avg: 0.3, Max: 0.5, Diff: 0.4, Sum: 2.3]
         [Processed Buffers: Min: 1, Avg: 5.0, Max: 13, Diff: 12, Sum: 40]
      [Scan RS (ms): Min: 0.0, Avg: 0.0, Max: 0.0, Diff: 0.0, Sum: 0.1]
      [Code Root Scanning (ms): Min: 0.0, Avg: 0.0, Max: 0.1, Diff: 0.1, Sum: 0.2]
      [Object Copy (ms): Min: 2.7, Avg: 2.8, Max: 2.9, Diff: 0.2, Sum: 22.6]
      [Termination (ms): Min: 0.0, Avg: 0.0, Max: 0.0, Diff: 0.0, Sum: 0.0]
         [Termination Attempts: Min: 1, Avg: 1.0, Max: 1, Diff: 0, Sum: 8]
      [GC Worker Other (ms): Min: 0.0, Avg: 0.0, Max: 0.0, Diff: 0.0, Sum: 0.2]
      [GC Worker Total (ms): Min: 3.2, Avg: 3.5, Max: 3.7, Diff: 0.5, Sum: 28.2]
      [GC Worker End (ms): Min: 130364952.6, Avg: 130364952.6, Max: 130364952.6, Diff: 0.0]
   [Code Root Fixup: 0.0 ms]
   [Code Root Purge: 0.0 ms]
   [Clear CT: 0.1 ms]
   [Other: 0.8 ms]
      [Choose CSet: 0.0 ms]
      [Ref Proc: 0.2 ms]
      [Ref Enq: 0.0 ms]
      [Redirty Cards: 0.2 ms]
      [Humongous Register: 0.0 ms]
      [Humongous Reclaim: 0.0 ms]
      [Free CSet: 0.1 ms]
   [Eden: 64512.0K(64512.0K)->0.0B(243.0M) Survivors: 4096.0K->6144.0K Heap: 225.7M(1024.0M)->164.6M(1024.0M)]
 [Times: user=0.03 sys=0.00, real=0.01 secs] 
2020-11-08T02:47:42.847+0800: 130841.457: [GC pause (G1 Evacuation Pause) (young), 0.0037912 secs]
   [Parallel Time: 2.9 ms, GC Workers: 8]
      [GC Worker Start (ms): Min: 130841457.3, Avg: 130841457.4, Max: 130841457.5, Diff: 0.1]
      [Ext Root Scanning (ms): Min: 0.2, Avg: 0.3, Max: 0.6, Diff: 0.4, Sum: 2.6]
      [Update RS (ms): Min: 0.1, Avg: 0.3, Max: 0.5, Diff: 0.4, Sum: 2.2]
         [Processed Buffers: Min: 2, Avg: 5.1, Max: 10, Diff: 8, Sum: 41]
      [Scan RS (ms): Min: 0.0, Avg: 0.0, Max: 0.1, Diff: 0.0, Sum: 0.4]
      [Code Root Scanning (ms): Min: 0.0, Avg: 0.0, Max: 0.1, Diff: 0.1, Sum: 0.2]
      [Object Copy (ms): Min: 1.8, Avg: 2.0, Max: 2.0, Diff: 0.2, Sum: 15.6]
      [Termination (ms): Min: 0.0, Avg: 0.0, Max: 0.0, Diff: 0.0, Sum: 0.0]
         [Termination Attempts: Min: 1, Avg: 1.0, Max: 1, Diff: 0, Sum: 8]
      [GC Worker Other (ms): Min: 0.0, Avg: 0.0, Max: 0.1, Diff: 0.1, Sum: 0.3]
      [GC Worker Total (ms): Min: 2.6, Avg: 2.7, Max: 2.8, Diff: 0.2, Sum: 21.3]
      [GC Worker End (ms): Min: 130841460.0, Avg: 130841460.1, Max: 130841460.1, Diff: 0.1]
   [Code Root Fixup: 0.0 ms]
   [Code Root Purge: 0.0 ms]
   [Clear CT: 0.2 ms]
   [Other: 0.8 ms]
      [Choose CSet: 0.0 ms]
      [Ref Proc: 0.3 ms]
      [Ref Enq: 0.0 ms]
      [Redirty Cards: 0.1 ms]
      [Humongous Register: 0.0 ms]
      [Humongous Reclaim: 0.0 ms]
      [Free CSet: 0.1 ms]
   [Eden: 243.0M(243.0M)->0.0B(609.0M) Survivors: 6144.0K->5120.0K Heap: 407.6M(1024.0M)->163.4M(1024.0M)]
 [Times: user=0.02 sys=0.00, real=0.01 secs] 
2020-11-08T03:07:37.317+0800: 132035.922: [GC pause (G1 Evacuation Pause) (young), 0.0115999 secs]
   [Parallel Time: 7.9 ms, GC Workers: 8]
      [GC Worker Start (ms): Min: 132035923.0, Avg: 132035923.1, Max: 132035923.1, Diff: 0.1]
      [Ext Root Scanning (ms): Min: 0.2, Avg: 0.4, Max: 0.8, Diff: 0.6, Sum: 3.1]
      [Update RS (ms): Min: 0.0, Avg: 0.3, Max: 1.0, Diff: 1.0, Sum: 2.2]
         [Processed Buffers: Min: 0, Avg: 5.5, Max: 23, Diff: 23, Sum: 44]
      [Scan RS (ms): Min: 0.0, Avg: 0.1, Max: 0.2, Diff: 0.1, Sum: 0.6]
      [Code Root Scanning (ms): Min: 0.0, Avg: 0.0, Max: 0.1, Diff: 0.1, Sum: 0.2]
      [Object Copy (ms): Min: 5.1, Avg: 6.0, Max: 6.6, Diff: 1.5, Sum: 48.0]
      [Termination (ms): Min: 0.0, Avg: 0.9, Max: 1.2, Diff: 1.2, Sum: 7.0]
         [Termination Attempts: Min: 1, Avg: 1.0, Max: 1, Diff: 0, Sum: 8]
      [GC Worker Other (ms): Min: 0.0, Avg: 0.0, Max: 0.0, Diff: 0.0, Sum: 0.1]
      [GC Worker Total (ms): Min: 7.6, Avg: 7.6, Max: 7.8, Diff: 0.2, Sum: 61.1]
      [GC Worker End (ms): Min: 132035930.7, Avg: 132035930.7, Max: 132035930.8, Diff: 0.2]
   [Code Root Fixup: 0.0 ms]
   [Code Root Purge: 0.0 ms]
   [Clear CT: 0.2 ms]
   [Other: 3.5 ms]
      [Choose CSet: 0.0 ms]
      [Ref Proc: 2.1 ms]
      [Ref Enq: 0.0 ms]
      [Redirty Cards: 0.2 ms]
      [Humongous Register: 0.0 ms]
      [Humongous Reclaim: 0.0 ms]
      [Free CSet: 0.2 ms]
   [Eden: 609.0M(609.0M)->0.0B(609.0M) Survivors: 5120.0K->5120.0K Heap: 772.4M(1024.0M)->163.6M(1024.0M)]
 [Times: user=0.03 sys=0.01, real=0.02 secs] 
2020-11-08T04:00:53.993+0800: 133232.244: [GC pause (G1 Evacuation Pause) (young), 0.0049410 secs]
   [Parallel Time: 3.8 ms, GC Workers: 8]
      [GC Worker Start (ms): Min: 133232243.8, Avg: 133232243.9, Max: 133232244.0, Diff: 0.1]
      [Ext Root Scanning (ms): Min: 0.3, Avg: 0.8, Max: 2.2, Diff: 1.9, Sum: 6.8]
      [Update RS (ms): Min: 0.0, Avg: 0.3, Max: 1.0, Diff: 1.0, Sum: 2.8]
         [Processed Buffers: Min: 0, Avg: 5.5, Max: 16, Diff: 16, Sum: 44]
      [Scan RS (ms): Min: 0.0, Avg: 0.1, Max: 0.2, Diff: 0.2, Sum: 0.8]
      [Code Root Scanning (ms): Min: 0.0, Avg: 0.0, Max: 0.1, Diff: 0.1, Sum: 0.2]
      [Object Copy (ms): Min: 1.3, Avg: 2.2, Max: 2.4, Diff: 1.1, Sum: 17.7]
      [Termination (ms): Min: 0.0, Avg: 0.0, Max: 0.0, Diff: 0.0, Sum: 0.0]
         [Termination Attempts: Min: 1, Avg: 1.0, Max: 1, Diff: 0, Sum: 8]
      [GC Worker Other (ms): Min: 0.0, Avg: 0.1, Max: 0.1, Diff: 0.1, Sum: 0.5]
      [GC Worker Total (ms): Min: 3.5, Avg: 3.6, Max: 3.7, Diff: 0.1, Sum: 28.8]
      [GC Worker End (ms): Min: 133232247.5, Avg: 133232247.5, Max: 133232247.5, Diff: 0.1]
   [Code Root Fixup: 0.0 ms]
   [Code Root Purge: 0.0 ms]
   [Clear CT: 0.2 ms]
   [Other: 0.9 ms]
      [Choose CSet: 0.0 ms]
      [Ref Proc: 0.4 ms]
      [Ref Enq: 0.0 ms]
      [Redirty Cards: 0.2 ms]
      [Humongous Register: 0.0 ms]
      [Humongous Reclaim: 0.0 ms]
      [Free CSet: 0.2 ms]
   [Eden: 609.0M(609.0M)->0.0B(610.0M) Survivors: 5120.0K->4096.0K Heap: 772.6M(1024.0M)->162.4M(1024.0M)]
 [Times: user=0.02 sys=0.01, real=0.00 secs] 
2020-11-08T04:20:40.964+0800: 134419.212: [GC pause (G1 Evacuation Pause) (young), 0.0458690 secs]
   [Parallel Time: 41.2 ms, GC Workers: 8]
      [GC Worker Start (ms): Min: 134419213.2, Avg: 134419213.5, Max: 134419214.0, Diff: 0.7]
      [Ext Root Scanning (ms): Min: 2.2, Avg: 2.9, Max: 6.2, Diff: 4.0, Sum: 23.5]
      [Update RS (ms): Min: 0.0, Avg: 1.6, Max: 2.7, Diff: 2.7, Sum: 12.4]
         [Processed Buffers: Min: 0, Avg: 5.9, Max: 13, Diff: 13, Sum: 47]
      [Scan RS (ms): Min: 0.0, Avg: 0.1, Max: 0.2, Diff: 0.1, Sum: 0.6]
      [Code Root Scanning (ms): Min: 0.0, Avg: 0.1, Max: 0.4, Diff: 0.4, Sum: 0.4]
      [Object Copy (ms): Min: 33.8, Avg: 35.2, Max: 36.6, Diff: 2.8, Sum: 281.5]
      [Termination (ms): Min: 0.0, Avg: 0.8, Max: 1.0, Diff: 1.0, Sum: 6.2]
         [Termination Attempts: Min: 1, Avg: 1.0, Max: 1, Diff: 0, Sum: 8]
      [GC Worker Other (ms): Min: 0.0, Avg: 0.2, Max: 0.6, Diff: 0.5, Sum: 1.6]
      [GC Worker Total (ms): Min: 40.3, Avg: 40.8, Max: 41.0, Diff: 0.7, Sum: 326.2]
      [GC Worker End (ms): Min: 134419254.2, Avg: 134419254.3, Max: 134419254.3, Diff: 0.1]
   [Code Root Fixup: 0.0 ms]
   [Code Root Purge: 0.0 ms]
   [Clear CT: 0.2 ms]
   [Other: 4.5 ms]
      [Choose CSet: 0.0 ms]
      [Ref Proc: 1.7 ms]
      [Ref Enq: 0.0 ms]
      [Redirty Cards: 0.1 ms]
      [Humongous Register: 1.0 ms]
      [Humongous Reclaim: 0.0 ms]
      [Free CSet: 1.1 ms]
   [Eden: 610.0M(610.0M)->0.0B(218.0M) Survivors: 4096.0K->6144.0K Heap: 772.4M(1024.0M)->164.3M(1024.0M)]
 [Times: user=0.04 sys=0.08, real=0.05 secs] 
2020-11-08T04:27:03.917+0800: 134802.166: [GC pause (G1 Evacuation Pause) (young), 0.0196571 secs]
   [Parallel Time: 15.7 ms, GC Workers: 8]
      [GC Worker Start (ms): Min: 134802166.2, Avg: 134802166.3, Max: 134802166.4, Diff: 0.2]
      [Ext Root Scanning (ms): Min: 0.1, Avg: 1.1, Max: 1.8, Diff: 1.7, Sum: 8.5]
      [Update RS (ms): Min: 0.0, Avg: 1.2, Max: 3.1, Diff: 3.1, Sum: 9.4]
         [Processed Buffers: Min: 0, Avg: 5.9, Max: 17, Diff: 17, Sum: 47]
      [Scan RS (ms): Min: 0.0, Avg: 0.0, Max: 0.1, Diff: 0.1, Sum: 0.2]
      [Code Root Scanning (ms): Min: 0.0, Avg: 0.0, Max: 0.1, Diff: 0.1, Sum: 0.2]
      [Object Copy (ms): Min: 9.8, Avg: 11.8, Max: 12.9, Diff: 3.0, Sum: 94.2]
      [Termination (ms): Min: 0.0, Avg: 0.5, Max: 0.7, Diff: 0.7, Sum: 4.1]
         [Termination Attempts: Min: 1, Avg: 2.2, Max: 4, Diff: 3, Sum: 18]
      [GC Worker Other (ms): Min: 0.0, Avg: 0.6, Max: 1.6, Diff: 1.6, Sum: 4.7]
      [GC Worker Total (ms): Min: 14.8, Avg: 15.2, Max: 15.6, Diff: 0.8, Sum: 121.3]
      [GC Worker End (ms): Min: 134802181.1, Avg: 134802181.4, Max: 134802181.9, Diff: 0.7]
   [Code Root Fixup: 0.0 ms]
   [Code Root Purge: 0.0 ms]
   [Clear CT: 0.2 ms]
   [Other: 3.7 ms]
      [Choose CSet: 0.0 ms]
      [Ref Proc: 3.1 ms]
      [Ref Enq: 0.0 ms]
      [Redirty Cards: 0.1 ms]
      [Humongous Register: 0.1 ms]
      [Humongous Reclaim: 0.0 ms]
      [Free CSet: 0.1 ms]
   [Eden: 218.0M(218.0M)->0.0B(216.0M) Survivors: 6144.0K->8192.0K Heap: 382.3M(1024.0M)->166.7M(1024.0M)]
 [Times: user=0.05 sys=0.03, real=0.02 secs] 
2020-11-08T04:33:17.036+0800: 135175.286: [GC pause (G1 Evacuation Pause) (young), 0.0104040 secs]
   [Parallel Time: 9.3 ms, GC Workers: 8]
      [GC Worker Start (ms): Min: 135175286.2, Avg: 135175286.3, Max: 135175286.4, Diff: 0.2]
      [Ext Root Scanning (ms): Min: 0.0, Avg: 0.4, Max: 0.8, Diff: 0.8, Sum: 3.4]
      [Update RS (ms): Min: 0.7, Avg: 0.9, Max: 1.0, Diff: 0.3, Sum: 7.0]
         [Processed Buffers: Min: 2, Avg: 5.8, Max: 9, Diff: 7, Sum: 46]
      [Scan RS (ms): Min: 0.0, Avg: 0.0, Max: 0.1, Diff: 0.0, Sum: 0.2]
      [Code Root Scanning (ms): Min: 0.0, Avg: 0.0, Max: 0.1, Diff: 0.1, Sum: 0.2]
      [Object Copy (ms): Min: 7.5, Avg: 7.6, Max: 7.7, Diff: 0.3, Sum: 60.9]
      [Termination (ms): Min: 0.0, Avg: 0.0, Max: 0.1, Diff: 0.1, Sum: 0.4]
         [Termination Attempts: Min: 1, Avg: 4.5, Max: 7, Diff: 6, Sum: 36]
      [GC Worker Other (ms): Min: 0.0, Avg: 0.1, Max: 0.8, Diff: 0.8, Sum: 0.9]
      [GC Worker Total (ms): Min: 9.1, Avg: 9.1, Max: 9.2, Diff: 0.2, Sum: 73.0]
      [GC Worker End (ms): Min: 135175295.4, Avg: 135175295.4, Max: 135175295.5, Diff: 0.0]
   [Code Root Fixup: 0.0 ms]
   [Code Root Purge: 0.0 ms]
   [Clear CT: 0.2 ms]
   [Other: 0.9 ms]
      [Choose CSet: 0.0 ms]
      [Ref Proc: 0.3 ms]
      [Ref Enq: 0.0 ms]
      [Redirty Cards: 0.1 ms]
      [Humongous Register: 0.1 ms]
      [Humongous Reclaim: 0.0 ms]
      [Free CSet: 0.1 ms]
   [Eden: 216.0M(216.0M)->0.0B(608.0M) Survivors: 8192.0K->6144.0K Heap: 382.7M(1024.0M)->164.9M(1024.0M)]
 [Times: user=0.04 sys=0.02, real=0.01 secs] 
2020-11-08T04:50:33.740+0800: 136211.978: [GC pause (G1 Evacuation Pause) (young), 0.0419890 secs]
   [Parallel Time: 32.9 ms, GC Workers: 8]
      [GC Worker Start (ms): Min: 136211982.1, Avg: 136211982.9, Max: 136211983.4, Diff: 1.3]
      [Ext Root Scanning (ms): Min: 2.0, Avg: 3.1, Max: 8.3, Diff: 6.4, Sum: 24.9]
      [Update RS (ms): Min: 0.0, Avg: 3.7, Max: 4.5, Diff: 4.5, Sum: 29.5]
         [Processed Buffers: Min: 0, Avg: 5.9, Max: 28, Diff: 28, Sum: 47]
      [Scan RS (ms): Min: 0.0, Avg: 0.1, Max: 0.2, Diff: 0.2, Sum: 0.7]
      [Code Root Scanning (ms): Min: 0.0, Avg: 0.1, Max: 0.3, Diff: 0.3, Sum: 0.7]
      [Object Copy (ms): Min: 23.6, Avg: 24.4, Max: 24.9, Diff: 1.3, Sum: 194.9]
      [Termination (ms): Min: 0.0, Avg: 0.5, Max: 0.8, Diff: 0.8, Sum: 3.7]
         [Termination Attempts: Min: 1, Avg: 2.9, Max: 9, Diff: 8, Sum: 23]
      [GC Worker Other (ms): Min: 0.0, Avg: 0.1, Max: 0.2, Diff: 0.1, Sum: 0.5]
      [GC Worker Total (ms): Min: 31.4, Avg: 31.9, Max: 32.7, Diff: 1.3, Sum: 255.0]
      [GC Worker End (ms): Min: 136212014.7, Avg: 136212014.8, Max: 136212014.8, Diff: 0.1]
   [Code Root Fixup: 0.0 ms]
   [Code Root Purge: 0.0 ms]
   [Clear CT: 0.3 ms]
   [Other: 8.8 ms]
      [Choose CSet: 0.0 ms]
      [Ref Proc: 3.0 ms]
      [Ref Enq: 0.0 ms]
      [Redirty Cards: 0.1 ms]
      [Humongous Register: 0.9 ms]
      [Humongous Reclaim: 0.0 ms]
      [Free CSet: 1.2 ms]
   [Eden: 608.0M(608.0M)->0.0B(47104.0K) Survivors: 6144.0K->5120.0K Heap: 772.9M(1024.0M)->164.0M(1024.0M)]
 [Times: user=0.04 sys=0.09, real=0.04 secs] 
2020-11-08T04:51:57.678+0800: 136295.916: [GC pause (G1 Evacuation Pause) (young), 0.0123532 secs]
   [Parallel Time: 11.6 ms, GC Workers: 8]
      [GC Worker Start (ms): Min: 136295915.9, Avg: 136295916.0, Max: 136295916.1, Diff: 0.2]
      [Ext Root Scanning (ms): Min: 0.2, Avg: 0.3, Max: 0.5, Diff: 0.3, Sum: 2.8]
      [Update RS (ms): Min: 0.3, Avg: 0.9, Max: 1.6, Diff: 1.2, Sum: 7.3]
         [Processed Buffers: Min: 1, Avg: 5.5, Max: 14, Diff: 13, Sum: 44]
      [Scan RS (ms): Min: 0.0, Avg: 0.0, Max: 0.0, Diff: 0.0, Sum: 0.0]
      [Code Root Scanning (ms): Min: 0.0, Avg: 0.0, Max: 0.1, Diff: 0.1, Sum: 0.1]
      [Object Copy (ms): Min: 9.5, Avg: 10.1, Max: 10.8, Diff: 1.3, Sum: 80.6]
      [Termination (ms): Min: 0.0, Avg: 0.0, Max: 0.0, Diff: 0.0, Sum: 0.0]
         [Termination Attempts: Min: 1, Avg: 1.2, Max: 2, Diff: 1, Sum: 10]
      [GC Worker Other (ms): Min: 0.0, Avg: 0.0, Max: 0.0, Diff: 0.0, Sum: 0.1]
      [GC Worker Total (ms): Min: 11.3, Avg: 11.4, Max: 11.5, Diff: 0.2, Sum: 91.1]
      [GC Worker End (ms): Min: 136295927.4, Avg: 136295927.4, Max: 136295927.4, Diff: 0.0]
   [Code Root Fixup: 0.0 ms]
   [Code Root Purge: 0.0 ms]
   [Clear CT: 0.1 ms]
   [Other: 0.7 ms]
      [Choose CSet: 0.0 ms]
      [Ref Proc: 0.2 ms]
      [Ref Enq: 0.0 ms]
      [Redirty Cards: 0.2 ms]
      [Humongous Register: 0.0 ms]
      [Humongous Reclaim: 0.0 ms]
      [Free CSet: 0.1 ms]
   [Eden: 47104.0K(47104.0K)->0.0B(47104.0K) Survivors: 5120.0K->7168.0K Heap: 210.0M(1024.0M)->166.3M(1024.0M)]
 [Times: user=0.03 sys=0.03, real=0.02 secs] 
2020-11-08T04:53:21.523+0800: 136379.760: [GC pause (G1 Evacuation Pause) (young), 0.0157946 secs]
   [Parallel Time: 14.3 ms, GC Workers: 8]
      [GC Worker Start (ms): Min: 136379760.2, Avg: 136379760.2, Max: 136379760.3, Diff: 0.1]
      [Ext Root Scanning (ms): Min: 0.2, Avg: 0.5, Max: 1.2, Diff: 1.0, Sum: 4.1]
      [Update RS (ms): Min: 0.0, Avg: 1.1, Max: 2.0, Diff: 2.0, Sum: 8.4]
         [Processed Buffers: Min: 2, Avg: 5.9, Max: 10, Diff: 8, Sum: 47]
      [Scan RS (ms): Min: 0.0, Avg: 0.0, Max: 0.0, Diff: 0.0, Sum: 0.1]
      [Code Root Scanning (ms): Min: 0.0, Avg: 0.0, Max: 0.0, Diff: 0.0, Sum: 0.1]
      [Object Copy (ms): Min: 10.8, Avg: 12.0, Max: 12.9, Diff: 2.1, Sum: 96.1]
      [Termination (ms): Min: 0.0, Avg: 0.5, Max: 0.8, Diff: 0.8, Sum: 3.8]
         [Termination Attempts: Min: 1, Avg: 2.6, Max: 6, Diff: 5, Sum: 21]
      [GC Worker Other (ms): Min: 0.0, Avg: 0.0, Max: 0.0, Diff: 0.0, Sum: 0.2]
      [GC Worker Total (ms): Min: 14.0, Avg: 14.1, Max: 14.1, Diff: 0.1, Sum: 112.7]
      [GC Worker End (ms): Min: 136379774.3, Avg: 136379774.3, Max: 136379774.4, Diff: 0.1]
   [Code Root Fixup: 0.0 ms]
   [Code Root Purge: 0.0 ms]
   [Clear CT: 0.2 ms]
   [Other: 1.4 ms]
      [Choose CSet: 0.0 ms]
      [Ref Proc: 0.9 ms]
      [Ref Enq: 0.0 ms]
      [Redirty Cards: 0.2 ms]
      [Humongous Register: 0.0 ms]
      [Humongous Reclaim: 0.0 ms]
      [Free CSet: 0.0 ms]
   [Eden: 47104.0K(47104.0K)->0.0B(109.0M) Survivors: 7168.0K->6144.0K Heap: 212.3M(1024.0M)->165.3M(1024.0M)]
 [Times: user=0.04 sys=0.03, real=0.01 secs] 
2020-11-08T04:56:25.462+0800: 136563.698: [GC pause (G1 Evacuation Pause) (young), 0.0157825 secs]
   [Parallel Time: 13.7 ms, GC Workers: 8]
      [GC Worker Start (ms): Min: 136563698.4, Avg: 136563698.5, Max: 136563698.5, Diff: 0.1]
      [Ext Root Scanning (ms): Min: 0.0, Avg: 0.3, Max: 0.5, Diff: 0.5, Sum: 2.5]
      [Update RS (ms): Min: 0.0, Avg: 0.8, Max: 1.1, Diff: 1.1, Sum: 6.3]
         [Processed Buffers: Min: 0, Avg: 5.6, Max: 16, Diff: 16, Sum: 45]
      [Scan RS (ms): Min: 0.0, Avg: 0.0, Max: 0.0, Diff: 0.0, Sum: 0.1]
      [Code Root Scanning (ms): Min: 0.0, Avg: 0.0, Max: 0.1, Diff: 0.1, Sum: 0.1]
      [Object Copy (ms): Min: 10.6, Avg: 11.5, Max: 12.2, Diff: 1.6, Sum: 92.0]
      [Termination (ms): Min: 0.0, Avg: 0.6, Max: 0.8, Diff: 0.7, Sum: 5.1]
         [Termination Attempts: Min: 1, Avg: 5.9, Max: 9, Diff: 8, Sum: 47]
      [GC Worker Other (ms): Min: 0.0, Avg: 0.3, Max: 2.3, Diff: 2.3, Sum: 2.4]
      [GC Worker Total (ms): Min: 13.5, Avg: 13.6, Max: 13.6, Diff: 0.1, Sum: 108.6]
      [GC Worker End (ms): Min: 136563712.1, Avg: 136563712.1, Max: 136563712.1, Diff: 0.0]
   [Code Root Fixup: 0.0 ms]
   [Code Root Purge: 0.0 ms]
   [Clear CT: 0.1 ms]
   [Other: 1.9 ms]
      [Choose CSet: 0.0 ms]
      [Ref Proc: 1.5 ms]
      [Ref Enq: 0.0 ms]
      [Redirty Cards: 0.1 ms]
      [Humongous Register: 0.0 ms]
      [Humongous Reclaim: 0.0 ms]
      [Free CSet: 0.1 ms]
   [Eden: 109.0M(109.0M)->0.0B(226.0M) Survivors: 6144.0K->8192.0K Heap: 274.3M(1024.0M)->167.3M(1024.0M)]
 [Times: user=0.05 sys=0.04, real=0.01 secs] 
2020-11-08T05:02:15.724+0800: 136913.959: [GC pause (G1 Evacuation Pause) (young), 0.0240424 secs]
   [Parallel Time: 20.5 ms, GC Workers: 8]
      [GC Worker Start (ms): Min: 136913961.5, Avg: 136913961.7, Max: 136913961.9, Diff: 0.4]
      [Ext Root Scanning (ms): Min: 2.6, Avg: 3.8, Max: 9.0, Diff: 6.5, Sum: 30.1]
      [Update RS (ms): Min: 0.0, Avg: 4.7, Max: 5.8, Diff: 5.8, Sum: 37.7]
         [Processed Buffers: Min: 0, Avg: 6.4, Max: 22, Diff: 22, Sum: 51]
      [Scan RS (ms): Min: 0.0, Avg: 0.1, Max: 0.5, Diff: 0.5, Sum: 0.6]
      [Code Root Scanning (ms): Min: 0.0, Avg: 0.1, Max: 0.6, Diff: 0.6, Sum: 1.0]
      [Object Copy (ms): Min: 11.0, Avg: 11.1, Max: 11.3, Diff: 0.3, Sum: 88.9]
      [Termination (ms): Min: 0.0, Avg: 0.0, Max: 0.1, Diff: 0.1, Sum: 0.3]
         [Termination Attempts: Min: 1, Avg: 1.6, Max: 3, Diff: 2, Sum: 13]
      [GC Worker Other (ms): Min: 0.1, Avg: 0.2, Max: 0.7, Diff: 0.7, Sum: 1.9]
      [GC Worker Total (ms): Min: 19.9, Avg: 20.1, Max: 20.2, Diff: 0.4, Sum: 160.6]
      [GC Worker End (ms): Min: 136913981.7, Avg: 136913981.8, Max: 136913981.8, Diff: 0.1]
   [Code Root Fixup: 0.0 ms]
   [Code Root Purge: 0.0 ms]
   [Clear CT: 0.1 ms]
   [Other: 3.4 ms]
      [Choose CSet: 0.0 ms]
      [Ref Proc: 0.3 ms]
      [Ref Enq: 0.0 ms]
      [Redirty Cards: 0.1 ms]
      [Humongous Register: 1.5 ms]
      [Humongous Reclaim: 0.0 ms]
      [Free CSet: 0.6 ms]
   [Eden: 226.0M(226.0M)->0.0B(118.0M) Survivors: 8192.0K->6144.0K Heap: 393.3M(1024.0M)->165.0M(1024.0M)]
 [Times: user=0.04 sys=0.07, real=0.02 secs] 
2020-11-08T05:05:21.493+0800: 137099.727: [GC pause (G1 Evacuation Pause) (young), 0.0180644 secs]
   [Parallel Time: 16.7 ms, GC Workers: 8]
      [GC Worker Start (ms): Min: 137099727.3, Avg: 137099727.3, Max: 137099727.4, Diff: 0.1]
      [Ext Root Scanning (ms): Min: 0.3, Avg: 0.5, Max: 0.8, Diff: 0.4, Sum: 4.0]
      [Update RS (ms): Min: 0.1, Avg: 0.8, Max: 1.6, Diff: 1.5, Sum: 6.3]
         [Processed Buffers: Min: 1, Avg: 5.6, Max: 10, Diff: 9, Sum: 45]
      [Scan RS (ms): Min: 0.0, Avg: 0.0, Max: 0.0, Diff: 0.0, Sum: 0.1]
      [Code Root Scanning (ms): Min: 0.0, Avg: 0.0, Max: 0.1, Diff: 0.1, Sum: 0.1]
      [Object Copy (ms): Min: 7.8, Avg: 10.1, Max: 14.6, Diff: 6.8, Sum: 81.0]
      [Termination (ms): Min: 0.0, Avg: 5.0, Max: 6.7, Diff: 6.7, Sum: 39.8]
         [Termination Attempts: Min: 1, Avg: 4.0, Max: 8, Diff: 7, Sum: 32]
      [GC Worker Other (ms): Min: 0.0, Avg: 0.0, Max: 0.0, Diff: 0.0, Sum: 0.2]
      [GC Worker Total (ms): Min: 16.4, Avg: 16.5, Max: 16.6, Diff: 0.2, Sum: 131.6]
      [GC Worker End (ms): Min: 137099743.7, Avg: 137099743.8, Max: 137099743.9, Diff: 0.2]
   [Code Root Fixup: 0.0 ms]
   [Code Root Purge: 0.0 ms]
   [Clear CT: 0.1 ms]
   [Other: 1.2 ms]
      [Choose CSet: 0.0 ms]
      [Ref Proc: 0.2 ms]
      [Ref Enq: 0.0 ms]
      [Redirty Cards: 0.1 ms]
      [Humongous Register: 0.0 ms]
      [Humongous Reclaim: 0.0 ms]
      [Free CSet: 0.1 ms]
   [Eden: 118.0M(118.0M)->0.0B(295.0M) Survivors: 6144.0K->7168.0K Heap: 283.0M(1024.0M)->165.9M(1024.0M)]
 [Times: user=0.07 sys=0.02, real=0.02 secs] 
2020-11-08T05:13:07.048+0800: 137565.281: [GC pause (G1 Evacuation Pause) (young), 0.0142065 secs]
   [Parallel Time: 12.3 ms, GC Workers: 8]
      [GC Worker Start (ms): Min: 137565281.0, Avg: 137565281.1, Max: 137565281.2, Diff: 0.2]
      [Ext Root Scanning (ms): Min: 0.3, Avg: 0.5, Max: 1.0, Diff: 0.7, Sum: 3.7]
      [Update RS (ms): Min: 0.9, Avg: 1.1, Max: 1.4, Diff: 0.5, Sum: 8.8]
         [Processed Buffers: Min: 2, Avg: 5.9, Max: 17, Diff: 15, Sum: 47]
      [Scan RS (ms): Min: 0.0, Avg: 0.0, Max: 0.1, Diff: 0.1, Sum: 0.3]
      [Code Root Scanning (ms): Min: 0.0, Avg: 0.0, Max: 0.0, Diff: 0.0, Sum: 0.2]
      [Object Copy (ms): Min: 9.5, Avg: 9.8, Max: 10.2, Diff: 0.6, Sum: 78.2]
      [Termination (ms): Min: 0.0, Avg: 0.6, Max: 0.7, Diff: 0.7, Sum: 4.8]
         [Termination Attempts: Min: 1, Avg: 1.8, Max: 4, Diff: 3, Sum: 14]
      [GC Worker Other (ms): Min: 0.0, Avg: 0.0, Max: 0.0, Diff: 0.0, Sum: 0.2]
      [GC Worker Total (ms): Min: 11.9, Avg: 12.0, Max: 12.2, Diff: 0.3, Sum: 96.3]
      [GC Worker End (ms): Min: 137565292.9, Avg: 137565293.1, Max: 137565293.2, Diff: 0.2]
   [Code Root Fixup: 0.0 ms]
   [Code Root Purge: 0.0 ms]
   [Clear CT: 0.2 ms]
   [Other: 1.7 ms]
      [Choose CSet: 0.0 ms]
      [Ref Proc: 1.0 ms]
      [Ref Enq: 0.0 ms]
      [Redirty Cards: 0.1 ms]
      [Humongous Register: 0.1 ms]
      [Humongous Reclaim: 0.0 ms]
      [Free CSet: 0.2 ms]
   [Eden: 294.0M(294.0M)->0.0B(564.0M) Survivors: 7168.0K->7168.0K Heap: 459.9M(1024.0M)->166.0M(1024.0M)]
 [Times: user=0.04 sys=0.03, real=0.02 secs] 
2020-11-08T05:28:00.801+0800: 138459.028: [GC pause (G1 Evacuation Pause) (young), 0.0474594 secs]
   [Parallel Time: 40.9 ms, GC Workers: 8]
      [GC Worker Start (ms): Min: 138459031.4, Avg: 138459031.8, Max: 138459032.2, Diff: 0.8]
      [Ext Root Scanning (ms): Min: 3.6, Avg: 4.9, Max: 10.8, Diff: 7.1, Sum: 39.3]
      [Update RS (ms): Min: 0.0, Avg: 5.0, Max: 6.2, Diff: 6.2, Sum: 40.1]
         [Processed Buffers: Min: 0, Avg: 6.0, Max: 17, Diff: 17, Sum: 48]
      [Scan RS (ms): Min: 0.0, Avg: 0.0, Max: 0.2, Diff: 0.1, Sum: 0.4]
      [Code Root Scanning (ms): Min: 0.0, Avg: 0.0, Max: 0.1, Diff: 0.1, Sum: 0.2]
      [Object Copy (ms): Min: 28.4, Avg: 29.3, Max: 30.4, Diff: 2.1, Sum: 234.3]
      [Termination (ms): Min: 0.0, Avg: 0.8, Max: 1.1, Diff: 1.1, Sum: 6.6]
         [Termination Attempts: Min: 1, Avg: 2.9, Max: 11, Diff: 10, Sum: 23]
      [GC Worker Other (ms): Min: 0.0, Avg: 0.2, Max: 0.7, Diff: 0.7, Sum: 1.4]
      [GC Worker Total (ms): Min: 39.9, Avg: 40.3, Max: 40.7, Diff: 0.9, Sum: 322.3]
      [GC Worker End (ms): Min: 138459072.0, Avg: 138459072.0, Max: 138459072.1, Diff: 0.1]
   [Code Root Fixup: 0.0 ms]
   [Code Root Purge: 0.0 ms]
   [Clear CT: 0.2 ms]
   [Other: 6.3 ms]
      [Choose CSet: 0.0 ms]
      [Ref Proc: 2.2 ms]
      [Ref Enq: 0.0 ms]
      [Redirty Cards: 0.1 ms]
      [Humongous Register: 1.2 ms]
      [Humongous Reclaim: 0.0 ms]
      [Free CSet: 1.0 ms]
   [Eden: 564.0M(564.0M)->0.0B(47104.0K) Survivors: 7168.0K->5120.0K Heap: 730.0M(1024.0M)->163.9M(1024.0M)]
 [Times: user=0.04 sys=0.09, real=0.04 secs] 
2020-11-08T05:29:13.110+0800: 138531.337: [GC pause (G1 Evacuation Pause) (young), 0.0137006 secs]
   [Parallel Time: 13.0 ms, GC Workers: 8]
      [GC Worker Start (ms): Min: 138531336.9, Avg: 138531337.0, Max: 138531337.1, Diff: 0.2]
      [Ext Root Scanning (ms): Min: 0.3, Avg: 0.5, Max: 1.3, Diff: 1.0, Sum: 4.2]
      [Update RS (ms): Min: 0.5, Avg: 1.0, Max: 1.3, Diff: 0.8, Sum: 7.9]
         [Processed Buffers: Min: 1, Avg: 5.9, Max: 18, Diff: 17, Sum: 47]
      [Scan RS (ms): Min: 0.0, Avg: 0.0, Max: 0.0, Diff: 0.0, Sum: 0.0]
      [Code Root Scanning (ms): Min: 0.0, Avg: 0.0, Max: 0.0, Diff: 0.0, Sum: 0.0]
      [Object Copy (ms): Min: 10.4, Avg: 10.8, Max: 11.4, Diff: 1.0, Sum: 86.5]
      [Termination (ms): Min: 0.0, Avg: 0.4, Max: 0.6, Diff: 0.6, Sum: 3.1]
         [Termination Attempts: Min: 1, Avg: 1.5, Max: 2, Diff: 1, Sum: 12]
      [GC Worker Other (ms): Min: 0.0, Avg: 0.0, Max: 0.1, Diff: 0.1, Sum: 0.2]
      [GC Worker Total (ms): Min: 12.7, Avg: 12.8, Max: 12.8, Diff: 0.1, Sum: 102.0]
      [GC Worker End (ms): Min: 138531349.7, Avg: 138531349.8, Max: 138531349.9, Diff: 0.1]
   [Code Root Fixup: 0.0 ms]
   [Code Root Purge: 0.0 ms]
   [Clear CT: 0.1 ms]
   [Other: 0.6 ms]
      [Choose CSet: 0.0 ms]
      [Ref Proc: 0.2 ms]
      [Ref Enq: 0.0 ms]
      [Redirty Cards: 0.1 ms]
      [Humongous Register: 0.1 ms]
      [Humongous Reclaim: 0.0 ms]
      [Free CSet: 0.0 ms]
   [Eden: 47104.0K(47104.0K)->0.0B(45056.0K) Survivors: 5120.0K->7168.0K Heap: 209.9M(1024.0M)->166.8M(1024.0M)]
 [Times: user=0.03 sys=0.04, real=0.01 secs] 
2020-11-08T05:30:21.647+0800: 138599.874: [GC pause (G1 Evacuation Pause) (young), 0.0067970 secs]
   [Parallel Time: 5.8 ms, GC Workers: 8]
      [GC Worker Start (ms): Min: 138599874.0, Avg: 138599874.2, Max: 138599874.6, Diff: 0.5]
      [Ext Root Scanning (ms): Min: 0.0, Avg: 0.4, Max: 0.8, Diff: 0.8, Sum: 3.1]
      [Update RS (ms): Min: 0.7, Avg: 0.9, Max: 1.4, Diff: 0.7, Sum: 7.5]
         [Processed Buffers: Min: 1, Avg: 6.0, Max: 14, Diff: 13, Sum: 48]
      [Scan RS (ms): Min: 0.0, Avg: 0.0, Max: 0.3, Diff: 0.3, Sum: 0.3]
      [Code Root Scanning (ms): Min: 0.0, Avg: 0.0, Max: 0.0, Diff: 0.0, Sum: 0.0]
      [Object Copy (ms): Min: 3.6, Avg: 4.0, Max: 4.2, Diff: 0.6, Sum: 32.0]
      [Termination (ms): Min: 0.0, Avg: 0.1, Max: 0.1, Diff: 0.1, Sum: 0.7]
         [Termination Attempts: Min: 1, Avg: 1.5, Max: 2, Diff: 1, Sum: 12]
      [GC Worker Other (ms): Min: 0.0, Avg: 0.0, Max: 0.0, Diff: 0.0, Sum: 0.1]
      [GC Worker Total (ms): Min: 5.1, Avg: 5.5, Max: 5.7, Diff: 0.5, Sum: 43.8]
      [GC Worker End (ms): Min: 138599879.7, Avg: 138599879.7, Max: 138599879.7, Diff: 0.0]
   [Code Root Fixup: 0.0 ms]
   [Code Root Purge: 0.0 ms]
   [Clear CT: 0.1 ms]
   [Other: 0.9 ms]
      [Choose CSet: 0.0 ms]
      [Ref Proc: 0.4 ms]
      [Ref Enq: 0.0 ms]
      [Redirty Cards: 0.1 ms]
      [Humongous Register: 0.1 ms]
      [Humongous Reclaim: 0.0 ms]
      [Free CSet: 0.1 ms]
   [Eden: 45056.0K(45056.0K)->0.0B(104.0M) Survivors: 7168.0K->5120.0K Heap: 210.8M(1024.0M)->165.3M(1024.0M)]
 [Times: user=0.03 sys=0.00, real=0.02 secs] 
2020-11-08T05:33:05.428+0800: 138763.655: [GC pause (G1 Evacuation Pause) (young), 0.0165215 secs]
   [Parallel Time: 14.3 ms, GC Workers: 8]
      [GC Worker Start (ms): Min: 138763655.1, Avg: 138763655.2, Max: 138763655.3, Diff: 0.2]
      [Ext Root Scanning (ms): Min: 0.3, Avg: 0.5, Max: 0.9, Diff: 0.6, Sum: 4.0]
      [Update RS (ms): Min: 4.8, Avg: 4.9, Max: 5.2, Diff: 0.4, Sum: 39.5]
         [Processed Buffers: Min: 2, Avg: 6.8, Max: 12, Diff: 10, Sum: 54]
      [Scan RS (ms): Min: 0.0, Avg: 0.0, Max: 0.0, Diff: 0.0, Sum: 0.1]
      [Code Root Scanning (ms): Min: 0.0, Avg: 0.0, Max: 0.1, Diff: 0.1, Sum: 0.2]
      [Object Copy (ms): Min: 7.7, Avg: 8.0, Max: 8.5, Diff: 0.7, Sum: 63.9]
      [Termination (ms): Min: 0.0, Avg: 0.6, Max: 0.7, Diff: 0.7, Sum: 5.1]
         [Termination Attempts: Min: 1, Avg: 1.6, Max: 3, Diff: 2, Sum: 13]
      [GC Worker Other (ms): Min: 0.0, Avg: 0.0, Max: 0.0, Diff: 0.0, Sum: 0.1]
      [GC Worker Total (ms): Min: 14.1, Avg: 14.1, Max: 14.2, Diff: 0.2, Sum: 113.0]
      [GC Worker End (ms): Min: 138763669.3, Avg: 138763669.3, Max: 138763669.3, Diff: 0.0]
   [Code Root Fixup: 0.0 ms]
   [Code Root Purge: 0.0 ms]
   [Clear CT: 0.1 ms]
   [Other: 2.1 ms]
      [Choose CSet: 0.0 ms]
      [Ref Proc: 1.1 ms]
      [Ref Enq: 0.0 ms]
      [Redirty Cards: 0.2 ms]
      [Humongous Register: 0.4 ms]
      [Humongous Reclaim: 0.0 ms]
      [Free CSet: 0.1 ms]
   [Eden: 104.0M(104.0M)->0.0B(170.0M) Survivors: 5120.0K->5120.0K Heap: 269.3M(1024.0M)->164.6M(1024.0M)]
 [Times: user=0.05 sys=0.03, real=0.02 secs] 
2020-11-08T05:37:32.765+0800: 139030.990: [GC pause (G1 Evacuation Pause) (young), 0.0111690 secs]
   [Parallel Time: 9.6 ms, GC Workers: 8]
      [GC Worker Start (ms): Min: 139030990.8, Avg: 139030990.9, Max: 139030991.0, Diff: 0.2]
      [Ext Root Scanning (ms): Min: 0.1, Avg: 0.8, Max: 1.2, Diff: 1.0, Sum: 6.7]
      [Update RS (ms): Min: 0.2, Avg: 0.9, Max: 1.8, Diff: 1.6, Sum: 7.3]
         [Processed Buffers: Min: 1, Avg: 5.4, Max: 13, Diff: 12, Sum: 43]
      [Scan RS (ms): Min: 0.0, Avg: 0.0, Max: 0.1, Diff: 0.0, Sum: 0.2]
      [Code Root Scanning (ms): Min: 0.0, Avg: 0.0, Max: 0.1, Diff: 0.1, Sum: 0.1]
      [Object Copy (ms): Min: 6.6, Avg: 7.4, Max: 8.1, Diff: 1.5, Sum: 59.5]
      [Termination (ms): Min: 0.0, Avg: 0.1, Max: 0.1, Diff: 0.1, Sum: 0.5]
         [Termination Attempts: Min: 1, Avg: 1.5, Max: 3, Diff: 2, Sum: 12]
      [GC Worker Other (ms): Min: 0.0, Avg: 0.1, Max: 0.7, Diff: 0.7, Sum: 1.0]
      [GC Worker Total (ms): Min: 9.3, Avg: 9.4, Max: 9.5, Diff: 0.2, Sum: 75.2]
      [GC Worker End (ms): Min: 139031000.3, Avg: 139031000.3, Max: 139031000.3, Diff: 0.0]
   [Code Root Fixup: 0.0 ms]
   [Code Root Purge: 0.0 ms]
   [Clear CT: 0.1 ms]
   [Other: 1.4 ms]
      [Choose CSet: 0.0 ms]
      [Ref Proc: 0.3 ms]
      [Ref Enq: 0.0 ms]
      [Redirty Cards: 0.1 ms]
      [Humongous Register: 0.5 ms]
      [Humongous Reclaim: 0.0 ms]
      [Free CSet: 0.2 ms]
   [Eden: 170.0M(170.0M)->0.0B(350.0M) Survivors: 5120.0K->5120.0K Heap: 334.6M(1024.0M)->165.0M(1024.0M)]
 [Times: user=0.02 sys=0.03, real=0.01 secs] 
2020-11-08T05:46:48.045+0800: 139586.267: [GC pause (G1 Evacuation Pause) (young), 0.0190772 secs]
   [Parallel Time: 10.9 ms, GC Workers: 8]
      [GC Worker Start (ms): Min: 139586274.4, Avg: 139586274.5, Max: 139586274.6, Diff: 0.2]
      [Ext Root Scanning (ms): Min: 0.0, Avg: 0.6, Max: 1.0, Diff: 1.0, Sum: 4.5]
      [Update RS (ms): Min: 0.0, Avg: 0.6, Max: 0.8, Diff: 0.8, Sum: 4.7]
         [Processed Buffers: Min: 0, Avg: 5.5, Max: 17, Diff: 17, Sum: 44]
      [Scan RS (ms): Min: 0.0, Avg: 0.0, Max: 0.1, Diff: 0.1, Sum: 0.3]
      [Code Root Scanning (ms): Min: 0.0, Avg: 0.0, Max: 0.0, Diff: 0.0, Sum: 0.1]
      [Object Copy (ms): Min: 8.8, Avg: 8.9, Max: 8.9, Diff: 0.1, Sum: 70.9]
      [Termination (ms): Min: 0.0, Avg: 0.0, Max: 0.1, Diff: 0.1, Sum: 0.4]
         [Termination Attempts: Min: 1, Avg: 1.2, Max: 2, Diff: 1, Sum: 10]
      [GC Worker Other (ms): Min: 0.0, Avg: 0.6, Max: 1.7, Diff: 1.7, Sum: 4.7]
      [GC Worker Total (ms): Min: 10.6, Avg: 10.7, Max: 10.8, Diff: 0.2, Sum: 85.6]
      [GC Worker End (ms): Min: 139586285.2, Avg: 139586285.2, Max: 139586285.2, Diff: 0.0]
   [Code Root Fixup: 0.0 ms]
   [Code Root Purge: 0.0 ms]
   [Clear CT: 0.2 ms]
   [Other: 7.9 ms]
      [Choose CSet: 0.0 ms]
      [Ref Proc: 0.3 ms]
      [Ref Enq: 0.0 ms]
      [Redirty Cards: 0.1 ms]
      [Humongous Register: 6.2 ms]
      [Humongous Reclaim: 0.0 ms]
      [Free CSet: 0.4 ms]
   [Eden: 350.0M(350.0M)->0.0B(372.0M) Survivors: 5120.0K->5120.0K Heap: 515.0M(1024.0M)->165.0M(1024.0M)]
 [Times: user=0.02 sys=0.03, real=0.02 secs] 
2020-11-08T05:56:33.818+0800: 140172.038: [GC pause (G1 Evacuation Pause) (young), 0.0159303 secs]
   [Parallel Time: 13.1 ms, GC Workers: 8]
      [GC Worker Start (ms): Min: 140172038.5, Avg: 140172038.7, Max: 140172038.9, Diff: 0.4]
      [Ext Root Scanning (ms): Min: 0.8, Avg: 1.3, Max: 1.9, Diff: 1.1, Sum: 10.4]
      [Update RS (ms): Min: 0.9, Avg: 1.2, Max: 1.4, Diff: 0.5, Sum: 9.5]
         [Processed Buffers: Min: 1, Avg: 5.4, Max: 18, Diff: 17, Sum: 43]
      [Scan RS (ms): Min: 0.0, Avg: 0.0, Max: 0.1, Diff: 0.1, Sum: 0.3]
      [Code Root Scanning (ms): Min: 0.0, Avg: 0.0, Max: 0.1, Diff: 0.1, Sum: 0.1]
      [Object Copy (ms): Min: 9.9, Avg: 10.1, Max: 10.2, Diff: 0.3, Sum: 80.7]
      [Termination (ms): Min: 0.0, Avg: 0.1, Max: 0.1, Diff: 0.1, Sum: 0.6]
         [Termination Attempts: Min: 1, Avg: 1.2, Max: 2, Diff: 1, Sum: 10]
      [GC Worker Other (ms): Min: 0.0, Avg: 0.1, Max: 0.8, Diff: 0.8, Sum: 1.1]
      [GC Worker Total (ms): Min: 12.6, Avg: 12.8, Max: 13.0, Diff: 0.4, Sum: 102.8]
      [GC Worker End (ms): Min: 140172051.5, Avg: 140172051.5, Max: 140172051.5, Diff: 0.1]
   [Code Root Fixup: 0.0 ms]
   [Code Root Purge: 0.0 ms]
   [Clear CT: 0.2 ms]
   [Other: 2.7 ms]
      [Choose CSet: 0.0 ms]
      [Ref Proc: 1.0 ms]
      [Ref Enq: 0.0 ms]
      [Redirty Cards: 0.1 ms]
      [Humongous Register: 0.4 ms]
      [Humongous Reclaim: 0.0 ms]
      [Free CSet: 0.8 ms]
   [Eden: 372.0M(372.0M)->0.0B(468.0M) Survivors: 5120.0K->5120.0K Heap: 537.0M(1024.0M)->164.8M(1024.0M)]
 [Times: user=0.03 sys=0.04, real=0.02 secs] 
2020-11-08T06:08:48.956+0800: 140907.172: [GC pause (G1 Evacuation Pause) (young), 0.0213015 secs]
   [Parallel Time: 19.7 ms, GC Workers: 8]
      [GC Worker Start (ms): Min: 140907172.3, Avg: 140907172.4, Max: 140907172.7, Diff: 0.4]
      [Ext Root Scanning (ms): Min: 0.0, Avg: 0.7, Max: 2.0, Diff: 2.0, Sum: 5.8]
      [Update RS (ms): Min: 0.2, Avg: 1.4, Max: 1.9, Diff: 1.7, Sum: 11.3]
         [Processed Buffers: Min: 1, Avg: 5.6, Max: 15, Diff: 14, Sum: 45]
      [Scan RS (ms): Min: 0.0, Avg: 0.1, Max: 0.1, Diff: 0.1, Sum: 0.5]
      [Code Root Scanning (ms): Min: 0.0, Avg: 0.0, Max: 0.0, Diff: 0.0, Sum: 0.1]
      [Object Copy (ms): Min: 8.2, Avg: 15.7, Max: 17.4, Diff: 9.2, Sum: 125.3]
      [Termination (ms): Min: 0.0, Avg: 1.4, Max: 9.2, Diff: 9.2, Sum: 10.8]
         [Termination Attempts: Min: 1, Avg: 1.0, Max: 1, Diff: 0, Sum: 8]
      [GC Worker Other (ms): Min: 0.0, Avg: 0.1, Max: 0.7, Diff: 0.7, Sum: 0.9]
      [GC Worker Total (ms): Min: 19.1, Avg: 19.4, Max: 19.5, Diff: 0.4, Sum: 154.8]
      [GC Worker End (ms): Min: 140907191.7, Avg: 140907191.8, Max: 140907192.0, Diff: 0.2]
   [Code Root Fixup: 0.0 ms]
   [Code Root Purge: 0.0 ms]
   [Clear CT: 0.2 ms]
   [Other: 1.3 ms]
      [Choose CSet: 0.0 ms]
      [Ref Proc: 0.4 ms]
      [Ref Enq: 0.0 ms]
      [Redirty Cards: 0.2 ms]
      [Humongous Register: 0.2 ms]
      [Humongous Reclaim: 0.0 ms]
      [Free CSet: 0.3 ms]
   [Eden: 468.0M(468.0M)->0.0B(403.0M) Survivors: 5120.0K->4096.0K Heap: 632.8M(1024.0M)->164.6M(1024.0M)]
 [Times: user=0.04 sys=0.02, real=0.02 secs] 
2020-11-08T06:19:27.444+0800: 141545.657: [GC pause (G1 Evacuation Pause) (young), 0.0184761 secs]
   [Parallel Time: 14.6 ms, GC Workers: 8]
      [GC Worker Start (ms): Min: 141545658.9, Avg: 141545659.2, Max: 141545659.5, Diff: 0.6]
      [Ext Root Scanning (ms): Min: 0.0, Avg: 2.1, Max: 6.7, Diff: 6.7, Sum: 17.1]
      [Update RS (ms): Min: 0.0, Avg: 1.5, Max: 3.0, Diff: 3.0, Sum: 11.6]
         [Processed Buffers: Min: 0, Avg: 5.4, Max: 14, Diff: 14, Sum: 43]
      [Scan RS (ms): Min: 0.0, Avg: 0.1, Max: 0.1, Diff: 0.1, Sum: 0.4]
      [Code Root Scanning (ms): Min: 0.0, Avg: 0.0, Max: 0.1, Diff: 0.1, Sum: 0.1]
      [Object Copy (ms): Min: 7.6, Avg: 8.2, Max: 8.4, Diff: 0.8, Sum: 65.8]
      [Termination (ms): Min: 0.0, Avg: 0.0, Max: 0.1, Diff: 0.1, Sum: 0.3]
         [Termination Attempts: Min: 1, Avg: 2.0, Max: 3, Diff: 2, Sum: 16]
      [GC Worker Other (ms): Min: 0.0, Avg: 2.1, Max: 5.8, Diff: 5.8, Sum: 17.0]
      [GC Worker Total (ms): Min: 13.8, Avg: 14.1, Max: 14.4, Diff: 0.6, Sum: 112.4]
      [GC Worker End (ms): Min: 141545673.2, Avg: 141545673.3, Max: 141545673.3, Diff: 0.1]
   [Code Root Fixup: 0.0 ms]
   [Code Root Purge: 0.0 ms]
   [Clear CT: 0.2 ms]
   [Other: 3.7 ms]
      [Choose CSet: 0.0 ms]
      [Ref Proc: 0.3 ms]
      [Ref Enq: 0.0 ms]
      [Redirty Cards: 0.2 ms]
      [Humongous Register: 1.5 ms]
      [Humongous Reclaim: 0.0 ms]
      [Free CSet: 0.9 ms]
   [Eden: 403.0M(403.0M)->0.0B(458.0M) Survivors: 4096.0K->4096.0K Heap: 567.6M(1024.0M)->164.6M(1024.0M)]
 [Times: user=0.03 sys=0.04, real=0.02 secs] 
2020-11-08T06:31:32.149+0800: 142270.359: [GC pause (G1 Evacuation Pause) (young), 0.0486477 secs]
   [Parallel Time: 33.3 ms, GC Workers: 8]
      [GC Worker Start (ms): Min: 142270372.0, Avg: 142270372.6, Max: 142270373.0, Diff: 1.0]
      [Ext Root Scanning (ms): Min: 5.1, Avg: 7.3, Max: 13.0, Diff: 7.8, Sum: 58.2]
      [Update RS (ms): Min: 0.0, Avg: 3.4, Max: 4.3, Diff: 4.3, Sum: 27.3]
         [Processed Buffers: Min: 0, Avg: 5.4, Max: 14, Diff: 14, Sum: 43]
      [Scan RS (ms): Min: 0.0, Avg: 0.0, Max: 0.1, Diff: 0.1, Sum: 0.3]
      [Code Root Scanning (ms): Min: 0.0, Avg: 0.0, Max: 0.0, Diff: 0.0, Sum: 0.1]
      [Object Copy (ms): Min: 17.6, Avg: 18.2, Max: 19.5, Diff: 2.0, Sum: 145.9]
      [Termination (ms): Min: 0.0, Avg: 1.1, Max: 1.5, Diff: 1.5, Sum: 8.6]
         [Termination Attempts: Min: 1, Avg: 1.0, Max: 1, Diff: 0, Sum: 8]
      [GC Worker Other (ms): Min: 0.0, Avg: 1.1, Max: 2.5, Diff: 2.5, Sum: 9.0]
      [GC Worker Total (ms): Min: 30.8, Avg: 31.2, Max: 32.3, Diff: 1.5, Sum: 249.4]
      [GC Worker End (ms): Min: 142270403.7, Avg: 142270403.8, Max: 142270404.3, Diff: 0.7]
   [Code Root Fixup: 0.0 ms]
   [Code Root Purge: 0.0 ms]
   [Clear CT: 0.2 ms]
   [Other: 15.2 ms]
      [Choose CSet: 0.0 ms]
      [Ref Proc: 1.4 ms]
      [Ref Enq: 0.0 ms]
      [Redirty Cards: 0.1 ms]
      [Humongous Register: 5.8 ms]
      [Humongous Reclaim: 0.0 ms]
      [Free CSet: 0.9 ms]
   [Eden: 458.0M(458.0M)->0.0B(47104.0K) Survivors: 4096.0K->5120.0K Heap: 622.6M(1024.0M)->165.1M(1024.0M)]
 [Times: user=0.04 sys=0.09, real=0.06 secs] 
2020-11-08T06:32:45.038+0800: 142343.247: [GC pause (G1 Evacuation Pause) (young), 0.0054107 secs]
   [Parallel Time: 4.7 ms, GC Workers: 8]
      [GC Worker Start (ms): Min: 142343247.5, Avg: 142343247.6, Max: 142343247.7, Diff: 0.2]
      [Ext Root Scanning (ms): Min: 0.3, Avg: 0.5, Max: 1.1, Diff: 0.7, Sum: 4.3]
      [Update RS (ms): Min: 0.0, Avg: 0.5, Max: 0.8, Diff: 0.8, Sum: 3.7]
         [Processed Buffers: Min: 0, Avg: 5.0, Max: 22, Diff: 22, Sum: 40]
      [Scan RS (ms): Min: 0.0, Avg: 0.0, Max: 0.0, Diff: 0.0, Sum: 0.0]
      [Code Root Scanning (ms): Min: 0.0, Avg: 0.0, Max: 0.0, Diff: 0.0, Sum: 0.0]
      [Object Copy (ms): Min: 3.3, Avg: 3.4, Max: 3.5, Diff: 0.2, Sum: 27.2]
      [Termination (ms): Min: 0.0, Avg: 0.0, Max: 0.0, Diff: 0.0, Sum: 0.2]
         [Termination Attempts: Min: 1, Avg: 2.0, Max: 3, Diff: 2, Sum: 16]
      [GC Worker Other (ms): Min: 0.0, Avg: 0.0, Max: 0.0, Diff: 0.0, Sum: 0.1]
      [GC Worker Total (ms): Min: 4.4, Avg: 4.5, Max: 4.5, Diff: 0.2, Sum: 35.6]
      [GC Worker End (ms): Min: 142343252.1, Avg: 142343252.1, Max: 142343252.1, Diff: 0.0]
   [Code Root Fixup: 0.0 ms]
   [Code Root Purge: 0.0 ms]
   [Clear CT: 0.1 ms]
   [Other: 0.6 ms]
      [Choose CSet: 0.0 ms]
      [Ref Proc: 0.2 ms]
      [Ref Enq: 0.0 ms]
      [Redirty Cards: 0.1 ms]
      [Humongous Register: 0.0 ms]
      [Humongous Reclaim: 0.0 ms]
      [Free CSet: 0.1 ms]
   [Eden: 47104.0K(47104.0K)->0.0B(48128.0K) Survivors: 5120.0K->4096.0K Heap: 211.1M(1024.0M)->164.5M(1024.0M)]
 [Times: user=0.02 sys=0.01, real=0.01 secs] 
2020-11-08T06:34:04.806+0800: 142423.015: [GC pause (G1 Evacuation Pause) (young), 0.0124132 secs]
   [Parallel Time: 11.6 ms, GC Workers: 8]
      [GC Worker Start (ms): Min: 142423015.0, Avg: 142423015.1, Max: 142423015.2, Diff: 0.2]
      [Ext Root Scanning (ms): Min: 0.3, Avg: 0.6, Max: 1.5, Diff: 1.2, Sum: 5.0]
      [Update RS (ms): Min: 0.0, Avg: 1.0, Max: 3.0, Diff: 3.0, Sum: 7.8]
         [Processed Buffers: Min: 0, Avg: 5.6, Max: 14, Diff: 14, Sum: 45]
      [Scan RS (ms): Min: 0.0, Avg: 0.0, Max: 0.0, Diff: 0.0, Sum: 0.1]
      [Code Root Scanning (ms): Min: 0.0, Avg: 0.0, Max: 0.0, Diff: 0.0, Sum: 0.0]
      [Object Copy (ms): Min: 7.9, Avg: 9.8, Max: 10.3, Diff: 2.4, Sum: 78.0]
      [Termination (ms): Min: 0.0, Avg: 0.0, Max: 0.1, Diff: 0.1, Sum: 0.3]
         [Termination Attempts: Min: 1, Avg: 1.9, Max: 3, Diff: 2, Sum: 15]
      [GC Worker Other (ms): Min: 0.0, Avg: 0.0, Max: 0.1, Diff: 0.1, Sum: 0.2]
      [GC Worker Total (ms): Min: 11.4, Avg: 11.4, Max: 11.5, Diff: 0.2, Sum: 91.5]
      [GC Worker End (ms): Min: 142423026.5, Avg: 142423026.5, Max: 142423026.5, Diff: 0.0]
   [Code Root Fixup: 0.0 ms]
   [Code Root Purge: 0.0 ms]
   [Clear CT: 0.1 ms]
   [Other: 0.7 ms]
      [Choose CSet: 0.0 ms]
      [Ref Proc: 0.2 ms]
      [Ref Enq: 0.0 ms]
      [Redirty Cards: 0.1 ms]
      [Humongous Register: 0.0 ms]
      [Humongous Reclaim: 0.0 ms]
      [Free CSet: 0.1 ms]
   [Eden: 48128.0K(48128.0K)->0.0B(89088.0K) Survivors: 4096.0K->5120.0K Heap: 211.5M(1024.0M)->165.6M(1024.0M)]
 [Times: user=0.03 sys=0.04, real=0.01 secs] 
2020-11-08T06:36:54.200+0800: 142592.408: [GC pause (G1 Evacuation Pause) (young), 0.0110474 secs]
   [Parallel Time: 10.0 ms, GC Workers: 8]
      [GC Worker Start (ms): Min: 142592408.4, Avg: 142592408.6, Max: 142592408.6, Diff: 0.2]
      [Ext Root Scanning (ms): Min: 0.3, Avg: 0.4, Max: 0.6, Diff: 0.4, Sum: 3.3]
      [Update RS (ms): Min: 0.4, Avg: 0.6, Max: 0.8, Diff: 0.4, Sum: 5.1]
         [Processed Buffers: Min: 1, Avg: 5.8, Max: 17, Diff: 16, Sum: 46]
      [Scan RS (ms): Min: 0.0, Avg: 0.0, Max: 0.0, Diff: 0.0, Sum: 0.1]
      [Code Root Scanning (ms): Min: 0.0, Avg: 0.0, Max: 0.0, Diff: 0.0, Sum: 0.0]
      [Object Copy (ms): Min: 8.4, Avg: 8.7, Max: 8.9, Diff: 0.5, Sum: 69.2]
      [Termination (ms): Min: 0.0, Avg: 0.1, Max: 0.2, Diff: 0.2, Sum: 0.5]
         [Termination Attempts: Min: 1, Avg: 1.2, Max: 2, Diff: 1, Sum: 10]
      [GC Worker Other (ms): Min: 0.0, Avg: 0.0, Max: 0.0, Diff: 0.0, Sum: 0.2]
      [GC Worker Total (ms): Min: 9.7, Avg: 9.8, Max: 9.9, Diff: 0.2, Sum: 78.5]
      [GC Worker End (ms): Min: 142592418.3, Avg: 142592418.4, Max: 142592418.4, Diff: 0.1]
   [Code Root Fixup: 0.0 ms]
   [Code Root Purge: 0.0 ms]
   [Clear CT: 0.1 ms]
   [Other: 0.9 ms]
      [Choose CSet: 0.0 ms]
      [Ref Proc: 0.2 ms]
      [Ref Enq: 0.0 ms]
      [Redirty Cards: 0.1 ms]
      [Humongous Register: 0.3 ms]
      [Humongous Reclaim: 0.0 ms]
      [Free CSet: 0.1 ms]
   [Eden: 89088.0K(89088.0K)->0.0B(216.0M) Survivors: 5120.0K->4096.0K Heap: 252.6M(1024.0M)->164.6M(1024.0M)]
 [Times: user=0.03 sys=0.03, real=0.01 secs] 
2020-11-08T06:43:53.575+0800: 143011.780: [GC pause (G1 Evacuation Pause) (young), 0.0249510 secs]
   [Parallel Time: 18.9 ms, GC Workers: 8]
      [GC Worker Start (ms): Min: 143011783.4, Avg: 143011783.7, Max: 143011784.0, Diff: 0.6]
      [Ext Root Scanning (ms): Min: 1.7, Avg: 5.0, Max: 11.4, Diff: 9.7, Sum: 39.7]
      [Update RS (ms): Min: 0.0, Avg: 2.7, Max: 3.8, Diff: 3.8, Sum: 21.8]
         [Processed Buffers: Min: 0, Avg: 5.8, Max: 33, Diff: 33, Sum: 46]
      [Scan RS (ms): Min: 0.0, Avg: 0.0, Max: 0.1, Diff: 0.1, Sum: 0.2]
      [Code Root Scanning (ms): Min: 0.0, Avg: 0.0, Max: 0.0, Diff: 0.0, Sum: 0.0]
      [Object Copy (ms): Min: 7.2, Avg: 8.2, Max: 9.4, Diff: 2.2, Sum: 65.7]
      [Termination (ms): Min: 0.0, Avg: 0.7, Max: 1.1, Diff: 1.1, Sum: 5.6]
         [Termination Attempts: Min: 1, Avg: 1.0, Max: 1, Diff: 0, Sum: 8]
      [GC Worker Other (ms): Min: 0.0, Avg: 1.8, Max: 4.2, Diff: 4.2, Sum: 14.4]
      [GC Worker Total (ms): Min: 18.2, Avg: 18.4, Max: 18.7, Diff: 0.6, Sum: 147.4]
      [GC Worker End (ms): Min: 143011802.1, Avg: 143011802.1, Max: 143011802.1, Diff: 0.0]
   [Code Root Fixup: 0.0 ms]
   [Code Root Purge: 0.0 ms]
   [Clear CT: 0.4 ms]
   [Other: 5.6 ms]
      [Choose CSet: 0.0 ms]
      [Ref Proc: 1.5 ms]
      [Ref Enq: 0.0 ms]
      [Redirty Cards: 0.1 ms]
      [Humongous Register: 1.9 ms]
      [Humongous Reclaim: 0.0 ms]
      [Free CSet: 0.6 ms]
   [Eden: 216.0M(216.0M)->0.0B(99328.0K) Survivors: 4096.0K->6144.0K Heap: 380.6M(1024.0M)->166.2M(1024.0M)]
 [Times: user=0.03 sys=0.04, real=0.03 secs] 
2020-11-08T06:47:01.279+0800: 143199.484: [GC pause (G1 Evacuation Pause) (young), 0.0078881 secs]
   [Parallel Time: 6.6 ms, GC Workers: 8]
      [GC Worker Start (ms): Min: 143199484.1, Avg: 143199484.1, Max: 143199484.2, Diff: 0.1]
      [Ext Root Scanning (ms): Min: 0.4, Avg: 2.0, Max: 6.3, Diff: 6.0, Sum: 16.1]
      [Update RS (ms): Min: 0.0, Avg: 0.4, Max: 0.8, Diff: 0.8, Sum: 3.4]
         [Processed Buffers: Min: 0, Avg: 5.6, Max: 12, Diff: 12, Sum: 45]
      [Scan RS (ms): Min: 0.0, Avg: 0.0, Max: 0.0, Diff: 0.0, Sum: 0.1]
      [Code Root Scanning (ms): Min: 0.0, Avg: 0.0, Max: 0.0, Diff: 0.0, Sum: 0.0]
      [Object Copy (ms): Min: 0.0, Avg: 3.3, Max: 5.2, Diff: 5.1, Sum: 26.6]
      [Termination (ms): Min: 0.0, Avg: 0.6, Max: 0.9, Diff: 0.9, Sum: 5.0]
         [Termination Attempts: Min: 1, Avg: 1.0, Max: 1, Diff: 0, Sum: 8]
      [GC Worker Other (ms): Min: 0.0, Avg: 0.0, Max: 0.0, Diff: 0.0, Sum: 0.1]
      [GC Worker Total (ms): Min: 6.3, Avg: 6.4, Max: 6.5, Diff: 0.1, Sum: 51.4]
      [GC Worker End (ms): Min: 143199490.5, Avg: 143199490.5, Max: 143199490.6, Diff: 0.1]
   [Code Root Fixup: 0.0 ms]
   [Code Root Purge: 0.0 ms]
   [Clear CT: 0.2 ms]
   [Other: 1.1 ms]
      [Choose CSet: 0.0 ms]
      [Ref Proc: 0.4 ms]
      [Ref Enq: 0.0 ms]
      [Redirty Cards: 0.2 ms]
      [Humongous Register: 0.0 ms]
      [Humongous Reclaim: 0.0 ms]
      [Free CSet: 0.1 ms]
   [Eden: 99328.0K(99328.0K)->0.0B(322.0M) Survivors: 6144.0K->5120.0K Heap: 263.2M(1024.0M)->165.8M(1024.0M)]
 [Times: user=0.03 sys=0.00, real=0.01 secs] 
2020-11-08T06:56:16.803+0800: 143755.005: [GC pause (G1 Evacuation Pause) (young), 0.0230442 secs]
   [Parallel Time: 18.6 ms, GC Workers: 8]
      [GC Worker Start (ms): Min: 143755007.0, Avg: 143755007.3, Max: 143755007.6, Diff: 0.6]
      [Ext Root Scanning (ms): Min: 1.8, Avg: 3.1, Max: 8.8, Diff: 7.0, Sum: 24.9]
      [Update RS (ms): Min: 0.0, Avg: 4.3, Max: 7.7, Diff: 7.7, Sum: 34.2]
         [Processed Buffers: Min: 0, Avg: 5.8, Max: 29, Diff: 29, Sum: 46]
      [Scan RS (ms): Min: 0.0, Avg: 0.2, Max: 0.9, Diff: 0.9, Sum: 1.3]
      [Code Root Scanning (ms): Min: 0.0, Avg: 0.0, Max: 0.0, Diff: 0.0, Sum: 0.0]
      [Object Copy (ms): Min: 7.1, Avg: 9.8, Max: 11.7, Diff: 4.6, Sum: 78.7]
      [Termination (ms): Min: 0.0, Avg: 0.4, Max: 0.5, Diff: 0.5, Sum: 3.4]
         [Termination Attempts: Min: 1, Avg: 1.1, Max: 2, Diff: 1, Sum: 9]
      [GC Worker Other (ms): Min: 0.0, Avg: 0.4, Max: 0.8, Diff: 0.8, Sum: 2.9]
      [GC Worker Total (ms): Min: 17.9, Avg: 18.2, Max: 18.5, Diff: 0.6, Sum: 145.4]
      [GC Worker End (ms): Min: 143755025.4, Avg: 143755025.5, Max: 143755025.5, Diff: 0.2]
   [Code Root Fixup: 0.0 ms]
   [Code Root Purge: 0.0 ms]
   [Clear CT: 0.2 ms]
   [Other: 4.2 ms]
      [Choose CSet: 0.0 ms]
      [Ref Proc: 1.2 ms]
      [Ref Enq: 0.0 ms]
      [Redirty Cards: 0.1 ms]
      [Humongous Register: 1.1 ms]
      [Humongous Reclaim: 0.0 ms]
      [Free CSet: 0.6 ms]
   [Eden: 322.0M(322.0M)->0.0B(280.0M) Survivors: 5120.0K->7168.0K Heap: 487.8M(1024.0M)->167.3M(1024.0M)]
 [Times: user=0.04 sys=0.06, real=0.02 secs] 
2020-11-08T07:04:30.357+0800: 144248.557: [GC pause (G1 Evacuation Pause) (young), 0.0065842 secs]
   [Parallel Time: 4.7 ms, GC Workers: 8]
      [GC Worker Start (ms): Min: 144248557.1, Avg: 144248557.2, Max: 144248557.3, Diff: 0.1]
      [Ext Root Scanning (ms): Min: 0.0, Avg: 0.8, Max: 2.7, Diff: 2.7, Sum: 6.5]
      [Update RS (ms): Min: 0.0, Avg: 0.9, Max: 2.8, Diff: 2.8, Sum: 7.1]
         [Processed Buffers: Min: 0, Avg: 5.6, Max: 22, Diff: 22, Sum: 45]
      [Scan RS (ms): Min: 0.0, Avg: 0.0, Max: 0.1, Diff: 0.1, Sum: 0.3]
      [Code Root Scanning (ms): Min: 0.0, Avg: 0.0, Max: 0.0, Diff: 0.0, Sum: 0.0]
      [Object Copy (ms): Min: 1.2, Avg: 2.6, Max: 3.1, Diff: 1.9, Sum: 20.7]
      [Termination (ms): Min: 0.0, Avg: 0.0, Max: 0.0, Diff: 0.0, Sum: 0.0]
         [Termination Attempts: Min: 1, Avg: 1.1, Max: 2, Diff: 1, Sum: 9]
      [GC Worker Other (ms): Min: 0.0, Avg: 0.2, Max: 1.0, Diff: 1.0, Sum: 1.5]
      [GC Worker Total (ms): Min: 4.5, Avg: 4.5, Max: 4.6, Diff: 0.1, Sum: 36.2]
      [GC Worker End (ms): Min: 144248561.7, Avg: 144248561.7, Max: 144248561.8, Diff: 0.1]
   [Code Root Fixup: 0.0 ms]
   [Code Root Purge: 0.0 ms]
   [Clear CT: 0.2 ms]
   [Other: 1.7 ms]
      [Choose CSet: 0.0 ms]
      [Ref Proc: 0.2 ms]
      [Ref Enq: 0.0 ms]
      [Redirty Cards: 0.1 ms]
      [Humongous Register: 0.3 ms]
      [Humongous Reclaim: 0.0 ms]
      [Free CSet: 0.8 ms]
   [Eden: 280.0M(280.0M)->0.0B(609.0M) Survivors: 7168.0K->5120.0K Heap: 447.3M(1024.0M)->165.2M(1024.0M)]
 [Times: user=0.03 sys=0.01, real=0.01 secs] 
2020-11-08T07:20:36.033+0800: 145214.230: [GC pause (G1 Evacuation Pause) (young), 0.0820593 secs]
   [Parallel Time: 68.2 ms, GC Workers: 8]
      [GC Worker Start (ms): Min: 145214240.1, Avg: 145214241.6, Max: 145214242.1, Diff: 1.9]
      [Ext Root Scanning (ms): Min: 3.2, Avg: 6.3, Max: 24.3, Diff: 21.1, Sum: 50.2]
      [Update RS (ms): Min: 0.0, Avg: 20.5, Max: 56.3, Diff: 56.3, Sum: 164.3]
         [Processed Buffers: Min: 0, Avg: 5.6, Max: 22, Diff: 22, Sum: 45]
      [Scan RS (ms): Min: 0.0, Avg: 0.1, Max: 0.2, Diff: 0.2, Sum: 0.7]
      [Code Root Scanning (ms): Min: 0.0, Avg: 0.0, Max: 0.0, Diff: 0.0, Sum: 0.1]
      [Object Copy (ms): Min: 1.1, Avg: 34.9, Max: 40.7, Diff: 39.6, Sum: 279.3]
      [Termination (ms): Min: 0.0, Avg: 0.9, Max: 1.3, Diff: 1.3, Sum: 6.9]
         [Termination Attempts: Min: 1, Avg: 1.0, Max: 1, Diff: 0, Sum: 8]
      [GC Worker Other (ms): Min: 0.1, Avg: 1.6, Max: 3.6, Diff: 3.6, Sum: 12.4]
      [GC Worker Total (ms): Min: 63.1, Avg: 64.2, Max: 67.3, Diff: 4.1, Sum: 513.9]
      [GC Worker End (ms): Min: 145214305.2, Avg: 145214305.8, Max: 145214307.4, Diff: 2.3]
   [Code Root Fixup: 0.0 ms]
   [Code Root Purge: 0.0 ms]
   [Clear CT: 0.3 ms]
   [Other: 13.5 ms]
      [Choose CSet: 0.0 ms]
      [Ref Proc: 3.3 ms]
      [Ref Enq: 0.0 ms]
      [Redirty Cards: 0.1 ms]
      [Humongous Register: 2.9 ms]
      [Humongous Reclaim: 0.0 ms]
      [Free CSet: 0.9 ms]
   [Eden: 609.0M(609.0M)->0.0B(47104.0K) Survivors: 5120.0K->5120.0K Heap: 774.2M(1024.0M)->165.9M(1024.0M)]
 [Times: user=0.04 sys=0.10, real=0.08 secs] 
2020-11-08T07:21:49.257+0800: 145287.454: [GC pause (G1 Evacuation Pause) (young), 0.0263857 secs]
   [Parallel Time: 24.7 ms, GC Workers: 8]
      [GC Worker Start (ms): Min: 145287454.5, Avg: 145287454.6, Max: 145287454.7, Diff: 0.2]
      [Ext Root Scanning (ms): Min: 0.6, Avg: 2.2, Max: 3.1, Diff: 2.4, Sum: 17.3]
      [Update RS (ms): Min: 0.0, Avg: 0.7, Max: 1.9, Diff: 1.9, Sum: 5.8]
         [Processed Buffers: Min: 0, Avg: 5.5, Max: 14, Diff: 14, Sum: 44]
      [Scan RS (ms): Min: 0.0, Avg: 0.0, Max: 0.0, Diff: 0.0, Sum: 0.1]
      [Code Root Scanning (ms): Min: 0.0, Avg: 0.0, Max: 0.0, Diff: 0.0, Sum: 0.0]
      [Object Copy (ms): Min: 7.6, Avg: 11.5, Max: 21.1, Diff: 13.5, Sum: 92.1]
      [Termination (ms): Min: 0.0, Avg: 9.7, Max: 12.9, Diff: 12.9, Sum: 77.9]
         [Termination Attempts: Min: 1, Avg: 1.0, Max: 1, Diff: 0, Sum: 8]
      [GC Worker Other (ms): Min: 0.0, Avg: 0.3, Max: 1.7, Diff: 1.6, Sum: 2.7]
      [GC Worker Total (ms): Min: 24.4, Avg: 24.5, Max: 24.6, Diff: 0.2, Sum: 195.9]
      [GC Worker End (ms): Min: 145287479.1, Avg: 145287479.1, Max: 145287479.2, Diff: 0.1]
   [Code Root Fixup: 0.0 ms]
   [Code Root Purge: 0.0 ms]
   [Clear CT: 0.2 ms]
   [Other: 1.5 ms]
      [Choose CSet: 0.0 ms]
      [Ref Proc: 0.9 ms]
      [Ref Enq: 0.0 ms]
      [Redirty Cards: 0.1 ms]
      [Humongous Register: 0.0 ms]
      [Humongous Reclaim: 0.0 ms]
      [Free CSet: 0.1 ms]
   [Eden: 47104.0K(47104.0K)->0.0B(46080.0K) Survivors: 5120.0K->6144.0K Heap: 211.9M(1024.0M)->166.4M(1024.0M)]
 [Times: user=0.11 sys=0.04, real=0.03 secs] 
2020-11-08T07:22:59.929+0800: 145358.126: [GC pause (G1 Evacuation Pause) (young), 0.0208765 secs]
   [Parallel Time: 19.2 ms, GC Workers: 8]
      [GC Worker Start (ms): Min: 145358126.2, Avg: 145358126.2, Max: 145358126.3, Diff: 0.1]
      [Ext Root Scanning (ms): Min: 0.3, Avg: 0.6, Max: 1.6, Diff: 1.4, Sum: 4.9]
      [Update RS (ms): Min: 0.0, Avg: 0.5, Max: 1.5, Diff: 1.5, Sum: 3.8]
         [Processed Buffers: Min: 0, Avg: 5.2, Max: 22, Diff: 22, Sum: 42]
      [Scan RS (ms): Min: 0.0, Avg: 0.0, Max: 0.0, Diff: 0.0, Sum: 0.0]
      [Code Root Scanning (ms): Min: 0.0, Avg: 0.0, Max: 0.0, Diff: 0.0, Sum: 0.0]
      [Object Copy (ms): Min: 16.5, Avg: 17.4, Max: 18.1, Diff: 1.6, Sum: 139.4]
      [Termination (ms): Min: 0.0, Avg: 0.6, Max: 0.7, Diff: 0.7, Sum: 4.5]
         [Termination Attempts: Min: 1, Avg: 1.6, Max: 4, Diff: 3, Sum: 13]
      [GC Worker Other (ms): Min: 0.0, Avg: 0.0, Max: 0.0, Diff: 0.0, Sum: 0.1]
      [GC Worker Total (ms): Min: 18.9, Avg: 19.1, Max: 19.2, Diff: 0.3, Sum: 152.7]
      [GC Worker End (ms): Min: 145358145.2, Avg: 145358145.3, Max: 145358145.4, Diff: 0.2]
   [Code Root Fixup: 0.0 ms]
   [Code Root Purge: 0.0 ms]
   [Clear CT: 0.2 ms]
   [Other: 1.5 ms]
      [Choose CSet: 0.0 ms]
      [Ref Proc: 0.3 ms]
      [Ref Enq: 0.0 ms]
      [Redirty Cards: 0.1 ms]
      [Humongous Register: 0.0 ms]
      [Humongous Reclaim: 0.0 ms]
      [Free CSet: 0.1 ms]
   [Eden: 46080.0K(46080.0K)->0.0B(45056.0K) Survivors: 6144.0K->7168.0K Heap: 211.4M(1024.0M)->167.3M(1024.0M)]
 [Times: user=0.03 sys=0.03, real=0.03 secs] 
2020-11-08T07:24:09.633+0800: 145427.829: [GC pause (G1 Evacuation Pause) (young), 0.0059156 secs]
   [Parallel Time: 5.1 ms, GC Workers: 8]
      [GC Worker Start (ms): Min: 145427829.3, Avg: 145427829.4, Max: 145427829.4, Diff: 0.2]
      [Ext Root Scanning (ms): Min: 0.3, Avg: 0.5, Max: 1.0, Diff: 0.7, Sum: 3.7]
      [Update RS (ms): Min: 0.0, Avg: 0.6, Max: 0.9, Diff: 0.9, Sum: 5.0]
         [Processed Buffers: Min: 0, Avg: 5.2, Max: 12, Diff: 12, Sum: 42]
      [Scan RS (ms): Min: 0.0, Avg: 0.0, Max: 0.0, Diff: 0.0, Sum: 0.1]
      [Code Root Scanning (ms): Min: 0.0, Avg: 0.0, Max: 0.0, Diff: 0.0, Sum: 0.0]
      [Object Copy (ms): Min: 3.0, Avg: 3.2, Max: 3.6, Diff: 0.5, Sum: 25.9]
      [Termination (ms): Min: 0.0, Avg: 0.5, Max: 0.7, Diff: 0.7, Sum: 4.0]
         [Termination Attempts: Min: 1, Avg: 3.8, Max: 6, Diff: 5, Sum: 30]
      [GC Worker Other (ms): Min: 0.0, Avg: 0.0, Max: 0.0, Diff: 0.0, Sum: 0.1]
      [GC Worker Total (ms): Min: 4.8, Avg: 4.9, Max: 5.0, Diff: 0.2, Sum: 38.8]
      [GC Worker End (ms): Min: 145427834.2, Avg: 145427834.2, Max: 145427834.3, Diff: 0.1]
   [Code Root Fixup: 0.0 ms]
   [Code Root Purge: 0.0 ms]
   [Clear CT: 0.1 ms]
   [Other: 0.7 ms]
      [Choose CSet: 0.0 ms]
      [Ref Proc: 0.3 ms]
      [Ref Enq: 0.0 ms]
      [Redirty Cards: 0.1 ms]
      [Humongous Register: 0.0 ms]
      [Humongous Reclaim: 0.0 ms]
      [Free CSet: 0.0 ms]
   [Eden: 45056.0K(45056.0K)->0.0B(47104.0K) Survivors: 7168.0K->5120.0K Heap: 211.3M(1024.0M)->165.4M(1024.0M)]
 [Times: user=0.04 sys=0.00, real=0.00 secs] 
2020-11-08T07:25:22.958+0800: 145501.154: [GC pause (G1 Evacuation Pause) (young), 0.0087146 secs]
   [Parallel Time: 7.8 ms, GC Workers: 8]
      [GC Worker Start (ms): Min: 145501154.0, Avg: 145501154.1, Max: 145501154.1, Diff: 0.2]
      [Ext Root Scanning (ms): Min: 0.3, Avg: 0.7, Max: 1.8, Diff: 1.5, Sum: 6.0]
      [Update RS (ms): Min: 0.0, Avg: 0.5, Max: 1.0, Diff: 1.0, Sum: 4.2]
         [Processed Buffers: Min: 0, Avg: 5.5, Max: 15, Diff: 15, Sum: 44]
      [Scan RS (ms): Min: 0.0, Avg: 0.0, Max: 0.0, Diff: 0.0, Sum: 0.0]
      [Code Root Scanning (ms): Min: 0.0, Avg: 0.0, Max: 0.0, Diff: 0.0, Sum: 0.0]
      [Object Copy (ms): Min: 4.8, Avg: 5.7, Max: 6.6, Diff: 1.8, Sum: 45.3]
      [Termination (ms): Min: 0.0, Avg: 0.6, Max: 1.1, Diff: 1.1, Sum: 5.2]
         [Termination Attempts: Min: 1, Avg: 1.0, Max: 1, Diff: 0, Sum: 8]
      [GC Worker Other (ms): Min: 0.0, Avg: 0.0, Max: 0.0, Diff: 0.0, Sum: 0.1]
      [GC Worker Total (ms): Min: 7.5, Avg: 7.6, Max: 7.7, Diff: 0.2, Sum: 60.9]
      [GC Worker End (ms): Min: 145501161.6, Avg: 145501161.7, Max: 145501161.7, Diff: 0.1]
   [Code Root Fixup: 0.0 ms]
   [Code Root Purge: 0.0 ms]
   [Clear CT: 0.2 ms]
   [Other: 0.7 ms]
      [Choose CSet: 0.0 ms]
      [Ref Proc: 0.2 ms]
      [Ref Enq: 0.0 ms]
      [Redirty Cards: 0.2 ms]
      [Humongous Register: 0.0 ms]
      [Humongous Reclaim: 0.0 ms]
      [Free CSet: 0.0 ms]
   [Eden: 47104.0K(47104.0K)->0.0B(91136.0K) Survivors: 5120.0K->7168.0K Heap: 211.4M(1024.0M)->167.7M(1024.0M)]
 [Times: user=0.03 sys=0.00, real=0.01 secs] 
2020-11-08T07:27:42.682+0800: 145640.878: [GC pause (G1 Evacuation Pause) (young), 0.0140589 secs]
   [Parallel Time: 13.4 ms, GC Workers: 8]
      [GC Worker Start (ms): Min: 145640877.9, Avg: 145640878.0, Max: 145640878.0, Diff: 0.2]
      [Ext Root Scanning (ms): Min: 0.3, Avg: 1.6, Max: 4.8, Diff: 4.5, Sum: 12.5]
      [Update RS (ms): Min: 0.0, Avg: 0.6, Max: 1.0, Diff: 1.0, Sum: 4.5]
         [Processed Buffers: Min: 0, Avg: 5.2, Max: 12, Diff: 12, Sum: 42]
      [Scan RS (ms): Min: 0.0, Avg: 0.0, Max: 0.0, Diff: 0.0, Sum: 0.1]
      [Code Root Scanning (ms): Min: 0.0, Avg: 0.0, Max: 0.0, Diff: 0.0, Sum: 0.0]
      [Object Copy (ms): Min: 7.9, Avg: 10.4, Max: 11.1, Diff: 3.2, Sum: 83.1]
      [Termination (ms): Min: 0.0, Avg: 0.4, Max: 0.6, Diff: 0.6, Sum: 3.2]
         [Termination Attempts: Min: 1, Avg: 3.1, Max: 5, Diff: 4, Sum: 25]
      [GC Worker Other (ms): Min: 0.0, Avg: 0.2, Max: 0.9, Diff: 0.9, Sum: 1.9]
      [GC Worker Total (ms): Min: 13.0, Avg: 13.2, Max: 13.3, Diff: 0.3, Sum: 105.2]
      [GC Worker End (ms): Min: 145640891.0, Avg: 145640891.1, Max: 145640891.2, Diff: 0.2]
   [Code Root Fixup: 0.0 ms]
   [Code Root Purge: 0.0 ms]
   [Clear CT: 0.1 ms]
   [Other: 0.5 ms]
      [Choose CSet: 0.0 ms]
      [Ref Proc: 0.2 ms]
      [Ref Enq: 0.0 ms]
      [Redirty Cards: 0.1 ms]
      [Humongous Register: 0.0 ms]
      [Humongous Reclaim: 0.0 ms]
      [Free CSet: 0.0 ms]
   [Eden: 91136.0K(91136.0K)->0.0B(164.0M) Survivors: 7168.0K->6144.0K Heap: 256.7M(1024.0M)->166.8M(1024.0M)]
 [Times: user=0.03 sys=0.04, real=0.01 secs] 
2020-11-08T07:32:02.121+0800: 145900.316: [GC pause (G1 Evacuation Pause) (young), 0.0133660 secs]
   [Parallel Time: 12.1 ms, GC Workers: 8]
      [GC Worker Start (ms): Min: 145900316.4, Avg: 145900316.5, Max: 145900316.5, Diff: 0.2]
      [Ext Root Scanning (ms): Min: 0.0, Avg: 0.8, Max: 2.9, Diff: 2.9, Sum: 6.2]
      [Update RS (ms): Min: 0.0, Avg: 0.7, Max: 1.2, Diff: 1.2, Sum: 5.9]
         [Processed Buffers: Min: 0, Avg: 5.6, Max: 17, Diff: 17, Sum: 45]
      [Scan RS (ms): Min: 0.0, Avg: 0.0, Max: 0.0, Diff: 0.0, Sum: 0.1]
      [Code Root Scanning (ms): Min: 0.0, Avg: 0.0, Max: 0.0, Diff: 0.0, Sum: 0.0]
      [Object Copy (ms): Min: 8.9, Avg: 10.2, Max: 10.5, Diff: 1.5, Sum: 81.4]
      [Termination (ms): Min: 0.0, Avg: 0.0, Max: 0.0, Diff: 0.0, Sum: 0.1]
         [Termination Attempts: Min: 1, Avg: 1.1, Max: 2, Diff: 1, Sum: 9]
      [GC Worker Other (ms): Min: 0.0, Avg: 0.2, Max: 0.9, Diff: 0.9, Sum: 1.9]
      [GC Worker Total (ms): Min: 11.9, Avg: 12.0, Max: 12.1, Diff: 0.2, Sum: 95.7]
      [GC Worker End (ms): Min: 145900328.4, Avg: 145900328.4, Max: 145900328.4, Diff: 0.0]
   [Code Root Fixup: 0.0 ms]
   [Code Root Purge: 0.0 ms]
   [Clear CT: 0.1 ms]
   [Other: 1.1 ms]
      [Choose CSet: 0.0 ms]
      [Ref Proc: 0.2 ms]
      [Ref Enq: 0.0 ms]
      [Redirty Cards: 0.1 ms]
      [Humongous Register: 0.5 ms]
      [Humongous Reclaim: 0.0 ms]
      [Free CSet: 0.1 ms]
   [Eden: 164.0M(164.0M)->0.0B(314.0M) Survivors: 6144.0K->7168.0K Heap: 330.8M(1024.0M)->167.8M(1024.0M)]
 [Times: user=0.03 sys=0.03, real=0.01 secs] 
2020-11-08T07:40:16.933+0800: 146395.126: [GC pause (G1 Evacuation Pause) (young), 0.0291073 secs]
   [Parallel Time: 22.8 ms, GC Workers: 8]
      [GC Worker Start (ms): Min: 146395127.6, Avg: 146395127.9, Max: 146395128.0, Diff: 0.4]
      [Ext Root Scanning (ms): Min: 5.2, Avg: 6.1, Max: 11.4, Diff: 6.2, Sum: 48.4]
      [Update RS (ms): Min: 1.1, Avg: 4.2, Max: 4.9, Diff: 3.8, Sum: 33.9]
         [Processed Buffers: Min: 1, Avg: 5.5, Max: 13, Diff: 12, Sum: 44]
      [Scan RS (ms): Min: 0.0, Avg: 0.0, Max: 0.1, Diff: 0.1, Sum: 0.3]
      [Code Root Scanning (ms): Min: 0.0, Avg: 0.0, Max: 0.0, Diff: 0.0, Sum: 0.0]
      [Object Copy (ms): Min: 9.9, Avg: 10.1, Max: 10.2, Diff: 0.3, Sum: 80.7]
      [Termination (ms): Min: 0.0, Avg: 0.0, Max: 0.1, Diff: 0.1, Sum: 0.4]
         [Termination Attempts: Min: 1, Avg: 1.1, Max: 2, Diff: 1, Sum: 9]
      [GC Worker Other (ms): Min: 0.0, Avg: 1.9, Max: 2.4, Diff: 2.3, Sum: 15.4]
      [GC Worker Total (ms): Min: 22.2, Avg: 22.4, Max: 22.6, Diff: 0.4, Sum: 179.1]
      [GC Worker End (ms): Min: 146395150.2, Avg: 146395150.2, Max: 146395150.3, Diff: 0.0]
   [Code Root Fixup: 0.0 ms]
   [Code Root Purge: 0.0 ms]
   [Clear CT: 2.1 ms]
   [Other: 4.3 ms]
      [Choose CSet: 0.0 ms]
      [Ref Proc: 1.1 ms]
      [Ref Enq: 0.0 ms]
      [Redirty Cards: 0.2 ms]
      [Humongous Register: 1.5 ms]
      [Humongous Reclaim: 0.0 ms]
      [Free CSet: 0.7 ms]
   [Eden: 313.0M(313.0M)->0.0B(49152.0K) Survivors: 7168.0K->5120.0K Heap: 480.8M(1024.0M)->165.2M(1024.0M)]
 [Times: user=0.04 sys=0.07, real=0.03 secs] 
2020-11-08T07:41:32.893+0800: 146471.085: [GC pause (G1 Evacuation Pause) (young), 0.0068504 secs]
   [Parallel Time: 6.2 ms, GC Workers: 8]
      [GC Worker Start (ms): Min: 146471085.6, Avg: 146471085.7, Max: 146471085.9, Diff: 0.3]
      [Ext Root Scanning (ms): Min: 0.3, Avg: 0.5, Max: 0.6, Diff: 0.4, Sum: 3.9]
      [Update RS (ms): Min: 0.4, Avg: 0.7, Max: 1.6, Diff: 1.2, Sum: 5.5]
         [Processed Buffers: Min: 1, Avg: 5.2, Max: 15, Diff: 14, Sum: 42]
      [Scan RS (ms): Min: 0.0, Avg: 0.0, Max: 0.0, Diff: 0.0, Sum: 0.1]
      [Code Root Scanning (ms): Min: 0.0, Avg: 0.0, Max: 0.0, Diff: 0.0, Sum: 0.0]
      [Object Copy (ms): Min: 3.8, Avg: 4.7, Max: 5.0, Diff: 1.2, Sum: 37.6]
      [Termination (ms): Min: 0.0, Avg: 0.0, Max: 0.1, Diff: 0.1, Sum: 0.3]
         [Termination Attempts: Min: 1, Avg: 1.0, Max: 1, Diff: 0, Sum: 8]
      [GC Worker Other (ms): Min: 0.0, Avg: 0.0, Max: 0.0, Diff: 0.0, Sum: 0.2]
      [GC Worker Total (ms): Min: 5.7, Avg: 5.9, Max: 6.1, Diff: 0.4, Sum: 47.5]
      [GC Worker End (ms): Min: 146471091.7, Avg: 146471091.7, Max: 146471091.7, Diff: 0.0]
   [Code Root Fixup: 0.0 ms]
   [Code Root Purge: 0.0 ms]
   [Clear CT: 0.1 ms]
   [Other: 0.6 ms]
      [Choose CSet: 0.0 ms]
      [Ref Proc: 0.2 ms]
      [Ref Enq: 0.0 ms]
      [Redirty Cards: 0.1 ms]
      [Humongous Register: 0.0 ms]
      [Humongous Reclaim: 0.0 ms]
      [Free CSet: 0.1 ms]
   [Eden: 49152.0K(49152.0K)->0.0B(242.0M) Survivors: 5120.0K->7168.0K Heap: 213.2M(1024.0M)->167.4M(1024.0M)]
 [Times: user=0.03 sys=0.01, real=0.01 secs] 
2020-11-08T07:48:04.475+0800: 146862.666: [GC pause (G1 Evacuation Pause) (young), 0.0287855 secs]
   [Parallel Time: 21.3 ms, GC Workers: 8]
      [GC Worker Start (ms): Min: 146862669.0, Avg: 146862669.2, Max: 146862669.5, Diff: 0.6]
      [Ext Root Scanning (ms): Min: 0.0, Avg: 3.5, Max: 8.2, Diff: 8.2, Sum: 28.4]
      [Update RS (ms): Min: 0.0, Avg: 3.0, Max: 5.9, Diff: 5.9, Sum: 24.1]
         [Processed Buffers: Min: 0, Avg: 5.2, Max: 23, Diff: 23, Sum: 42]
      [Scan RS (ms): Min: 0.0, Avg: 0.0, Max: 0.1, Diff: 0.1, Sum: 0.2]
      [Code Root Scanning (ms): Min: 0.0, Avg: 0.0, Max: 0.0, Diff: 0.0, Sum: 0.0]
      [Object Copy (ms): Min: 10.9, Avg: 12.6, Max: 13.5, Diff: 2.6, Sum: 100.8]
      [Termination (ms): Min: 0.0, Avg: 0.4, Max: 0.6, Diff: 0.6, Sum: 3.4]
         [Termination Attempts: Min: 1, Avg: 1.1, Max: 2, Diff: 1, Sum: 9]
      [GC Worker Other (ms): Min: 0.0, Avg: 1.1, Max: 4.6, Diff: 4.6, Sum: 9.1]
      [GC Worker Total (ms): Min: 20.5, Avg: 20.8, Max: 21.1, Diff: 0.6, Sum: 166.1]
      [GC Worker End (ms): Min: 146862689.9, Avg: 146862690.0, Max: 146862690.1, Diff: 0.1]
   [Code Root Fixup: 0.0 ms]
   [Code Root Purge: 0.0 ms]
   [Clear CT: 0.3 ms]
   [Other: 7.2 ms]
      [Choose CSet: 0.0 ms]
      [Ref Proc: 3.2 ms]
      [Ref Enq: 0.0 ms]
      [Redirty Cards: 0.2 ms]
      [Humongous Register: 2.0 ms]
      [Humongous Reclaim: 0.0 ms]
      [Free CSet: 0.4 ms]
   [Eden: 242.0M(242.0M)->0.0B(50176.0K) Survivors: 7168.0K->5120.0K Heap: 409.4M(1024.0M)->165.9M(1024.0M)]
 [Times: user=0.06 sys=0.08, real=0.03 secs] 
2020-11-08T07:49:22.526+0800: 146940.716: [GC pause (G1 Evacuation Pause) (young), 0.0113919 secs]
   [Parallel Time: 10.4 ms, GC Workers: 8]
      [GC Worker Start (ms): Min: 146940716.2, Avg: 146940716.3, Max: 146940716.3, Diff: 0.2]
      [Ext Root Scanning (ms): Min: 2.1, Avg: 3.3, Max: 4.0, Diff: 1.8, Sum: 26.7]
      [Update RS (ms): Min: 0.5, Avg: 0.8, Max: 0.9, Diff: 0.4, Sum: 6.1]
         [Processed Buffers: Min: 1, Avg: 5.6, Max: 16, Diff: 15, Sum: 45]
      [Scan RS (ms): Min: 0.0, Avg: 0.0, Max: 0.0, Diff: 0.0, Sum: 0.0]
      [Code Root Scanning (ms): Min: 0.0, Avg: 0.0, Max: 0.0, Diff: 0.0, Sum: 0.0]
      [Object Copy (ms): Min: 5.0, Avg: 5.3, Max: 5.9, Diff: 0.9, Sum: 42.4]
      [Termination (ms): Min: 0.0, Avg: 0.7, Max: 1.0, Diff: 1.0, Sum: 5.3]
         [Termination Attempts: Min: 1, Avg: 1.5, Max: 2, Diff: 1, Sum: 12]
      [GC Worker Other (ms): Min: 0.0, Avg: 0.2, Max: 1.4, Diff: 1.3, Sum: 1.5]
      [GC Worker Total (ms): Min: 10.1, Avg: 10.2, Max: 10.3, Diff: 0.3, Sum: 82.0]
      [GC Worker End (ms): Min: 146940726.4, Avg: 146940726.5, Max: 146940726.6, Diff: 0.2]
   [Code Root Fixup: 0.0 ms]
   [Code Root Purge: 0.0 ms]
   [Clear CT: 0.2 ms]
   [Other: 0.8 ms]
      [Choose CSet: 0.0 ms]
      [Ref Proc: 0.2 ms]
      [Ref Enq: 0.0 ms]
      [Redirty Cards: 0.1 ms]
      [Humongous Register: 0.0 ms]
      [Humongous Reclaim: 0.0 ms]
      [Free CSet: 0.1 ms]
   [Eden: 50176.0K(50176.0K)->0.0B(177.0M) Survivors: 5120.0K->7168.0K Heap: 214.9M(1024.0M)->168.3M(1024.0M)]
 [Times: user=0.03 sys=0.02, real=0.01 secs] 
2020-11-08T07:54:07.636+0800: 147225.824: [GC pause (G1 Evacuation Pause) (young), 0.0765233 secs]
   [Parallel Time: 25.6 ms, GC Workers: 8]
      [GC Worker Start (ms): Min: 147225873.6, Avg: 147225873.8, Max: 147225874.0, Diff: 0.5]
      [Ext Root Scanning (ms): Min: 3.2, Avg: 4.9, Max: 8.8, Diff: 5.6, Sum: 39.0]
      [Update RS (ms): Min: 0.0, Avg: 1.8, Max: 2.5, Diff: 2.5, Sum: 14.7]
         [Processed Buffers: Min: 0, Avg: 5.5, Max: 21, Diff: 21, Sum: 44]
      [Scan RS (ms): Min: 0.0, Avg: 0.0, Max: 0.1, Diff: 0.1, Sum: 0.1]
      [Code Root Scanning (ms): Min: 0.0, Avg: 0.0, Max: 0.0, Diff: 0.0, Sum: 0.0]
      [Object Copy (ms): Min: 16.1, Avg: 17.2, Max: 18.2, Diff: 2.1, Sum: 137.7]
      [Termination (ms): Min: 0.0, Avg: 0.7, Max: 1.2, Diff: 1.2, Sum: 5.7]
         [Termination Attempts: Min: 1, Avg: 1.1, Max: 2, Diff: 1, Sum: 9]
      [GC Worker Other (ms): Min: 0.1, Avg: 0.5, Max: 1.7, Diff: 1.7, Sum: 3.7]
      [GC Worker Total (ms): Min: 24.8, Avg: 25.1, Max: 25.4, Diff: 0.6, Sum: 201.0]
      [GC Worker End (ms): Min: 147225898.9, Avg: 147225898.9, Max: 147225899.0, Diff: 0.1]
   [Code Root Fixup: 0.0 ms]
   [Code Root Purge: 0.0 ms]
   [Clear CT: 0.2 ms]
   [Other: 50.7 ms]
      [Choose CSet: 0.0 ms]
      [Ref Proc: 0.4 ms]
      [Ref Enq: 0.0 ms]
      [Redirty Cards: 0.2 ms]
      [Humongous Register: 2.8 ms]
      [Humongous Reclaim: 0.0 ms]
      [Free CSet: 0.7 ms]
   [Eden: 177.0M(177.0M)->0.0B(48128.0K) Survivors: 7168.0K->4096.0K Heap: 345.3M(1024.0M)->165.1M(1024.0M)]
 [Times: user=0.04 sys=0.10, real=0.08 secs] 
2020-11-08T07:55:21.270+0800: 147299.458: [GC pause (G1 Evacuation Pause) (young), 0.0100890 secs]
   [Parallel Time: 7.7 ms, GC Workers: 8]
      [GC Worker Start (ms): Min: 147299457.7, Avg: 147299457.8, Max: 147299457.8, Diff: 0.1]
      [Ext Root Scanning (ms): Min: 0.8, Avg: 1.1, Max: 2.7, Diff: 1.9, Sum: 8.8]
      [Update RS (ms): Min: 0.0, Avg: 0.5, Max: 1.7, Diff: 1.7, Sum: 4.1]
         [Processed Buffers: Min: 0, Avg: 5.1, Max: 17, Diff: 17, Sum: 41]
      [Scan RS (ms): Min: 0.0, Avg: 0.0, Max: 0.0, Diff: 0.0, Sum: 0.0]
      [Code Root Scanning (ms): Min: 0.0, Avg: 0.0, Max: 0.0, Diff: 0.0, Sum: 0.0]
      [Object Copy (ms): Min: 4.3, Avg: 5.5, Max: 6.2, Diff: 1.9, Sum: 44.1]
      [Termination (ms): Min: 0.0, Avg: 0.4, Max: 0.5, Diff: 0.5, Sum: 3.1]
         [Termination Attempts: Min: 1, Avg: 1.1, Max: 2, Diff: 1, Sum: 9]
      [GC Worker Other (ms): Min: 0.0, Avg: 0.0, Max: 0.0, Diff: 0.0, Sum: 0.1]
      [GC Worker Total (ms): Min: 7.4, Avg: 7.5, Max: 7.6, Diff: 0.2, Sum: 60.3]
      [GC Worker End (ms): Min: 147299465.2, Avg: 147299465.3, Max: 147299465.4, Diff: 0.2]
   [Code Root Fixup: 0.0 ms]
   [Code Root Purge: 0.0 ms]
   [Clear CT: 0.1 ms]
   [Other: 2.2 ms]
      [Choose CSet: 0.0 ms]
      [Ref Proc: 1.3 ms]
      [Ref Enq: 0.0 ms]
      [Redirty Cards: 0.1 ms]
      [Humongous Register: 0.0 ms]
      [Humongous Reclaim: 0.0 ms]
      [Free CSet: 0.1 ms]
   [Eden: 48128.0K(48128.0K)->0.0B(93184.0K) Survivors: 4096.0K->6144.0K Heap: 212.1M(1024.0M)->166.7M(1024.0M)]
 [Times: user=0.02 sys=0.02, real=0.01 secs] 
2020-11-08T07:57:43.593+0800: 147441.780: [GC pause (G1 Evacuation Pause) (young), 0.0103055 secs]
   [Parallel Time: 9.3 ms, GC Workers: 8]
      [GC Worker Start (ms): Min: 147441780.3, Avg: 147441780.4, Max: 147441780.5, Diff: 0.2]
      [Ext Root Scanning (ms): Min: 0.3, Avg: 0.6, Max: 2.5, Diff: 2.2, Sum: 5.1]
      [Update RS (ms): Min: 0.0, Avg: 0.5, Max: 2.2, Diff: 2.2, Sum: 4.3]
         [Processed Buffers: Min: 0, Avg: 4.9, Max: 13, Diff: 13, Sum: 39]
      [Scan RS (ms): Min: 0.0, Avg: 0.0, Max: 0.0, Diff: 0.0, Sum: 0.1]
      [Code Root Scanning (ms): Min: 0.0, Avg: 0.0, Max: 0.0, Diff: 0.0, Sum: 0.0]
      [Object Copy (ms): Min: 6.6, Avg: 8.0, Max: 8.6, Diff: 1.9, Sum: 63.7]
      [Termination (ms): Min: 0.0, Avg: 0.0, Max: 0.0, Diff: 0.0, Sum: 0.1]
         [Termination Attempts: Min: 1, Avg: 1.4, Max: 2, Diff: 1, Sum: 11]
      [GC Worker Other (ms): Min: 0.0, Avg: 0.0, Max: 0.0, Diff: 0.0, Sum: 0.1]
      [GC Worker Total (ms): Min: 9.1, Avg: 9.2, Max: 9.3, Diff: 0.2, Sum: 73.5]
      [GC Worker End (ms): Min: 147441789.6, Avg: 147441789.6, Max: 147441789.6, Diff: 0.0]
   [Code Root Fixup: 0.0 ms]
   [Code Root Purge: 0.0 ms]
   [Clear CT: 0.2 ms]
   [Other: 0.8 ms]
      [Choose CSet: 0.0 ms]
      [Ref Proc: 0.3 ms]
      [Ref Enq: 0.0 ms]
      [Redirty Cards: 0.1 ms]
      [Humongous Register: 0.0 ms]
      [Humongous Reclaim: 0.0 ms]
      [Free CSet: 0.1 ms]
   [Eden: 93184.0K(93184.0K)->0.0B(260.0M) Survivors: 6144.0K->7168.0K Heap: 257.7M(1024.0M)->168.2M(1024.0M)]
 [Times: user=0.03 sys=0.02, real=0.01 secs] 
2020-11-08T08:04:30.841+0800: 147849.027: [GC pause (G1 Evacuation Pause) (young), 0.0140006 secs]
   [Parallel Time: 13.0 ms, GC Workers: 8]
      [GC Worker Start (ms): Min: 147849027.2, Avg: 147849027.4, Max: 147849027.5, Diff: 0.3]
      [Ext Root Scanning (ms): Min: 0.0, Avg: 0.5, Max: 0.8, Diff: 0.8, Sum: 3.7]
      [Update RS (ms): Min: 0.0, Avg: 0.4, Max: 0.7, Diff: 0.7, Sum: 3.2]
         [Processed Buffers: Min: 0, Avg: 5.5, Max: 13, Diff: 13, Sum: 44]
      [Scan RS (ms): Min: 0.0, Avg: 0.0, Max: 0.1, Diff: 0.1, Sum: 0.3]
      [Code Root Scanning (ms): Min: 0.0, Avg: 0.0, Max: 0.0, Diff: 0.0, Sum: 0.0]
      [Object Copy (ms): Min: 5.9, Avg: 10.4, Max: 11.3, Diff: 5.4, Sum: 83.1]
      [Termination (ms): Min: 0.0, Avg: 0.6, Max: 0.7, Diff: 0.7, Sum: 4.8]
         [Termination Attempts: Min: 1, Avg: 1.0, Max: 1, Diff: 0, Sum: 8]
      [GC Worker Other (ms): Min: 0.0, Avg: 0.8, Max: 5.9, Diff: 5.9, Sum: 6.1]
      [GC Worker Total (ms): Min: 12.6, Avg: 12.7, Max: 12.9, Diff: 0.3, Sum: 101.4]
      [GC Worker End (ms): Min: 147849039.9, Avg: 147849040.1, Max: 147849040.1, Diff: 0.2]
   [Code Root Fixup: 0.0 ms]
   [Code Root Purge: 0.0 ms]
   [Clear CT: 0.2 ms]
   [Other: 0.8 ms]
      [Choose CSet: 0.0 ms]
      [Ref Proc: 0.2 ms]
      [Ref Enq: 0.0 ms]
      [Redirty Cards: 0.1 ms]
      [Humongous Register: 0.0 ms]
      [Humongous Reclaim: 0.0 ms]
      [Free CSet: 0.2 ms]
   [Eden: 260.0M(260.0M)->0.0B(366.0M) Survivors: 7168.0K->5120.0K Heap: 428.2M(1024.0M)->165.8M(1024.0M)]
 [Times: user=0.03 sys=0.03, real=0.01 secs] 
2020-11-08T08:14:11.569+0800: 148429.752: [GC pause (G1 Evacuation Pause) (young), 0.0176308 secs]
   [Parallel Time: 14.5 ms, GC Workers: 8]
      [GC Worker Start (ms): Min: 148429753.7, Avg: 148429753.9, Max: 148429754.1, Diff: 0.4]
      [Ext Root Scanning (ms): Min: 2.7, Avg: 3.4, Max: 7.2, Diff: 4.5, Sum: 27.4]
      [Update RS (ms): Min: 0.0, Avg: 1.0, Max: 1.5, Diff: 1.4, Sum: 7.8]
         [Processed Buffers: Min: 0, Avg: 5.8, Max: 13, Diff: 13, Sum: 46]
      [Scan RS (ms): Min: 0.0, Avg: 0.0, Max: 0.1, Diff: 0.1, Sum: 0.3]
      [Code Root Scanning (ms): Min: 0.0, Avg: 0.0, Max: 0.0, Diff: 0.0, Sum: 0.0]
      [Object Copy (ms): Min: 6.4, Avg: 8.8, Max: 9.7, Diff: 3.3, Sum: 70.2]
      [Termination (ms): Min: 0.0, Avg: 0.3, Max: 0.6, Diff: 0.6, Sum: 2.5]
         [Termination Attempts: Min: 1, Avg: 1.2, Max: 2, Diff: 1, Sum: 10]
      [GC Worker Other (ms): Min: 0.0, Avg: 0.5, Max: 0.7, Diff: 0.7, Sum: 3.8]
      [GC Worker Total (ms): Min: 13.9, Avg: 14.0, Max: 14.2, Diff: 0.3, Sum: 112.1]
      [GC Worker End (ms): Min: 148429767.9, Avg: 148429767.9, Max: 148429768.0, Diff: 0.2]
   [Code Root Fixup: 0.0 ms]
   [Code Root Purge: 0.0 ms]
   [Clear CT: 0.2 ms]
   [Other: 3.0 ms]
      [Choose CSet: 0.0 ms]
      [Ref Proc: 0.4 ms]
      [Ref Enq: 0.0 ms]
      [Redirty Cards: 0.1 ms]
      [Humongous Register: 1.4 ms]
      [Humongous Reclaim: 0.0 ms]
      [Free CSet: 0.5 ms]
   [Eden: 366.0M(366.0M)->0.0B(437.0M) Survivors: 5120.0K->5120.0K Heap: 531.8M(1024.0M)->166.2M(1024.0M)]
 [Times: user=0.02 sys=0.05, real=0.02 secs] 
2020-11-08T08:27:21.517+0800: 149219.697: [GC pause (G1 Evacuation Pause) (young), 0.0236685 secs]
   [Parallel Time: 19.9 ms, GC Workers: 8]
      [GC Worker Start (ms): Min: 149219698.3, Avg: 149219698.9, Max: 149219699.8, Diff: 1.5]
      [Ext Root Scanning (ms): Min: 2.1, Avg: 3.5, Max: 7.7, Diff: 5.6, Sum: 27.7]
      [Update RS (ms): Min: 0.0, Avg: 1.2, Max: 2.0, Diff: 2.0, Sum: 9.6]
         [Processed Buffers: Min: 0, Avg: 5.6, Max: 21, Diff: 21, Sum: 45]
      [Scan RS (ms): Min: 0.0, Avg: 0.1, Max: 0.1, Diff: 0.1, Sum: 0.4]
      [Code Root Scanning (ms): Min: 0.0, Avg: 0.0, Max: 0.0, Diff: 0.0, Sum: 0.0]
      [Object Copy (ms): Min: 8.9, Avg: 12.0, Max: 15.5, Diff: 6.6, Sum: 96.2]
      [Termination (ms): Min: 0.0, Avg: 2.3, Max: 5.6, Diff: 5.6, Sum: 18.3]
         [Termination Attempts: Min: 1, Avg: 1.0, Max: 1, Diff: 0, Sum: 8]
      [GC Worker Other (ms): Min: 0.0, Avg: 0.1, Max: 0.1, Diff: 0.1, Sum: 0.5]
      [GC Worker Total (ms): Min: 18.2, Avg: 19.1, Max: 19.6, Diff: 1.4, Sum: 152.7]
      [GC Worker End (ms): Min: 149219717.9, Avg: 149219718.0, Max: 149219718.1, Diff: 0.2]
   [Code Root Fixup: 0.0 ms]
   [Code Root Purge: 0.0 ms]
   [Clear CT: 0.2 ms]
   [Other: 3.5 ms]
      [Choose CSet: 0.0 ms]
      [Ref Proc: 0.9 ms]
      [Ref Enq: 0.0 ms]
      [Redirty Cards: 0.1 ms]
      [Humongous Register: 1.0 ms]
      [Humongous Reclaim: 0.0 ms]
      [Free CSet: 0.9 ms]
   [Eden: 437.0M(437.0M)->0.0B(487.0M) Survivors: 5120.0K->6144.0K Heap: 603.2M(1024.0M)->166.9M(1024.0M)]
 [Times: user=0.04 sys=0.04, real=0.03 secs] 
2020-11-08T08:40:37.170+0800: 150015.346: [GC pause (G1 Evacuation Pause) (young), 0.0204593 secs]
   [Parallel Time: 18.7 ms, GC Workers: 8]
      [GC Worker Start (ms): Min: 150015346.1, Avg: 150015346.8, Max: 150015348.7, Diff: 2.6]
      [Ext Root Scanning (ms): Min: 0.0, Avg: 0.9, Max: 2.4, Diff: 2.4, Sum: 7.0]
      [Update RS (ms): Min: 0.0, Avg: 0.4, Max: 1.4, Diff: 1.4, Sum: 3.1]
         [Processed Buffers: Min: 0, Avg: 5.6, Max: 18, Diff: 18, Sum: 45]
      [Scan RS (ms): Min: 0.0, Avg: 0.1, Max: 0.1, Diff: 0.1, Sum: 0.4]
      [Code Root Scanning (ms): Min: 0.0, Avg: 0.0, Max: 0.0, Diff: 0.0, Sum: 0.1]
      [Object Copy (ms): Min: 14.8, Avg: 15.9, Max: 16.8, Diff: 2.0, Sum: 127.4]
      [Termination (ms): Min: 0.0, Avg: 0.4, Max: 0.7, Diff: 0.7, Sum: 3.5]
         [Termination Attempts: Min: 1, Avg: 1.4, Max: 2, Diff: 1, Sum: 11]
      [GC Worker Other (ms): Min: 0.0, Avg: 0.1, Max: 0.4, Diff: 0.4, Sum: 0.5]
      [GC Worker Total (ms): Min: 15.9, Avg: 17.8, Max: 18.6, Diff: 2.7, Sum: 142.0]
      [GC Worker End (ms): Min: 150015364.5, Avg: 150015364.6, Max: 150015364.7, Diff: 0.2]
   [Code Root Fixup: 0.0 ms]
   [Code Root Purge: 0.0 ms]
   [Clear CT: 0.2 ms]
   [Other: 1.6 ms]
      [Choose CSet: 0.0 ms]
      [Ref Proc: 1.0 ms]
      [Ref Enq: 0.0 ms]
      [Redirty Cards: 0.1 ms]
      [Humongous Register: 0.1 ms]
      [Humongous Reclaim: 0.0 ms]
      [Free CSet: 0.3 ms]
   [Eden: 487.0M(487.0M)->0.0B(371.0M) Survivors: 6144.0K->4096.0K Heap: 653.9M(1024.0M)->165.3M(1024.0M)]
 [Times: user=0.03 sys=0.03, real=0.02 secs] 
2020-11-08T08:50:25.037+0800: 150603.211: [GC pause (G1 Evacuation Pause) (young), 0.0133161 secs]
   [Parallel Time: 12.1 ms, GC Workers: 8]
      [GC Worker Start (ms): Min: 150603211.0, Avg: 150603211.0, Max: 150603211.1, Diff: 0.2]
      [Ext Root Scanning (ms): Min: 0.7, Avg: 0.8, Max: 1.0, Diff: 0.3, Sum: 6.7]
      [Update RS (ms): Min: 0.0, Avg: 0.8, Max: 1.9, Diff: 1.9, Sum: 6.6]
         [Processed Buffers: Min: 0, Avg: 5.6, Max: 19, Diff: 19, Sum: 45]
      [Scan RS (ms): Min: 0.0, Avg: 0.1, Max: 0.1, Diff: 0.1, Sum: 0.6]
      [Code Root Scanning (ms): Min: 0.0, Avg: 0.0, Max: 0.0, Diff: 0.0, Sum: 0.1]
      [Object Copy (ms): Min: 8.8, Avg: 10.0, Max: 10.8, Diff: 1.9, Sum: 79.8]
      [Termination (ms): Min: 0.0, Avg: 0.1, Max: 0.1, Diff: 0.1, Sum: 0.6]
         [Termination Attempts: Min: 2, Avg: 2.9, Max: 4, Diff: 2, Sum: 23]
      [GC Worker Other (ms): Min: 0.0, Avg: 0.1, Max: 0.1, Diff: 0.1, Sum: 0.6]
      [GC Worker Total (ms): Min: 11.8, Avg: 11.9, Max: 12.0, Diff: 0.2, Sum: 95.0]
      [GC Worker End (ms): Min: 150603222.9, Avg: 150603222.9, Max: 150603222.9, Diff: 0.0]
   [Code Root Fixup: 0.0 ms]
   [Code Root Purge: 0.0 ms]
   [Clear CT: 0.1 ms]
   [Other: 1.1 ms]
      [Choose CSet: 0.0 ms]
      [Ref Proc: 0.4 ms]
      [Ref Enq: 0.0 ms]
      [Redirty Cards: 0.2 ms]
      [Humongous Register: 0.1 ms]
      [Humongous Reclaim: 0.0 ms]
      [Free CSet: 0.2 ms]
   [Eden: 371.0M(371.0M)->0.0B(608.0M) Survivors: 4096.0K->6144.0K Heap: 536.3M(1024.0M)->166.8M(1024.0M)]
 [Times: user=0.03 sys=0.04, real=0.02 secs] 
2020-11-08T09:06:31.648+0800: 151569.816: [GC pause (G1 Evacuation Pause) (young), 0.1254277 secs]
   [Parallel Time: 83.8 ms, GC Workers: 8]
      [GC Worker Start (ms): Min: 151569840.2, Avg: 151569845.6, Max: 151569851.8, Diff: 11.6]
      [Ext Root Scanning (ms): Min: 7.3, Avg: 14.0, Max: 29.5, Diff: 22.2, Sum: 111.9]
      [Update RS (ms): Min: 0.0, Avg: 9.3, Max: 18.7, Diff: 18.7, Sum: 74.3]
         [Processed Buffers: Min: 0, Avg: 5.6, Max: 23, Diff: 23, Sum: 45]
      [Scan RS (ms): Min: 0.0, Avg: 1.0, Max: 7.0, Diff: 6.9, Sum: 7.7]
      [Code Root Scanning (ms): Min: 0.0, Avg: 0.0, Max: 0.0, Diff: 0.0, Sum: 0.0]
      [Object Copy (ms): Min: 43.4, Avg: 50.1, Max: 55.9, Diff: 12.5, Sum: 400.6]
      [Termination (ms): Min: 0.0, Avg: 0.9, Max: 1.7, Diff: 1.7, Sum: 7.1]
         [Termination Attempts: Min: 1, Avg: 1.1, Max: 2, Diff: 1, Sum: 9]
      [GC Worker Other (ms): Min: 0.1, Avg: 1.5, Max: 3.0, Diff: 2.9, Sum: 12.4]
      [GC Worker Total (ms): Min: 70.4, Avg: 76.8, Max: 81.9, Diff: 11.5, Sum: 614.1]
      [GC Worker End (ms): Min: 151569922.1, Avg: 151569922.4, Max: 151569922.7, Diff: 0.6]
   [Code Root Fixup: 0.0 ms]
   [Code Root Purge: 0.0 ms]
   [Clear CT: 0.9 ms]
   [Other: 40.7 ms]
      [Choose CSet: 0.0 ms]
      [Ref Proc: 16.1 ms]
      [Ref Enq: 0.0 ms]
      [Redirty Cards: 0.5 ms]
      [Humongous Register: 15.2 ms]
      [Humongous Reclaim: 0.0 ms]
      [Free CSet: 1.3 ms]
   [Eden: 608.0M(608.0M)->0.0B(46080.0K) Survivors: 6144.0K->6144.0K Heap: 774.8M(1024.0M)->167.3M(1024.0M)]
 [Times: user=0.04 sys=0.11, real=0.13 secs] 
2020-11-08T09:07:43.326+0800: 151641.494: [GC pause (G1 Evacuation Pause) (young), 0.0140525 secs]
   [Parallel Time: 12.2 ms, GC Workers: 8]
      [GC Worker Start (ms): Min: 151641493.8, Avg: 151641493.8, Max: 151641493.8, Diff: 0.1]
      [Ext Root Scanning (ms): Min: 1.7, Avg: 2.4, Max: 3.8, Diff: 2.1, Sum: 18.9]
      [Update RS (ms): Min: 0.0, Avg: 0.5, Max: 2.7, Diff: 2.7, Sum: 4.0]
         [Processed Buffers: Min: 0, Avg: 5.0, Max: 15, Diff: 15, Sum: 40]
      [Scan RS (ms): Min: 0.0, Avg: 0.0, Max: 0.0, Diff: 0.0, Sum: 0.0]
      [Code Root Scanning (ms): Min: 0.0, Avg: 0.0, Max: 0.0, Diff: 0.0, Sum: 0.0]
      [Object Copy (ms): Min: 6.7, Avg: 8.1, Max: 9.3, Diff: 2.6, Sum: 65.1]
      [Termination (ms): Min: 0.0, Avg: 0.8, Max: 1.3, Diff: 1.3, Sum: 6.0]
         [Termination Attempts: Min: 1, Avg: 1.6, Max: 3, Diff: 2, Sum: 13]
      [GC Worker Other (ms): Min: 0.0, Avg: 0.2, Max: 0.6, Diff: 0.6, Sum: 1.8]
      [GC Worker Total (ms): Min: 11.8, Avg: 12.0, Max: 12.1, Diff: 0.3, Sum: 95.9]
      [GC Worker End (ms): Min: 151641505.6, Avg: 151641505.8, Max: 151641505.9, Diff: 0.3]
   [Code Root Fixup: 0.0 ms]
   [Code Root Purge: 0.0 ms]
   [Clear CT: 0.1 ms]
   [Other: 1.7 ms]
      [Choose CSet: 0.0 ms]
      [Ref Proc: 0.7 ms]
      [Ref Enq: 0.0 ms]
      [Redirty Cards: 0.1 ms]
      [Humongous Register: 0.0 ms]
      [Humongous Reclaim: 0.0 ms]
      [Free CSet: 0.1 ms]
   [Eden: 46080.0K(46080.0K)->0.0B(47104.0K) Survivors: 6144.0K->5120.0K Heap: 212.3M(1024.0M)->166.2M(1024.0M)]
 [Times: user=0.02 sys=0.02, real=0.02 secs] 
2020-11-08T09:08:55.611+0800: 151713.778: [GC pause (G1 Evacuation Pause) (young), 0.0346447 secs]
   [Parallel Time: 24.7 ms, GC Workers: 8]
      [GC Worker Start (ms): Min: 151713778.5, Avg: 151713778.7, Max: 151713778.9, Diff: 0.4]
      [Ext Root Scanning (ms): Min: 0.1, Avg: 2.3, Max: 15.5, Diff: 15.4, Sum: 18.3]
      [Update RS (ms): Min: 0.0, Avg: 0.7, Max: 2.0, Diff: 2.0, Sum: 5.4]
         [Processed Buffers: Min: 0, Avg: 5.0, Max: 21, Diff: 21, Sum: 40]
      [Scan RS (ms): Min: 0.0, Avg: 0.0, Max: 0.0, Diff: 0.0, Sum: 0.0]
      [Code Root Scanning (ms): Min: 0.0, Avg: 0.0, Max: 0.0, Diff: 0.0, Sum: 0.0]
      [Object Copy (ms): Min: 8.3, Avg: 20.5, Max: 23.4, Diff: 15.1, Sum: 164.3]
      [Termination (ms): Min: 0.0, Avg: 0.8, Max: 1.5, Diff: 1.5, Sum: 6.3]
         [Termination Attempts: Min: 1, Avg: 1.0, Max: 1, Diff: 0, Sum: 8]
      [GC Worker Other (ms): Min: 0.0, Avg: 0.0, Max: 0.0, Diff: 0.0, Sum: 0.1]
      [GC Worker Total (ms): Min: 24.0, Avg: 24.3, Max: 24.6, Diff: 0.6, Sum: 194.4]
      [GC Worker End (ms): Min: 151713802.9, Avg: 151713803.0, Max: 151713803.2, Diff: 0.3]
   [Code Root Fixup: 0.0 ms]
   [Code Root Purge: 0.0 ms]
   [Clear CT: 0.1 ms]
   [Other: 9.8 ms]
      [Choose CSet: 0.0 ms]
      [Ref Proc: 9.5 ms]
      [Ref Enq: 0.0 ms]
      [Redirty Cards: 0.1 ms]
      [Humongous Register: 0.0 ms]
      [Humongous Reclaim: 0.0 ms]
      [Free CSet: 0.0 ms]
   [Eden: 47104.0K(47104.0K)->0.0B(47104.0K) Survivors: 5120.0K->5120.0K Heap: 212.2M(1024.0M)->165.9M(1024.0M)]
 [Times: user=0.02 sys=0.02, real=0.03 secs] 
2020-11-08T09:10:07.591+0800: 151785.758: [GC pause (G1 Evacuation Pause) (young), 0.0136118 secs]
   [Parallel Time: 10.6 ms, GC Workers: 8]
      [GC Worker Start (ms): Min: 151785758.5, Avg: 151785758.6, Max: 151785758.8, Diff: 0.4]
      [Ext Root Scanning (ms): Min: 0.3, Avg: 0.8, Max: 2.2, Diff: 1.9, Sum: 6.7]
      [Update RS (ms): Min: 0.0, Avg: 0.7, Max: 3.4, Diff: 3.4, Sum: 5.8]
         [Processed Buffers: Min: 0, Avg: 5.2, Max: 20, Diff: 20, Sum: 42]
      [Scan RS (ms): Min: 0.0, Avg: 0.0, Max: 0.0, Diff: 0.0, Sum: 0.0]
      [Code Root Scanning (ms): Min: 0.0, Avg: 0.0, Max: 0.0, Diff: 0.0, Sum: 0.0]
      [Object Copy (ms): Min: 5.7, Avg: 8.1, Max: 9.3, Diff: 3.6, Sum: 65.1]
      [Termination (ms): Min: 0.0, Avg: 0.5, Max: 0.8, Diff: 0.8, Sum: 4.1]
         [Termination Attempts: Min: 1, Avg: 1.1, Max: 2, Diff: 1, Sum: 9]
      [GC Worker Other (ms): Min: 0.0, Avg: 0.0, Max: 0.1, Diff: 0.1, Sum: 0.2]
      [GC Worker Total (ms): Min: 10.0, Avg: 10.2, Max: 10.5, Diff: 0.6, Sum: 81.9]
      [GC Worker End (ms): Min: 151785768.8, Avg: 151785768.9, Max: 151785769.0, Diff: 0.2]
   [Code Root Fixup: 0.0 ms]
   [Code Root Purge: 0.0 ms]
   [Clear CT: 0.1 ms]
   [Other: 2.9 ms]
      [Choose CSet: 0.0 ms]
      [Ref Proc: 2.2 ms]
      [Ref Enq: 0.0 ms]
      [Redirty Cards: 0.2 ms]
      [Humongous Register: 0.2 ms]
      [Humongous Reclaim: 0.0 ms]
      [Free CSet: 0.1 ms]
   [Eden: 47104.0K(47104.0K)->0.0B(48128.0K) Survivors: 5120.0K->4096.0K Heap: 211.9M(1024.0M)->165.5M(1024.0M)]
 [Times: user=0.03 sys=0.02, real=0.01 secs] 
2020-11-08T09:11:21.066+0800: 151859.233: [GC pause (G1 Evacuation Pause) (young), 0.0073515 secs]
   [Parallel Time: 5.5 ms, GC Workers: 8]
      [GC Worker Start (ms): Min: 151859233.2, Avg: 151859233.3, Max: 151859233.3, Diff: 0.1]
      [Ext Root Scanning (ms): Min: 0.2, Avg: 0.3, Max: 0.5, Diff: 0.3, Sum: 2.5]
      [Update RS (ms): Min: 0.0, Avg: 0.5, Max: 1.9, Diff: 1.9, Sum: 4.2]
         [Processed Buffers: Min: 0, Avg: 5.2, Max: 14, Diff: 14, Sum: 42]
      [Scan RS (ms): Min: 0.0, Avg: 0.0, Max: 0.0, Diff: 0.0, Sum: 0.0]
      [Code Root Scanning (ms): Min: 0.0, Avg: 0.0, Max: 0.0, Diff: 0.0, Sum: 0.0]
      [Object Copy (ms): Min: 2.2, Avg: 4.0, Max: 4.8, Diff: 2.6, Sum: 31.8]
      [Termination (ms): Min: 0.0, Avg: 0.4, Max: 1.0, Diff: 1.0, Sum: 3.3]
         [Termination Attempts: Min: 1, Avg: 1.1, Max: 2, Diff: 1, Sum: 9]
      [GC Worker Other (ms): Min: 0.0, Avg: 0.0, Max: 0.0, Diff: 0.0, Sum: 0.1]
      [GC Worker Total (ms): Min: 5.1, Avg: 5.2, Max: 5.4, Diff: 0.2, Sum: 41.9]
      [GC Worker End (ms): Min: 151859238.4, Avg: 151859238.5, Max: 151859238.6, Diff: 0.2]
   [Code Root Fixup: 0.0 ms]
   [Code Root Purge: 0.0 ms]
   [Clear CT: 0.1 ms]
   [Other: 1.8 ms]
      [Choose CSet: 0.0 ms]
      [Ref Proc: 0.8 ms]
      [Ref Enq: 0.0 ms]
      [Redirty Cards: 0.1 ms]
      [Humongous Register: 0.0 ms]
      [Humongous Reclaim: 0.0 ms]
      [Free CSet: 0.0 ms]
   [Eden: 48128.0K(48128.0K)->0.0B(48128.0K) Survivors: 4096.0K->4096.0K Heap: 212.5M(1024.0M)->165.5M(1024.0M)]
 [Times: user=0.02 sys=0.01, real=0.01 secs] 
2020-11-08T09:12:35.219+0800: 151933.386: [GC pause (G1 Evacuation Pause) (young), 0.0084525 secs]
   [Parallel Time: 5.7 ms, GC Workers: 8]
      [GC Worker Start (ms): Min: 151933386.1, Avg: 151933386.1, Max: 151933386.1, Diff: 0.1]
      [Ext Root Scanning (ms): Min: 0.2, Avg: 1.3, Max: 4.2, Diff: 4.0, Sum: 10.3]
      [Update RS (ms): Min: 0.0, Avg: 0.3, Max: 0.8, Diff: 0.8, Sum: 2.3]
         [Processed Buffers: Min: 0, Avg: 5.1, Max: 20, Diff: 20, Sum: 41]
      [Scan RS (ms): Min: 0.0, Avg: 0.0, Max: 0.0, Diff: 0.0, Sum: 0.0]
      [Code Root Scanning (ms): Min: 0.0, Avg: 0.0, Max: 0.0, Diff: 0.0, Sum: 0.0]
      [Object Copy (ms): Min: 0.8, Avg: 3.6, Max: 4.8, Diff: 4.0, Sum: 28.5]
      [Termination (ms): Min: 0.0, Avg: 0.4, Max: 0.6, Diff: 0.6, Sum: 3.4]
         [Termination Attempts: Min: 1, Avg: 1.1, Max: 2, Diff: 1, Sum: 9]
      [GC Worker Other (ms): Min: 0.0, Avg: 0.0, Max: 0.0, Diff: 0.0, Sum: 0.1]
      [GC Worker Total (ms): Min: 5.5, Avg: 5.6, Max: 5.6, Diff: 0.2, Sum: 44.5]
      [GC Worker End (ms): Min: 151933391.6, Avg: 151933391.7, Max: 151933391.7, Diff: 0.1]
   [Code Root Fixup: 0.0 ms]
   [Code Root Purge: 0.0 ms]
   [Clear CT: 0.1 ms]
   [Other: 2.6 ms]
      [Choose CSet: 0.0 ms]
      [Ref Proc: 2.2 ms]
      [Ref Enq: 0.0 ms]
      [Redirty Cards: 0.1 ms]
      [Humongous Register: 0.0 ms]
      [Humongous Reclaim: 0.0 ms]
      [Free CSet: 0.0 ms]
   [Eden: 48128.0K(48128.0K)->0.0B(46080.0K) Survivors: 4096.0K->6144.0K Heap: 212.5M(1024.0M)->166.9M(1024.0M)]
 [Times: user=0.03 sys=0.01, real=0.01 secs] 
2020-11-08T09:13:45.395+0800: 152003.561: [GC pause (G1 Evacuation Pause) (young), 0.0059020 secs]
   [Parallel Time: 4.3 ms, GC Workers: 8]
      [GC Worker Start (ms): Min: 152003561.4, Avg: 152003561.5, Max: 152003561.6, Diff: 0.2]
      [Ext Root Scanning (ms): Min: 0.3, Avg: 0.4, Max: 0.6, Diff: 0.3, Sum: 2.9]
      [Update RS (ms): Min: 0.1, Avg: 0.4, Max: 0.8, Diff: 0.6, Sum: 3.3]
         [Processed Buffers: Min: 1, Avg: 4.8, Max: 13, Diff: 12, Sum: 38]
      [Scan RS (ms): Min: 0.0, Avg: 0.0, Max: 0.0, Diff: 0.0, Sum: 0.1]
      [Code Root Scanning (ms): Min: 0.0, Avg: 0.0, Max: 0.0, Diff: 0.0, Sum: 0.0]
      [Object Copy (ms): Min: 2.5, Avg: 2.9, Max: 3.2, Diff: 0.7, Sum: 22.8]
      [Termination (ms): Min: 0.0, Avg: 0.3, Max: 0.6, Diff: 0.6, Sum: 2.7]
         [Termination Attempts: Min: 1, Avg: 1.1, Max: 2, Diff: 1, Sum: 9]
      [GC Worker Other (ms): Min: 0.0, Avg: 0.0, Max: 0.0, Diff: 0.0, Sum: 0.1]
      [GC Worker Total (ms): Min: 3.9, Avg: 4.0, Max: 4.1, Diff: 0.3, Sum: 32.0]
      [GC Worker End (ms): Min: 152003565.4, Avg: 152003565.5, Max: 152003565.6, Diff: 0.2]
   [Code Root Fixup: 0.0 ms]
   [Code Root Purge: 0.0 ms]
   [Clear CT: 0.1 ms]
   [Other: 1.5 ms]
      [Choose CSet: 0.0 ms]
      [Ref Proc: 1.1 ms]
      [Ref Enq: 0.0 ms]
      [Redirty Cards: 0.1 ms]
      [Humongous Register: 0.0 ms]
      [Humongous Reclaim: 0.0 ms]
      [Free CSet: 0.1 ms]
   [Eden: 46080.0K(46080.0K)->0.0B(70656.0K) Survivors: 6144.0K->6144.0K Heap: 211.9M(1024.0M)->167.3M(1024.0M)]
 [Times: user=0.04 sys=0.00, real=0.01 secs] 
2020-11-08T09:15:32.930+0800: 152111.096: [GC pause (G1 Evacuation Pause) (young), 0.0115055 secs]
   [Parallel Time: 10.5 ms, GC Workers: 8]
      [GC Worker Start (ms): Min: 152111096.0, Avg: 152111096.1, Max: 152111096.1, Diff: 0.2]
      [Ext Root Scanning (ms): Min: 0.2, Avg: 0.3, Max: 0.6, Diff: 0.4, Sum: 2.6]
      [Update RS (ms): Min: 0.2, Avg: 0.4, Max: 0.7, Diff: 0.6, Sum: 2.9]
         [Processed Buffers: Min: 1, Avg: 5.5, Max: 17, Diff: 16, Sum: 44]
      [Scan RS (ms): Min: 0.0, Avg: 0.0, Max: 0.0, Diff: 0.0, Sum: 0.1]
      [Code Root Scanning (ms): Min: 0.0, Avg: 0.0, Max: 0.1, Diff: 0.1, Sum: 0.1]
      [Object Copy (ms): Min: 9.2, Avg: 9.6, Max: 9.8, Diff: 0.6, Sum: 76.5]
      [Termination (ms): Min: 0.0, Avg: 0.0, Max: 0.1, Diff: 0.1, Sum: 0.4]
         [Termination Attempts: Min: 1, Avg: 1.5, Max: 3, Diff: 2, Sum: 12]
      [GC Worker Other (ms): Min: 0.0, Avg: 0.0, Max: 0.0, Diff: 0.0, Sum: 0.1]
      [GC Worker Total (ms): Min: 10.2, Avg: 10.3, Max: 10.4, Diff: 0.2, Sum: 82.6]
      [GC Worker End (ms): Min: 152111106.4, Avg: 152111106.4, Max: 152111106.4, Diff: 0.0]
   [Code Root Fixup: 0.0 ms]
   [Code Root Purge: 0.0 ms]
   [Clear CT: 0.2 ms]
   [Other: 0.8 ms]
      [Choose CSet: 0.0 ms]
      [Ref Proc: 0.2 ms]
      [Ref Enq: 0.0 ms]
      [Redirty Cards: 0.2 ms]
      [Humongous Register: 0.0 ms]
      [Humongous Reclaim: 0.0 ms]
      [Free CSet: 0.1 ms]
   [Eden: 70656.0K(70656.0K)->0.0B(166.0M) Survivors: 6144.0K->5120.0K Heap: 236.3M(1024.0M)->166.0M(1024.0M)]
 [Times: user=0.02 sys=0.03, real=0.01 secs] 
2020-11-08T09:19:54.932+0800: 152373.096: [GC pause (G1 Evacuation Pause) (young), 0.0240941 secs]
   [Parallel Time: 22.6 ms, GC Workers: 8]
      [GC Worker Start (ms): Min: 152373096.9, Avg: 152373097.0, Max: 152373097.0, Diff: 0.1]
      [Ext Root Scanning (ms): Min: 0.0, Avg: 0.7, Max: 2.1, Diff: 2.1, Sum: 5.9]
      [Update RS (ms): Min: 0.0, Avg: 3.8, Max: 14.2, Diff: 14.2, Sum: 30.1]
         [Processed Buffers: Min: 0, Avg: 5.5, Max: 19, Diff: 19, Sum: 44]
      [Scan RS (ms): Min: 0.0, Avg: 0.0, Max: 0.1, Diff: 0.1, Sum: 0.1]
      [Code Root Scanning (ms): Min: 0.0, Avg: 0.0, Max: 0.1, Diff: 0.1, Sum: 0.1]
      [Object Copy (ms): Min: 6.4, Avg: 16.5, Max: 20.5, Diff: 14.1, Sum: 132.2]
      [Termination (ms): Min: 0.0, Avg: 0.3, Max: 0.5, Diff: 0.5, Sum: 2.4]
         [Termination Attempts: Min: 1, Avg: 1.0, Max: 1, Diff: 0, Sum: 8]
      [GC Worker Other (ms): Min: 0.0, Avg: 1.0, Max: 2.6, Diff: 2.5, Sum: 8.1]
      [GC Worker Total (ms): Min: 22.3, Avg: 22.4, Max: 22.5, Diff: 0.2, Sum: 178.9]
      [GC Worker End (ms): Min: 152373119.3, Avg: 152373119.3, Max: 152373119.5, Diff: 0.2]
   [Code Root Fixup: 0.0 ms]
   [Code Root Purge: 0.0 ms]
   [Clear CT: 0.1 ms]
   [Other: 1.3 ms]
      [Choose CSet: 0.0 ms]
      [Ref Proc: 0.2 ms]
      [Ref Enq: 0.0 ms]
      [Redirty Cards: 0.1 ms]
      [Humongous Register: 0.0 ms]
      [Humongous Reclaim: 0.0 ms]
      [Free CSet: 0.2 ms]
   [Eden: 166.0M(166.0M)->0.0B(83968.0K) Survivors: 5120.0K->4096.0K Heap: 332.0M(1024.0M)->165.5M(1024.0M)]
 [Times: user=0.02 sys=0.02, real=0.02 secs] 
2020-11-08T09:22:02.727+0800: 152500.891: [GC pause (G1 Evacuation Pause) (young), 0.0046800 secs]
   [Parallel Time: 3.8 ms, GC Workers: 8]
      [GC Worker Start (ms): Min: 152500890.9, Avg: 152500891.0, Max: 152500891.1, Diff: 0.2]
      [Ext Root Scanning (ms): Min: 0.3, Avg: 0.5, Max: 1.3, Diff: 1.1, Sum: 4.2]
      [Update RS (ms): Min: 0.0, Avg: 0.5, Max: 0.8, Diff: 0.7, Sum: 3.8]
         [Processed Buffers: Min: 0, Avg: 5.5, Max: 14, Diff: 14, Sum: 44]
      [Scan RS (ms): Min: 0.0, Avg: 0.0, Max: 0.0, Diff: 0.0, Sum: 0.1]
      [Code Root Scanning (ms): Min: 0.0, Avg: 0.0, Max: 0.1, Diff: 0.1, Sum: 0.1]
      [Object Copy (ms): Min: 2.3, Avg: 2.6, Max: 2.9, Diff: 0.6, Sum: 20.5]
      [Termination (ms): Min: 0.0, Avg: 0.0, Max: 0.0, Diff: 0.0, Sum: 0.0]
         [Termination Attempts: Min: 1, Avg: 1.0, Max: 1, Diff: 0, Sum: 8]
      [GC Worker Other (ms): Min: 0.0, Avg: 0.0, Max: 0.0, Diff: 0.0, Sum: 0.1]
      [GC Worker Total (ms): Min: 3.5, Avg: 3.6, Max: 3.7, Diff: 0.2, Sum: 28.9]
      [GC Worker End (ms): Min: 152500894.6, Avg: 152500894.6, Max: 152500894.6, Diff: 0.0]
   [Code Root Fixup: 0.0 ms]
   [Code Root Purge: 0.0 ms]
   [Clear CT: 0.1 ms]
   [Other: 0.7 ms]
      [Choose CSet: 0.0 ms]
      [Ref Proc: 0.2 ms]
      [Ref Enq: 0.0 ms]
      [Redirty Cards: 0.1 ms]
      [Humongous Register: 0.0 ms]
      [Humongous Reclaim: 0.0 ms]
      [Free CSet: 0.1 ms]
   [Eden: 83968.0K(83968.0K)->0.0B(254.0M) Survivors: 4096.0K->6144.0K Heap: 247.5M(1024.0M)->166.9M(1024.0M)]
 [Times: user=0.02 sys=0.00, real=0.01 secs] 
2020-11-08T09:28:38.800+0800: 152896.962: [GC pause (G1 Evacuation Pause) (young), 0.0207760 secs]
   [Parallel Time: 16.3 ms, GC Workers: 8]
      [GC Worker Start (ms): Min: 152896964.4, Avg: 152896964.6, Max: 152896964.8, Diff: 0.4]
      [Ext Root Scanning (ms): Min: 2.6, Avg: 3.3, Max: 7.1, Diff: 4.5, Sum: 26.0]
      [Update RS (ms): Min: 0.0, Avg: 1.7, Max: 2.5, Diff: 2.5, Sum: 13.4]
         [Processed Buffers: Min: 0, Avg: 5.2, Max: 15, Diff: 15, Sum: 42]
      [Scan RS (ms): Min: 0.0, Avg: 0.0, Max: 0.1, Diff: 0.1, Sum: 0.2]
      [Code Root Scanning (ms): Min: 0.0, Avg: 0.0, Max: 0.1, Diff: 0.1, Sum: 0.1]
      [Object Copy (ms): Min: 7.7, Avg: 9.7, Max: 10.9, Diff: 3.2, Sum: 78.0]
      [Termination (ms): Min: 0.0, Avg: 0.6, Max: 0.9, Diff: 0.9, Sum: 4.6]
         [Termination Attempts: Min: 1, Avg: 1.0, Max: 1, Diff: 0, Sum: 8]
      [GC Worker Other (ms): Min: 0.0, Avg: 0.1, Max: 0.7, Diff: 0.6, Sum: 0.9]
      [GC Worker Total (ms): Min: 15.1, Avg: 15.4, Max: 15.7, Diff: 0.6, Sum: 123.2]
      [GC Worker End (ms): Min: 152896979.9, Avg: 152896980.0, Max: 152896980.5, Diff: 0.6]
   [Code Root Fixup: 0.0 ms]
   [Code Root Purge: 0.0 ms]
   [Clear CT: 0.2 ms]
   [Other: 4.3 ms]
      [Choose CSet: 0.0 ms]
      [Ref Proc: 0.4 ms]
      [Ref Enq: 0.0 ms]
      [Redirty Cards: 0.1 ms]
      [Humongous Register: 1.8 ms]
      [Humongous Reclaim: 0.0 ms]
      [Free CSet: 1.2 ms]
   [Eden: 253.0M(253.0M)->0.0B(223.0M) Survivors: 6144.0K->5120.0K Heap: 419.9M(1024.0M)->166.0M(1024.0M)]
 [Times: user=0.03 sys=0.05, real=0.03 secs] 
2020-11-08T09:34:28.511+0800: 153246.671: [GC pause (G1 Evacuation Pause) (young), 0.0090512 secs]
   [Parallel Time: 6.8 ms, GC Workers: 8]
      [GC Worker Start (ms): Min: 153246671.6, Avg: 153246671.8, Max: 153246672.1, Diff: 0.5]
      [Ext Root Scanning (ms): Min: 0.2, Avg: 2.6, Max: 4.7, Diff: 4.4, Sum: 21.0]
      [Update RS (ms): Min: 0.0, Avg: 0.7, Max: 2.2, Diff: 2.2, Sum: 5.4]
         [Processed Buffers: Min: 0, Avg: 5.4, Max: 18, Diff: 18, Sum: 43]
      [Scan RS (ms): Min: 0.0, Avg: 0.0, Max: 0.1, Diff: 0.1, Sum: 0.2]
      [Code Root Scanning (ms): Min: 0.0, Avg: 0.0, Max: 0.1, Diff: 0.1, Sum: 0.1]
      [Object Copy (ms): Min: 1.0, Avg: 2.3, Max: 3.0, Diff: 2.0, Sum: 18.5]
      [Termination (ms): Min: 0.0, Avg: 0.0, Max: 0.0, Diff: 0.0, Sum: 0.0]
         [Termination Attempts: Min: 1, Avg: 1.0, Max: 1, Diff: 0, Sum: 8]
      [GC Worker Other (ms): Min: 0.0, Avg: 0.7, Max: 2.7, Diff: 2.6, Sum: 5.6]
      [GC Worker Total (ms): Min: 6.1, Avg: 6.4, Max: 6.6, Diff: 0.5, Sum: 50.8]
      [GC Worker End (ms): Min: 153246678.1, Avg: 153246678.2, Max: 153246678.2, Diff: 0.1]
   [Code Root Fixup: 0.0 ms]
   [Code Root Purge: 0.0 ms]
   [Clear CT: 0.1 ms]
   [Other: 2.1 ms]
      [Choose CSet: 0.0 ms]
      [Ref Proc: 1.7 ms]
      [Ref Enq: 0.0 ms]
      [Redirty Cards: 0.1 ms]
      [Humongous Register: 0.0 ms]
      [Humongous Reclaim: 0.0 ms]
      [Free CSet: 0.1 ms]
   [Eden: 223.0M(223.0M)->0.0B(428.0M) Survivors: 5120.0K->5120.0K Heap: 389.0M(1024.0M)->166.6M(1024.0M)]
 [Times: user=0.03 sys=0.00, real=0.01 secs] 
2020-11-08T09:45:43.929+0800: 153922.087: [GC pause (G1 Evacuation Pause) (young), 0.0716183 secs]
   [Parallel Time: 53.3 ms, GC Workers: 8]
      [GC Worker Start (ms): Min: 153922095.9, Avg: 153922108.1, Max: 153922115.9, Diff: 20.0]
      [Ext Root Scanning (ms): Min: 0.5, Avg: 9.1, Max: 22.4, Diff: 21.9, Sum: 72.6]
      [Update RS (ms): Min: 3.3, Avg: 5.5, Max: 8.7, Diff: 5.4, Sum: 43.9]
         [Processed Buffers: Min: 1, Avg: 5.4, Max: 15, Diff: 14, Sum: 43]
      [Scan RS (ms): Min: 0.0, Avg: 0.1, Max: 0.3, Diff: 0.3, Sum: 0.7]
      [Code Root Scanning (ms): Min: 0.0, Avg: 0.0, Max: 0.1, Diff: 0.1, Sum: 0.1]
      [Object Copy (ms): Min: 20.0, Avg: 23.3, Max: 25.2, Diff: 5.2, Sum: 186.0]
      [Termination (ms): Min: 0.0, Avg: 0.1, Max: 0.1, Diff: 0.1, Sum: 0.7]
         [Termination Attempts: Min: 1, Avg: 1.2, Max: 2, Diff: 1, Sum: 10]
      [GC Worker Other (ms): Min: 0.0, Avg: 0.8, Max: 3.6, Diff: 3.6, Sum: 6.8]
      [GC Worker Total (ms): Min: 31.0, Avg: 38.8, Max: 51.0, Diff: 20.0, Sum: 310.8]
      [GC Worker End (ms): Min: 153922146.9, Avg: 153922146.9, Max: 153922146.9, Diff: 0.0]
   [Code Root Fixup: 0.0 ms]
   [Code Root Purge: 0.0 ms]
   [Clear CT: 0.2 ms]
   [Other: 18.1 ms]
      [Choose CSet: 0.0 ms]
      [Ref Proc: 5.5 ms]
      [Ref Enq: 0.0 ms]
      [Redirty Cards: 0.1 ms]
      [Humongous Register: 5.9 ms]
      [Humongous Reclaim: 0.0 ms]
      [Free CSet: 5.5 ms]
   [Eden: 428.0M(428.0M)->0.0B(46080.0K) Survivors: 5120.0K->6144.0K Heap: 594.6M(1024.0M)->167.0M(1024.0M)]
 [Times: user=0.04 sys=0.04, real=0.08 secs] 
2020-11-08T09:46:54.321+0800: 153992.478: [GC pause (G1 Evacuation Pause) (young), 0.0107419 secs]
   [Parallel Time: 9.9 ms, GC Workers: 8]
      [GC Worker Start (ms): Min: 153992478.3, Avg: 153992478.4, Max: 153992478.5, Diff: 0.2]
      [Ext Root Scanning (ms): Min: 0.4, Avg: 0.6, Max: 1.7, Diff: 1.3, Sum: 5.0]
      [Update RS (ms): Min: 0.0, Avg: 0.3, Max: 0.6, Diff: 0.6, Sum: 2.6]
         [Processed Buffers: Min: 0, Avg: 5.1, Max: 14, Diff: 14, Sum: 41]
      [Scan RS (ms): Min: 0.0, Avg: 0.0, Max: 0.0, Diff: 0.0, Sum: 0.1]
      [Code Root Scanning (ms): Min: 0.0, Avg: 0.0, Max: 0.1, Diff: 0.1, Sum: 0.1]
      [Object Copy (ms): Min: 8.0, Avg: 8.7, Max: 9.0, Diff: 1.0, Sum: 69.9]
      [Termination (ms): Min: 0.0, Avg: 0.0, Max: 0.1, Diff: 0.1, Sum: 0.3]
         [Termination Attempts: Min: 1, Avg: 1.2, Max: 2, Diff: 1, Sum: 10]
      [GC Worker Other (ms): Min: 0.0, Avg: 0.0, Max: 0.0, Diff: 0.0, Sum: 0.1]
      [GC Worker Total (ms): Min: 9.7, Avg: 9.8, Max: 9.8, Diff: 0.2, Sum: 78.0]
      [GC Worker End (ms): Min: 153992488.1, Avg: 153992488.2, Max: 153992488.2, Diff: 0.0]
   [Code Root Fixup: 0.0 ms]
   [Code Root Purge: 0.0 ms]
   [Clear CT: 0.2 ms]
   [Other: 0.7 ms]
      [Choose CSet: 0.0 ms]
      [Ref Proc: 0.2 ms]
      [Ref Enq: 0.0 ms]
      [Redirty Cards: 0.2 ms]
      [Humongous Register: 0.0 ms]
      [Humongous Reclaim: 0.0 ms]
      [Free CSet: 0.1 ms]
   [Eden: 46080.0K(46080.0K)->0.0B(45056.0K) Survivors: 6144.0K->7168.0K Heap: 212.0M(1024.0M)->168.8M(1024.0M)]
 [Times: user=0.03 sys=0.03, real=0.01 secs] 
2020-11-08T09:48:03.773+0800: 154061.930: [GC pause (G1 Evacuation Pause) (young), 0.0056957 secs]
   [Parallel Time: 4.5 ms, GC Workers: 8]
      [GC Worker Start (ms): Min: 154061929.8, Avg: 154061930.1, Max: 154061930.7, Diff: 0.9]
      [Ext Root Scanning (ms): Min: 0.0, Avg: 0.2, Max: 0.5, Diff: 0.5, Sum: 2.0]
      [Update RS (ms): Min: 0.0, Avg: 0.2, Max: 0.4, Diff: 0.4, Sum: 1.6]
         [Processed Buffers: Min: 0, Avg: 5.4, Max: 15, Diff: 15, Sum: 43]
      [Scan RS (ms): Min: 0.0, Avg: 0.0, Max: 0.0, Diff: 0.0, Sum: 0.0]
      [Code Root Scanning (ms): Min: 0.0, Avg: 0.0, Max: 0.0, Diff: 0.0, Sum: 0.0]
      [Object Copy (ms): Min: 3.0, Avg: 3.3, Max: 3.8, Diff: 0.8, Sum: 26.4]
      [Termination (ms): Min: 0.0, Avg: 0.4, Max: 0.6, Diff: 0.6, Sum: 3.5]
         [Termination Attempts: Min: 1, Avg: 1.1, Max: 2, Diff: 1, Sum: 9]
      [GC Worker Other (ms): Min: 0.0, Avg: 0.0, Max: 0.0, Diff: 0.0, Sum: 0.1]
      [GC Worker Total (ms): Min: 3.6, Avg: 4.2, Max: 4.4, Diff: 0.8, Sum: 33.6]
      [GC Worker End (ms): Min: 154061934.2, Avg: 154061934.3, Max: 154061934.3, Diff: 0.0]
   [Code Root Fixup: 0.0 ms]
   [Code Root Purge: 0.0 ms]
   [Clear CT: 0.1 ms]
   [Other: 1.1 ms]
      [Choose CSet: 0.0 ms]
      [Ref Proc: 0.7 ms]
      [Ref Enq: 0.0 ms]
      [Redirty Cards: 0.1 ms]
      [Humongous Register: 0.0 ms]
      [Humongous Reclaim: 0.0 ms]
      [Free CSet: 0.0 ms]
   [Eden: 45056.0K(45056.0K)->0.0B(46080.0K) Survivors: 7168.0K->6144.0K Heap: 212.8M(1024.0M)->167.1M(1024.0M)]
 [Times: user=0.02 sys=0.01, real=0.01 secs] 
2020-11-08T09:49:14.481+0800: 154132.638: [GC pause (G1 Evacuation Pause) (young), 0.0052142 secs]
   [Parallel Time: 4.1 ms, GC Workers: 8]
      [GC Worker Start (ms): Min: 154132638.1, Avg: 154132638.2, Max: 154132638.3, Diff: 0.2]
      [Ext Root Scanning (ms): Min: 0.7, Avg: 0.8, Max: 1.0, Diff: 0.3, Sum: 6.1]
      [Update RS (ms): Min: 0.3, Avg: 0.4, Max: 0.5, Diff: 0.2, Sum: 3.1]
         [Processed Buffers: Min: 1, Avg: 4.9, Max: 11, Diff: 10, Sum: 39]
      [Scan RS (ms): Min: 0.0, Avg: 0.0, Max: 0.0, Diff: 0.0, Sum: 0.1]
      [Code Root Scanning (ms): Min: 0.0, Avg: 0.0, Max: 0.1, Diff: 0.1, Sum: 0.1]
      [Object Copy (ms): Min: 2.6, Avg: 2.7, Max: 2.8, Diff: 0.3, Sum: 21.5]
      [Termination (ms): Min: 0.0, Avg: 0.0, Max: 0.0, Diff: 0.0, Sum: 0.1]
         [Termination Attempts: Min: 1, Avg: 1.2, Max: 2, Diff: 1, Sum: 10]
      [GC Worker Other (ms): Min: 0.0, Avg: 0.0, Max: 0.0, Diff: 0.0, Sum: 0.1]
      [GC Worker Total (ms): Min: 3.8, Avg: 3.9, Max: 4.0, Diff: 0.2, Sum: 31.1]
      [GC Worker End (ms): Min: 154132642.1, Avg: 154132642.1, Max: 154132642.1, Diff: 0.0]
   [Code Root Fixup: 0.0 ms]
   [Code Root Purge: 0.0 ms]
   [Clear CT: 0.1 ms]
   [Other: 0.9 ms]
      [Choose CSet: 0.0 ms]
      [Ref Proc: 0.3 ms]
      [Ref Enq: 0.0 ms]
      [Redirty Cards: 0.1 ms]
      [Humongous Register: 0.2 ms]
      [Humongous Reclaim: 0.0 ms]
      [Free CSet: 0.1 ms]
   [Eden: 46080.0K(46080.0K)->0.0B(147.0M) Survivors: 6144.0K->4096.0K Heap: 212.1M(1024.0M)->165.5M(1024.0M)]
 [Times: user=0.02 sys=0.00, real=0.00 secs] 
2020-11-08T09:53:21.687+0800: 154379.843: [GC pause (G1 Evacuation Pause) (young), 0.0097931 secs]
   [Parallel Time: 6.4 ms, GC Workers: 8]
      [GC Worker Start (ms): Min: 154379844.9, Avg: 154379845.0, Max: 154379845.1, Diff: 0.2]
      [Ext Root Scanning (ms): Min: 0.0, Avg: 0.2, Max: 0.5, Diff: 0.5, Sum: 1.7]
      [Update RS (ms): Min: 0.0, Avg: 0.4, Max: 0.7, Diff: 0.7, Sum: 3.1]
         [Processed Buffers: Min: 0, Avg: 5.4, Max: 18, Diff: 18, Sum: 43]
      [Scan RS (ms): Min: 0.0, Avg: 0.0, Max: 0.0, Diff: 0.0, Sum: 0.1]
      [Code Root Scanning (ms): Min: 0.0, Avg: 0.0, Max: 0.0, Diff: 0.0, Sum: 0.1]
      [Object Copy (ms): Min: 4.6, Avg: 4.8, Max: 5.2, Diff: 0.6, Sum: 38.0]
      [Termination (ms): Min: 0.0, Avg: 0.5, Max: 0.6, Diff: 0.6, Sum: 3.7]
         [Termination Attempts: Min: 1, Avg: 1.0, Max: 1, Diff: 0, Sum: 8]
      [GC Worker Other (ms): Min: 0.0, Avg: 0.4, Max: 1.4, Diff: 1.4, Sum: 2.9]
      [GC Worker Total (ms): Min: 6.1, Avg: 6.2, Max: 6.3, Diff: 0.2, Sum: 49.5]
      [GC Worker End (ms): Min: 154379851.1, Avg: 154379851.2, Max: 154379851.2, Diff: 0.1]
   [Code Root Fixup: 0.0 ms]
   [Code Root Purge: 0.0 ms]
   [Clear CT: 0.1 ms]
   [Other: 3.3 ms]
      [Choose CSet: 0.0 ms]
      [Ref Proc: 0.7 ms]
      [Ref Enq: 0.0 ms]
      [Redirty Cards: 0.1 ms]
      [Humongous Register: 0.1 ms]
      [Humongous Reclaim: 0.0 ms]
      [Free CSet: 0.1 ms]
   [Eden: 147.0M(147.0M)->0.0B(297.0M) Survivors: 4096.0K->5120.0K Heap: 312.5M(1024.0M)->166.9M(1024.0M)]
 [Times: user=0.03 sys=0.02, real=0.01 secs] 
2020-11-08T10:01:11.323+0800: 154849.477: [GC pause (G1 Evacuation Pause) (young), 0.0410046 secs]
   [Parallel Time: 34.2 ms, GC Workers: 8]
      [GC Worker Start (ms): Min: 154849482.2, Avg: 154849482.3, Max: 154849482.4, Diff: 0.2]
      [Ext Root Scanning (ms): Min: 3.5, Avg: 7.1, Max: 10.4, Diff: 6.9, Sum: 56.4]
      [Update RS (ms): Min: 1.7, Avg: 2.9, Max: 4.1, Diff: 2.4, Sum: 23.1]
         [Processed Buffers: Min: 1, Avg: 5.5, Max: 18, Diff: 17, Sum: 44]
      [Scan RS (ms): Min: 0.0, Avg: 0.0, Max: 0.1, Diff: 0.1, Sum: 0.3]
      [Code Root Scanning (ms): Min: 0.0, Avg: 0.1, Max: 0.6, Diff: 0.6, Sum: 0.9]
      [Object Copy (ms): Min: 13.4, Avg: 18.6, Max: 20.5, Diff: 7.1, Sum: 149.0]
      [Termination (ms): Min: 0.2, Avg: 2.0, Max: 7.5, Diff: 7.3, Sum: 15.8]
         [Termination Attempts: Min: 1, Avg: 2.4, Max: 4, Diff: 3, Sum: 19]
      [GC Worker Other (ms): Min: 0.0, Avg: 3.2, Max: 6.7, Diff: 6.6, Sum: 25.9]
      [GC Worker Total (ms): Min: 33.7, Avg: 33.9, Max: 34.1, Diff: 0.4, Sum: 271.4]
      [GC Worker End (ms): Min: 154849516.1, Avg: 154849516.2, Max: 154849516.3, Diff: 0.2]
   [Code Root Fixup: 0.0 ms]
   [Code Root Purge: 0.0 ms]
   [Clear CT: 0.1 ms]
   [Other: 6.7 ms]
      [Choose CSet: 0.0 ms]
      [Ref Proc: 1.0 ms]
      [Ref Enq: 0.0 ms]
      [Redirty Cards: 0.1 ms]
      [Humongous Register: 3.4 ms]
      [Humongous Reclaim: 0.0 ms]
      [Free CSet: 0.3 ms]
   [Eden: 297.0M(297.0M)->0.0B(47104.0K) Survivors: 5120.0K->5120.0K Heap: 463.9M(1024.0M)->166.7M(1024.0M)]
 [Times: user=0.04 sys=0.05, real=0.04 secs] 
2020-11-08T10:02:23.164+0800: 154921.317: [GC pause (G1 Evacuation Pause) (young), 0.0102060 secs]
   [Parallel Time: 8.4 ms, GC Workers: 8]
      [GC Worker Start (ms): Min: 154921317.0, Avg: 154921317.1, Max: 154921317.3, Diff: 0.3]
      [Ext Root Scanning (ms): Min: 0.0, Avg: 0.4, Max: 0.6, Diff: 0.6, Sum: 2.8]
      [Update RS (ms): Min: 0.2, Avg: 0.6, Max: 1.4, Diff: 1.2, Sum: 4.6]
         [Processed Buffers: Min: 1, Avg: 5.1, Max: 17, Diff: 16, Sum: 41]
      [Scan RS (ms): Min: 0.0, Avg: 0.0, Max: 0.0, Diff: 0.0, Sum: 0.1]
      [Code Root Scanning (ms): Min: 0.0, Avg: 0.1, Max: 0.3, Diff: 0.3, Sum: 0.4]
      [Object Copy (ms): Min: 6.3, Avg: 7.0, Max: 7.2, Diff: 0.9, Sum: 56.0]
      [Termination (ms): Min: 0.0, Avg: 0.0, Max: 0.0, Diff: 0.0, Sum: 0.2]
         [Termination Attempts: Min: 1, Avg: 1.0, Max: 1, Diff: 0, Sum: 8]
      [GC Worker Other (ms): Min: 0.0, Avg: 0.2, Max: 0.7, Diff: 0.7, Sum: 1.4]
      [GC Worker Total (ms): Min: 8.0, Avg: 8.2, Max: 8.3, Diff: 0.3, Sum: 65.6]
      [GC Worker End (ms): Min: 154921325.3, Avg: 154921325.3, Max: 154921325.3, Diff: 0.0]
   [Code Root Fixup: 0.0 ms]
   [Code Root Purge: 0.0 ms]
   [Clear CT: 0.3 ms]
   [Other: 1.5 ms]
      [Choose CSet: 0.0 ms]
      [Ref Proc: 0.9 ms]
      [Ref Enq: 0.0 ms]
      [Redirty Cards: 0.2 ms]
      [Humongous Register: 0.0 ms]
      [Humongous Reclaim: 0.0 ms]
      [Free CSet: 0.1 ms]
   [Eden: 47104.0K(47104.0K)->0.0B(56320.0K) Survivors: 5120.0K->4096.0K Heap: 212.7M(1024.0M)->165.9M(1024.0M)]
 [Times: user=0.03 sys=0.02, real=0.01 secs] 
2020-11-08T10:03:49.958+0800: 155008.111: [GC pause (G1 Evacuation Pause) (young), 0.0109074 secs]
   [Parallel Time: 10.2 ms, GC Workers: 8]
      [GC Worker Start (ms): Min: 155008110.7, Avg: 155008110.8, Max: 155008110.8, Diff: 0.1]
      [Ext Root Scanning (ms): Min: 0.6, Avg: 0.7, Max: 0.8, Diff: 0.2, Sum: 5.5]
      [Update RS (ms): Min: 0.0, Avg: 0.4, Max: 0.6, Diff: 0.6, Sum: 2.9]
         [Processed Buffers: Min: 0, Avg: 5.1, Max: 9, Diff: 9, Sum: 41]
      [Scan RS (ms): Min: 0.0, Avg: 0.0, Max: 0.0, Diff: 0.0, Sum: 0.0]
      [Code Root Scanning (ms): Min: 0.0, Avg: 0.0, Max: 0.1, Diff: 0.1, Sum: 0.1]
      [Object Copy (ms): Min: 8.7, Avg: 8.9, Max: 9.2, Diff: 0.5, Sum: 71.3]
      [Termination (ms): Min: 0.0, Avg: 0.0, Max: 0.1, Diff: 0.1, Sum: 0.2]
         [Termination Attempts: Min: 1, Avg: 1.1, Max: 2, Diff: 1, Sum: 9]
      [GC Worker Other (ms): Min: 0.0, Avg: 0.0, Max: 0.0, Diff: 0.0, Sum: 0.1]
      [GC Worker Total (ms): Min: 10.0, Avg: 10.0, Max: 10.1, Diff: 0.1, Sum: 80.2]
      [GC Worker End (ms): Min: 155008120.8, Avg: 155008120.8, Max: 155008120.8, Diff: 0.0]
   [Code Root Fixup: 0.0 ms]
   [Code Root Purge: 0.0 ms]
   [Clear CT: 0.1 ms]
   [Other: 0.7 ms]
      [Choose CSet: 0.0 ms]
      [Ref Proc: 0.2 ms]
      [Ref Enq: 0.0 ms]
      [Redirty Cards: 0.1 ms]
      [Humongous Register: 0.0 ms]
      [Humongous Reclaim: 0.0 ms]
      [Free CSet: 0.1 ms]
   [Eden: 56320.0K(56320.0K)->0.0B(147.0M) Survivors: 4096.0K->6144.0K Heap: 220.9M(1024.0M)->167.8M(1024.0M)]
 [Times: user=0.03 sys=0.03, real=0.01 secs] 
2020-11-08T10:07:40.415+0800: 155238.567: [GC pause (G1 Evacuation Pause) (young), 0.0396851 secs]
   [Parallel Time: 33.5 ms, GC Workers: 8]
      [GC Worker Start (ms): Min: 155238566.8, Avg: 155238566.9, Max: 155238567.0, Diff: 0.2]
      [Ext Root Scanning (ms): Min: 0.0, Avg: 0.6, Max: 2.6, Diff: 2.6, Sum: 4.5]
      [Update RS (ms): Min: 0.0, Avg: 0.6, Max: 1.7, Diff: 1.7, Sum: 4.8]
         [Processed Buffers: Min: 0, Avg: 5.4, Max: 16, Diff: 16, Sum: 43]
      [Scan RS (ms): Min: 0.0, Avg: 0.0, Max: 0.1, Diff: 0.0, Sum: 0.1]
      [Code Root Scanning (ms): Min: 0.0, Avg: 0.0, Max: 0.1, Diff: 0.1, Sum: 0.1]
      [Object Copy (ms): Min: 0.0, Avg: 10.1, Max: 20.4, Diff: 20.4, Sum: 81.0]
      [Termination (ms): Min: 0.0, Avg: 5.6, Max: 10.8, Diff: 10.8, Sum: 44.7]
         [Termination Attempts: Min: 1, Avg: 1.0, Max: 1, Diff: 0, Sum: 8]
      [GC Worker Other (ms): Min: 0.0, Avg: 16.4, Max: 33.1, Diff: 33.1, Sum: 130.9]
      [GC Worker Total (ms): Min: 33.1, Avg: 33.3, Max: 33.4, Diff: 0.3, Sum: 266.2]
      [GC Worker End (ms): Min: 155238600.1, Avg: 155238600.2, Max: 155238600.3, Diff: 0.2]
   [Code Root Fixup: 0.0 ms]
   [Code Root Purge: 0.0 ms]
   [Clear CT: 0.1 ms]
   [Other: 6.0 ms]
      [Choose CSet: 0.0 ms]
      [Ref Proc: 4.9 ms]
      [Ref Enq: 0.0 ms]
      [Redirty Cards: 0.1 ms]
      [Humongous Register: 0.0 ms]
      [Humongous Reclaim: 0.0 ms]
      [Free CSet: 0.7 ms]
   [Eden: 147.0M(147.0M)->0.0B(47104.0K) Survivors: 6144.0K->5120.0K Heap: 314.8M(1024.0M)->166.6M(1024.0M)]
 [Times: user=0.09 sys=0.03, real=0.04 secs] 
2020-11-08T10:08:51.801+0800: 155309.952: [GC pause (G1 Evacuation Pause) (young), 0.0047060 secs]
   [Parallel Time: 4.0 ms, GC Workers: 8]
      [GC Worker Start (ms): Min: 155309952.4, Avg: 155309952.6, Max: 155309952.7, Diff: 0.3]
      [Ext Root Scanning (ms): Min: 0.2, Avg: 0.5, Max: 1.0, Diff: 0.8, Sum: 3.6]
      [Update RS (ms): Min: 0.0, Avg: 0.5, Max: 1.1, Diff: 1.1, Sum: 4.4]
         [Processed Buffers: Min: 0, Avg: 5.0, Max: 17, Diff: 17, Sum: 40]
      [Scan RS (ms): Min: 0.0, Avg: 0.0, Max: 0.0, Diff: 0.0, Sum: 0.1]
      [Code Root Scanning (ms): Min: 0.0, Avg: 0.0, Max: 0.2, Diff: 0.2, Sum: 0.2]
      [Object Copy (ms): Min: 2.2, Avg: 2.7, Max: 2.9, Diff: 0.7, Sum: 21.4]
      [Termination (ms): Min: 0.0, Avg: 0.0, Max: 0.0, Diff: 0.0, Sum: 0.0]
         [Termination Attempts: Min: 1, Avg: 1.0, Max: 1, Diff: 0, Sum: 8]
      [GC Worker Other (ms): Min: 0.0, Avg: 0.0, Max: 0.1, Diff: 0.1, Sum: 0.3]
      [GC Worker Total (ms): Min: 3.6, Avg: 3.7, Max: 3.9, Diff: 0.3, Sum: 29.9]
      [GC Worker End (ms): Min: 155309956.3, Avg: 155309956.3, Max: 155309956.4, Diff: 0.0]
   [Code Root Fixup: 0.0 ms]
   [Code Root Purge: 0.0 ms]
   [Clear CT: 0.1 ms]
   [Other: 0.6 ms]
      [Choose CSet: 0.0 ms]
      [Ref Proc: 0.2 ms]
      [Ref Enq: 0.0 ms]
      [Redirty Cards: 0.1 ms]
      [Humongous Register: 0.0 ms]
      [Humongous Reclaim: 0.0 ms]
      [Free CSet: 0.0 ms]
   [Eden: 47104.0K(47104.0K)->0.0B(61440.0K) Survivors: 5120.0K->5120.0K Heap: 212.6M(1024.0M)->167.1M(1024.0M)]
 [Times: user=0.03 sys=0.01, real=0.00 secs] 
2020-11-08T10:10:23.732+0800: 155401.883: [GC pause (G1 Evacuation Pause) (young), 0.0057329 secs]
   [Parallel Time: 4.9 ms, GC Workers: 8]
      [GC Worker Start (ms): Min: 155401883.3, Avg: 155401883.4, Max: 155401883.5, Diff: 0.2]
      [Ext Root Scanning (ms): Min: 0.2, Avg: 0.3, Max: 0.6, Diff: 0.4, Sum: 2.6]
      [Update RS (ms): Min: 0.0, Avg: 0.5, Max: 0.8, Diff: 0.8, Sum: 4.3]
         [Processed Buffers: Min: 0, Avg: 5.4, Max: 20, Diff: 20, Sum: 43]
      [Scan RS (ms): Min: 0.0, Avg: 0.0, Max: 0.0, Diff: 0.0, Sum: 0.1]
      [Code Root Scanning (ms): Min: 0.0, Avg: 0.0, Max: 0.1, Diff: 0.1, Sum: 0.1]
      [Object Copy (ms): Min: 3.1, Avg: 3.4, Max: 3.9, Diff: 0.8, Sum: 26.8]
      [Termination (ms): Min: 0.0, Avg: 0.4, Max: 0.5, Diff: 0.5, Sum: 3.4]
         [Termination Attempts: Min: 1, Avg: 1.0, Max: 1, Diff: 0, Sum: 8]
      [GC Worker Other (ms): Min: 0.0, Avg: 0.0, Max: 0.0, Diff: 0.0, Sum: 0.1]
      [GC Worker Total (ms): Min: 4.6, Avg: 4.7, Max: 4.8, Diff: 0.2, Sum: 37.5]
      [GC Worker End (ms): Min: 155401888.0, Avg: 155401888.1, Max: 155401888.1, Diff: 0.2]
   [Code Root Fixup: 0.0 ms]
   [Code Root Purge: 0.0 ms]
   [Clear CT: 0.2 ms]
   [Other: 0.7 ms]
      [Choose CSet: 0.0 ms]
      [Ref Proc: 0.2 ms]
      [Ref Enq: 0.0 ms]
      [Redirty Cards: 0.1 ms]
      [Humongous Register: 0.0 ms]
      [Humongous Reclaim: 0.0 ms]
      [Free CSet: 0.1 ms]
   [Eden: 60416.0K(60416.0K)->0.0B(246.0M) Survivors: 5120.0K->8192.0K Heap: 226.1M(1024.0M)->169.7M(1024.0M)]
 [Times: user=0.03 sys=0.00, real=0.00 secs] 
2020-11-08T10:16:52.085+0800: 155790.234: [GC pause (G1 Evacuation Pause) (young), 0.0039863 secs]
   [Parallel Time: 3.3 ms, GC Workers: 8]
      [GC Worker Start (ms): Min: 155790234.4, Avg: 155790234.4, Max: 155790234.5, Diff: 0.1]
      [Ext Root Scanning (ms): Min: 0.2, Avg: 0.3, Max: 0.5, Diff: 0.3, Sum: 2.5]
      [Update RS (ms): Min: 0.2, Avg: 0.5, Max: 0.6, Diff: 0.4, Sum: 3.6]
         [Processed Buffers: Min: 1, Avg: 5.5, Max: 18, Diff: 17, Sum: 44]
      [Scan RS (ms): Min: 0.0, Avg: 0.0, Max: 0.1, Diff: 0.1, Sum: 0.2]
      [Code Root Scanning (ms): Min: 0.0, Avg: 0.0, Max: 0.1, Diff: 0.1, Sum: 0.2]
      [Object Copy (ms): Min: 2.2, Avg: 2.3, Max: 2.3, Diff: 0.1, Sum: 18.4]
      [Termination (ms): Min: 0.0, Avg: 0.0, Max: 0.0, Diff: 0.0, Sum: 0.0]
         [Termination Attempts: Min: 1, Avg: 1.0, Max: 1, Diff: 0, Sum: 8]
      [GC Worker Other (ms): Min: 0.0, Avg: 0.0, Max: 0.1, Diff: 0.0, Sum: 0.3]
      [GC Worker Total (ms): Min: 3.1, Avg: 3.2, Max: 3.2, Diff: 0.1, Sum: 25.2]
      [GC Worker End (ms): Min: 155790237.6, Avg: 155790237.6, Max: 155790237.6, Diff: 0.0]
   [Code Root Fixup: 0.0 ms]
   [Code Root Purge: 0.0 ms]
   [Clear CT: 0.1 ms]
   [Other: 0.6 ms]
      [Choose CSet: 0.0 ms]
      [Ref Proc: 0.2 ms]
      [Ref Enq: 0.0 ms]
      [Redirty Cards: 0.1 ms]
      [Humongous Register: 0.0 ms]
      [Humongous Reclaim: 0.0 ms]
      [Free CSet: 0.1 ms]
   [Eden: 246.0M(246.0M)->0.0B(598.0M) Survivors: 8192.0K->5120.0K Heap: 415.7M(1024.0M)->167.1M(1024.0M)]
 [Times: user=0.03 sys=0.00, real=0.00 secs] 
2020-11-08T10:32:35.125+0800: 156733.270: [GC pause (G1 Evacuation Pause) (young), 0.0368065 secs]
   [Parallel Time: 28.4 ms, GC Workers: 8]
      [GC Worker Start (ms): Min: 156733274.4, Avg: 156733274.6, Max: 156733274.8, Diff: 0.4]
      [Ext Root Scanning (ms): Min: 2.1, Avg: 3.5, Max: 11.3, Diff: 9.1, Sum: 27.8]
      [Update RS (ms): Min: 0.0, Avg: 4.7, Max: 7.4, Diff: 7.4, Sum: 37.6]
         [Processed Buffers: Min: 0, Avg: 5.6, Max: 24, Diff: 24, Sum: 45]
      [Scan RS (ms): Min: 0.0, Avg: 0.2, Max: 1.0, Diff: 1.0, Sum: 1.6]
      [Code Root Scanning (ms): Min: 0.0, Avg: 0.1, Max: 0.6, Diff: 0.6, Sum: 1.0]
      [Object Copy (ms): Min: 15.6, Avg: 18.7, Max: 20.2, Diff: 4.6, Sum: 149.3]
      [Termination (ms): Min: 0.0, Avg: 0.5, Max: 1.0, Diff: 1.0, Sum: 4.0]
         [Termination Attempts: Min: 1, Avg: 1.0, Max: 1, Diff: 0, Sum: 8]
      [GC Worker Other (ms): Min: 0.0, Avg: 0.1, Max: 0.3, Diff: 0.3, Sum: 0.9]
      [GC Worker Total (ms): Min: 27.5, Avg: 27.8, Max: 28.0, Diff: 0.5, Sum: 222.2]
      [GC Worker End (ms): Min: 156733302.3, Avg: 156733302.4, Max: 156733302.7, Diff: 0.4]
   [Code Root Fixup: 0.0 ms]
   [Code Root Purge: 0.0 ms]
   [Clear CT: 0.3 ms]
   [Other: 8.1 ms]
      [Choose CSet: 0.0 ms]
      [Ref Proc: 2.0 ms]
      [Ref Enq: 0.0 ms]
      [Redirty Cards: 0.1 ms]
      [Humongous Register: 1.0 ms]
      [Humongous Reclaim: 0.0 ms]
      [Free CSet: 1.7 ms]
   [Eden: 598.0M(598.0M)->0.0B(133.0M) Survivors: 5120.0K->7168.0K Heap: 765.1M(1024.0M)->169.1M(1024.0M)]
 [Times: user=0.05 sys=0.09, real=0.04 secs] 
2020-11-08T10:36:02.909+0800: 156941.052: [GC pause (G1 Evacuation Pause) (young), 0.0129383 secs]
   [Parallel Time: 12.1 ms, GC Workers: 8]
      [GC Worker Start (ms): Min: 156941052.1, Avg: 156941052.2, Max: 156941052.3, Diff: 0.2]
      [Ext Root Scanning (ms): Min: 0.0, Avg: 0.5, Max: 1.1, Diff: 1.1, Sum: 3.7]
      [Update RS (ms): Min: 0.0, Avg: 0.7, Max: 2.0, Diff: 2.0, Sum: 5.3]
         [Processed Buffers: Min: 0, Avg: 5.4, Max: 15, Diff: 15, Sum: 43]
      [Scan RS (ms): Min: 0.0, Avg: 0.0, Max: 0.0, Diff: 0.0, Sum: 0.1]
      [Code Root Scanning (ms): Min: 0.0, Avg: 0.0, Max: 0.1, Diff: 0.1, Sum: 0.1]
      [Object Copy (ms): Min: 9.5, Avg: 10.6, Max: 10.9, Diff: 1.3, Sum: 84.8]
      [Termination (ms): Min: 0.0, Avg: 0.0, Max: 0.0, Diff: 0.0, Sum: 0.0]
         [Termination Attempts: Min: 1, Avg: 1.4, Max: 2, Diff: 1, Sum: 11]
      [GC Worker Other (ms): Min: 0.0, Avg: 0.2, Max: 0.8, Diff: 0.8, Sum: 1.2]
      [GC Worker Total (ms): Min: 11.8, Avg: 11.9, Max: 12.0, Diff: 0.2, Sum: 95.3]
      [GC Worker End (ms): Min: 156941064.1, Avg: 156941064.1, Max: 156941064.2, Diff: 0.0]
   [Code Root Fixup: 0.0 ms]
   [Code Root Purge: 0.0 ms]
   [Clear CT: 0.1 ms]
   [Other: 0.7 ms]
      [Choose CSet: 0.0 ms]
      [Ref Proc: 0.2 ms]
      [Ref Enq: 0.0 ms]
      [Redirty Cards: 0.1 ms]
      [Humongous Register: 0.0 ms]
      [Humongous Reclaim: 0.0 ms]
      [Free CSet: 0.1 ms]
   [Eden: 133.0M(133.0M)->0.0B(247.0M) Survivors: 7168.0K->5120.0K Heap: 302.1M(1024.0M)->166.8M(1024.0M)]
 [Times: user=0.03 sys=0.04, real=0.02 secs] 
2020-11-08T10:42:35.248+0800: 157333.389: [GC pause (G1 Evacuation Pause) (young), 0.0089605 secs]
   [Parallel Time: 8.0 ms, GC Workers: 8]
      [GC Worker Start (ms): Min: 157333388.8, Avg: 157333388.8, Max: 157333388.9, Diff: 0.1]
      [Ext Root Scanning (ms): Min: 0.3, Avg: 0.4, Max: 0.6, Diff: 0.3, Sum: 3.2]
      [Update RS (ms): Min: 0.0, Avg: 0.6, Max: 1.0, Diff: 1.0, Sum: 5.1]
         [Processed Buffers: Min: 0, Avg: 5.5, Max: 15, Diff: 15, Sum: 44]
      [Scan RS (ms): Min: 0.0, Avg: 0.0, Max: 0.1, Diff: 0.1, Sum: 0.3]
      [Code Root Scanning (ms): Min: 0.0, Avg: 0.0, Max: 0.2, Diff: 0.2, Sum: 0.4]
      [Object Copy (ms): Min: 6.3, Avg: 6.6, Max: 7.2, Diff: 0.9, Sum: 52.7]
      [Termination (ms): Min: 0.0, Avg: 0.0, Max: 0.1, Diff: 0.1, Sum: 0.3]
         [Termination Attempts: Min: 1, Avg: 1.0, Max: 1, Diff: 0, Sum: 8]
      [GC Worker Other (ms): Min: 0.0, Avg: 0.1, Max: 0.1, Diff: 0.1, Sum: 0.4]
      [GC Worker Total (ms): Min: 7.7, Avg: 7.8, Max: 7.9, Diff: 0.1, Sum: 62.4]
      [GC Worker End (ms): Min: 157333396.6, Avg: 157333396.6, Max: 157333396.6, Diff: 0.0]
   [Code Root Fixup: 0.0 ms]
   [Code Root Purge: 0.0 ms]
   [Clear CT: 0.2 ms]
   [Other: 0.8 ms]
      [Choose CSet: 0.0 ms]
      [Ref Proc: 0.4 ms]
      [Ref Enq: 0.0 ms]
      [Redirty Cards: 0.1 ms]
      [Humongous Register: 0.0 ms]
      [Humongous Reclaim: 0.0 ms]
      [Free CSet: 0.1 ms]
   [Eden: 247.0M(247.0M)->0.0B(552.0M) Survivors: 5120.0K->6144.0K Heap: 413.8M(1024.0M)->168.0M(1024.0M)]
 [Times: user=0.03 sys=0.01, real=0.01 secs] 
2020-11-08T10:57:08.527+0800: 158206.664: [GC pause (G1 Evacuation Pause) (young), 0.0446114 secs]
   [Parallel Time: 38.7 ms, GC Workers: 8]
      [GC Worker Start (ms): Min: 158206668.9, Avg: 158206669.6, Max: 158206670.2, Diff: 1.3]
      [Ext Root Scanning (ms): Min: 2.0, Avg: 3.8, Max: 8.3, Diff: 6.3, Sum: 30.8]
      [Update RS (ms): Min: 0.0, Avg: 2.5, Max: 3.4, Diff: 3.4, Sum: 19.8]
         [Processed Buffers: Min: 0, Avg: 5.8, Max: 31, Diff: 31, Sum: 46]
      [Scan RS (ms): Min: 0.0, Avg: 0.1, Max: 0.4, Diff: 0.4, Sum: 1.1]
      [Code Root Scanning (ms): Min: 0.0, Avg: 0.0, Max: 0.1, Diff: 0.1, Sum: 0.2]
      [Object Copy (ms): Min: 28.5, Avg: 29.4, Max: 30.4, Diff: 1.9, Sum: 235.0]
      [Termination (ms): Min: 0.0, Avg: 0.4, Max: 0.6, Diff: 0.6, Sum: 2.9]
         [Termination Attempts: Min: 1, Avg: 1.0, Max: 1, Diff: 0, Sum: 8]
      [GC Worker Other (ms): Min: 0.0, Avg: 0.4, Max: 1.7, Diff: 1.7, Sum: 3.3]
      [GC Worker Total (ms): Min: 35.9, Avg: 36.6, Max: 37.3, Diff: 1.4, Sum: 293.2]
      [GC Worker End (ms): Min: 158206706.1, Avg: 158206706.3, Max: 158206706.7, Diff: 0.6]
   [Code Root Fixup: 0.0 ms]
   [Code Root Purge: 0.0 ms]
   [Clear CT: 0.2 ms]
   [Other: 5.7 ms]
      [Choose CSet: 0.0 ms]
      [Ref Proc: 0.3 ms]
      [Ref Enq: 0.0 ms]
      [Redirty Cards: 0.1 ms]
      [Humongous Register: 3.9 ms]
      [Humongous Reclaim: 0.0 ms]
      [Free CSet: 0.7 ms]
   [Eden: 552.0M(552.0M)->0.0B(46080.0K) Survivors: 6144.0K->6144.0K Heap: 720.0M(1024.0M)->168.1M(1024.0M)]
 [Times: user=0.03 sys=0.09, real=0.05 secs] 
2020-11-08T10:58:19.028+0800: 158277.164: [GC pause (G1 Evacuation Pause) (young), 0.0127962 secs]
   [Parallel Time: 11.8 ms, GC Workers: 8]
      [GC Worker Start (ms): Min: 158277164.5, Avg: 158277164.6, Max: 158277164.6, Diff: 0.1]
      [Ext Root Scanning (ms): Min: 0.4, Avg: 0.7, Max: 2.0, Diff: 1.6, Sum: 5.3]
      [Update RS (ms): Min: 0.0, Avg: 0.7, Max: 1.6, Diff: 1.6, Sum: 5.5]
         [Processed Buffers: Min: 0, Avg: 5.2, Max: 18, Diff: 18, Sum: 42]
      [Scan RS (ms): Min: 0.0, Avg: 0.0, Max: 0.0, Diff: 0.0, Sum: 0.0]
      [Code Root Scanning (ms): Min: 0.0, Avg: 0.0, Max: 0.1, Diff: 0.1, Sum: 0.1]
      [Object Copy (ms): Min: 9.6, Avg: 10.2, Max: 10.6, Diff: 1.0, Sum: 81.9]
      [Termination (ms): Min: 0.0, Avg: 0.0, Max: 0.1, Diff: 0.1, Sum: 0.4]
         [Termination Attempts: Min: 1, Avg: 1.5, Max: 3, Diff: 2, Sum: 12]
      [GC Worker Other (ms): Min: 0.0, Avg: 0.0, Max: 0.0, Diff: 0.0, Sum: 0.2]
      [GC Worker Total (ms): Min: 11.6, Avg: 11.7, Max: 11.7, Diff: 0.1, Sum: 93.4]
      [GC Worker End (ms): Min: 158277176.2, Avg: 158277176.3, Max: 158277176.3, Diff: 0.0]
   [Code Root Fixup: 0.0 ms]
   [Code Root Purge: 0.0 ms]
   [Clear CT: 0.2 ms]
   [Other: 0.8 ms]
      [Choose CSet: 0.0 ms]
      [Ref Proc: 0.2 ms]
      [Ref Enq: 0.0 ms]
      [Redirty Cards: 0.2 ms]
      [Humongous Register: 0.1 ms]
      [Humongous Reclaim: 0.0 ms]
      [Free CSet: 0.1 ms]
   [Eden: 46080.0K(46080.0K)->0.0B(79872.0K) Survivors: 6144.0K->5120.0K Heap: 213.1M(1024.0M)->166.8M(1024.0M)]
 [Times: user=0.03 sys=0.04, real=0.02 secs] 
2020-11-08T11:00:20.255+0800: 158398.391: [GC pause (G1 Evacuation Pause) (young), 0.0120391 secs]
   [Parallel Time: 10.9 ms, GC Workers: 8]
      [GC Worker Start (ms): Min: 158398391.0, Avg: 158398391.1, Max: 158398391.2, Diff: 0.2]
      [Ext Root Scanning (ms): Min: 0.3, Avg: 0.4, Max: 0.6, Diff: 0.3, Sum: 3.0]
      [Update RS (ms): Min: 0.3, Avg: 0.5, Max: 0.6, Diff: 0.3, Sum: 3.8]
         [Processed Buffers: Min: 1, Avg: 5.2, Max: 17, Diff: 16, Sum: 42]
      [Scan RS (ms): Min: 0.0, Avg: 0.0, Max: 0.0, Diff: 0.0, Sum: 0.1]
      [Code Root Scanning (ms): Min: 0.0, Avg: 0.0, Max: 0.1, Diff: 0.1, Sum: 0.2]
      [Object Copy (ms): Min: 9.7, Avg: 9.8, Max: 9.9, Diff: 0.2, Sum: 78.6]
      [Termination (ms): Min: 0.0, Avg: 0.0, Max: 0.1, Diff: 0.1, Sum: 0.2]
         [Termination Attempts: Min: 1, Avg: 1.0, Max: 1, Diff: 0, Sum: 8]
      [GC Worker Other (ms): Min: 0.0, Avg: 0.0, Max: 0.1, Diff: 0.0, Sum: 0.2]
      [GC Worker Total (ms): Min: 10.7, Avg: 10.7, Max: 10.8, Diff: 0.2, Sum: 86.0]
      [GC Worker End (ms): Min: 158398401.9, Avg: 158398401.9, Max: 158398401.9, Diff: 0.0]
   [Code Root Fixup: 0.0 ms]
   [Code Root Purge: 0.0 ms]
   [Clear CT: 0.1 ms]
   [Other: 1.0 ms]
      [Choose CSet: 0.0 ms]
      [Ref Proc: 0.2 ms]
      [Ref Enq: 0.0 ms]
      [Redirty Cards: 0.1 ms]
      [Humongous Register: 0.3 ms]
      [Humongous Reclaim: 0.0 ms]
      [Free CSet: 0.1 ms]
   [Eden: 78848.0K(78848.0K)->0.0B(220.0M) Survivors: 5120.0K->8192.0K Heap: 243.8M(1024.0M)->169.7M(1024.0M)]
 [Times: user=0.03 sys=0.03, real=0.01 secs] 
2020-11-08T11:06:33.221+0800: 158771.354: [GC pause (G1 Evacuation Pause) (young), 0.0132894 secs]
   [Parallel Time: 9.5 ms, GC Workers: 8]
      [GC Worker Start (ms): Min: 158771356.1, Avg: 158771356.2, Max: 158771356.2, Diff: 0.1]
      [Ext Root Scanning (ms): Min: 0.0, Avg: 0.5, Max: 1.0, Diff: 1.0, Sum: 4.0]
      [Update RS (ms): Min: 0.2, Avg: 0.7, Max: 1.4, Diff: 1.2, Sum: 5.5]
         [Processed Buffers: Min: 1, Avg: 5.5, Max: 26, Diff: 25, Sum: 44]
      [Scan RS (ms): Min: 0.0, Avg: 0.0, Max: 0.1, Diff: 0.1, Sum: 0.2]
      [Code Root Scanning (ms): Min: 0.0, Avg: 0.0, Max: 0.1, Diff: 0.1, Sum: 0.1]
      [Object Copy (ms): Min: 6.5, Avg: 7.5, Max: 7.9, Diff: 1.4, Sum: 59.7]
      [Termination (ms): Min: 0.0, Avg: 0.3, Max: 0.7, Diff: 0.7, Sum: 2.1]
         [Termination Attempts: Min: 1, Avg: 1.1, Max: 2, Diff: 1, Sum: 9]
      [GC Worker Other (ms): Min: 0.0, Avg: 0.3, Max: 1.0, Diff: 0.9, Sum: 2.6]
      [GC Worker Total (ms): Min: 9.2, Avg: 9.3, Max: 9.3, Diff: 0.1, Sum: 74.3]
      [GC Worker End (ms): Min: 158771365.5, Avg: 158771365.5, Max: 158771365.5, Diff: 0.0]
   [Code Root Fixup: 0.0 ms]
   [Code Root Purge: 0.0 ms]
   [Clear CT: 0.1 ms]
   [Other: 3.7 ms]
      [Choose CSet: 0.0 ms]
      [Ref Proc: 0.9 ms]
      [Ref Enq: 0.0 ms]
      [Redirty Cards: 0.1 ms]
      [Humongous Register: 1.1 ms]
      [Humongous Reclaim: 0.0 ms]
      [Free CSet: 0.2 ms]
   [Eden: 220.0M(220.0M)->0.0B(357.0M) Survivors: 8192.0K->4096.0K Heap: 389.7M(1024.0M)->166.3M(1024.0M)]
 [Times: user=0.02 sys=0.03, real=0.01 secs] 
2020-11-08T11:17:04.761+0800: 159402.891: [GC pause (G1 Evacuation Pause) (young), 0.0195718 secs]
   [Parallel Time: 18.6 ms, GC Workers: 8]
      [GC Worker Start (ms): Min: 159402891.4, Avg: 159402891.5, Max: 159402891.5, Diff: 0.2]
      [Ext Root Scanning (ms): Min: 0.0, Avg: 3.2, Max: 7.4, Diff: 7.4, Sum: 25.8]
      [Update RS (ms): Min: 1.0, Avg: 1.4, Max: 2.2, Diff: 1.2, Sum: 11.5]
         [Processed Buffers: Min: 1, Avg: 5.8, Max: 12, Diff: 11, Sum: 46]
      [Scan RS (ms): Min: 0.0, Avg: 0.1, Max: 0.1, Diff: 0.1, Sum: 0.4]
      [Code Root Scanning (ms): Min: 0.0, Avg: 0.1, Max: 0.7, Diff: 0.7, Sum: 0.7]
      [Object Copy (ms): Min: 8.8, Avg: 9.3, Max: 10.0, Diff: 1.2, Sum: 74.5]
      [Termination (ms): Min: 0.0, Avg: 0.2, Max: 0.2, Diff: 0.2, Sum: 1.3]
         [Termination Attempts: Min: 1, Avg: 1.8, Max: 3, Diff: 2, Sum: 14]
      [GC Worker Other (ms): Min: 0.0, Avg: 4.1, Max: 7.7, Diff: 7.7, Sum: 32.8]
      [GC Worker Total (ms): Min: 18.3, Avg: 18.4, Max: 18.5, Diff: 0.2, Sum: 147.0]
      [GC Worker End (ms): Min: 159402909.8, Avg: 159402909.8, Max: 159402909.9, Diff: 0.1]
   [Code Root Fixup: 0.0 ms]
   [Code Root Purge: 0.0 ms]
   [Clear CT: 0.1 ms]
   [Other: 0.9 ms]
      [Choose CSet: 0.0 ms]
      [Ref Proc: 0.3 ms]
      [Ref Enq: 0.0 ms]
      [Redirty Cards: 0.1 ms]
      [Humongous Register: 0.0 ms]
      [Humongous Reclaim: 0.0 ms]
      [Free CSet: 0.3 ms]
   [Eden: 356.0M(356.0M)->0.0B(367.0M) Survivors: 4096.0K->5120.0K Heap: 522.3M(1024.0M)->167.3M(1024.0M)]
 [Times: user=0.02 sys=0.03, real=0.02 secs] 
2020-11-08T11:28:55.992+0800: 160114.119: [GC pause (G1 Evacuation Pause) (young), 0.0484938 secs]
   [Parallel Time: 18.1 ms, GC Workers: 8]
      [GC Worker Start (ms): Min: 160114126.3, Avg: 160114126.7, Max: 160114127.7, Diff: 1.4]
      [Ext Root Scanning (ms): Min: 2.3, Avg: 3.7, Max: 8.0, Diff: 5.7, Sum: 29.4]
      [Update RS (ms): Min: 0.0, Avg: 2.7, Max: 4.3, Diff: 4.3, Sum: 21.7]
         [Processed Buffers: Min: 0, Avg: 5.6, Max: 20, Diff: 20, Sum: 45]
      [Scan RS (ms): Min: 0.0, Avg: 0.0, Max: 0.1, Diff: 0.1, Sum: 0.3]
      [Code Root Scanning (ms): Min: 0.0, Avg: 0.2, Max: 1.4, Diff: 1.4, Sum: 1.4]
      [Object Copy (ms): Min: 9.1, Avg: 10.1, Max: 11.3, Diff: 2.2, Sum: 80.9]
      [Termination (ms): Min: 0.0, Avg: 0.5, Max: 0.7, Diff: 0.7, Sum: 4.0]
         [Termination Attempts: Min: 1, Avg: 1.0, Max: 1, Diff: 0, Sum: 8]
      [GC Worker Other (ms): Min: 0.0, Avg: 0.2, Max: 1.1, Diff: 1.1, Sum: 1.4]
      [GC Worker Total (ms): Min: 16.3, Avg: 17.4, Max: 17.9, Diff: 1.6, Sum: 139.0]
      [GC Worker End (ms): Min: 160114144.0, Avg: 160114144.1, Max: 160114144.2, Diff: 0.2]
   [Code Root Fixup: 0.0 ms]
   [Code Root Purge: 0.0 ms]
   [Clear CT: 0.1 ms]
   [Other: 30.3 ms]
      [Choose CSet: 0.0 ms]
      [Ref Proc: 20.1 ms]
      [Ref Enq: 0.0 ms]
      [Redirty Cards: 0.2 ms]
      [Humongous Register: 3.1 ms]
      [Humongous Reclaim: 0.0 ms]
      [Free CSet: 2.1 ms]
   [Eden: 367.0M(367.0M)->0.0B(47104.0K) Survivors: 5120.0K->5120.0K Heap: 534.3M(1024.0M)->166.9M(1024.0M)]
 [Times: user=0.16 sys=0.07, real=0.05 secs] 
2020-11-08T11:30:25.331+0800: 160203.457: [GC pause (G1 Evacuation Pause) (young), 0.0052078 secs]
   [Parallel Time: 4.3 ms, GC Workers: 8]
      [GC Worker Start (ms): Min: 160203457.2, Avg: 160203457.3, Max: 160203457.3, Diff: 0.2]
      [Ext Root Scanning (ms): Min: 0.3, Avg: 0.6, Max: 1.2, Diff: 0.8, Sum: 4.5]
      [Update RS (ms): Min: 0.1, Avg: 0.6, Max: 0.8, Diff: 0.8, Sum: 4.8]
         [Processed Buffers: Min: 2, Avg: 5.8, Max: 13, Diff: 11, Sum: 46]
      [Scan RS (ms): Min: 0.0, Avg: 0.0, Max: 0.0, Diff: 0.0, Sum: 0.1]
      [Code Root Scanning (ms): Min: 0.0, Avg: 0.0, Max: 0.0, Diff: 0.0, Sum: 0.0]
      [Object Copy (ms): Min: 2.8, Avg: 2.9, Max: 3.0, Diff: 0.2, Sum: 23.5]
      [Termination (ms): Min: 0.0, Avg: 0.0, Max: 0.0, Diff: 0.0, Sum: 0.1]
         [Termination Attempts: Min: 1, Avg: 1.4, Max: 2, Diff: 1, Sum: 11]
      [GC Worker Other (ms): Min: 0.0, Avg: 0.0, Max: 0.1, Diff: 0.1, Sum: 0.2]
      [GC Worker Total (ms): Min: 4.1, Avg: 4.1, Max: 4.2, Diff: 0.2, Sum: 33.1]
      [GC Worker End (ms): Min: 160203461.4, Avg: 160203461.4, Max: 160203461.4, Diff: 0.0]
   [Code Root Fixup: 0.0 ms]
   [Code Root Purge: 0.0 ms]
   [Clear CT: 0.2 ms]
   [Other: 0.7 ms]
      [Choose CSet: 0.0 ms]
      [Ref Proc: 0.2 ms]
      [Ref Enq: 0.0 ms]
      [Redirty Cards: 0.1 ms]
      [Humongous Register: 0.0 ms]
      [Humongous Reclaim: 0.0 ms]
      [Free CSet: 0.1 ms]
   [Eden: 47104.0K(47104.0K)->0.0B(46080.0K) Survivors: 5120.0K->6144.0K Heap: 212.9M(1024.0M)->168.3M(1024.0M)]
 [Times: user=0.02 sys=0.01, real=0.00 secs] 
2020-11-08T11:31:52.947+0800: 160291.073: [GC pause (G1 Evacuation Pause) (young), 0.0076255 secs]
   [Parallel Time: 6.9 ms, GC Workers: 8]
      [GC Worker Start (ms): Min: 160291073.4, Avg: 160291073.4, Max: 160291073.5, Diff: 0.1]
      [Ext Root Scanning (ms): Min: 0.3, Avg: 0.4, Max: 0.7, Diff: 0.5, Sum: 3.1]
      [Update RS (ms): Min: 0.0, Avg: 0.4, Max: 0.6, Diff: 0.6, Sum: 3.0]
         [Processed Buffers: Min: 0, Avg: 5.1, Max: 9, Diff: 9, Sum: 41]
      [Scan RS (ms): Min: 0.0, Avg: 0.0, Max: 0.0, Diff: 0.0, Sum: 0.0]
      [Code Root Scanning (ms): Min: 0.0, Avg: 0.0, Max: 0.0, Diff: 0.0, Sum: 0.0]
      [Object Copy (ms): Min: 5.8, Avg: 6.0, Max: 6.4, Diff: 0.6, Sum: 47.7]
      [Termination (ms): Min: 0.0, Avg: 0.0, Max: 0.0, Diff: 0.0, Sum: 0.1]
         [Termination Attempts: Min: 1, Avg: 1.1, Max: 2, Diff: 1, Sum: 9]
      [GC Worker Other (ms): Min: 0.0, Avg: 0.0, Max: 0.1, Diff: 0.1, Sum: 0.2]
      [GC Worker Total (ms): Min: 6.7, Avg: 6.8, Max: 6.8, Diff: 0.1, Sum: 54.1]
      [GC Worker End (ms): Min: 160291080.2, Avg: 160291080.2, Max: 160291080.2, Diff: 0.0]
   [Code Root Fixup: 0.0 ms]
   [Code Root Purge: 0.0 ms]
   [Clear CT: 0.1 ms]
   [Other: 0.7 ms]
      [Choose CSet: 0.0 ms]
      [Ref Proc: 0.2 ms]
      [Ref Enq: 0.0 ms]
      [Redirty Cards: 0.1 ms]
      [Humongous Register: 0.1 ms]
      [Humongous Reclaim: 0.0 ms]
      [Free CSet: 0.1 ms]
   [Eden: 46080.0K(46080.0K)->0.0B(101376.0K) Survivors: 6144.0K->7168.0K Heap: 213.3M(1024.0M)->169.5M(1024.0M)]
 [Times: user=0.03 sys=0.02, real=0.01 secs] 
2020-11-08T11:35:03.963+0800: 160482.087: [GC pause (G1 Evacuation Pause) (young), 0.0131679 secs]
   [Parallel Time: 11.7 ms, GC Workers: 8]
      [GC Worker Start (ms): Min: 160482087.9, Avg: 160482088.2, Max: 160482088.8, Diff: 0.9]
      [Ext Root Scanning (ms): Min: 0.0, Avg: 1.2, Max: 6.1, Diff: 6.1, Sum: 9.6]
      [Update RS (ms): Min: 0.0, Avg: 0.5, Max: 1.0, Diff: 1.0, Sum: 3.7]
         [Processed Buffers: Min: 0, Avg: 5.4, Max: 20, Diff: 20, Sum: 43]
      [Scan RS (ms): Min: 0.0, Avg: 0.0, Max: 0.0, Diff: 0.0, Sum: 0.1]
      [Code Root Scanning (ms): Min: 0.0, Avg: 0.0, Max: 0.0, Diff: 0.0, Sum: 0.0]
      [Object Copy (ms): Min: 4.5, Avg: 8.9, Max: 10.1, Diff: 5.6, Sum: 70.8]
      [Termination (ms): Min: 0.0, Avg: 0.6, Max: 0.8, Diff: 0.8, Sum: 4.6]
         [Termination Attempts: Min: 1, Avg: 1.0, Max: 1, Diff: 0, Sum: 8]
      [GC Worker Other (ms): Min: 0.0, Avg: 0.0, Max: 0.0, Diff: 0.0, Sum: 0.1]
      [GC Worker Total (ms): Min: 10.6, Avg: 11.1, Max: 11.4, Diff: 0.8, Sum: 89.0]
      [GC Worker End (ms): Min: 160482099.3, Avg: 160482099.4, Max: 160482099.4, Diff: 0.1]
   [Code Root Fixup: 0.0 ms]
   [Code Root Purge: 0.0 ms]
   [Clear CT: 0.1 ms]
   [Other: 1.3 ms]
      [Choose CSet: 0.0 ms]
      [Ref Proc: 0.7 ms]
      [Ref Enq: 0.0 ms]
      [Redirty Cards: 0.1 ms]
      [Humongous Register: 0.2 ms]
      [Humongous Reclaim: 0.0 ms]
      [Free CSet: 0.1 ms]
   [Eden: 101376.0K(101376.0K)->0.0B(229.0M) Survivors: 7168.0K->5120.0K Heap: 268.5M(1024.0M)->167.0M(1024.0M)]
 [Times: user=0.03 sys=0.02, real=0.01 secs] 
2020-11-08T11:42:28.217+0800: 160926.340: [GC pause (G1 Evacuation Pause) (young), 0.0118717 secs]
   [Parallel Time: 10.0 ms, GC Workers: 8]
      [GC Worker Start (ms): Min: 160926339.7, Avg: 160926339.8, Max: 160926339.9, Diff: 0.2]
      [Ext Root Scanning (ms): Min: 0.3, Avg: 0.5, Max: 1.2, Diff: 0.9, Sum: 3.9]
      [Update RS (ms): Min: 0.0, Avg: 0.3, Max: 0.6, Diff: 0.6, Sum: 2.8]
         [Processed Buffers: Min: 0, Avg: 5.5, Max: 12, Diff: 12, Sum: 44]
      [Scan RS (ms): Min: 0.0, Avg: 0.0, Max: 0.1, Diff: 0.0, Sum: 0.2]
      [Code Root Scanning (ms): Min: 0.0, Avg: 0.0, Max: 0.0, Diff: 0.0, Sum: 0.0]
      [Object Copy (ms): Min: 8.5, Avg: 8.8, Max: 9.0, Diff: 0.5, Sum: 70.8]
      [Termination (ms): Min: 0.0, Avg: 0.1, Max: 0.1, Diff: 0.1, Sum: 0.7]
         [Termination Attempts: Min: 1, Avg: 1.2, Max: 2, Diff: 1, Sum: 10]
      [GC Worker Other (ms): Min: 0.0, Avg: 0.0, Max: 0.1, Diff: 0.0, Sum: 0.4]
      [GC Worker Total (ms): Min: 9.8, Avg: 9.8, Max: 9.9, Diff: 0.1, Sum: 78.8]
      [GC Worker End (ms): Min: 160926349.7, Avg: 160926349.7, Max: 160926349.7, Diff: 0.1]
   [Code Root Fixup: 0.0 ms]
   [Code Root Purge: 0.0 ms]
   [Clear CT: 0.1 ms]
   [Other: 1.7 ms]
      [Choose CSet: 0.0 ms]
      [Ref Proc: 1.1 ms]
      [Ref Enq: 0.0 ms]
      [Redirty Cards: 0.1 ms]
      [Humongous Register: 0.0 ms]
      [Humongous Reclaim: 0.0 ms]
      [Free CSet: 0.2 ms]
   [Eden: 229.0M(229.0M)->0.0B(423.0M) Survivors: 5120.0K->6144.0K Heap: 396.0M(1024.0M)->167.9M(1024.0M)]
 [Times: user=0.03 sys=0.03, real=0.01 secs] 
2020-11-08T11:56:09.045+0800: 161747.164: [GC pause (G1 Evacuation Pause) (young), 0.0636722 secs]
   [Parallel Time: 48.0 ms, GC Workers: 8]
      [GC Worker Start (ms): Min: 161747173.8, Avg: 161747174.7, Max: 161747175.0, Diff: 1.2]
      [Ext Root Scanning (ms): Min: 14.6, Avg: 16.4, Max: 21.9, Diff: 7.3, Sum: 131.5]
      [Update RS (ms): Min: 0.0, Avg: 2.7, Max: 4.3, Diff: 4.3, Sum: 21.5]
         [Processed Buffers: Min: 0, Avg: 5.4, Max: 26, Diff: 26, Sum: 43]
      [Scan RS (ms): Min: 0.0, Avg: 0.0, Max: 0.1, Diff: 0.1, Sum: 0.4]
      [Code Root Scanning (ms): Min: 0.0, Avg: 0.0, Max: 0.1, Diff: 0.1, Sum: 0.1]
      [Object Copy (ms): Min: 23.7, Avg: 26.3, Max: 28.4, Diff: 4.7, Sum: 210.8]
      [Termination (ms): Min: 0.0, Avg: 1.0, Max: 1.7, Diff: 1.7, Sum: 7.6]
         [Termination Attempts: Min: 1, Avg: 1.0, Max: 1, Diff: 0, Sum: 8]
      [GC Worker Other (ms): Min: 0.0, Avg: 0.5, Max: 1.3, Diff: 1.2, Sum: 3.6]
      [GC Worker Total (ms): Min: 46.6, Avg: 46.9, Max: 47.9, Diff: 1.3, Sum: 375.4]
      [GC Worker End (ms): Min: 161747221.6, Avg: 161747221.7, Max: 161747221.8, Diff: 0.2]
   [Code Root Fixup: 0.0 ms]
   [Code Root Purge: 0.0 ms]
   [Clear CT: 0.1 ms]
   [Other: 15.5 ms]
      [Choose CSet: 0.0 ms]
      [Ref Proc: 4.1 ms]
      [Ref Enq: 0.0 ms]
      [Redirty Cards: 0.1 ms]
      [Humongous Register: 2.9 ms]
      [Humongous Reclaim: 0.0 ms]
      [Free CSet: 1.1 ms]
   [Eden: 423.0M(423.0M)->0.0B(48128.0K) Survivors: 6144.0K->4096.0K Heap: 590.9M(1024.0M)->166.4M(1024.0M)]
 [Times: user=0.04 sys=0.09, real=0.06 secs] 
2020-11-08T11:57:40.273+0800: 161838.391: [GC pause (G1 Evacuation Pause) (young), 0.0118134 secs]
   [Parallel Time: 10.6 ms, GC Workers: 8]
      [GC Worker Start (ms): Min: 161838391.3, Avg: 161838391.4, Max: 161838391.4, Diff: 0.1]
      [Ext Root Scanning (ms): Min: 0.3, Avg: 0.9, Max: 4.8, Diff: 4.5, Sum: 7.5]
      [Update RS (ms): Min: 0.0, Avg: 0.4, Max: 1.3, Diff: 1.3, Sum: 3.2]
         [Processed Buffers: Min: 0, Avg: 5.1, Max: 17, Diff: 17, Sum: 41]
      [Scan RS (ms): Min: 0.0, Avg: 0.0, Max: 0.1, Diff: 0.1, Sum: 0.1]
      [Code Root Scanning (ms): Min: 0.0, Avg: 0.0, Max: 0.0, Diff: 0.0, Sum: 0.1]
      [Object Copy (ms): Min: 5.3, Avg: 8.4, Max: 9.4, Diff: 4.1, Sum: 67.3]
      [Termination (ms): Min: 0.0, Avg: 0.6, Max: 0.9, Diff: 0.9, Sum: 4.6]
         [Termination Attempts: Min: 1, Avg: 1.1, Max: 2, Diff: 1, Sum: 9]
      [GC Worker Other (ms): Min: 0.0, Avg: 0.0, Max: 0.0, Diff: 0.0, Sum: 0.1]
      [GC Worker Total (ms): Min: 10.3, Avg: 10.4, Max: 10.5, Diff: 0.2, Sum: 82.9]
      [GC Worker End (ms): Min: 161838401.6, Avg: 161838401.7, Max: 161838401.8, Diff: 0.2]
   [Code Root Fixup: 0.0 ms]
   [Code Root Purge: 0.0 ms]
   [Clear CT: 0.1 ms]
   [Other: 1.1 ms]
      [Choose CSet: 0.0 ms]
      [Ref Proc: 0.8 ms]
      [Ref Enq: 0.0 ms]
      [Redirty Cards: 0.1 ms]
      [Humongous Register: 0.0 ms]
      [Humongous Reclaim: 0.0 ms]
      [Free CSet: 0.0 ms]
   [Eden: 48128.0K(48128.0K)->0.0B(46080.0K) Survivors: 4096.0K->6144.0K Heap: 213.4M(1024.0M)->168.2M(1024.0M)]
 [Times: user=0.03 sys=0.02, real=0.01 secs] 
2020-11-08T11:59:07.557+0800: 161925.675: [GC pause (G1 Evacuation Pause) (young), 0.0087692 secs]
   [Parallel Time: 7.4 ms, GC Workers: 8]
      [GC Worker Start (ms): Min: 161925675.7, Avg: 161925677.0, Max: 161925678.2, Diff: 2.6]
      [Ext Root Scanning (ms): Min: 0.0, Avg: 0.5, Max: 1.4, Diff: 1.4, Sum: 3.8]
      [Update RS (ms): Min: 0.0, Avg: 0.3, Max: 0.5, Diff: 0.5, Sum: 2.1]
         [Processed Buffers: Min: 0, Avg: 5.0, Max: 14, Diff: 14, Sum: 40]
      [Scan RS (ms): Min: 0.0, Avg: 0.0, Max: 0.0, Diff: 0.0, Sum: 0.0]
      [Code Root Scanning (ms): Min: 0.0, Avg: 0.0, Max: 0.0, Diff: 0.0, Sum: 0.0]
      [Object Copy (ms): Min: 3.8, Avg: 4.5, Max: 5.2, Diff: 1.4, Sum: 35.9]
      [Termination (ms): Min: 0.0, Avg: 0.6, Max: 0.8, Diff: 0.8, Sum: 4.5]
         [Termination Attempts: Min: 1, Avg: 1.1, Max: 2, Diff: 1, Sum: 9]
      [GC Worker Other (ms): Min: 0.0, Avg: 0.0, Max: 0.0, Diff: 0.0, Sum: 0.1]
      [GC Worker Total (ms): Min: 4.6, Avg: 5.8, Max: 7.2, Diff: 2.6, Sum: 46.6]
      [GC Worker End (ms): Min: 161925682.8, Avg: 161925682.8, Max: 161925682.8, Diff: 0.0]
   [Code Root Fixup: 0.0 ms]
   [Code Root Purge: 0.0 ms]
   [Clear CT: 0.1 ms]
   [Other: 1.2 ms]
      [Choose CSet: 0.0 ms]
      [Ref Proc: 0.7 ms]
      [Ref Enq: 0.0 ms]
      [Redirty Cards: 0.2 ms]
      [Humongous Register: 0.1 ms]
      [Humongous Reclaim: 0.0 ms]
      [Free CSet: 0.0 ms]
   [Eden: 46080.0K(46080.0K)->0.0B(45056.0K) Survivors: 6144.0K->7168.0K Heap: 213.2M(1024.0M)->169.0M(1024.0M)]
 [Times: user=0.03 sys=0.01, real=0.01 secs] 
2020-11-08T12:00:29.270+0800: 162007.387: [GC pause (G1 Evacuation Pause) (young), 0.0115469 secs]
   [Parallel Time: 9.4 ms, GC Workers: 8]
      [GC Worker Start (ms): Min: 162007387.6, Avg: 162007387.7, Max: 162007387.7, Diff: 0.1]
      [Ext Root Scanning (ms): Min: 6.5, Avg: 6.6, Max: 7.1, Diff: 0.6, Sum: 53.1]
      [Update RS (ms): Min: 0.0, Avg: 0.4, Max: 0.6, Diff: 0.6, Sum: 2.9]
         [Processed Buffers: Min: 0, Avg: 5.4, Max: 15, Diff: 15, Sum: 43]
      [Scan RS (ms): Min: 0.0, Avg: 0.0, Max: 0.0, Diff: 0.0, Sum: 0.1]
      [Code Root Scanning (ms): Min: 0.0, Avg: 0.0, Max: 0.0, Diff: 0.0, Sum: 0.0]
      [Object Copy (ms): Min: 2.1, Avg: 2.3, Max: 2.4, Diff: 0.3, Sum: 18.4]
      [Termination (ms): Min: 0.0, Avg: 0.0, Max: 0.0, Diff: 0.0, Sum: 0.0]
         [Termination Attempts: Min: 1, Avg: 1.0, Max: 1, Diff: 0, Sum: 8]
      [GC Worker Other (ms): Min: 0.0, Avg: 0.0, Max: 0.0, Diff: 0.0, Sum: 0.1]
      [GC Worker Total (ms): Min: 9.3, Avg: 9.3, Max: 9.4, Diff: 0.1, Sum: 74.6]
      [GC Worker End (ms): Min: 162007397.0, Avg: 162007397.0, Max: 162007397.0, Diff: 0.0]
   [Code Root Fixup: 0.0 ms]
   [Code Root Purge: 0.0 ms]
   [Clear CT: 0.1 ms]
   [Other: 1.9 ms]
      [Choose CSet: 0.0 ms]
      [Ref Proc: 0.7 ms]
      [Ref Enq: 0.0 ms]
      [Redirty Cards: 0.1 ms]
      [Humongous Register: 0.0 ms]
      [Humongous Reclaim: 0.0 ms]
      [Free CSet: 0.9 ms]
   [Eden: 45056.0K(45056.0K)->0.0B(47104.0K) Survivors: 7168.0K->5120.0K Heap: 213.0M(1024.0M)->166.9M(1024.0M)]
 [Times: user=0.03 sys=0.01, real=0.01 secs] 
2020-11-08T12:01:56.382+0800: 162094.500: [GC pause (G1 Evacuation Pause) (young), 0.0128726 secs]
   [Parallel Time: 11.4 ms, GC Workers: 8]
      [GC Worker Start (ms): Min: 162094499.9, Avg: 162094500.0, Max: 162094500.2, Diff: 0.3]
      [Ext Root Scanning (ms): Min: 1.2, Avg: 1.6, Max: 2.3, Diff: 1.0, Sum: 13.0]
      [Update RS (ms): Min: 0.0, Avg: 0.5, Max: 1.4, Diff: 1.4, Sum: 4.4]
         [Processed Buffers: Min: 0, Avg: 4.9, Max: 12, Diff: 12, Sum: 39]
      [Scan RS (ms): Min: 0.0, Avg: 0.0, Max: 0.0, Diff: 0.0, Sum: 0.1]
      [Code Root Scanning (ms): Min: 0.0, Avg: 0.0, Max: 0.0, Diff: 0.0, Sum: 0.0]
      [Object Copy (ms): Min: 8.0, Avg: 8.6, Max: 8.9, Diff: 0.8, Sum: 69.0]
      [Termination (ms): Min: 0.0, Avg: 0.4, Max: 0.5, Diff: 0.5, Sum: 3.4]
         [Termination Attempts: Min: 1, Avg: 1.0, Max: 1, Diff: 0, Sum: 8]
      [GC Worker Other (ms): Min: 0.0, Avg: 0.0, Max: 0.0, Diff: 0.0, Sum: 0.1]
      [GC Worker Total (ms): Min: 11.1, Avg: 11.2, Max: 11.4, Diff: 0.3, Sum: 90.0]
      [GC Worker End (ms): Min: 162094511.1, Avg: 162094511.2, Max: 162094511.2, Diff: 0.1]
   [Code Root Fixup: 0.0 ms]
   [Code Root Purge: 0.0 ms]
   [Clear CT: 0.1 ms]
   [Other: 1.3 ms]
      [Choose CSet: 0.0 ms]
      [Ref Proc: 0.9 ms]
      [Ref Enq: 0.0 ms]
      [Redirty Cards: 0.1 ms]
      [Humongous Register: 0.1 ms]
      [Humongous Reclaim: 0.0 ms]
      [Free CSet: 0.0 ms]
   [Eden: 47104.0K(47104.0K)->0.0B(83968.0K) Survivors: 5120.0K->6144.0K Heap: 212.9M(1024.0M)->168.3M(1024.0M)]
 [Times: user=0.03 sys=0.03, real=0.01 secs] 
2020-11-08T12:04:34.527+0800: 162252.643: [GC pause (G1 Evacuation Pause) (young), 0.0287691 secs]
   [Parallel Time: 26.3 ms, GC Workers: 8]
      [GC Worker Start (ms): Min: 162252643.7, Avg: 162252643.8, Max: 162252644.0, Diff: 0.3]
      [Ext Root Scanning (ms): Min: 6.1, Avg: 6.3, Max: 6.4, Diff: 0.3, Sum: 50.6]
      [Update RS (ms): Min: 0.0, Avg: 0.6, Max: 2.8, Diff: 2.8, Sum: 4.6]
         [Processed Buffers: Min: 0, Avg: 5.2, Max: 12, Diff: 12, Sum: 42]
      [Scan RS (ms): Min: 0.0, Avg: 0.0, Max: 0.0, Diff: 0.0, Sum: 0.1]
      [Code Root Scanning (ms): Min: 0.0, Avg: 0.0, Max: 0.0, Diff: 0.0, Sum: 0.0]
      [Object Copy (ms): Min: 16.1, Avg: 18.4, Max: 19.1, Diff: 3.0, Sum: 147.2]
      [Termination (ms): Min: 0.0, Avg: 0.7, Max: 0.9, Diff: 0.9, Sum: 5.3]
         [Termination Attempts: Min: 1, Avg: 1.5, Max: 2, Diff: 1, Sum: 12]
      [GC Worker Other (ms): Min: 0.0, Avg: 0.0, Max: 0.1, Diff: 0.0, Sum: 0.2]
      [GC Worker Total (ms): Min: 25.7, Avg: 26.0, Max: 26.1, Diff: 0.4, Sum: 207.8]
      [GC Worker End (ms): Min: 162252669.7, Avg: 162252669.8, Max: 162252669.9, Diff: 0.2]
   [Code Root Fixup: 0.0 ms]
   [Code Root Purge: 0.0 ms]
   [Clear CT: 0.1 ms]
   [Other: 2.4 ms]
      [Choose CSet: 0.0 ms]
      [Ref Proc: 1.6 ms]
      [Ref Enq: 0.0 ms]
      [Redirty Cards: 0.1 ms]
      [Humongous Register: 0.3 ms]
      [Humongous Reclaim: 0.0 ms]
      [Free CSet: 0.1 ms]
   [Eden: 83968.0K(83968.0K)->0.0B(45056.0K) Survivors: 6144.0K->7168.0K Heap: 250.3M(1024.0M)->169.7M(1024.0M)]
 [Times: user=0.03 sys=0.02, real=0.03 secs] 
2020-11-08T12:05:59.597+0800: 162337.713: [GC pause (G1 Evacuation Pause) (young), 0.0042662 secs]
   [Parallel Time: 3.5 ms, GC Workers: 8]
      [GC Worker Start (ms): Min: 162337713.3, Avg: 162337713.4, Max: 162337713.5, Diff: 0.1]
      [Ext Root Scanning (ms): Min: 0.2, Avg: 0.4, Max: 0.9, Diff: 0.6, Sum: 3.6]
      [Update RS (ms): Min: 0.4, Avg: 1.1, Max: 1.9, Diff: 1.5, Sum: 8.5]
         [Processed Buffers: Min: 1, Avg: 5.5, Max: 20, Diff: 19, Sum: 44]
      [Scan RS (ms): Min: 0.0, Avg: 0.0, Max: 0.0, Diff: 0.0, Sum: 0.0]
      [Code Root Scanning (ms): Min: 0.0, Avg: 0.0, Max: 0.0, Diff: 0.0, Sum: 0.0]
      [Object Copy (ms): Min: 1.2, Avg: 1.9, Max: 2.2, Diff: 1.0, Sum: 14.8]
      [Termination (ms): Min: 0.0, Avg: 0.0, Max: 0.0, Diff: 0.0, Sum: 0.0]
         [Termination Attempts: Min: 1, Avg: 1.0, Max: 1, Diff: 0, Sum: 8]
      [GC Worker Other (ms): Min: 0.0, Avg: 0.0, Max: 0.0, Diff: 0.0, Sum: 0.2]
      [GC Worker Total (ms): Min: 3.3, Avg: 3.4, Max: 3.4, Diff: 0.1, Sum: 27.1]
      [GC Worker End (ms): Min: 162337716.8, Avg: 162337716.8, Max: 162337716.8, Diff: 0.0]
   [Code Root Fixup: 0.0 ms]
   [Code Root Purge: 0.0 ms]
   [Clear CT: 0.2 ms]
   [Other: 0.5 ms]
      [Choose CSet: 0.0 ms]
      [Ref Proc: 0.2 ms]
      [Ref Enq: 0.0 ms]
      [Redirty Cards: 0.1 ms]
      [Humongous Register: 0.0 ms]
      [Humongous Reclaim: 0.0 ms]
      [Free CSet: 0.0 ms]
   [Eden: 45056.0K(45056.0K)->0.0B(270.0M) Survivors: 7168.0K->4096.0K Heap: 213.7M(1024.0M)->166.7M(1024.0M)]
 [Times: user=0.02 sys=0.00, real=0.01 secs] 
2020-11-08T12:14:40.604+0800: 162858.717: [GC pause (G1 Evacuation Pause) (young), 0.0144546 secs]
   [Parallel Time: 10.7 ms, GC Workers: 8]
      [GC Worker Start (ms): Min: 162858719.7, Avg: 162858719.8, Max: 162858719.9, Diff: 0.2]
      [Ext Root Scanning (ms): Min: 0.0, Avg: 0.4, Max: 0.8, Diff: 0.8, Sum: 3.5]
      [Update RS (ms): Min: 0.1, Avg: 0.5, Max: 0.9, Diff: 0.8, Sum: 4.2]
         [Processed Buffers: Min: 1, Avg: 5.5, Max: 11, Diff: 10, Sum: 44]
      [Scan RS (ms): Min: 0.0, Avg: 0.0, Max: 0.1, Diff: 0.1, Sum: 0.2]
      [Code Root Scanning (ms): Min: 0.0, Avg: 0.0, Max: 0.0, Diff: 0.0, Sum: 0.0]
      [Object Copy (ms): Min: 8.1, Avg: 8.6, Max: 9.3, Diff: 1.2, Sum: 69.0]
      [Termination (ms): Min: 0.0, Avg: 0.7, Max: 0.8, Diff: 0.8, Sum: 5.2]
         [Termination Attempts: Min: 1, Avg: 1.1, Max: 2, Diff: 1, Sum: 9]
      [GC Worker Other (ms): Min: 0.0, Avg: 0.2, Max: 0.9, Diff: 0.9, Sum: 1.9]
      [GC Worker Total (ms): Min: 10.4, Avg: 10.5, Max: 10.6, Diff: 0.2, Sum: 84.1]
      [GC Worker End (ms): Min: 162858730.3, Avg: 162858730.3, Max: 162858730.4, Diff: 0.1]
   [Code Root Fixup: 0.0 ms]
   [Code Root Purge: 0.0 ms]
   [Clear CT: 0.1 ms]
   [Other: 3.6 ms]
      [Choose CSet: 0.0 ms]
      [Ref Proc: 0.3 ms]
      [Ref Enq: 0.0 ms]
      [Redirty Cards: 0.1 ms]
      [Humongous Register: 0.0 ms]
      [Humongous Reclaim: 0.0 ms]
      [Free CSet: 0.4 ms]
   [Eden: 270.0M(270.0M)->0.0B(384.0M) Survivors: 4096.0K->6144.0K Heap: 436.7M(1024.0M)->168.2M(1024.0M)]
 [Times: user=0.03 sys=0.03, real=0.01 secs] 
2020-11-08T12:26:53.459+0800: 163591.567: [GC pause (G1 Evacuation Pause) (young), 0.0453943 secs]
   [Parallel Time: 30.8 ms, GC Workers: 8]
      [GC Worker Start (ms): Min: 163591576.3, Avg: 163591576.5, Max: 163591576.7, Diff: 0.4]
      [Ext Root Scanning (ms): Min: 2.6, Avg: 4.1, Max: 8.1, Diff: 5.5, Sum: 33.0]
      [Update RS (ms): Min: 0.0, Avg: 2.9, Max: 5.4, Diff: 5.4, Sum: 23.0]
         [Processed Buffers: Min: 0, Avg: 5.6, Max: 24, Diff: 24, Sum: 45]
      [Scan RS (ms): Min: 0.0, Avg: 0.0, Max: 0.1, Diff: 0.1, Sum: 0.3]
      [Code Root Scanning (ms): Min: 0.0, Avg: 0.0, Max: 0.0, Diff: 0.0, Sum: 0.0]
      [Object Copy (ms): Min: 20.8, Avg: 22.6, Max: 23.7, Diff: 2.9, Sum: 181.1]
      [Termination (ms): Min: 0.0, Avg: 0.2, Max: 0.3, Diff: 0.3, Sum: 1.5]
         [Termination Attempts: Min: 1, Avg: 1.0, Max: 1, Diff: 0, Sum: 8]
      [GC Worker Other (ms): Min: 0.0, Avg: 0.5, Max: 1.4, Diff: 1.3, Sum: 3.7]
      [GC Worker Total (ms): Min: 30.1, Avg: 30.3, Max: 30.6, Diff: 0.5, Sum: 242.7]
      [GC Worker End (ms): Min: 163591606.8, Avg: 163591606.9, Max: 163591606.9, Diff: 0.1]
   [Code Root Fixup: 0.0 ms]
   [Code Root Purge: 0.0 ms]
   [Clear CT: 0.2 ms]
   [Other: 14.4 ms]
      [Choose CSet: 0.0 ms]
      [Ref Proc: 4.2 ms]
      [Ref Enq: 0.0 ms]
      [Redirty Cards: 0.1 ms]
      [Humongous Register: 6.7 ms]
      [Humongous Reclaim: 0.0 ms]
      [Free CSet: 0.7 ms]
   [Eden: 384.0M(384.0M)->0.0B(47104.0K) Survivors: 6144.0K->5120.0K Heap: 552.2M(1024.0M)->167.3M(1024.0M)]
 [Times: user=0.04 sys=0.05, real=0.05 secs] 
2020-11-08T12:28:22.567+0800: 163680.675: [GC pause (G1 Evacuation Pause) (young), 0.0099449 secs]
   [Parallel Time: 8.4 ms, GC Workers: 8]
      [GC Worker Start (ms): Min: 163680675.4, Avg: 163680675.5, Max: 163680675.6, Diff: 0.2]
      [Ext Root Scanning (ms): Min: 0.2, Avg: 2.5, Max: 6.3, Diff: 6.1, Sum: 19.9]
      [Update RS (ms): Min: 0.0, Avg: 0.4, Max: 0.9, Diff: 0.9, Sum: 3.3]
         [Processed Buffers: Min: 0, Avg: 5.2, Max: 19, Diff: 19, Sum: 42]
      [Scan RS (ms): Min: 0.0, Avg: 0.0, Max: 0.0, Diff: 0.0, Sum: 0.1]
      [Code Root Scanning (ms): Min: 0.0, Avg: 0.0, Max: 0.0, Diff: 0.0, Sum: 0.0]
      [Object Copy (ms): Min: 1.2, Avg: 4.4, Max: 5.8, Diff: 4.6, Sum: 34.9]
      [Termination (ms): Min: 0.0, Avg: 0.6, Max: 0.7, Diff: 0.7, Sum: 4.8]
         [Termination Attempts: Min: 1, Avg: 2.8, Max: 7, Diff: 6, Sum: 22]
      [GC Worker Other (ms): Min: 0.0, Avg: 0.3, Max: 1.3, Diff: 1.3, Sum: 2.2]
      [GC Worker Total (ms): Min: 8.1, Avg: 8.2, Max: 8.3, Diff: 0.2, Sum: 65.2]
      [GC Worker End (ms): Min: 163680683.6, Avg: 163680683.6, Max: 163680683.7, Diff: 0.1]
   [Code Root Fixup: 0.0 ms]
   [Code Root Purge: 0.0 ms]
   [Clear CT: 0.1 ms]
   [Other: 1.4 ms]
      [Choose CSet: 0.0 ms]
      [Ref Proc: 1.0 ms]
      [Ref Enq: 0.0 ms]
      [Redirty Cards: 0.1 ms]
      [Humongous Register: 0.0 ms]
      [Humongous Reclaim: 0.0 ms]
      [Free CSet: 0.0 ms]
   [Eden: 47104.0K(47104.0K)->0.0B(45056.0K) Survivors: 5120.0K->7168.0K Heap: 213.3M(1024.0M)->170.1M(1024.0M)]
 [Times: user=0.04 sys=0.01, real=0.01 secs] 
2020-11-08T12:29:48.116+0800: 163766.223: [GC pause (G1 Evacuation Pause) (young), 0.0051856 secs]
   [Parallel Time: 4.4 ms, GC Workers: 8]
      [GC Worker Start (ms): Min: 163766223.4, Avg: 163766223.6, Max: 163766223.7, Diff: 0.2]
      [Ext Root Scanning (ms): Min: 0.4, Avg: 0.7, Max: 1.2, Diff: 0.8, Sum: 5.9]
      [Update RS (ms): Min: 0.0, Avg: 0.5, Max: 0.8, Diff: 0.8, Sum: 4.1]
         [Processed Buffers: Min: 0, Avg: 5.4, Max: 16, Diff: 16, Sum: 43]
      [Scan RS (ms): Min: 0.0, Avg: 0.0, Max: 0.0, Diff: 0.0, Sum: 0.0]
      [Code Root Scanning (ms): Min: 0.0, Avg: 0.0, Max: 0.0, Diff: 0.0, Sum: 0.0]
      [Object Copy (ms): Min: 2.7, Avg: 2.8, Max: 3.0, Diff: 0.3, Sum: 22.5]
      [Termination (ms): Min: 0.0, Avg: 0.0, Max: 0.0, Diff: 0.0, Sum: 0.2]
         [Termination Attempts: Min: 1, Avg: 1.0, Max: 1, Diff: 0, Sum: 8]
      [GC Worker Other (ms): Min: 0.0, Avg: 0.0, Max: 0.0, Diff: 0.0, Sum: 0.1]
      [GC Worker Total (ms): Min: 4.0, Avg: 4.1, Max: 4.2, Diff: 0.2, Sum: 33.0]
      [GC Worker End (ms): Min: 163766227.7, Avg: 163766227.7, Max: 163766227.7, Diff: 0.0]
   [Code Root Fixup: 0.0 ms]
   [Code Root Purge: 0.0 ms]
   [Clear CT: 0.1 ms]
   [Other: 0.7 ms]
      [Choose CSet: 0.0 ms]
      [Ref Proc: 0.2 ms]
      [Ref Enq: 0.0 ms]
      [Redirty Cards: 0.1 ms]
      [Humongous Register: 0.0 ms]
      [Humongous Reclaim: 0.0 ms]
      [Free CSet: 0.0 ms]
   [Eden: 45056.0K(45056.0K)->0.0B(176.0M) Survivors: 7168.0K->6144.0K Heap: 214.1M(1024.0M)->168.5M(1024.0M)]
 [Times: user=0.02 sys=0.00, real=0.01 secs] 
2020-11-08T12:35:28.674+0800: 164106.780: [GC pause (G1 Evacuation Pause) (young), 0.0115314 secs]
   [Parallel Time: 9.5 ms, GC Workers: 8]
      [GC Worker Start (ms): Min: 164106780.4, Avg: 164106780.5, Max: 164106780.6, Diff: 0.2]
      [Ext Root Scanning (ms): Min: 0.0, Avg: 0.4, Max: 1.5, Diff: 1.5, Sum: 3.2]
      [Update RS (ms): Min: 0.0, Avg: 0.5, Max: 1.7, Diff: 1.7, Sum: 4.4]
         [Processed Buffers: Min: 0, Avg: 5.5, Max: 17, Diff: 17, Sum: 44]
      [Scan RS (ms): Min: 0.0, Avg: 0.0, Max: 0.1, Diff: 0.0, Sum: 0.2]
      [Code Root Scanning (ms): Min: 0.0, Avg: 0.0, Max: 0.0, Diff: 0.0, Sum: 0.0]
      [Object Copy (ms): Min: 6.8, Avg: 7.5, Max: 7.8, Diff: 1.0, Sum: 60.3]
      [Termination (ms): Min: 0.0, Avg: 0.0, Max: 0.0, Diff: 0.0, Sum: 0.1]
         [Termination Attempts: Min: 1, Avg: 1.2, Max: 2, Diff: 1, Sum: 10]
      [GC Worker Other (ms): Min: 0.0, Avg: 0.8, Max: 1.8, Diff: 1.7, Sum: 6.4]
      [GC Worker Total (ms): Min: 9.3, Avg: 9.3, Max: 9.4, Diff: 0.2, Sum: 74.6]
      [GC Worker End (ms): Min: 164106789.8, Avg: 164106789.8, Max: 164106789.8, Diff: 0.0]
   [Code Root Fixup: 0.0 ms]
   [Code Root Purge: 0.0 ms]
   [Clear CT: 0.1 ms]
   [Other: 1.9 ms]
      [Choose CSet: 0.0 ms]
      [Ref Proc: 0.8 ms]
      [Ref Enq: 0.0 ms]
      [Redirty Cards: 0.2 ms]
      [Humongous Register: 0.0 ms]
      [Humongous Reclaim: 0.0 ms]
      [Free CSet: 0.1 ms]
   [Eden: 176.0M(176.0M)->0.0B(310.0M) Survivors: 6144.0K->5120.0K Heap: 344.5M(1024.0M)->167.3M(1024.0M)]
 [Times: user=0.02 sys=0.03, real=0.01 secs] 
2020-11-08T12:43:58.363+0800: 164616.466: [GC pause (G1 Evacuation Pause) (young), 0.0179788 secs]
   [Parallel Time: 13.7 ms, GC Workers: 8]
      [GC Worker Start (ms): Min: 164616468.1, Avg: 164616468.4, Max: 164616468.6, Diff: 0.5]
      [Ext Root Scanning (ms): Min: 2.0, Avg: 3.5, Max: 7.9, Diff: 5.8, Sum: 27.9]
      [Update RS (ms): Min: 0.0, Avg: 2.1, Max: 2.7, Diff: 2.7, Sum: 17.0]
         [Processed Buffers: Min: 0, Avg: 5.4, Max: 23, Diff: 23, Sum: 43]
      [Scan RS (ms): Min: 0.0, Avg: 0.0, Max: 0.1, Diff: 0.1, Sum: 0.3]
      [Code Root Scanning (ms): Min: 0.0, Avg: 0.0, Max: 0.0, Diff: 0.0, Sum: 0.0]
      [Object Copy (ms): Min: 5.6, Avg: 7.4, Max: 7.8, Diff: 2.3, Sum: 59.3]
      [Termination (ms): Min: 0.0, Avg: 0.0, Max: 0.0, Diff: 0.0, Sum: 0.2]
         [Termination Attempts: Min: 1, Avg: 1.0, Max: 1, Diff: 0, Sum: 8]
      [GC Worker Other (ms): Min: 0.0, Avg: 0.2, Max: 0.9, Diff: 0.8, Sum: 1.3]
      [GC Worker Total (ms): Min: 13.0, Avg: 13.3, Max: 13.5, Diff: 0.5, Sum: 106.0]
      [GC Worker End (ms): Min: 164616481.6, Avg: 164616481.7, Max: 164616481.7, Diff: 0.0]
   [Code Root Fixup: 0.0 ms]
   [Code Root Purge: 0.0 ms]
   [Clear CT: 0.2 ms]
   [Other: 4.1 ms]
      [Choose CSet: 0.0 ms]
      [Ref Proc: 1.0 ms]
      [Ref Enq: 0.0 ms]
      [Redirty Cards: 0.1 ms]
      [Humongous Register: 1.5 ms]
      [Humongous Reclaim: 0.0 ms]
      [Free CSet: 0.6 ms]
   [Eden: 310.0M(310.0M)->0.0B(350.0M) Survivors: 5120.0K->5120.0K Heap: 477.3M(1024.0M)->167.8M(1024.0M)]
 [Times: user=0.03 sys=0.06, real=0.02 secs] 
2020-11-08T12:53:10.087+0800: 165168.187: [GC pause (G1 Evacuation Pause) (young), 0.0146468 secs]
   [Parallel Time: 13.5 ms, GC Workers: 8]
      [GC Worker Start (ms): Min: 165168187.1, Avg: 165168187.2, Max: 165168187.3, Diff: 0.2]
      [Ext Root Scanning (ms): Min: 0.5, Avg: 0.7, Max: 1.6, Diff: 1.2, Sum: 5.2]
      [Update RS (ms): Min: 0.0, Avg: 0.7, Max: 1.4, Diff: 1.4, Sum: 5.3]
         [Processed Buffers: Min: 0, Avg: 5.4, Max: 21, Diff: 21, Sum: 43]
      [Scan RS (ms): Min: 0.0, Avg: 0.1, Max: 0.2, Diff: 0.2, Sum: 0.4]
      [Code Root Scanning (ms): Min: 0.0, Avg: 0.0, Max: 0.0, Diff: 0.0, Sum: 0.1]
      [Object Copy (ms): Min: 11.1, Avg: 11.7, Max: 12.0, Diff: 0.9, Sum: 93.8]
      [Termination (ms): Min: 0.0, Avg: 0.2, Max: 0.2, Diff: 0.2, Sum: 1.3]
         [Termination Attempts: Min: 1, Avg: 1.4, Max: 3, Diff: 2, Sum: 11]
      [GC Worker Other (ms): Min: 0.0, Avg: 0.0, Max: 0.0, Diff: 0.0, Sum: 0.2]
      [GC Worker Total (ms): Min: 13.2, Avg: 13.3, Max: 13.4, Diff: 0.1, Sum: 106.3]
      [GC Worker End (ms): Min: 165168200.5, Avg: 165168200.5, Max: 165168200.5, Diff: 0.1]
   [Code Root Fixup: 0.0 ms]
   [Code Root Purge: 0.0 ms]
   [Clear CT: 0.1 ms]
   [Other: 1.0 ms]
      [Choose CSet: 0.0 ms]
      [Ref Proc: 0.4 ms]
      [Ref Enq: 0.0 ms]
      [Redirty Cards: 0.1 ms]
      [Humongous Register: 0.1 ms]
      [Humongous Reclaim: 0.0 ms]
      [Free CSet: 0.2 ms]
   [Eden: 350.0M(350.0M)->0.0B(392.0M) Survivors: 5120.0K->5120.0K Heap: 517.8M(1024.0M)->167.5M(1024.0M)]
 [Times: user=0.04 sys=0.03, real=0.02 secs] 
2020-11-08T13:03:30.375+0800: 165788.475: [GC pause (G1 Evacuation Pause) (young), 0.0284253 secs]
   [Parallel Time: 17.5 ms, GC Workers: 8]
      [GC Worker Start (ms): Min: 165788482.7, Avg: 165788482.9, Max: 165788483.1, Diff: 0.5]
      [Ext Root Scanning (ms): Min: 4.9, Avg: 5.9, Max: 8.3, Diff: 3.4, Sum: 47.2]
      [Update RS (ms): Min: 0.3, Avg: 2.5, Max: 3.3, Diff: 3.0, Sum: 19.7]
         [Processed Buffers: Min: 1, Avg: 5.6, Max: 15, Diff: 14, Sum: 45]
      [Scan RS (ms): Min: 0.0, Avg: 0.0, Max: 0.1, Diff: 0.1, Sum: 0.3]
      [Code Root Scanning (ms): Min: 0.0, Avg: 0.0, Max: 0.0, Diff: 0.0, Sum: 0.0]
      [Object Copy (ms): Min: 7.4, Avg: 7.8, Max: 8.6, Diff: 1.2, Sum: 62.5]
      [Termination (ms): Min: 0.0, Avg: 0.2, Max: 0.2, Diff: 0.2, Sum: 1.3]
         [Termination Attempts: Min: 1, Avg: 1.5, Max: 2, Diff: 1, Sum: 12]
      [GC Worker Other (ms): Min: 0.0, Avg: 0.2, Max: 0.7, Diff: 0.7, Sum: 1.6]
      [GC Worker Total (ms): Min: 16.3, Avg: 16.6, Max: 16.8, Diff: 0.5, Sum: 132.7]
      [GC Worker End (ms): Min: 165788499.5, Avg: 165788499.5, Max: 165788499.5, Diff: 0.1]
   [Code Root Fixup: 0.0 ms]
   [Code Root Purge: 0.0 ms]
   [Clear CT: 0.5 ms]
   [Other: 10.5 ms]
      [Choose CSet: 0.0 ms]
      [Ref Proc: 0.9 ms]
      [Ref Enq: 0.0 ms]
      [Redirty Cards: 0.1 ms]
      [Humongous Register: 2.3 ms]
      [Humongous Reclaim: 0.0 ms]
      [Free CSet: 1.0 ms]
   [Eden: 392.0M(392.0M)->0.0B(156.0M) Survivors: 5120.0K->7168.0K Heap: 559.5M(1024.0M)->169.9M(1024.0M)]
 [Times: user=0.03 sys=0.07, real=0.03 secs] 
2020-11-08T13:07:39.481+0800: 166037.579: [GC pause (G1 Evacuation Pause) (young), 0.0150190 secs]
   [Parallel Time: 12.8 ms, GC Workers: 8]
      [GC Worker Start (ms): Min: 166037580.2, Avg: 166037580.3, Max: 166037580.4, Diff: 0.1]
      [Ext Root Scanning (ms): Min: 0.3, Avg: 1.4, Max: 4.0, Diff: 3.8, Sum: 11.1]
      [Update RS (ms): Min: 0.0, Avg: 0.5, Max: 1.7, Diff: 1.7, Sum: 4.1]
         [Processed Buffers: Min: 0, Avg: 5.1, Max: 15, Diff: 15, Sum: 41]
      [Scan RS (ms): Min: 0.0, Avg: 0.0, Max: 0.1, Diff: 0.1, Sum: 0.2]
      [Code Root Scanning (ms): Min: 0.0, Avg: 0.0, Max: 0.0, Diff: 0.0, Sum: 0.0]
      [Object Copy (ms): Min: 8.1, Avg: 9.3, Max: 10.5, Diff: 2.4, Sum: 74.1]
      [Termination (ms): Min: 0.0, Avg: 0.4, Max: 0.6, Diff: 0.6, Sum: 3.4]
         [Termination Attempts: Min: 1, Avg: 1.8, Max: 3, Diff: 2, Sum: 14]
      [GC Worker Other (ms): Min: 0.0, Avg: 1.0, Max: 1.8, Diff: 1.8, Sum: 8.0]
      [GC Worker Total (ms): Min: 12.5, Avg: 12.6, Max: 12.8, Diff: 0.3, Sum: 101.1]
      [GC Worker End (ms): Min: 166037592.8, Avg: 166037592.9, Max: 166037593.0, Diff: 0.2]
   [Code Root Fixup: 0.0 ms]
   [Code Root Purge: 0.0 ms]
   [Clear CT: 0.1 ms]
   [Other: 2.0 ms]
      [Choose CSet: 0.0 ms]
      [Ref Proc: 0.8 ms]
      [Ref Enq: 0.0 ms]
      [Redirty Cards: 0.1 ms]
      [Humongous Register: 0.0 ms]
      [Humongous Reclaim: 0.0 ms]
      [Free CSet: 0.1 ms]
   [Eden: 156.0M(156.0M)->0.0B(399.0M) Survivors: 7168.0K->7168.0K Heap: 325.9M(1024.0M)->169.6M(1024.0M)]
 [Times: user=0.03 sys=0.03, real=0.01 secs] 
2020-11-08T13:18:12.651+0800: 166670.747: [GC pause (G1 Evacuation Pause) (young), 0.0266579 secs]
   [Parallel Time: 21.5 ms, GC Workers: 8]
      [GC Worker Start (ms): Min: 166670748.0, Avg: 166670748.2, Max: 166670748.4, Diff: 0.4]
      [Ext Root Scanning (ms): Min: 2.0, Avg: 2.9, Max: 5.4, Diff: 3.4, Sum: 23.4]
      [Update RS (ms): Min: 0.0, Avg: 2.8, Max: 7.7, Diff: 7.6, Sum: 22.5]
         [Processed Buffers: Min: 0, Avg: 5.5, Max: 31, Diff: 31, Sum: 44]
      [Scan RS (ms): Min: 0.0, Avg: 0.0, Max: 0.1, Diff: 0.1, Sum: 0.3]
      [Code Root Scanning (ms): Min: 0.0, Avg: 0.0, Max: 0.0, Diff: 0.0, Sum: 0.0]
      [Object Copy (ms): Min: 10.7, Avg: 14.9, Max: 18.7, Diff: 8.0, Sum: 119.1]
      [Termination (ms): Min: 0.0, Avg: 0.3, Max: 0.5, Diff: 0.5, Sum: 2.5]
         [Termination Attempts: Min: 1, Avg: 1.0, Max: 1, Diff: 0, Sum: 8]
      [GC Worker Other (ms): Min: 0.0, Avg: 0.1, Max: 0.1, Diff: 0.1, Sum: 0.6]
      [GC Worker Total (ms): Min: 20.8, Avg: 21.0, Max: 21.2, Diff: 0.4, Sum: 168.4]
      [GC Worker End (ms): Min: 166670769.2, Avg: 166670769.3, Max: 166670769.4, Diff: 0.1]
   [Code Root Fixup: 0.0 ms]
   [Code Root Purge: 0.0 ms]
   [Clear CT: 0.3 ms]
   [Other: 4.9 ms]
      [Choose CSet: 0.0 ms]
      [Ref Proc: 1.9 ms]
      [Ref Enq: 0.0 ms]
      [Redirty Cards: 0.1 ms]
      [Humongous Register: 1.0 ms]
      [Humongous Reclaim: 0.0 ms]
      [Free CSet: 1.1 ms]
   [Eden: 399.0M(399.0M)->0.0B(309.0M) Survivors: 7168.0K->7168.0K Heap: 568.6M(1024.0M)->169.6M(1024.0M)]
 [Times: user=0.03 sys=0.06, real=0.02 secs] 
2020-11-08T13:26:25.920+0800: 167164.013: [GC pause (G1 Evacuation Pause) (young), 0.0079501 secs]
   [Parallel Time: 7.0 ms, GC Workers: 8]
      [GC Worker Start (ms): Min: 167164013.1, Avg: 167164013.2, Max: 167164013.3, Diff: 0.2]
      [Ext Root Scanning (ms): Min: 0.3, Avg: 0.6, Max: 1.0, Diff: 0.7, Sum: 4.5]
      [Update RS (ms): Min: 0.0, Avg: 0.4, Max: 0.6, Diff: 0.6, Sum: 3.3]
         [Processed Buffers: Min: 0, Avg: 5.4, Max: 15, Diff: 15, Sum: 43]
      [Scan RS (ms): Min: 0.0, Avg: 0.0, Max: 0.1, Diff: 0.1, Sum: 0.3]
      [Code Root Scanning (ms): Min: 0.0, Avg: 0.0, Max: 0.0, Diff: 0.0, Sum: 0.0]
      [Object Copy (ms): Min: 5.8, Avg: 5.8, Max: 5.8, Diff: 0.1, Sum: 46.4]
      [Termination (ms): Min: 0.0, Avg: 0.0, Max: 0.1, Diff: 0.1, Sum: 0.2]
         [Termination Attempts: Min: 1, Avg: 1.1, Max: 2, Diff: 1, Sum: 9]
      [GC Worker Other (ms): Min: 0.0, Avg: 0.0, Max: 0.1, Diff: 0.0, Sum: 0.3]
      [GC Worker Total (ms): Min: 6.8, Avg: 6.9, Max: 7.0, Diff: 0.2, Sum: 55.0]
      [GC Worker End (ms): Min: 167164020.1, Avg: 167164020.1, Max: 167164020.1, Diff: 0.0]
   [Code Root Fixup: 0.0 ms]
   [Code Root Purge: 0.0 ms]
   [Clear CT: 0.2 ms]
   [Other: 0.7 ms]
      [Choose CSet: 0.0 ms]
      [Ref Proc: 0.3 ms]
      [Ref Enq: 0.0 ms]
      [Redirty Cards: 0.1 ms]
      [Humongous Register: 0.0 ms]
      [Humongous Reclaim: 0.0 ms]
      [Free CSet: 0.1 ms]
   [Eden: 309.0M(309.0M)->0.0B(609.0M) Survivors: 7168.0K->5120.0K Heap: 478.6M(1024.0M)->167.4M(1024.0M)]
 [Times: user=0.02 sys=0.02, real=0.00 secs] 
2020-11-08T13:42:36.237+0800: 168134.325: [GC pause (G1 Evacuation Pause) (young), 0.1694152 secs]
   [Parallel Time: 160.3 ms, GC Workers: 8]
      [GC Worker Start (ms): Min: 168134328.7, Avg: 168134328.9, Max: 168134329.1, Diff: 0.4]
      [Ext Root Scanning (ms): Min: 2.9, Avg: 4.2, Max: 9.9, Diff: 7.0, Sum: 33.3]
      [Update RS (ms): Min: 0.0, Avg: 3.3, Max: 4.2, Diff: 4.2, Sum: 26.7]
         [Processed Buffers: Min: 0, Avg: 5.5, Max: 22, Diff: 22, Sum: 44]
      [Scan RS (ms): Min: 0.0, Avg: 0.1, Max: 0.2, Diff: 0.2, Sum: 0.7]
      [Code Root Scanning (ms): Min: 0.0, Avg: 0.0, Max: 0.0, Diff: 0.0, Sum: 0.1]
      [Object Copy (ms): Min: 39.7, Avg: 55.3, Max: 152.6, Diff: 112.9, Sum: 442.8]
      [Termination (ms): Min: 0.0, Avg: 96.6, Max: 110.8, Diff: 110.8, Sum: 772.7]
         [Termination Attempts: Min: 1, Avg: 1.0, Max: 1, Diff: 0, Sum: 8]
      [GC Worker Other (ms): Min: 0.0, Avg: 0.3, Max: 0.8, Diff: 0.8, Sum: 2.4]
      [GC Worker Total (ms): Min: 159.5, Avg: 159.8, Max: 160.1, Diff: 0.5, Sum: 1278.6]
      [GC Worker End (ms): Min: 168134488.6, Avg: 168134488.7, Max: 168134488.8, Diff: 0.2]
   [Code Root Fixup: 0.0 ms]
   [Code Root Purge: 0.0 ms]
   [Clear CT: 0.3 ms]
   [Other: 8.7 ms]
      [Choose CSet: 0.0 ms]
      [Ref Proc: 3.8 ms]
      [Ref Enq: 0.0 ms]
      [Redirty Cards: 0.2 ms]
      [Humongous Register: 2.3 ms]
      [Humongous Reclaim: 0.0 ms]
      [Free CSet: 0.8 ms]
   [Eden: 609.0M(609.0M)->0.0B(47104.0K) Survivors: 5120.0K->5120.0K Heap: 776.4M(1024.0M)->168.0M(1024.0M)]
 [Times: user=0.77 sys=0.08, real=0.17 secs] 
2020-11-08T13:43:47.931+0800: 168206.018: [GC pause (G1 Evacuation Pause) (young), 0.0168550 secs]
   [Parallel Time: 9.6 ms, GC Workers: 8]
      [GC Worker Start (ms): Min: 168206018.5, Avg: 168206018.6, Max: 168206018.6, Diff: 0.1]
      [Ext Root Scanning (ms): Min: 1.0, Avg: 1.4, Max: 2.3, Diff: 1.3, Sum: 10.9]
      [Update RS (ms): Min: 0.0, Avg: 0.5, Max: 1.2, Diff: 1.2, Sum: 4.3]
         [Processed Buffers: Min: 0, Avg: 5.4, Max: 19, Diff: 19, Sum: 43]
      [Scan RS (ms): Min: 0.0, Avg: 0.0, Max: 0.0, Diff: 0.0, Sum: 0.1]
      [Code Root Scanning (ms): Min: 0.0, Avg: 0.0, Max: 0.0, Diff: 0.0, Sum: 0.0]
      [Object Copy (ms): Min: 6.6, Avg: 7.2, Max: 7.7, Diff: 1.1, Sum: 57.4]
      [Termination (ms): Min: 0.0, Avg: 0.3, Max: 0.6, Diff: 0.6, Sum: 2.5]
         [Termination Attempts: Min: 1, Avg: 2.1, Max: 4, Diff: 3, Sum: 17]
      [GC Worker Other (ms): Min: 0.0, Avg: 0.0, Max: 0.0, Diff: 0.0, Sum: 0.1]
      [GC Worker Total (ms): Min: 9.3, Avg: 9.4, Max: 9.6, Diff: 0.2, Sum: 75.3]
      [GC Worker End (ms): Min: 168206027.9, Avg: 168206028.0, Max: 168206028.1, Diff: 0.2]
   [Code Root Fixup: 0.0 ms]
   [Code Root Purge: 0.0 ms]
   [Clear CT: 0.2 ms]
   [Other: 7.0 ms]
      [Choose CSet: 0.0 ms]
      [Ref Proc: 6.7 ms]
      [Ref Enq: 0.0 ms]
      [Redirty Cards: 0.1 ms]
      [Humongous Register: 0.0 ms]
      [Humongous Reclaim: 0.0 ms]
      [Free CSet: 0.0 ms]
   [Eden: 47104.0K(47104.0K)->0.0B(46080.0K) Survivors: 5120.0K->6144.0K Heap: 214.0M(1024.0M)->168.5M(1024.0M)]
 [Times: user=0.07 sys=0.03, real=0.01 secs] 
2020-11-08T13:44:58.067+0800: 168276.155: [GC pause (G1 Evacuation Pause) (young), 0.0093971 secs]
   [Parallel Time: 7.4 ms, GC Workers: 8]
      [GC Worker Start (ms): Min: 168276154.7, Avg: 168276154.8, Max: 168276154.8, Diff: 0.1]
      [Ext Root Scanning (ms): Min: 0.2, Avg: 0.5, Max: 1.8, Diff: 1.5, Sum: 4.0]
      [Update RS (ms): Min: 0.0, Avg: 0.3, Max: 0.8, Diff: 0.8, Sum: 2.7]
         [Processed Buffers: Min: 0, Avg: 5.4, Max: 16, Diff: 16, Sum: 43]
      [Scan RS (ms): Min: 0.0, Avg: 0.0, Max: 0.0, Diff: 0.0, Sum: 0.0]
      [Code Root Scanning (ms): Min: 0.0, Avg: 0.0, Max: 0.0, Diff: 0.0, Sum: 0.0]
      [Object Copy (ms): Min: 4.9, Avg: 5.6, Max: 6.3, Diff: 1.4, Sum: 44.4]
      [Termination (ms): Min: 0.0, Avg: 0.8, Max: 1.2, Diff: 1.2, Sum: 6.2]
         [Termination Attempts: Min: 1, Avg: 1.1, Max: 2, Diff: 1, Sum: 9]
      [GC Worker Other (ms): Min: 0.0, Avg: 0.0, Max: 0.0, Diff: 0.0, Sum: 0.1]
      [GC Worker Total (ms): Min: 7.0, Avg: 7.2, Max: 7.4, Diff: 0.3, Sum: 57.4]
      [GC Worker End (ms): Min: 168276161.8, Avg: 168276161.9, Max: 168276162.1, Diff: 0.3]
   [Code Root Fixup: 0.0 ms]
   [Code Root Purge: 0.0 ms]
   [Clear CT: 0.1 ms]
   [Other: 1.9 ms]
      [Choose CSet: 0.0 ms]
      [Ref Proc: 1.5 ms]
      [Ref Enq: 0.0 ms]
      [Redirty Cards: 0.1 ms]
      [Humongous Register: 0.0 ms]
      [Humongous Reclaim: 0.0 ms]
      [Free CSet: 0.1 ms]
   [Eden: 46080.0K(46080.0K)->0.0B(46080.0K) Survivors: 6144.0K->6144.0K Heap: 213.5M(1024.0M)->169.1M(1024.0M)]
 [Times: user=0.03 sys=0.01, real=0.01 secs] 
2020-11-08T13:46:09.191+0800: 168347.278: [GC pause (G1 Evacuation Pause) (young), 0.0077860 secs]
   [Parallel Time: 7.0 ms, GC Workers: 8]
      [GC Worker Start (ms): Min: 168347277.9, Avg: 168347278.0, Max: 168347278.1, Diff: 0.2]
      [Ext Root Scanning (ms): Min: 0.2, Avg: 0.3, Max: 0.6, Diff: 0.3, Sum: 2.7]
      [Update RS (ms): Min: 0.4, Avg: 1.3, Max: 6.5, Diff: 6.1, Sum: 10.1]
         [Processed Buffers: Min: 1, Avg: 5.4, Max: 16, Diff: 15, Sum: 43]
      [Scan RS (ms): Min: 0.0, Avg: 0.0, Max: 0.0, Diff: 0.0, Sum: 0.1]
      [Code Root Scanning (ms): Min: 0.0, Avg: 0.0, Max: 0.0, Diff: 0.0, Sum: 0.0]
      [Object Copy (ms): Min: 0.0, Avg: 3.1, Max: 4.4, Diff: 4.4, Sum: 25.0]
      [Termination (ms): Min: 0.0, Avg: 2.1, Max: 2.5, Diff: 2.5, Sum: 16.8]
         [Termination Attempts: Min: 1, Avg: 17.4, Max: 24, Diff: 23, Sum: 139]
      [GC Worker Other (ms): Min: 0.0, Avg: 0.0, Max: 0.0, Diff: 0.0, Sum: 0.1]
      [GC Worker Total (ms): Min: 6.8, Avg: 6.9, Max: 7.0, Diff: 0.2, Sum: 54.8]
      [GC Worker End (ms): Min: 168347284.9, Avg: 168347284.9, Max: 168347284.9, Diff: 0.0]
   [Code Root Fixup: 0.0 ms]
   [Code Root Purge: 0.0 ms]
   [Clear CT: 0.1 ms]
   [Other: 0.6 ms]
      [Choose CSet: 0.0 ms]
      [Ref Proc: 0.2 ms]
      [Ref Enq: 0.0 ms]
      [Redirty Cards: 0.2 ms]
      [Humongous Register: 0.0 ms]
      [Humongous Reclaim: 0.0 ms]
      [Free CSet: 0.0 ms]
   [Eden: 46080.0K(46080.0K)->0.0B(47104.0K) Survivors: 6144.0K->5120.0K Heap: 214.1M(1024.0M)->168.0M(1024.0M)]
 [Times: user=0.05 sys=0.00, real=0.00 secs] 
2020-11-08T13:47:21.377+0800: 168419.463: [GC pause (G1 Evacuation Pause) (young), 0.0056182 secs]
   [Parallel Time: 4.9 ms, GC Workers: 8]
      [GC Worker Start (ms): Min: 168419463.4, Avg: 168419463.5, Max: 168419463.5, Diff: 0.1]
      [Ext Root Scanning (ms): Min: 0.2, Avg: 0.3, Max: 0.7, Diff: 0.4, Sum: 2.7]
      [Update RS (ms): Min: 0.0, Avg: 0.5, Max: 1.8, Diff: 1.8, Sum: 3.9]
         [Processed Buffers: Min: 0, Avg: 4.9, Max: 9, Diff: 9, Sum: 39]
      [Scan RS (ms): Min: 0.0, Avg: 0.0, Max: 0.0, Diff: 0.0, Sum: 0.1]
      [Code Root Scanning (ms): Min: 0.0, Avg: 0.0, Max: 0.0, Diff: 0.0, Sum: 0.0]
      [Object Copy (ms): Min: 2.1, Avg: 3.3, Max: 4.1, Diff: 2.0, Sum: 26.2]
      [Termination (ms): Min: 0.0, Avg: 0.6, Max: 0.7, Diff: 0.7, Sum: 4.9]
         [Termination Attempts: Min: 1, Avg: 1.2, Max: 2, Diff: 1, Sum: 10]
      [GC Worker Other (ms): Min: 0.0, Avg: 0.0, Max: 0.0, Diff: 0.0, Sum: 0.1]
      [GC Worker Total (ms): Min: 4.7, Avg: 4.7, Max: 4.8, Diff: 0.2, Sum: 37.9]
      [GC Worker End (ms): Min: 168419468.2, Avg: 168419468.2, Max: 168419468.3, Diff: 0.1]
   [Code Root Fixup: 0.0 ms]
   [Code Root Purge: 0.0 ms]
   [Clear CT: 0.1 ms]
   [Other: 0.6 ms]
      [Choose CSet: 0.0 ms]
      [Ref Proc: 0.2 ms]
      [Ref Enq: 0.0 ms]
      [Redirty Cards: 0.1 ms]
      [Humongous Register: 0.0 ms]
      [Humongous Reclaim: 0.0 ms]
      [Free CSet: 0.0 ms]
   [Eden: 47104.0K(47104.0K)->0.0B(181.0M) Survivors: 5120.0K->6144.0K Heap: 214.0M(1024.0M)->168.6M(1024.0M)]
 [Times: user=0.03 sys=0.01, real=0.01 secs] 
2020-11-08T13:52:05.887+0800: 168703.973: [GC pause (G1 Evacuation Pause) (young), 0.0049704 secs]
   [Parallel Time: 3.3 ms, GC Workers: 8]
      [GC Worker Start (ms): Min: 168703972.8, Avg: 168703972.9, Max: 168703973.0, Diff: 0.2]
      [Ext Root Scanning (ms): Min: 0.3, Avg: 0.4, Max: 0.5, Diff: 0.2, Sum: 3.4]
      [Update RS (ms): Min: 0.2, Avg: 0.5, Max: 1.0, Diff: 0.8, Sum: 4.3]
         [Processed Buffers: Min: 0, Avg: 5.6, Max: 13, Diff: 13, Sum: 45]
      [Scan RS (ms): Min: 0.0, Avg: 0.0, Max: 0.0, Diff: 0.0, Sum: 0.1]
      [Code Root Scanning (ms): Min: 0.0, Avg: 0.0, Max: 0.0, Diff: 0.0, Sum: 0.0]
      [Object Copy (ms): Min: 1.7, Avg: 2.1, Max: 2.3, Diff: 0.5, Sum: 17.0]
      [Termination (ms): Min: 0.0, Avg: 0.0, Max: 0.0, Diff: 0.0, Sum: 0.0]
         [Termination Attempts: Min: 1, Avg: 1.0, Max: 1, Diff: 0, Sum: 8]
      [GC Worker Other (ms): Min: 0.0, Avg: 0.0, Max: 0.1, Diff: 0.1, Sum: 0.4]
      [GC Worker Total (ms): Min: 3.0, Avg: 3.2, Max: 3.2, Diff: 0.2, Sum: 25.3]
      [GC Worker End (ms): Min: 168703976.0, Avg: 168703976.0, Max: 168703976.1, Diff: 0.0]
   [Code Root Fixup: 0.0 ms]
   [Code Root Purge: 0.0 ms]
   [Clear CT: 0.1 ms]
   [Other: 1.5 ms]
      [Choose CSet: 0.0 ms]
      [Ref Proc: 1.0 ms]
      [Ref Enq: 0.0 ms]
      [Redirty Cards: 0.2 ms]
      [Humongous Register: 0.1 ms]
      [Humongous Reclaim: 0.0 ms]
      [Free CSet: 0.1 ms]
   [Eden: 181.0M(181.0M)->0.0B(424.0M) Survivors: 6144.0K->5120.0K Heap: 349.6M(1024.0M)->167.8M(1024.0M)]
 [Times: user=0.03 sys=0.00, real=0.01 secs] 
2020-11-08T14:03:10.075+0800: 169368.157: [GC pause (G1 Evacuation Pause) (young), 0.0411231 secs]
   [Parallel Time: 14.2 ms, GC Workers: 8]
      [GC Worker Start (ms): Min: 169368179.7, Avg: 169368179.8, Max: 169368180.0, Diff: 0.3]
      [Ext Root Scanning (ms): Min: 2.3, Avg: 3.3, Max: 7.5, Diff: 5.2, Sum: 26.2]
      [Update RS (ms): Min: 0.0, Avg: 1.9, Max: 2.3, Diff: 2.3, Sum: 14.9]
         [Processed Buffers: Min: 0, Avg: 5.6, Max: 12, Diff: 12, Sum: 45]
      [Scan RS (ms): Min: 0.0, Avg: 0.0, Max: 0.1, Diff: 0.1, Sum: 0.3]
      [Code Root Scanning (ms): Min: 0.0, Avg: 0.0, Max: 0.0, Diff: 0.0, Sum: 0.1]
      [Object Copy (ms): Min: 6.0, Avg: 7.7, Max: 8.3, Diff: 2.4, Sum: 61.8]
      [Termination (ms): Min: 0.0, Avg: 0.4, Max: 0.6, Diff: 0.6, Sum: 3.4]
         [Termination Attempts: Min: 1, Avg: 1.0, Max: 1, Diff: 0, Sum: 8]
      [GC Worker Other (ms): Min: 0.0, Avg: 0.6, Max: 1.1, Diff: 1.1, Sum: 4.7]
      [GC Worker Total (ms): Min: 13.7, Avg: 13.9, Max: 14.1, Diff: 0.3, Sum: 111.3]
      [GC Worker End (ms): Min: 169368193.7, Avg: 169368193.7, Max: 169368193.7, Diff: 0.0]
   [Code Root Fixup: 0.0 ms]
   [Code Root Purge: 0.0 ms]
   [Clear CT: 0.2 ms]
   [Other: 26.8 ms]
      [Choose CSet: 0.0 ms]
      [Ref Proc: 1.4 ms]
      [Ref Enq: 0.0 ms]
      [Redirty Cards: 0.1 ms]
      [Humongous Register: 19.2 ms]
      [Humongous Reclaim: 0.0 ms]
      [Free CSet: 2.3 ms]
   [Eden: 424.0M(424.0M)->0.0B(47104.0K) Survivors: 5120.0K->5120.0K Heap: 591.8M(1024.0M)->168.2M(1024.0M)]
 [Times: user=0.03 sys=0.05, real=0.04 secs] 
2020-11-08T14:04:22.712+0800: 169440.794: [GC pause (G1 Evacuation Pause) (young), 0.0068251 secs]
   [Parallel Time: 6.1 ms, GC Workers: 8]
      [GC Worker Start (ms): Min: 169440794.1, Avg: 169440794.1, Max: 169440794.2, Diff: 0.1]
      [Ext Root Scanning (ms): Min: 0.3, Avg: 1.1, Max: 5.9, Diff: 5.6, Sum: 9.0]
      [Update RS (ms): Min: 0.0, Avg: 0.2, Max: 0.4, Diff: 0.4, Sum: 1.6]
         [Processed Buffers: Min: 0, Avg: 5.1, Max: 18, Diff: 18, Sum: 41]
      [Scan RS (ms): Min: 0.0, Avg: 0.7, Max: 5.2, Diff: 5.2, Sum: 5.2]
      [Code Root Scanning (ms): Min: 0.0, Avg: 0.0, Max: 0.0, Diff: 0.0, Sum: 0.0]
      [Object Copy (ms): Min: 0.0, Avg: 1.7, Max: 2.3, Diff: 2.2, Sum: 13.3]
      [Termination (ms): Min: 0.0, Avg: 2.3, Max: 3.1, Diff: 3.1, Sum: 18.4]
         [Termination Attempts: Min: 1, Avg: 1.0, Max: 1, Diff: 0, Sum: 8]
      [GC Worker Other (ms): Min: 0.0, Avg: 0.0, Max: 0.0, Diff: 0.0, Sum: 0.2]
      [GC Worker Total (ms): Min: 5.9, Avg: 6.0, Max: 6.0, Diff: 0.1, Sum: 47.7]
      [GC Worker End (ms): Min: 169440800.0, Avg: 169440800.1, Max: 169440800.1, Diff: 0.1]
   [Code Root Fixup: 0.0 ms]
   [Code Root Purge: 0.0 ms]
   [Clear CT: 0.1 ms]
   [Other: 0.6 ms]
      [Choose CSet: 0.0 ms]
      [Ref Proc: 0.3 ms]
      [Ref Enq: 0.0 ms]
      [Redirty Cards: 0.1 ms]
      [Humongous Register: 0.0 ms]
      [Humongous Reclaim: 0.0 ms]
      [Free CSet: 0.1 ms]
   [Eden: 47104.0K(47104.0K)->0.0B(76800.0K) Survivors: 5120.0K->7168.0K Heap: 214.2M(1024.0M)->170.2M(1024.0M)]
 [Times: user=0.03 sys=0.00, real=0.00 secs] 
2020-11-08T14:06:21.045+0800: 169559.127: [GC pause (G1 Evacuation Pause) (young), 0.0041566 secs]
   [Parallel Time: 3.3 ms, GC Workers: 8]
      [GC Worker Start (ms): Min: 169559126.7, Avg: 169559126.8, Max: 169559126.9, Diff: 0.1]
      [Ext Root Scanning (ms): Min: 0.2, Avg: 0.4, Max: 0.7, Diff: 0.4, Sum: 3.0]
      [Update RS (ms): Min: 0.0, Avg: 0.2, Max: 0.4, Diff: 0.4, Sum: 1.7]
         [Processed Buffers: Min: 0, Avg: 5.0, Max: 14, Diff: 14, Sum: 40]
      [Scan RS (ms): Min: 0.0, Avg: 0.0, Max: 0.0, Diff: 0.0, Sum: 0.1]
      [Code Root Scanning (ms): Min: 0.0, Avg: 0.0, Max: 0.0, Diff: 0.0, Sum: 0.1]
      [Object Copy (ms): Min: 2.4, Avg: 2.5, Max: 2.6, Diff: 0.1, Sum: 20.2]
      [Termination (ms): Min: 0.0, Avg: 0.0, Max: 0.0, Diff: 0.0, Sum: 0.0]
         [Termination Attempts: Min: 1, Avg: 1.0, Max: 1, Diff: 0, Sum: 8]
      [GC Worker Other (ms): Min: 0.0, Avg: 0.0, Max: 0.1, Diff: 0.1, Sum: 0.2]
      [GC Worker Total (ms): Min: 3.1, Avg: 3.2, Max: 3.2, Diff: 0.1, Sum: 25.3]
      [GC Worker End (ms): Min: 169559130.0, Avg: 169559130.0, Max: 169559130.0, Diff: 0.0]
   [Code Root Fixup: 0.0 ms]
   [Code Root Purge: 0.0 ms]
   [Clear CT: 0.1 ms]
   [Other: 0.7 ms]
      [Choose CSet: 0.0 ms]
      [Ref Proc: 0.3 ms]
      [Ref Enq: 0.0 ms]
      [Redirty Cards: 0.1 ms]
      [Humongous Register: 0.0 ms]
      [Humongous Reclaim: 0.0 ms]
      [Free CSet: 0.1 ms]
   [Eden: 76800.0K(76800.0K)->0.0B(358.0M) Survivors: 7168.0K->5120.0K Heap: 245.2M(1024.0M)->168.3M(1024.0M)]
 [Times: user=0.03 sys=0.00, real=0.01 secs] 
2020-11-08T14:15:49.090+0800: 170127.169: [GC pause (G1 Evacuation Pause) (young), 0.0054031 secs]
   [Parallel Time: 3.1 ms, GC Workers: 8]
      [GC Worker Start (ms): Min: 170127169.3, Avg: 170127169.3, Max: 170127169.3, Diff: 0.1]
      [Ext Root Scanning (ms): Min: 0.2, Avg: 0.3, Max: 0.6, Diff: 0.4, Sum: 2.5]
      [Update RS (ms): Min: 0.0, Avg: 0.3, Max: 1.1, Diff: 1.1, Sum: 2.7]
         [Processed Buffers: Min: 2, Avg: 5.4, Max: 15, Diff: 13, Sum: 43]
      [Scan RS (ms): Min: 0.0, Avg: 0.0, Max: 0.1, Diff: 0.0, Sum: 0.3]
      [Code Root Scanning (ms): Min: 0.0, Avg: 0.1, Max: 0.8, Diff: 0.8, Sum: 0.8]
      [Object Copy (ms): Min: 1.5, Avg: 2.1, Max: 2.3, Diff: 0.8, Sum: 16.8]
      [Termination (ms): Min: 0.0, Avg: 0.0, Max: 0.0, Diff: 0.0, Sum: 0.0]
         [Termination Attempts: Min: 1, Avg: 1.0, Max: 1, Diff: 0, Sum: 8]
      [GC Worker Other (ms): Min: 0.0, Avg: 0.1, Max: 0.1, Diff: 0.1, Sum: 0.4]
      [GC Worker Total (ms): Min: 2.9, Avg: 2.9, Max: 3.0, Diff: 0.1, Sum: 23.6]
      [GC Worker End (ms): Min: 170127172.2, Avg: 170127172.2, Max: 170127172.3, Diff: 0.1]
   [Code Root Fixup: 0.0 ms]
   [Code Root Purge: 0.0 ms]
   [Clear CT: 0.2 ms]
   [Other: 2.1 ms]
      [Choose CSet: 0.0 ms]
      [Ref Proc: 1.7 ms]
      [Ref Enq: 0.0 ms]
      [Redirty Cards: 0.1 ms]
      [Humongous Register: 0.0 ms]
      [Humongous Reclaim: 0.0 ms]
      [Free CSet: 0.1 ms]
   [Eden: 358.0M(358.0M)->0.0B(606.0M) Survivors: 5120.0K->8192.0K Heap: 526.3M(1024.0M)->170.9M(1024.0M)]
 [Times: user=0.03 sys=0.01, real=0.00 secs] 
2020-11-08T14:31:44.758+0800: 171082.832: [GC pause (G1 Evacuation Pause) (young), 0.0154488 secs]
   [Parallel Time: 10.2 ms, GC Workers: 8]
      [GC Worker Start (ms): Min: 171082831.8, Avg: 171082831.9, Max: 171082831.9, Diff: 0.1]
      [Ext Root Scanning (ms): Min: 0.0, Avg: 0.5, Max: 0.9, Diff: 0.9, Sum: 3.8]
      [Update RS (ms): Min: 0.0, Avg: 0.3, Max: 0.9, Diff: 0.9, Sum: 2.3]
         [Processed Buffers: Min: 0, Avg: 5.2, Max: 18, Diff: 18, Sum: 42]
      [Scan RS (ms): Min: 0.0, Avg: 0.1, Max: 0.2, Diff: 0.1, Sum: 0.7]
      [Code Root Scanning (ms): Min: 0.0, Avg: 0.0, Max: 0.0, Diff: 0.0, Sum: 0.1]
      [Object Copy (ms): Min: 7.6, Avg: 8.3, Max: 9.2, Diff: 1.7, Sum: 66.5]
      [Termination (ms): Min: 0.0, Avg: 0.7, Max: 1.1, Diff: 1.1, Sum: 5.4]
         [Termination Attempts: Min: 1, Avg: 1.0, Max: 1, Diff: 0, Sum: 8]
      [GC Worker Other (ms): Min: 0.0, Avg: 0.1, Max: 0.7, Diff: 0.7, Sum: 0.8]
      [GC Worker Total (ms): Min: 9.8, Avg: 9.9, Max: 10.1, Diff: 0.2, Sum: 79.6]
      [GC Worker End (ms): Min: 171082841.7, Avg: 171082841.8, Max: 171082842.0, Diff: 0.2]
   [Code Root Fixup: 0.0 ms]
   [Code Root Purge: 0.0 ms]
   [Clear CT: 0.3 ms]
   [Other: 5.0 ms]
      [Choose CSet: 0.0 ms]
      [Ref Proc: 4.3 ms]
      [Ref Enq: 0.0 ms]
      [Redirty Cards: 0.1 ms]
      [Humongous Register: 0.0 ms]
      [Humongous Reclaim: 0.0 ms]
      [Free CSet: 0.3 ms]
   [Eden: 606.0M(606.0M)->0.0B(609.0M) Survivors: 8192.0K->5120.0K Heap: 776.9M(1024.0M)->168.0M(1024.0M)]
 [Times: user=0.03 sys=0.02, real=0.02 secs] 
2020-11-08T14:49:25.552+0800: 172143.622: [GC pause (G1 Evacuation Pause) (young), 0.0099353 secs]
   [Parallel Time: 5.6 ms, GC Workers: 8]
      [GC Worker Start (ms): Min: 172143622.4, Avg: 172143622.5, Max: 172143622.7, Diff: 0.2]
      [Ext Root Scanning (ms): Min: 0.2, Avg: 0.6, Max: 1.9, Diff: 1.7, Sum: 4.9]
      [Update RS (ms): Min: 0.0, Avg: 0.4, Max: 1.4, Diff: 1.4, Sum: 3.3]
         [Processed Buffers: Min: 0, Avg: 5.4, Max: 13, Diff: 13, Sum: 43]
      [Scan RS (ms): Min: 0.0, Avg: 0.1, Max: 0.1, Diff: 0.1, Sum: 0.6]
      [Code Root Scanning (ms): Min: 0.0, Avg: 0.0, Max: 0.0, Diff: 0.0, Sum: 0.1]
      [Object Copy (ms): Min: 3.2, Avg: 3.9, Max: 4.4, Diff: 1.2, Sum: 31.3]
      [Termination (ms): Min: 0.0, Avg: 0.3, Max: 0.5, Diff: 0.5, Sum: 2.5]
         [Termination Attempts: Min: 1, Avg: 1.2, Max: 2, Diff: 1, Sum: 10]
      [GC Worker Other (ms): Min: 0.0, Avg: 0.0, Max: 0.0, Diff: 0.0, Sum: 0.1]
      [GC Worker Total (ms): Min: 5.2, Avg: 5.4, Max: 5.5, Diff: 0.2, Sum: 42.9]
      [GC Worker End (ms): Min: 172143627.8, Avg: 172143627.9, Max: 172143628.0, Diff: 0.2]
   [Code Root Fixup: 0.0 ms]
   [Code Root Purge: 0.0 ms]
   [Clear CT: 0.2 ms]
   [Other: 4.1 ms]
      [Choose CSet: 0.0 ms]
      [Ref Proc: 3.5 ms]
      [Ref Enq: 0.0 ms]
      [Redirty Cards: 0.1 ms]
      [Humongous Register: 0.0 ms]
      [Humongous Reclaim: 0.0 ms]
      [Free CSet: 0.2 ms]
   [Eden: 609.0M(609.0M)->0.0B(609.0M) Survivors: 5120.0K->5120.0K Heap: 777.0M(1024.0M)->168.5M(1024.0M)]
 [Times: user=0.03 sys=0.01, real=0.01 secs] 
2020-11-08T15:05:25.572+0800: 173103.639: [GC pause (G1 Evacuation Pause) (young), 0.0088987 secs]
   [Parallel Time: 5.4 ms, GC Workers: 8]
      [GC Worker Start (ms): Min: 173103638.8, Avg: 173103638.9, Max: 173103639.0, Diff: 0.2]
      [Ext Root Scanning (ms): Min: 0.4, Avg: 0.6, Max: 0.9, Diff: 0.6, Sum: 4.6]
      [Update RS (ms): Min: 0.0, Avg: 0.4, Max: 0.9, Diff: 0.9, Sum: 3.4]
         [Processed Buffers: Min: 0, Avg: 5.6, Max: 12, Diff: 12, Sum: 45]
      [Scan RS (ms): Min: 0.0, Avg: 0.1, Max: 0.2, Diff: 0.1, Sum: 0.8]
      [Code Root Scanning (ms): Min: 0.0, Avg: 0.0, Max: 0.1, Diff: 0.1, Sum: 0.1]
      [Object Copy (ms): Min: 2.6, Avg: 2.8, Max: 3.4, Diff: 0.8, Sum: 22.1]
      [Termination (ms): Min: 0.0, Avg: 0.6, Max: 0.9, Diff: 0.9, Sum: 5.2]
         [Termination Attempts: Min: 1, Avg: 1.0, Max: 1, Diff: 0, Sum: 8]
      [GC Worker Other (ms): Min: 0.0, Avg: 0.1, Max: 0.7, Diff: 0.7, Sum: 0.8]
      [GC Worker Total (ms): Min: 4.5, Avg: 4.6, Max: 5.2, Diff: 0.7, Sum: 37.1]
      [GC Worker End (ms): Min: 173103643.4, Avg: 173103643.5, Max: 173103644.1, Diff: 0.7]
   [Code Root Fixup: 0.0 ms]
   [Code Root Purge: 0.0 ms]
   [Clear CT: 0.2 ms]
   [Other: 3.3 ms]
      [Choose CSet: 0.0 ms]
      [Ref Proc: 2.6 ms]
      [Ref Enq: 0.0 ms]
      [Redirty Cards: 0.2 ms]
      [Humongous Register: 0.1 ms]
      [Humongous Reclaim: 0.0 ms]
      [Free CSet: 0.2 ms]
   [Eden: 609.0M(609.0M)->0.0B(609.0M) Survivors: 5120.0K->5120.0K Heap: 777.5M(1024.0M)->167.8M(1024.0M)]
 [Times: user=0.04 sys=0.00, real=0.01 secs] 
2020-11-08T15:21:23.460+0800: 174061.523: [GC pause (G1 Evacuation Pause) (young), 0.0331313 secs]
   [Parallel Time: 29.0 ms, GC Workers: 8]
      [GC Worker Start (ms): Min: 174061522.8, Avg: 174061524.0, Max: 174061530.1, Diff: 7.3]
      [Ext Root Scanning (ms): Min: 0.0, Avg: 1.0, Max: 4.3, Diff: 4.3, Sum: 7.7]
      [Update RS (ms): Min: 0.0, Avg: 1.2, Max: 7.6, Diff: 7.6, Sum: 9.7]
         [Processed Buffers: Min: 0, Avg: 5.4, Max: 18, Diff: 18, Sum: 43]
      [Scan RS (ms): Min: 0.0, Avg: 0.3, Max: 2.0, Diff: 1.9, Sum: 2.7]
      [Code Root Scanning (ms): Min: 0.0, Avg: 0.0, Max: 0.1, Diff: 0.1, Sum: 0.1]
      [Object Copy (ms): Min: 6.8, Avg: 15.8, Max: 19.5, Diff: 12.7, Sum: 126.8]
      [Termination (ms): Min: 0.0, Avg: 5.7, Max: 9.1, Diff: 9.1, Sum: 46.0]
         [Termination Attempts: Min: 1, Avg: 1.1, Max: 2, Diff: 1, Sum: 9]
      [GC Worker Other (ms): Min: 0.0, Avg: 0.7, Max: 5.6, Diff: 5.6, Sum: 5.8]
      [GC Worker Total (ms): Min: 19.9, Avg: 24.8, Max: 28.9, Diff: 9.1, Sum: 198.8]
      [GC Worker End (ms): Min: 174061543.9, Avg: 174061548.8, Max: 174061551.8, Diff: 7.9]
   [Code Root Fixup: 0.0 ms]
   [Code Root Purge: 0.0 ms]
   [Clear CT: 0.3 ms]
   [Other: 3.8 ms]
      [Choose CSet: 0.0 ms]
      [Ref Proc: 3.0 ms]
      [Ref Enq: 0.0 ms]
      [Redirty Cards: 0.1 ms]
      [Humongous Register: 0.0 ms]
      [Humongous Reclaim: 0.0 ms]
      [Free CSet: 0.3 ms]
   [Eden: 609.0M(609.0M)->0.0B(608.0M) Survivors: 5120.0K->6144.0K Heap: 776.8M(1024.0M)->169.4M(1024.0M)]
 [Times: user=0.03 sys=0.01, real=0.03 secs] 
2020-11-08T15:37:23.823+0800: 175021.883: [GC pause (G1 Evacuation Pause) (young), 0.0379793 secs]
   [Parallel Time: 31.9 ms, GC Workers: 8]
      [GC Worker Start (ms): Min: 175021885.8, Avg: 175021886.1, Max: 175021886.5, Diff: 0.6]
      [Ext Root Scanning (ms): Min: 3.2, Avg: 4.9, Max: 14.1, Diff: 10.9, Sum: 38.9]
      [Update RS (ms): Min: 0.0, Avg: 2.4, Max: 3.0, Diff: 3.0, Sum: 19.5]
         [Processed Buffers: Min: 0, Avg: 5.6, Max: 29, Diff: 29, Sum: 45]
      [Scan RS (ms): Min: 0.0, Avg: 0.1, Max: 0.2, Diff: 0.2, Sum: 0.9]
      [Code Root Scanning (ms): Min: 0.0, Avg: 0.0, Max: 0.2, Diff: 0.2, Sum: 0.3]
      [Object Copy (ms): Min: 16.4, Avg: 22.9, Max: 24.3, Diff: 7.9, Sum: 183.3]
      [Termination (ms): Min: 0.0, Avg: 0.5, Max: 0.6, Diff: 0.6, Sum: 4.1]
         [Termination Attempts: Min: 1, Avg: 1.1, Max: 2, Diff: 1, Sum: 9]
      [GC Worker Other (ms): Min: 0.0, Avg: 0.1, Max: 0.2, Diff: 0.1, Sum: 0.7]
      [GC Worker Total (ms): Min: 30.5, Avg: 31.0, Max: 31.2, Diff: 0.7, Sum: 247.7]
      [GC Worker End (ms): Min: 175021917.0, Avg: 175021917.0, Max: 175021917.1, Diff: 0.1]
   [Code Root Fixup: 0.0 ms]
   [Code Root Purge: 0.0 ms]
   [Clear CT: 0.2 ms]
   [Other: 5.9 ms]
      [Choose CSet: 0.0 ms]
      [Ref Proc: 2.0 ms]
      [Ref Enq: 0.0 ms]
      [Redirty Cards: 0.1 ms]
      [Humongous Register: 1.0 ms]
      [Humongous Reclaim: 0.0 ms]
      [Free CSet: 0.9 ms]
   [Eden: 608.0M(608.0M)->0.0B(130.0M) Survivors: 6144.0K->6144.0K Heap: 777.4M(1024.0M)->169.3M(1024.0M)]
 [Times: user=0.03 sys=0.08, real=0.04 secs] 
2020-11-08T15:40:48.685+0800: 175226.743: [GC pause (G1 Evacuation Pause) (young), 0.0123786 secs]
   [Parallel Time: 11.3 ms, GC Workers: 8]
      [GC Worker Start (ms): Min: 175226743.7, Avg: 175226743.8, Max: 175226743.9, Diff: 0.2]
      [Ext Root Scanning (ms): Min: 0.0, Avg: 0.5, Max: 1.2, Diff: 1.2, Sum: 3.6]
      [Update RS (ms): Min: 0.0, Avg: 0.4, Max: 0.7, Diff: 0.7, Sum: 3.5]
         [Processed Buffers: Min: 0, Avg: 5.2, Max: 15, Diff: 15, Sum: 42]
      [Scan RS (ms): Min: 0.0, Avg: 0.0, Max: 0.1, Diff: 0.1, Sum: 0.2]
      [Code Root Scanning (ms): Min: 0.0, Avg: 0.0, Max: 0.1, Diff: 0.1, Sum: 0.1]
      [Object Copy (ms): Min: 9.1, Avg: 9.3, Max: 9.5, Diff: 0.4, Sum: 74.6]
      [Termination (ms): Min: 0.0, Avg: 0.1, Max: 0.2, Diff: 0.2, Sum: 0.8]
         [Termination Attempts: Min: 1, Avg: 1.5, Max: 2, Diff: 1, Sum: 12]
      [GC Worker Other (ms): Min: 0.0, Avg: 0.7, Max: 1.7, Diff: 1.7, Sum: 5.7]
      [GC Worker Total (ms): Min: 10.9, Avg: 11.1, Max: 11.2, Diff: 0.3, Sum: 88.5]
      [GC Worker End (ms): Min: 175226754.8, Avg: 175226754.9, Max: 175226754.9, Diff: 0.0]
   [Code Root Fixup: 0.0 ms]
   [Code Root Purge: 0.0 ms]
   [Clear CT: 0.1 ms]
   [Other: 0.9 ms]
      [Choose CSet: 0.0 ms]
      [Ref Proc: 0.2 ms]
      [Ref Enq: 0.0 ms]
      [Redirty Cards: 0.1 ms]
      [Humongous Register: 0.2 ms]
      [Humongous Reclaim: 0.0 ms]
      [Free CSet: 0.1 ms]
   [Eden: 130.0M(130.0M)->0.0B(398.0M) Survivors: 6144.0K->6144.0K Heap: 299.3M(1024.0M)->169.3M(1024.0M)]
 [Times: user=0.03 sys=0.03, real=0.01 secs] 
2020-11-08T15:51:14.462+0800: 175852.518: [GC pause (G1 Evacuation Pause) (young), 0.0146954 secs]
   [Parallel Time: 13.2 ms, GC Workers: 8]
      [GC Worker Start (ms): Min: 175852518.4, Avg: 175852518.5, Max: 175852518.5, Diff: 0.2]
      [Ext Root Scanning (ms): Min: 0.0, Avg: 0.3, Max: 0.7, Diff: 0.7, Sum: 2.3]
      [Update RS (ms): Min: 0.0, Avg: 0.4, Max: 1.3, Diff: 1.3, Sum: 3.6]
         [Processed Buffers: Min: 0, Avg: 5.4, Max: 13, Diff: 13, Sum: 43]
      [Scan RS (ms): Min: 0.0, Avg: 0.1, Max: 0.1, Diff: 0.1, Sum: 0.5]
      [Code Root Scanning (ms): Min: 0.0, Avg: 0.0, Max: 0.1, Diff: 0.1, Sum: 0.2]
      [Object Copy (ms): Min: 10.2, Avg: 11.1, Max: 11.7, Diff: 1.6, Sum: 88.7]
      [Termination (ms): Min: 0.0, Avg: 0.6, Max: 0.7, Diff: 0.7, Sum: 4.7]
         [Termination Attempts: Min: 1, Avg: 1.2, Max: 2, Diff: 1, Sum: 10]
      [GC Worker Other (ms): Min: 0.0, Avg: 0.4, Max: 1.4, Diff: 1.3, Sum: 3.5]
      [GC Worker Total (ms): Min: 12.8, Avg: 12.9, Max: 13.1, Diff: 0.3, Sum: 103.5]
      [GC Worker End (ms): Min: 175852531.3, Avg: 175852531.4, Max: 175852531.5, Diff: 0.2]
   [Code Root Fixup: 0.0 ms]
   [Code Root Purge: 0.0 ms]
   [Clear CT: 0.2 ms]
   [Other: 1.4 ms]
      [Choose CSet: 0.0 ms]
      [Ref Proc: 0.9 ms]
      [Ref Enq: 0.0 ms]
      [Redirty Cards: 0.1 ms]
      [Humongous Register: 0.0 ms]
      [Humongous Reclaim: 0.0 ms]
      [Free CSet: 0.1 ms]
   [Eden: 398.0M(398.0M)->0.0B(606.0M) Survivors: 6144.0K->8192.0K Heap: 567.3M(1024.0M)->171.0M(1024.0M)]
 [Times: user=0.04 sys=0.03, real=0.01 secs] 
2020-11-08T16:07:09.181+0800: 176807.233: [GC pause (G1 Evacuation Pause) (young), 0.0344064 secs]
   [Parallel Time: 29.6 ms, GC Workers: 8]
      [GC Worker Start (ms): Min: 176807234.9, Avg: 176807235.2, Max: 176807235.6, Diff: 0.7]
      [Ext Root Scanning (ms): Min: 2.4, Avg: 4.6, Max: 17.3, Diff: 14.9, Sum: 37.2]
      [Update RS (ms): Min: 0.0, Avg: 3.6, Max: 12.1, Diff: 12.1, Sum: 28.4]
         [Processed Buffers: Min: 0, Avg: 5.4, Max: 16, Diff: 16, Sum: 43]
      [Scan RS (ms): Min: 0.0, Avg: 0.1, Max: 0.2, Diff: 0.1, Sum: 0.6]
      [Code Root Scanning (ms): Min: 0.0, Avg: 0.0, Max: 0.1, Diff: 0.1, Sum: 0.2]
      [Object Copy (ms): Min: 6.8, Avg: 16.6, Max: 25.1, Diff: 18.3, Sum: 133.2]
      [Termination (ms): Min: 0.0, Avg: 3.6, Max: 5.2, Diff: 5.2, Sum: 28.9]
         [Termination Attempts: Min: 1, Avg: 3.1, Max: 5, Diff: 4, Sum: 25]
      [GC Worker Other (ms): Min: 0.1, Avg: 0.5, Max: 0.9, Diff: 0.8, Sum: 3.6]
      [GC Worker Total (ms): Min: 28.6, Avg: 29.0, Max: 29.3, Diff: 0.7, Sum: 232.1]
      [GC Worker End (ms): Min: 176807264.2, Avg: 176807264.2, Max: 176807264.3, Diff: 0.1]
   [Code Root Fixup: 0.0 ms]
   [Code Root Purge: 0.0 ms]
   [Clear CT: 0.2 ms]
   [Other: 4.6 ms]
      [Choose CSet: 0.0 ms]
      [Ref Proc: 1.1 ms]
      [Ref Enq: 0.0 ms]
      [Redirty Cards: 0.1 ms]
      [Humongous Register: 0.8 ms]
      [Humongous Reclaim: 0.0 ms]
      [Free CSet: 0.8 ms]
   [Eden: 606.0M(606.0M)->0.0B(436.0M) Survivors: 8192.0K->8192.0K Heap: 777.0M(1024.0M)->171.0M(1024.0M)]
 [Times: user=0.05 sys=0.05, real=0.03 secs] 
2020-11-08T16:18:36.467+0800: 177494.515: [GC pause (G1 Evacuation Pause) (young), 0.0119895 secs]
   [Parallel Time: 6.7 ms, GC Workers: 8]
      [GC Worker Start (ms): Min: 177494516.4, Avg: 177494516.5, Max: 177494516.5, Diff: 0.1]
      [Ext Root Scanning (ms): Min: 2.1, Avg: 3.0, Max: 5.3, Diff: 3.2, Sum: 24.4]
      [Update RS (ms): Min: 0.0, Avg: 0.5, Max: 1.4, Diff: 1.4, Sum: 3.9]
         [Processed Buffers: Min: 0, Avg: 5.6, Max: 16, Diff: 16, Sum: 45]
      [Scan RS (ms): Min: 0.0, Avg: 0.0, Max: 0.1, Diff: 0.1, Sum: 0.3]
      [Code Root Scanning (ms): Min: 0.0, Avg: 0.0, Max: 0.1, Diff: 0.1, Sum: 0.1]
      [Object Copy (ms): Min: 1.0, Avg: 2.4, Max: 3.1, Diff: 2.0, Sum: 19.3]
      [Termination (ms): Min: 0.0, Avg: 0.5, Max: 0.7, Diff: 0.7, Sum: 3.7]
         [Termination Attempts: Min: 1, Avg: 1.0, Max: 1, Diff: 0, Sum: 8]
      [GC Worker Other (ms): Min: 0.0, Avg: 0.0, Max: 0.0, Diff: 0.0, Sum: 0.1]
      [GC Worker Total (ms): Min: 6.4, Avg: 6.5, Max: 6.6, Diff: 0.2, Sum: 51.8]
      [GC Worker End (ms): Min: 177494522.9, Avg: 177494522.9, Max: 177494523.1, Diff: 0.2]
   [Code Root Fixup: 0.0 ms]
   [Code Root Purge: 0.0 ms]
   [Clear CT: 0.2 ms]
   [Other: 5.1 ms]
      [Choose CSet: 0.0 ms]
      [Ref Proc: 2.2 ms]
      [Ref Enq: 0.0 ms]
      [Redirty Cards: 0.2 ms]
      [Humongous Register: 0.0 ms]
      [Humongous Reclaim: 0.0 ms]
      [Free CSet: 0.4 ms]
   [Eden: 436.0M(436.0M)->0.0B(609.0M) Survivors: 8192.0K->5120.0K Heap: 607.0M(1024.0M)->168.6M(1024.0M)]
 [Times: user=0.03 sys=0.01, real=0.01 secs] 
2020-11-08T16:34:36.180+0800: 178454.225: [GC pause (G1 Evacuation Pause) (young), 0.0192373 secs]
   [Parallel Time: 10.1 ms, GC Workers: 8]
      [GC Worker Start (ms): Min: 178454224.9, Avg: 178454225.0, Max: 178454225.0, Diff: 0.1]
      [Ext Root Scanning (ms): Min: 0.0, Avg: 0.7, Max: 1.1, Diff: 1.0, Sum: 5.4]
      [Update RS (ms): Min: 0.0, Avg: 0.8, Max: 1.3, Diff: 1.3, Sum: 6.4]
         [Processed Buffers: Min: 0, Avg: 5.4, Max: 11, Diff: 11, Sum: 43]
      [Scan RS (ms): Min: 0.0, Avg: 0.1, Max: 0.1, Diff: 0.1, Sum: 0.7]
      [Code Root Scanning (ms): Min: 0.0, Avg: 0.1, Max: 0.6, Diff: 0.6, Sum: 0.7]
      [Object Copy (ms): Min: 7.2, Avg: 7.4, Max: 7.6, Diff: 0.4, Sum: 58.9]
      [Termination (ms): Min: 0.0, Avg: 0.3, Max: 0.6, Diff: 0.6, Sum: 2.5]
         [Termination Attempts: Min: 1, Avg: 2.2, Max: 6, Diff: 5, Sum: 18]
      [GC Worker Other (ms): Min: 0.0, Avg: 0.5, Max: 2.1, Diff: 2.0, Sum: 3.9]
      [GC Worker Total (ms): Min: 9.7, Avg: 9.8, Max: 9.9, Diff: 0.2, Sum: 78.5]
      [GC Worker End (ms): Min: 178454234.7, Avg: 178454234.8, Max: 178454234.9, Diff: 0.2]
   [Code Root Fixup: 0.0 ms]
   [Code Root Purge: 0.0 ms]
   [Clear CT: 0.2 ms]
   [Other: 9.0 ms]
      [Choose CSet: 0.0 ms]
      [Ref Proc: 8.6 ms]
      [Ref Enq: 0.0 ms]
      [Redirty Cards: 0.1 ms]
      [Humongous Register: 0.0 ms]
      [Humongous Reclaim: 0.0 ms]
      [Free CSet: 0.1 ms]
   [Eden: 609.0M(609.0M)->0.0B(606.0M) Survivors: 5120.0K->8192.0K Heap: 777.6M(1024.0M)->171.0M(1024.0M)]
 [Times: user=0.08 sys=0.01, real=0.02 secs] 
